tests/test_csv_logic_reuse.py::test_authorize_before_register_delete_old_then_actual_target_cold_instance[False]
tests/test_csv_logic_reuse.py::test_authorize_before_register_delete_old_then_actual_target_cold_instance[True]
tests/test_csv_logic_reuse.py::test_stale_source_cannot_mint_or_fake_authority
tests/test_csv_logic_reuse.py::test_changed_authority_or_target_denies_before_plan_write[column]
tests/test_csv_logic_reuse.py::test_changed_authority_or_target_denies_before_plan_write[hash]
tests/test_csv_logic_reuse.py::test_changed_authority_or_target_denies_before_plan_write[candidate]
tests/test_csv_logic_reuse.py::test_changed_authority_or_target_denies_before_plan_write[owner]
tests/test_csv_logic_reuse.py::test_changed_authority_or_target_denies_before_plan_write[source-json]
tests/test_csv_logic_reuse.py::test_changed_authority_or_target_denies_before_plan_write[source-version]
tests/test_csv_logic_reuse.py::test_changed_authority_or_target_denies_before_plan_write[logic-seal]
tests/test_csv_logic_reuse.py::test_changed_authority_or_target_denies_before_plan_write[logic-json]
tests/test_csv_logic_reuse.py::test_changed_authority_or_target_denies_before_plan_write[target-grant]
tests/test_csv_logic_reuse.py::test_changed_authority_or_target_denies_before_plan_write[target-bytes]
tests/test_csv_logic_reuse.py::test_changed_authority_or_target_denies_before_plan_write[expired]
tests/test_csv_logic_reuse.py::test_changed_authority_or_target_denies_before_plan_write[revoked]
tests/test_csv_logic_reuse.py::test_expiry_or_revoke_at_commit_rolls_back_target_writes[queued]
tests/test_csv_logic_reuse.py::test_expiry_or_revoke_at_commit_rolls_back_target_writes[between]
tests/test_csv_logic_reuse.py::test_expiry_or_revoke_at_commit_rolls_back_target_writes[final-typed]
tests/test_csv_logic_reuse.py::test_reserved_prefix_cannot_downgrade_when_both_origins_removed
tests/test_csv_logic_reuse.py::test_both_resigned_authority_origins_cannot_change_zero_to_bool
tests/test_csv_logic_reuse.py::test_actual_fab_source_upgrade_denies_stale_mint_without_rewriting_old_proof
tests/test_csv_logic_reuse.py::test_alias_of_original_resource_denied_before_any_original_resource_select
tests/test_csv_logic_reuse.py::test_platform_tightening_denies_reuse_but_owner_can_revoke
tests/test_csv_logic_reuse.py::test_same_owner_cross_project_target_denied_before_write
tests/test_csv_logic_reuse.py::test_malformed_target_binding_rejected_before_resource_read
tests/test_csv_logic_reuse.py::test_logic_instance_prefix_cannot_drop_all_origins_and_markers
tests/test_csv_logic_reuse_ui.py::test_actual_data_free_logic_page_cold_result_and_safe_recovery[post-False]
tests/test_csv_logic_reuse_ui.py::test_actual_data_free_logic_page_cold_result_and_safe_recovery[post-True]
tests/test_csv_logic_reuse_ui.py::test_actual_data_free_logic_page_cold_result_and_safe_recovery[read-True]
tests/test_csv_logic_reuse_ui.py::test_actual_data_free_logic_page_cold_result_and_safe_recovery[late-True]
tests/test_csv_logic_reuse_ui.py::test_actual_data_free_logic_page_cold_result_and_safe_recovery[identity-late-True]
tests/test_csv_logic_reuse_ui.py::test_actual_data_free_logic_page_cold_result_and_safe_recovery[invalid-binding-True]
tests/test_csv_logic_reuse_ui.py::test_actual_data_free_logic_page_cold_result_and_safe_recovery[unknown403-True]
tests/test_csv_logic_reuse_ui.py::test_actual_data_free_logic_page_cold_result_and_safe_recovery[mint-post-True]
tests/test_csv_logic_reuse_ui.py::test_actual_data_free_logic_page_cold_result_and_safe_recovery[invalid-key-True]
tests/test_csv_logic_reuse_ui.py::test_actual_data_free_logic_page_cold_result_and_safe_recovery[invalid-budget-True]

=============================== warnings summary ===============================
.venv/lib/python3.12/site-packages/fastapi/testclient.py:1
  /workspace/Sim2Act/.venv/lib/python3.12/site-packages/fastapi/testclient.py:1: StarletteDeprecationWarning: Using `httpx` with `starlette.testclient` is deprecated; install `httpx2` instead.
    from starlette.testclient import TestClient as TestClient  # noqa

-- Docs: https://docs.pytest.org/en/stable/how-to/capture-warnings.html
36 tests collected in 0.12s
