F
=================================== FAILURES ===================================
_ test_authorize_before_register_delete_old_then_actual_target_cold_instance[False] _

env = (<sim2act.db.Store object at 0x7f1a250b3680>, Settings(database_url='sqlite:////tmp/sim2act-csv-data-free-logic-202610...ddebdc39bf46afbdadd067e6012c21', 'user_f9813332057e4f3a8f18bbe667f56a32', 'proj_b22472ac86014194b8b46a0d74286044', ...)
with_report = False

    @pytest.mark.parametrize("with_report", [False, True])
    def test_authorize_before_register_delete_old_then_actual_target_cold_instance(env, with_report):
        from fastapi.testclient import TestClient
        from sim2act.api import create_app
    
>       obj, rel, _, old_rid, old_job, _, body, auth = setup_logic(env, with_report)
                                                       ^^^^^^^^^^^^^^^^^^^^^^^^^^^^^

tests/test_csv_logic_reuse.py:87: 
_ _ _ _ _ _ _ _ _ _ _ _ _ _ _ _ _ _ _ _ _ _ _ _ _ _ _ _ _ _ _ _ _ _ _ _ _ _ _ _ 

env = (<sim2act.db.Store object at 0x7f1a250b3680>, Settings(database_url='sqlite:////tmp/sim2act-csv-data-free-logic-202610...ddebdc39bf46afbdadd067e6012c21', 'user_f9813332057e4f3a8f18bbe667f56a32', 'proj_b22472ac86014194b8b46a0d74286044', ...)
with_report = False

    def setup_logic(env, with_report=True, *, mint=True):
        aid, old_rid, _, job, rel = release(env, with_report=with_report)
        obj, auth = authorize(env, rel) if mint else (None, None)
        client, pid = env[2], env[5]
        reply = client.post(f"/api/projects/{pid}/resources", json=dict(name="fresh-only.csv", format="csv",
            content="label,net,units\nfresh-A,-4.5,2\nfresh-B,12,7\nfresh-C,1.25,4\n"))
        assert reply.status_code == 201, reply.text
        rid = reply.json()["id"]
        app = client.post(f"/api/projects/{pid}/apps/csv-preview", json=dict(
            name="New independently authorized app", goal="New data", resource_id=rid)).json()
        anchor = client.post(f"/api/projects/{pid}/apps/{app['id']}/delivery-graph/derive", json=dict(
>           expected_candidate_fingerprint=app["fingerprint"], request_key="fresh-anchor")).json()
                                           ^^^^^^^^^^^^^^^^^^
E       KeyError: 'fingerprint'

tests/test_csv_logic_reuse.py:40: KeyError
=============================== warnings summary ===============================
.venv/lib/python3.12/site-packages/fastapi/testclient.py:1
  /workspace/Sim2Act/.venv/lib/python3.12/site-packages/fastapi/testclient.py:1: StarletteDeprecationWarning: Using `httpx` with `starlette.testclient` is deprecated; install `httpx2` instead.
    from starlette.testclient import TestClient as TestClient  # noqa

-- Docs: https://docs.pytest.org/en/stable/how-to/capture-warnings.html
=========================== short test summary info ============================
FAILED tests/test_csv_logic_reuse.py::test_authorize_before_register_delete_old_then_actual_target_cold_instance[False]
!!!!!!!!!!!!!!!!!!!!!!!!!! stopping after 1 failures !!!!!!!!!!!!!!!!!!!!!!!!!!!
1 failed, 1 warning in 2.78s
