F
=================================== FAILURES ===================================
_ test_authorize_before_register_delete_old_then_actual_target_cold_instance[False] _

env = (<sim2act.db.Store object at 0x7f6c9dc40620>, Settings(database_url='sqlite:////tmp/sim2act-csv-data-free-logic-202610...2da4151f1348f5bd6595ed7038af0f', 'user_877777f9acde494bb140319b22bfa23c', 'proj_1c23e59b8875476c81237fc942577846', ...)
with_report = False

    @pytest.mark.parametrize("with_report", [False, True])
    def test_authorize_before_register_delete_old_then_actual_target_cold_instance(env, with_report):
        from fastapi.testclient import TestClient
    
        from sim2act.api import create_app
    
        obj, rel, _, old_rid, old_job, _, body, auth = setup_logic(env, with_report)
        assert env[2].get(f"/api/internal/releases/{rel['id']}").status_code != 200
        retire_old(env, old_rid)
        assert env[2].get(f"/api/csv-dag/runs/{old_job['id']}").status_code != 200
        assert env[2].get(f"/api/internal/releases/{rel['id']}").status_code != 200
        public = json.dumps(obj)
        for private in ("amount", "quantity", '"total"', "formatted", rel["snapshot"]["execution_source"]["source_hash"], old_rid, rel["id"], old_job["id"], "private_audit"):
            assert private not in public, private
        assert env[2].post(f"/api/internal/releases/{rel['id']}/csv-logic-authorizations", json=auth).json()["logic"] == obj
        target = env[2].get(f"/api/apps/{body['target_app_id']}").json()
        anchor = env[2].post(f"/api/projects/{env[5]}/apps/{target['id']}/delivery-graph/derive", json=dict(expected_candidate_fingerprint=target["fingerprint"], request_key="retired-anchor")).json()
        body["expected_graph_fingerprint"] = anchor["graph_fingerprint"]
        before = snapshot(env)
        opts = env[2].get(f"/api/internal/csv-logics/{obj['id']}/materials")
        assert opts.status_code == 200 and [v["resource_id"] for v in opts.json()["items"]] == [body["expected_resource_id"]]
        assert fingerprint(snapshot(env)) == fingerprint(before)
        p, accepted = accept(env, obj, body)
        work(env, accepted)
        detail = env[2].get(f"/api/csv-dag/runs/{accepted['run_id']}")
        assert detail.status_code == 200, detail.text
        proof = detail.json()
        output = next(iter(proof["result"]["output_by_step"].values()))
        assert proof["status"] == "SUCCEEDED" and len(proof["steps"]) == (3 if with_report else 2)
        assert output["resource_id"] == body["expected_resource_id"] and output["sum"] == "8.75" and output["count"] == 3
        with env[0].tx() as c:
            actual = c.execute(select(operations).where(operations.c.run_id == accepted["run_id"])).mappings().all()
            assert all(old_rid not in json.dumps(dict(op)) for op in actual)
            assert c.execute(select(runs.c.version).where(runs.c.id == old_job["id"])).scalar_one() == rel["snapshot"]["execution_source"]["run_version"]
        approval = env[2].post(f"/api/csv-dag/runs/{accepted['run_id']}/release-approvals", json=dict(
            expected_plan_fingerprint=p["plan_fingerprint"], request_key="fresh-release"))
        assert approval.status_code == 201, approval.text
        a = approval.json()
        r = env[2].post(f"/api/internal/approvals/{a['id']}/commit", json=dict(fingerprint=a["fingerprint"]))
        assert r.status_code == 200, r.text
        new = r.json()
        i = create(env, new)
        cold = Store(env[1].database_url, test_only=True)
        cold.engine = cold.engine.execution_options(**env[0].engine.get_execution_options())
        try:
            client = TestClient(create_app(cold, env[1]))
            client.headers["Authorization"] = "Bearer synthetic-test-A"
            assert client.get(f"/api/projects/{env[5]}/csv-logics").json()["items"] == [obj]
            accepted = client.post(f"/api/internal/instances/{i['id']}/runs", json=dict(expected_revision=1,
                expected_release_fingerprint=new["fingerprint"], input={"column": "units"}, request_key="cold-units"))
            assert accepted.status_code == 202, accepted.text
            worker = Worker(cold, env[1], NoModel())
            job = cold.claim(worker.id, env[1].lease_seconds)
            worker.process(job)
            d = client.get(f"/api/internal/instances/{i['id']}")
>           assert d.status_code == 200, d.text
E           AssertionError: {"error":{"code":"VERSION_CONFLICT","message":"Internal DAG provenance changed","safe_retry":false,"effect_known":true,"user_action":"Check status, configuration and permissions"}}
E           assert 409 == 200
E            +  where 409 = <Response [409 Conflict]>.status_code

tests/test_csv_logic_reuse.py:144: AssertionError
=============================== warnings summary ===============================
.venv/lib/python3.12/site-packages/fastapi/testclient.py:1
  /workspace/Sim2Act/.venv/lib/python3.12/site-packages/fastapi/testclient.py:1: StarletteDeprecationWarning: Using `httpx` with `starlette.testclient` is deprecated; install `httpx2` instead.
    from starlette.testclient import TestClient as TestClient  # noqa

-- Docs: https://docs.pytest.org/en/stable/how-to/capture-warnings.html
=========================== short test summary info ============================
FAILED tests/test_csv_logic_reuse.py::test_authorize_before_register_delete_old_then_actual_target_cold_instance[False]
!!!!!!!!!!!!!!!!!!!!!!!!!! stopping after 1 failures !!!!!!!!!!!!!!!!!!!!!!!!!!!
1 failed, 1 warning in 4.27s
