********************************************************************************
WARNING: POSTGRES_HOST_AUTH_METHOD has been set to "trust". This will allow
         anyone with access to the Postgres port to access your database without
         a password, even if POSTGRES_PASSWORD is set. See PostgreSQL
         documentation about "trust":
         https://www.postgresql.org/docs/current/auth-trust.html
         In Docker's default configuration, this is effectively any other
         container on the same system.

         It is not recommended to use POSTGRES_HOST_AUTH_METHOD=trust. Replace
         it with "-e POSTGRES_PASSWORD=password" instead to set a password in
         "docker run".
********************************************************************************
The files belonging to this database system will be owned by user "postgres".
This user must also own the server process.

The database cluster will be initialized with locale "en_US.utf8".
The default database encoding has accordingly been set to "UTF8".
The default text search configuration will be set to "english".

Data page checksums are disabled.

fixing permissions on existing directory /var/lib/postgresql/data ... ok
creating subdirectories ... ok
selecting dynamic shared memory implementation ... posix
selecting default "max_connections" ... 100
selecting default "shared_buffers" ... 128MB
selecting default time zone ... Etc/UTC
creating configuration files ... ok
running bootstrap script ... ok
performing post-bootstrap initialization ... ok
syncing data to disk ... ok


Success. You can now start the database server using:

    pg_ctl -D /var/lib/postgresql/data -l logfile start

initdb: warning: enabling "trust" authentication for local connections
initdb: hint: You can change this by editing pg_hba.conf or using the option -A, or --auth-local and --auth-host, the next time you run initdb.
waiting for server to start....2026-10-10 09:49:35.851 UTC [50] LOG:  starting PostgreSQL 17.9 (Debian 17.9-1.pgdg13+1) on x86_64-pc-linux-gnu, compiled by gcc (Debian 14.2.0-19) 14.2.0, 64-bit
2026-10-10 09:49:35.851 UTC [50] LOG:  listening on Unix socket "/var/run/postgresql/.s.PGSQL.5432"
2026-10-10 09:49:35.854 UTC [53] LOG:  database system was shut down at 2026-10-10 09:49:35 UTC
2026-10-10 09:49:35.857 UTC [50] LOG:  database system is ready to accept connections
 done
server started
CREATE DATABASE


/usr/local/bin/docker-entrypoint.sh: ignoring /docker-entrypoint-initdb.d/*

waiting for server to shut down....2026-10-10 09:49:36.016 UTC [50] LOG:  received fast shutdown request
2026-10-10 09:49:36.016 UTC [50] LOG:  aborting any active transactions
2026-10-10 09:49:36.018 UTC [50] LOG:  background worker "logical replication launcher" (PID 56) exited with exit code 1
2026-10-10 09:49:36.019 UTC [51] LOG:  shutting down
2026-10-10 09:49:36.019 UTC [51] LOG:  checkpoint starting: shutdown immediate
2026-10-10 09:49:36.147 UTC [51] LOG:  checkpoint complete: wrote 925 buffers (5.6%); 0 WAL file(s) added, 0 removed, 0 recycled; write=0.036 s, sync=0.090 s, total=0.128 s; sync files=301, longest=0.004 s, average=0.001 s; distance=4256 kB, estimate=4256 kB; lsn=0/19158F0, redo lsn=0/19158F0
2026-10-10 09:49:36.152 UTC [50] LOG:  database system is shut down
 done
server stopped

PostgreSQL init process complete; ready for start up.

2026-10-10 09:49:36.234 UTC [1] LOG:  starting PostgreSQL 17.9 (Debian 17.9-1.pgdg13+1) on x86_64-pc-linux-gnu, compiled by gcc (Debian 14.2.0-19) 14.2.0, 64-bit
2026-10-10 09:49:36.234 UTC [1] LOG:  listening on Unix socket "/var/run/postgresql/.s.PGSQL.5432"
2026-10-10 09:49:36.237 UTC [66] LOG:  database system was shut down at 2026-10-10 09:49:36 UTC
2026-10-10 09:49:36.243 UTC [1] LOG:  database system is ready to accept connections
2026-10-10 09:54:36.267 UTC [64] LOG:  checkpoint starting: time
2026-10-10 09:54:40.702 UTC [64] LOG:  checkpoint complete: wrote 47 buffers (0.3%); 0 WAL file(s) added, 0 removed, 0 recycled; write=4.422 s, sync=0.006 s, total=4.436 s; sync files=12, longest=0.002 s, average=0.001 s; distance=269 kB, estimate=269 kB; lsn=0/1959168, redo lsn=0/19590D8
2026-10-10 09:59:36.219 UTC [64] LOG:  checkpoint starting: time
2026-10-10 10:00:27.021 UTC [64] LOG:  checkpoint complete: wrote 504 buffers (3.1%); 0 WAL file(s) added, 0 removed, 1 recycled; write=50.441 s, sync=0.337 s, total=50.802 s; sync files=3698, longest=0.002 s, average=0.001 s; distance=22202 kB, estimate=22202 kB; lsn=0/2F1DC90, redo lsn=0/2F07B00
2026-10-10 10:09:36.564 UTC [64] LOG:  checkpoint starting: time
2026-10-10 10:10:28.196 UTC [64] LOG:  checkpoint complete: wrote 513 buffers (3.1%); 0 WAL file(s) added, 0 removed, 2 recycled; write=51.145 s, sync=0.438 s, total=51.633 s; sync files=4061, longest=0.003 s, average=0.001 s; distance=24197 kB, estimate=24197 kB; lsn=0/46A92F8, redo lsn=0/46A9268
2026-10-10 10:19:36.557 UTC [64] LOG:  checkpoint starting: time
2026-10-10 10:20:41.539 UTC [64] LOG:  checkpoint complete: wrote 636 buffers (3.9%); 0 WAL file(s) added, 0 removed, 2 recycled; write=63.851 s, sync=1.083 s, total=64.982 s; sync files=5887, longest=0.031 s, average=0.001 s; distance=34160 kB, estimate=34160 kB; lsn=0/695A7E8, redo lsn=0/68052D8
2026-10-10 10:24:36.563 UTC [64] LOG:  checkpoint starting: time
2026-10-10 10:25:58.273 UTC [64] LOG:  checkpoint complete: wrote 668 buffers (4.1%); 0 WAL file(s) added, 0 removed, 2 recycled; write=80.304 s, sync=1.323 s, total=81.710 s; sync files=6283, longest=0.011 s, average=0.001 s; distance=32934 kB, estimate=34037 kB; lsn=0/8F274B8, redo lsn=0/882EBD8
2026-10-10 10:29:36.361 UTC [64] LOG:  checkpoint starting: time
2026-10-10 10:31:12.976 UTC [64] LOG:  checkpoint complete: wrote 681 buffers (4.2%); 0 WAL file(s) added, 0 removed, 2 recycled; write=95.303 s, sync=1.260 s, total=96.616 s; sync files=5161, longest=0.098 s, average=0.001 s; distance=25004 kB, estimate=33134 kB; lsn=0/B050340, redo lsn=0/A099F80
2026-10-10 10:34:37.005 UTC [64] LOG:  checkpoint starting: time
