********************************************************************************
WARNING: POSTGRES_HOST_AUTH_METHOD has been set to "trust". This will allow
         anyone with access to the Postgres port to access your database without
         a password, even if POSTGRES_PASSWORD is set. See PostgreSQL
         documentation about "trust":
         https://www.postgresql.org/docs/current/auth-trust.html
         In Docker's default configuration, this is effectively any other
         container on the same system.

         It is not recommended to use POSTGRES_HOST_AUTH_METHOD=trust. Replace
         it with "-e POSTGRES_PASSWORD=password" instead to set a password in
         "docker run".
********************************************************************************
The files belonging to this database system will be owned by user "postgres".
This user must also own the server process.

The database cluster will be initialized with locale "en_US.utf8".
The default database encoding has accordingly been set to "UTF8".
The default text search configuration will be set to "english".

Data page checksums are disabled.

fixing permissions on existing directory /var/lib/postgresql/data ... ok
creating subdirectories ... ok
selecting dynamic shared memory implementation ... posix
selecting default "max_connections" ... 100
selecting default "shared_buffers" ... 128MB
selecting default time zone ... Etc/UTC
creating configuration files ... ok
running bootstrap script ... ok
performing post-bootstrap initialization ... ok
syncing data to disk ... ok


Success. You can now start the database server using:

    pg_ctl -D /var/lib/postgresql/data -l logfile start

initdb: warning: enabling "trust" authentication for local connections
initdb: hint: You can change this by editing pg_hba.conf or using the option -A, or --auth-local and --auth-host, the next time you run initdb.
waiting for server to start....2026-10-10 09:49:35.851 UTC [50] LOG:  starting PostgreSQL 17.9 (Debian 17.9-1.pgdg13+1) on x86_64-pc-linux-gnu, compiled by gcc (Debian 14.2.0-19) 14.2.0, 64-bit
2026-10-10 09:49:35.851 UTC [50] LOG:  listening on Unix socket "/var/run/postgresql/.s.PGSQL.5432"
2026-10-10 09:49:35.854 UTC [53] LOG:  database system was shut down at 2026-10-10 09:49:35 UTC
2026-10-10 09:49:35.857 UTC [50] LOG:  database system is ready to accept connections
 done
server started
CREATE DATABASE


/usr/local/bin/docker-entrypoint.sh: ignoring /docker-entrypoint-initdb.d/*

waiting for server to shut down....2026-10-10 09:49:36.016 UTC [50] LOG:  received fast shutdown request
2026-10-10 09:49:36.016 UTC [50] LOG:  aborting any active transactions
2026-10-10 09:49:36.018 UTC [50] LOG:  background worker "logical replication launcher" (PID 56) exited with exit code 1
2026-10-10 09:49:36.019 UTC [51] LOG:  shutting down
2026-10-10 09:49:36.019 UTC [51] LOG:  checkpoint starting: shutdown immediate
2026-10-10 09:49:36.147 UTC [51] LOG:  checkpoint complete: wrote 925 buffers (5.6%); 0 WAL file(s) added, 0 removed, 0 recycled; write=0.036 s, sync=0.090 s, total=0.128 s; sync files=301, longest=0.004 s, average=0.001 s; distance=4256 kB, estimate=4256 kB; lsn=0/19158F0, redo lsn=0/19158F0
2026-10-10 09:49:36.152 UTC [50] LOG:  database system is shut down
 done
server stopped

PostgreSQL init process complete; ready for start up.

2026-10-10 09:49:36.234 UTC [1] LOG:  starting PostgreSQL 17.9 (Debian 17.9-1.pgdg13+1) on x86_64-pc-linux-gnu, compiled by gcc (Debian 14.2.0-19) 14.2.0, 64-bit
2026-10-10 09:49:36.234 UTC [1] LOG:  listening on Unix socket "/var/run/postgresql/.s.PGSQL.5432"
2026-10-10 09:49:36.237 UTC [66] LOG:  database system was shut down at 2026-10-10 09:49:36 UTC
2026-10-10 09:49:36.243 UTC [1] LOG:  database system is ready to accept connections
