E702 Multiple statements on one line (semicolon)
   --> tests/test_csv_logic_reuse.py:184:51
    |
182 |         with env[0].tx() as c:
183 |             if attack == "source-json":
184 |                 s = copy.deepcopy(rel["snapshot"]); s["draft"]["candidate"]["goal"] = "corruption"
    |                                                   ^
185 |                 c.execute(update(internal_releases).where(internal_releases.c.id == rel["id"]).values(snapshot=s))
186 |             elif attack == "source-version":
    |

E702 Multiple statements on one line (semicolon)
   --> tests/test_csv_logic_reuse.py:192:50
    |
190 | …     elif attack == "logic-json":
191 | …         row = c.execute(select(internal_approvals).where(internal_approvals.c.id == obj["id"])).mappings().one()
192 | …         p = copy.deepcopy(row["payload"]); p["recipe"]["nodes"][0]["action"] = "evil"
    |                                            ^
193 | …         c.execute(update(internal_approvals).where(internal_approvals.c.id == obj["id"]).values(payload=p, fingerprint=fingerprint(…
194 | …     elif attack == "target-grant":
    |

E702 Multiple statements on one line (semicolon)
   --> tests/test_csv_logic_reuse.py:253:41
    |
251 | …     for r in rows:
252 | …         payload = copy.deepcopy(r["payload"])
253 | …         answer = payload["response"]; answer.pop("logical_reuse")
    |                                       ^
254 | …         answer["plan_fingerprint"] = fingerprint({k: v for k, v in answer.items() if k != "plan_fingerprint"})
255 | …         c.execute(update(delivery_graph_requests).where(delivery_graph_requests.c.id == r["id"]).values(payload=payload, fingerprin…
    |

Found 5 errors (2 fixed, 3 remaining).
