F
=================================== FAILURES ===================================
_ test_authorize_before_register_delete_old_then_actual_target_cold_instance[False] _

env = (<sim2act.db.Store object at 0x7f77168803e0>, Settings(database_url='sqlite:////tmp/sim2act-csv-data-free-logic-202610...dffc67d5934eecb2f675230db17519', 'user_41ca7c081a8549fa86b84fd778d4bf56', 'proj_d142fea720964ca99bcde60d7ce31d40', ...)
with_report = False

    @pytest.mark.parametrize("with_report", [False, True])
    def test_authorize_before_register_delete_old_then_actual_target_cold_instance(env, with_report):
        from fastapi.testclient import TestClient
        from sim2act.api import create_app
    
        obj, rel, _, old_rid, old_job, _, body, auth = setup_logic(env, with_report)
        assert env[2].get(f"/api/internal/releases/{rel['id']}").status_code != 200
        retire_old(env, old_rid)
        assert env[2].get(f"/api/csv-dag/runs/{old_job['id']}").status_code != 200
        assert env[2].get(f"/api/internal/releases/{rel['id']}").status_code != 200
        public = json.dumps(obj)
        for private in ("amount", "quantity", '"total"', "formatted", rel["snapshot"]["execution_source"]["source_hash"], old_rid, rel["id"], old_job["id"], "private_audit"):
            assert private not in public, private
        assert env[2].post(f"/api/internal/releases/{rel['id']}/csv-logic-authorizations", json=auth).json()["logic"] == obj
        before = snapshot(env)
        opts = env[2].get(f"/api/internal/csv-logics/{obj['id']}/materials")
>       assert opts.status_code == 200 and [v["resource_id"] for v in opts.json()["items"]] == [body["expected_resource_id"]]
E       AssertionError: assert (200 == 200 and [] == ['res_0063a7b...a0eb9e650d28']
E        +  where 200 = <Response [200 OK]>.status_code
E         
E         Right contains one more item: 'res_0063a7b541d14b6283a8a0eb9e650d28'
E         Use -v to get more diff)

tests/test_csv_logic_reuse.py:98: AssertionError
=============================== warnings summary ===============================
.venv/lib/python3.12/site-packages/fastapi/testclient.py:1
  /workspace/Sim2Act/.venv/lib/python3.12/site-packages/fastapi/testclient.py:1: StarletteDeprecationWarning: Using `httpx` with `starlette.testclient` is deprecated; install `httpx2` instead.
    from starlette.testclient import TestClient as TestClient  # noqa

-- Docs: https://docs.pytest.org/en/stable/how-to/capture-warnings.html
=========================== short test summary info ============================
FAILED tests/test_csv_logic_reuse.py::test_authorize_before_register_delete_old_then_actual_target_cold_instance[False]
!!!!!!!!!!!!!!!!!!!!!!!!!! stopping after 1 failures !!!!!!!!!!!!!!!!!!!!!!!!!!!
1 failed, 1 warning in 2.47s
