....................F
=================================== FAILURES ===================================
__ test_actual_data_free_logic_page_cold_result_and_safe_recovery[post-False] __

env = (<sim2act.db.Store object at 0x7fb42b70efc0>, Settings(database_url='sqlite:////tmp/sim2act-csv-data-free-logic-202610...b9b4e840484f5a8f8a2d122fad8b9b', 'user_84f50db9e77d4ce48dad5887f5e5ed80', 'proj_1dc686834de049829f52ebf05c54cddf', ...)
tmp_path = PosixPath('/tmp/sim2act-csv-data-free-logic-20261010/sixth-sqlite/test_actual_data_free_logic_pa0')
lost = 'post', with_report = False

    @pytest.mark.parametrize(
        "lost,with_report",
        [
            ("post", False),
            ("post", True),
            ("read", True),
            ("late", True),
            ("unknown403", True),
            ("mint-post", True),
            ("invalid-key", True),
            ("invalid-budget", True),
        ],
    )
    def test_actual_data_free_logic_page_cold_result_and_safe_recovery(env, tmp_path, lost, with_report):
        aid, rid, _, _, rel = release(env, with_report=with_report)
        aid = rel["snapshot"]["draft"]["id"]
        app = create_app(env[0], env[1])
        worker = Worker(env[0], env[1], NoModel())
    
        @app.post("/__fixture__/work")
        def work(body: dict, authorization: str = Header()):
            assert authorization == "Bearer synthetic-test-A"
            job = env[0].claim(worker.id, env[1].lease_seconds)
            assert job["id"] == body["run_id"]
            worker.process(job)
            return {"run_id": job["id"]}
    
        @app.post("/__fixture__/target-grant")
        def grant(body: dict, authorization: str = Header()):
            assert authorization == "Bearer synthetic-test-A"
            with env[0].tx() as c:
                c.execute(
                    update(grants)
                    .where(
                        grants.c.principal_id == c.execute(select(app_drafts.c.runtime_id).where(app_drafts.c.id == body["app_id"])).scalar_one(),
                        grants.c.resource_id == body["resource_id"],
                    )
                    .values(revoked=body["revoked"])
                )
            return {"changed": True}
    
        @app.post("/__fixture__/retire-old")
        def retire(authorization: str = Header()):
            assert authorization == "Bearer synthetic-test-A"
            retire_old(env, rid)
            return {"retired": True}
        with socket.socket() as sock:
            sock.bind(("127.0.0.1", 0))
            port = sock.getsockname()[1]
        (tmp_path / "info.json").write_text(
            json.dumps(
                dict(
                    base=f"http://127.0.0.1:{port}",
                    project=env[5],
                    app=aid,
                    resource=rid,
                    release=rel["id"],
                    lost=lost,
                    nodes=3 if with_report else 2,
                )
            )
        )
        server = uvicorn.Server(uvicorn.Config(app, host="127.0.0.1", port=port, log_level="error"))
        thread = threading.Thread(target=server.run, daemon=True)
        thread.start()
        try:
            deadline = time.monotonic() + 10
            while not server.started:
                assert thread.is_alive() and time.monotonic() < deadline
                time.sleep(0.01)
            assert shutil.which("node")
            child = subprocess.run(
                ["node", "tests/csv_logic_reuse.cjs", str(tmp_path)],
                capture_output=True,
                text=True,
                timeout=90,
            )
            (tmp_path / "driver.log").write_text(child.stdout + child.stderr)
>           assert child.returncode == 0, child.stdout + child.stderr
E           AssertionError: node:internal/modules/cjs/loader:1520
E               throw err;
E               ^
E             
E             Error: Cannot find module 'jsdom'
E             Require stack:
E             - /workspace/Sim2Act/tests/csv_logic_reuse.cjs
E                 at Module._resolveFilename (node:internal/modules/cjs/loader:1517:15)
E                 at wrapResolveFilename (node:internal/modules/cjs/loader:1071:27)
E                 at defaultResolveImplForCJSLoading (node:internal/modules/cjs/loader:1095:10)
E                 at resolveForCJSWithHooks (node:internal/modules/cjs/loader:1122:12)
E                 at Module._load (node:internal/modules/cjs/loader:1294:5)
E                 at wrapModuleLoad (node:internal/modules/cjs/loader:255:19)
E                 at Module.require (node:internal/modules/cjs/loader:1617:12)
E                 at require (node:internal/modules/helpers:153:16)
E                 at Object.<anonymous> (/workspace/Sim2Act/tests/csv_logic_reuse.cjs:2:130)
E                 at Module._compile (node:internal/modules/cjs/loader:1872:14) {
E               code: 'MODULE_NOT_FOUND',
E               requireStack: [ '/workspace/Sim2Act/tests/csv_logic_reuse.cjs' ]
E             }
E             
E             Node.js v24.19.0
E             
E           assert 1 == 0
E            +  where 1 = CompletedProcess(args=['node', 'tests/csv_logic_reuse.cjs', '/tmp/sim2act-csv-data-free-logic-20261010/sixth-sqlite/te...ode: 'MODULE_NOT_FOUND',\n  requireStack: [ '/workspace/Sim2Act/tests/csv_logic_reuse.cjs' ]\n}\n\nNode.js v24.19.0\n").returncode

tests/test_csv_logic_reuse_ui.py:103: AssertionError
=============================== warnings summary ===============================
.venv/lib/python3.12/site-packages/fastapi/testclient.py:1
  /workspace/Sim2Act/.venv/lib/python3.12/site-packages/fastapi/testclient.py:1: StarletteDeprecationWarning: Using `httpx` with `starlette.testclient` is deprecated; install `httpx2` instead.
    from starlette.testclient import TestClient as TestClient  # noqa

-- Docs: https://docs.pytest.org/en/stable/how-to/capture-warnings.html
=========================== short test summary info ============================
FAILED tests/test_csv_logic_reuse_ui.py::test_actual_data_free_logic_page_cold_result_and_safe_recovery[post-False]
!!!!!!!!!!!!!!!!!!!!!!!!!! stopping after 1 failures !!!!!!!!!!!!!!!!!!!!!!!!!!!
1 failed, 20 passed, 1 warning in 71.13s (0:01:11)
