F                                                                        [100%]
=================================== FAILURES ===================================
___________ test_background_read_cannot_interrupt_explicit_plan_read ___________

env = (<sim2act.db.Store object at 0x7f3678664620>, Settings(database_url='postgresql+psycopg://sim2act_owned@/sim2act_owned...720a0c639548cb8ddc5189d854f70d', 'user_d579126e28d544a4b508a97c9187e24b', 'proj_cb613811173444ed9c318aaebc42c68a', ...)
tmp_path = PosixPath('/tmp/sim2act-convergence-repro-ui-pg/test_background_read_cannot_in0')

    def test_background_read_cannot_interrupt_explicit_plan_read(env, tmp_path):
        if not shutil.which("node") or subprocess.run(
            ["node", "-e", "require.resolve('jsdom')"], capture_output=True, timeout=10
        ).returncode:
            pytest.skip("Developer Node and jsdom required for actual DOM oracle")
        value = setup(env)
        store, settings, client, project, _, _ = value
        rid = submit(value, key="foreground-polling").json()["run_id"]
        calls = []
    
        def provider(request):
            calls.append(str(request.url))
            assert request.url.host == "chat.intern-ai.org.cn"
            return httpx.Response(200, json=response(plan(value)))
    
        assert Worker(store, settings, goal_planner_transport=httpx.MockTransport(provider)).once()
        assert client.get(f"/api/runs/{rid}").json()["status"] == "WAITING_APPROVAL"
        before = authority(store)
        with socket.socket() as sock:
            sock.bind(("127.0.0.1", 0))
            port = sock.getsockname()[1]
        (tmp_path / "info.json").write_text(json.dumps({
            "base": f"http://127.0.0.1:{port}", "project": project, "run_id": rid,
        }))
        server = uvicorn.Server(uvicorn.Config(create_app(store, settings),
                                             host="127.0.0.1", port=port, log_level="error"))
        thread = threading.Thread(target=server.run, daemon=True)
        thread.start()
        try:
            deadline = time.monotonic() + 10
            while not server.started:
                assert thread.is_alive() and time.monotonic() < deadline
                time.sleep(.01)
            result = subprocess.run(["node", "tests/run_detail_polling.cjs", str(tmp_path)],
                                    capture_output=True, text=True, timeout=60)
            (tmp_path / "driver.log").write_text(result.stdout + result.stderr)
>           assert result.returncode == 0, result.stdout + result.stderr
E           AssertionError: AssertionError [ERR_ASSERTION]: completed explicit read renders full valid plan with fresh unchecked acknowledgement
E                 at check (/workspace/Sim2Act/tests/run_detail_polling.cjs:6:28)
E                 at /workspace/Sim2Act/tests/run_detail_polling.cjs:36:3
E                 at process.processTicksAndRejections (node:internal/process/task_queues:104:5)
E             
E           assert 1 == 0
E            +  where 1 = CompletedProcess(args=['node', 'tests/run_detail_polling.cjs', '/tmp/sim2act-convergence-repro-ui-pg/test_background_r...sts/run_detail_polling.cjs:36:3\n    at process.processTicksAndRejections (node:internal/process/task_queues:104:5)\n').returncode

tests/test_run_detail_polling.py:57: AssertionError
=============================== warnings summary ===============================
.venv/lib/python3.12/site-packages/fastapi/testclient.py:1
  /workspace/Sim2Act/.venv/lib/python3.12/site-packages/fastapi/testclient.py:1: StarletteDeprecationWarning: Using `httpx` with `starlette.testclient` is deprecated; install `httpx2` instead.
    from starlette.testclient import TestClient as TestClient  # noqa

-- Docs: https://docs.pytest.org/en/stable/how-to/capture-warnings.html
=========================== short test summary info ============================
FAILED tests/test_run_detail_polling.py::test_background_read_cannot_interrupt_explicit_plan_read
1 failed, 1 warning in 3.09s
