tests/test_catalog_use_routing_ui.py::test_catalog_use_routing_synthesized_api
tests/test_column_patch_ui.py::test_column_patch_actual_http_dom_recovery_exact_version_and_revocation
tests/test_conditional_apps_ui.py::test_named_report_draft_real_http_dom
tests/test_conditional_checks_ui.py::test_conditional_rule_display_and_source_boundary
tests/test_conditional_checks_ui.py::test_conditional_checks_actual_http_dom
tests/test_controlled_branches_ui.py::test_actual_product_conditions_http_dom[report-eq-input:include_report-true-inputs0-statuses0]
tests/test_controlled_branches_ui.py::test_actual_product_conditions_http_dom[aggregate-eq-input:include_report-true-inputs1-statuses1]
tests/test_controlled_branches_ui.py::test_actual_product_conditions_http_dom[report-exists-input:include_report--inputs2-statuses2]
tests/test_controlled_branches_ui.py::test_actual_product_conditions_http_dom[report-in-aggregate:count-[2]-inputs3-statuses3]
tests/test_controlled_branches_ui.py::test_actual_product_conditions_http_dom[report-in-aggregate:count-[3]-inputs4-statuses4]
tests/test_controlled_branches_ui.py::test_actual_product_conditions_http_dom[report-eq-input:column-"quantity"-inputs5-statuses5]
tests/test_csv_composition_ui.py::test_actual_product_editable_composition[False]
tests/test_csv_composition_ui.py::test_actual_product_editable_composition[True]
tests/test_csv_dag_ui.py::test_fixed_dag_actual_http_dom_exact_confirmation_recovery_and_revocation
tests/test_csv_wiring_ui.py::test_all_allowed_wire_choices_actual_product_http_dom[0-0-0]
tests/test_csv_wiring_ui.py::test_all_allowed_wire_choices_actual_product_http_dom[0-0-1]
tests/test_csv_wiring_ui.py::test_all_allowed_wire_choices_actual_product_http_dom[0-1-0]
tests/test_csv_wiring_ui.py::test_all_allowed_wire_choices_actual_product_http_dom[0-1-1]
tests/test_csv_wiring_ui.py::test_all_allowed_wire_choices_actual_product_http_dom[1-0-0]
tests/test_csv_wiring_ui.py::test_all_allowed_wire_choices_actual_product_http_dom[1-0-1]
tests/test_csv_wiring_ui.py::test_all_allowed_wire_choices_actual_product_http_dom[1-1-0]
tests/test_csv_wiring_ui.py::test_all_allowed_wire_choices_actual_product_http_dom[1-1-1]
tests/test_delivery_graph_apps_ui.py::test_delivery_graph_actual_http_dom[CSV]
tests/test_delivery_graph_apps_ui.py::test_delivery_graph_actual_http_dom[REPORT]
tests/test_goal_card_run_ui.py::test_saved_goal_execution_ui
tests/test_goal_card_run_ui.py::test_saved_goal_execution_actual_http_ui
tests/test_manual_locks_ui.py::test_manual_lock_actual_http_dom
tests/test_natural_activation_ui.py::test_project_activation_list_is_scoped_readonly_and_honest
tests/test_natural_activation_ui.py::test_activation_actual_http_complete_page_path[valid]
tests/test_natural_activation_ui.py::test_activation_actual_http_complete_page_path[expired]
tests/test_natural_activation_ui.py::test_activation_actual_http_complete_page_path[revoked]
tests/test_natural_goal_ui.py::test_natural_goal_actual_http_ui[valid]
tests/test_natural_goal_ui.py::test_natural_goal_actual_http_ui[disabled]
tests/test_natural_goal_ui.py::test_natural_goal_actual_http_ui[invalid_schema]
tests/test_natural_goal_ui.py::test_natural_goal_actual_http_ui[cancel]
tests/test_natural_goal_ui.py::test_natural_goal_actual_http_ui[revoke]
tests/test_protocol_ui.py::test_protocol_user_entry_actual_http[dom]
tests/test_protocol_ui.py::test_protocol_user_entry_actual_http[chromium]
tests/test_report_manifest_apps_ui.py::test_report_manifest_real_http_dom
tests/test_task_submission_recovery.py::test_task_submission_recovery_real_http[dom]
tests/test_task_submission_recovery.py::test_task_submission_recovery_real_http[chromium]
tests/test_run_detail_polling.py::test_background_read_cannot_interrupt_explicit_plan_read
tests/test_product_integration.py::test_integrated_same_session_source_and_recovery

=============================== warnings summary ===============================
.venv/lib/python3.12/site-packages/fastapi/testclient.py:1
  /workspace/Sim2Act/.venv/lib/python3.12/site-packages/fastapi/testclient.py:1: StarletteDeprecationWarning: Using `httpx` with `starlette.testclient` is deprecated; install `httpx2` instead.
    from starlette.testclient import TestClient as TestClient  # noqa

-- Docs: https://docs.pytest.org/en/stable/how-to/capture-warnings.html
43 tests collected in 0.49s
