tests/test_agent_ui_replay.py::test_agent_http_approval_cold_default_worker_and_history_no_grants
tests/test_agent_ui_replay.py::test_http_replay_admission_rejects_before_run_or_approval[missing]
tests/test_agent_ui_replay.py::test_http_replay_admission_rejects_before_run_or_approval[one]
tests/test_agent_ui_replay.py::test_http_replay_admission_rejects_before_run_or_approval[extra]
tests/test_agent_ui_replay.py::test_http_replay_admission_rejects_before_run_or_approval[gold]
tests/test_agent_ui_replay.py::test_http_replay_admission_rejects_before_run_or_approval[bytes]
tests/test_agent_ui_replay.py::test_http_replay_admission_rejects_before_run_or_approval[csv]
tests/test_agent_ui_replay.py::test_frozen_replay_has_independent_accepted_request_anchor[replay]
tests/test_agent_ui_replay.py::test_frozen_replay_has_independent_accepted_request_anchor[remove]
tests/test_agent_ui_replay.py::test_frozen_replay_has_independent_accepted_request_anchor[inject_legacy]
tests/test_agent_ui_replay.py::test_http_frozen_replay_permission_idempotency_and_failure_history[bad_quote]
tests/test_agent_ui_replay.py::test_http_frozen_replay_permission_idempotency_and_failure_history[wrong_tool]
tests/test_agent_ui_replay.py::test_http_frozen_replay_permission_idempotency_and_failure_history[revoke]
tests/test_agent_ui_replay.py::test_http_frozen_replay_permission_idempotency_and_failure_history[foreign]
tests/test_agent_ui_replay.py::test_http_frozen_replay_permission_idempotency_and_failure_history[same_key_other_replay]
tests/test_agent_ui_replay.py::test_commit_requires_exact_accepted_replay_not_only_self_consistent_protocol[different_protocol]
tests/test_agent_ui_replay.py::test_commit_requires_exact_accepted_replay_not_only_self_consistent_protocol[numeric_bool]
tests/test_agent_ui_replay.py::test_success_cold_read_binds_protocol_to_accepted_replay
tests/test_agent_ui_replay.py::test_replay_cannot_read_same_user_other_project_material
tests/test_agent_ui_replay.py::test_actual_expired_agent_approval_cannot_create_release
tests/test_application_use.py::test_application_use_actual_http
tests/test_background_poll.py::test_background_poll_synthesized_api
tests/test_natural_receipt_candidate.py::test_new_column_cold_store_wrong_inputs_and_no_whole_task_promotion
tests/test_natural_receipt_candidate.py::test_invalidated_source_or_target_denies_cached_read_and_execution_without_writes[FAILED]
tests/test_natural_receipt_candidate.py::test_invalidated_source_or_target_denies_cached_read_and_execution_without_writes[UNKNOWN]
tests/test_natural_receipt_candidate.py::test_invalidated_source_or_target_denies_cached_read_and_execution_without_writes[SUCCEEDED]
tests/test_natural_receipt_candidate.py::test_invalidated_source_or_target_denies_cached_read_and_execution_without_writes[cancel]
tests/test_natural_receipt_candidate.py::test_invalidated_source_or_target_denies_cached_read_and_execution_without_writes[receipt]
tests/test_natural_receipt_candidate.py::test_invalidated_source_or_target_denies_cached_read_and_execution_without_writes[material]
tests/test_natural_receipt_candidate.py::test_invalidated_source_or_target_denies_cached_read_and_execution_without_writes[scope]
tests/test_natural_receipt_candidate.py::test_invalidated_source_or_target_denies_cached_read_and_execution_without_writes[revoke]
tests/test_natural_receipt_candidate.py::test_invalidated_source_or_target_denies_cached_read_and_execution_without_writes[source_grant]
tests/test_natural_receipt_candidate.py::test_invalidated_source_or_target_denies_cached_read_and_execution_without_writes[target_grant]
tests/test_natural_receipt_candidate.py::test_invalidated_source_or_target_denies_cached_read_and_execution_without_writes[candidate]
tests/test_natural_receipt_candidate.py::test_invalidated_source_or_target_denies_cached_read_and_execution_without_writes[marker]
tests/test_natural_receipt_candidate.py::test_invalidated_source_or_target_denies_cached_read_and_execution_without_writes[target_version]
tests/test_natural_receipt_candidate.py::test_preview_goal_foreign_owner_project_versions_and_extra_fields_are_rejected
tests/test_natural_receipt_candidate.py::test_fixed_preview_goal_has_no_csv_extraction
tests/test_natural_receipt_candidate.py::test_existing_durable_candidate_runner_cold_new_result_and_bad_input
tests/test_natural_receipt_candidate.py::test_same_owner_foreign_project_target_rejected_zero_writes
tests/test_natural_receipt_candidate.py::test_ordinary_page_actual_receipt_extraction_new_input_cold_and_revocation[lost]
tests/test_natural_receipt_candidate.py::test_ordinary_page_actual_receipt_extraction_new_input_cold_and_revocation[wrong_id]
tests/test_natural_receipt_candidate.py::test_ordinary_page_actual_receipt_extraction_new_input_cold_and_revocation[wrong_type]
tests/test_natural_receipt_candidate.py::test_coherent_same_value_wrong_type_proof_is_not_a_valid_candidate
tests/test_natural_ui_drain.py::test_natural_ui_owned_page_drain[pending-poll]
tests/test_natural_ui_drain.py::test_natural_ui_owned_page_drain[network-error]
tests/test_natural_ui_drain.py::test_natural_ui_owned_page_drain[action-error]
tests/test_natural_ui_drain.py::test_natural_ui_owned_page_drain[controlled-lost]
tests/test_product_integration_fixture.py::test_existing_agent_seed_and_fifo_normal_worker
tests/test_run_detail_polling.py::test_background_read_cannot_interrupt_explicit_plan_read
tests/test_task_read_failure.py::test_task_read_failure_actual_http

=============================== warnings summary ===============================
.venv/lib/python3.12/site-packages/fastapi/testclient.py:1
  /workspace/Sim2Act/.venv/lib/python3.12/site-packages/fastapi/testclient.py:1: StarletteDeprecationWarning: Using `httpx` with `starlette.testclient` is deprecated; install `httpx2` instead.
    from starlette.testclient import TestClient as TestClient  # noqa

-- Docs: https://docs.pytest.org/en/stable/how-to/capture-warnings.html
51 tests collected in 0.32s
