{
  "verdict": "LIMITED_PASS_COMPLETED_CONTENT_ONLY",
  "source_sha": "50b10417a99a070f6bcd614471cc00ec102b7836",
  "completed_subdirectories": {
    "author": 128,
    "design-independent": 3,
    "independent": 61,
    "native-5588": 14,
    "type-block-5588": 12,
    "type-fix-author": 49,
    "type-fix-independent": 22
  },
  "private_exact_files": 289,
  "plus7whites_and_README": 297,
  "source365_Git_worktree_match": true,
  "product69_ofwhich66_same473": true,
  "metadata_original_inherited_baseline_inconsistency_explicitly_corrected_by_addendum": true,
  "base5588_actual_delta2": [
    "src/sim2act/csv_dag_instances.py",
    "tests/test_csv_report_dag_instances.py"
  ],
  "old5588BLOCK_kept_and_not_merged_into_new_pass": true,
  "author_sqlite12_seconds": 108.655,
  "author_pg12_seconds": 190.927,
  "PG_cleanup0and_owned_absent_readonly_verified": true,
  "independent_delta6_checks38": true,
  "old_native5588_11_scope_only": true,
  "native_final_status": "PENDING_excluded_until_actualterminal_review",
  "rootmanifest": "notyetsealed_excluded",
  "full900sufficient_minimum": "UNKNOWN_historicaloldserial_lowerbound_gt900_only",
  "historical_timeouts": "OPEN",
  "tests_PG_CI_repo_ref_operations": 0
}
