2026-10-08T04:57:14.629189921Z The files belonging to this database system will be owned by user "postgres".
2026-10-08T04:57:14.629284841Z This user must also own the server process.
2026-10-08T04:57:14.629287715Z 
2026-10-08T04:57:14.629288967Z The database cluster will be initialized with locale "en_US.utf8".
2026-10-08T04:57:14.629290148Z The default database encoding has accordingly been set to "UTF8".
2026-10-08T04:57:14.629291320Z The default text search configuration will be set to "english".
2026-10-08T04:57:14.629292432Z 
2026-10-08T04:57:14.629293483Z Data page checksums are disabled.
2026-10-08T04:57:14.629294505Z 
2026-10-08T04:57:14.629295456Z fixing permissions on existing directory /var/lib/postgresql/data ... ok
2026-10-08T04:57:14.629494810Z creating subdirectories ... ok
2026-10-08T04:57:14.629532776Z selecting dynamic shared memory implementation ... posix
2026-10-08T04:57:14.642932452Z selecting default "max_connections" ... 100
2026-10-08T04:57:14.663118286Z selecting default "shared_buffers" ... 128MB
2026-10-08T04:57:14.671639737Z selecting default time zone ... Etc/UTC
2026-10-08T04:57:14.672169858Z creating configuration files ... ok
2026-10-08T04:57:14.852763488Z running bootstrap script ... ok
2026-10-08T04:57:15.262576648Z performing post-bootstrap initialization ... ok
2026-10-08T04:57:15.541035611Z syncing data to disk ... ok
2026-10-08T04:57:15.541058335Z 
2026-10-08T04:57:15.541060878Z 
2026-10-08T04:57:15.541062761Z Success. You can now start the database server using:
2026-10-08T04:57:15.541064824Z 
2026-10-08T04:57:15.541066727Z     pg_ctl -D /var/lib/postgresql/data -l logfile start
2026-10-08T04:57:15.541068059Z 
2026-10-08T04:57:15.613454897Z waiting for server to start....2026-10-08 04:57:15.613 UTC [66] LOG:  starting PostgreSQL 17.11 (Debian 17.11-1.pgdg13+2) on x86_64-pc-linux-gnu, compiled by gcc (Debian 14.2.0-19) 14.2.0, 64-bit
2026-10-08T04:57:15.615416914Z 2026-10-08 04:57:15.615 UTC [66] LOG:  listening on Unix socket "/var/run/postgresql/.s.PGSQL.5432"
2026-10-08T04:57:15.617977038Z 2026-10-08 04:57:15.617 UTC [69] LOG:  database system was shut down at 2026-10-08 04:57:15 UTC
2026-10-08T04:57:15.621225096Z 2026-10-08 04:57:15.621 UTC [66] LOG:  database system is ready to accept connections
2026-10-08T04:57:15.658155811Z  done
2026-10-08T04:57:15.658177103Z server started
2026-10-08T04:57:15.690424725Z 
2026-10-08T04:57:15.690440498Z /usr/local/bin/docker-entrypoint.sh: ignoring /docker-entrypoint-initdb.d/*
2026-10-08T04:57:15.690448500Z 
2026-10-08T04:57:15.691094512Z 2026-10-08 04:57:15.690 UTC [66] LOG:  received fast shutdown request
2026-10-08T04:57:15.692094541Z waiting for server to shut down....2026-10-08 04:57:15.691 UTC [66] LOG:  aborting any active transactions
2026-10-08T04:57:15.694718579Z 2026-10-08 04:57:15.694 UTC [66] LOG:  background worker "logical replication launcher" (PID 72) exited with exit code 1
2026-10-08T04:57:15.694735935Z 2026-10-08 04:57:15.694 UTC [67] LOG:  shutting down
2026-10-08T04:57:15.695327777Z 2026-10-08 04:57:15.695 UTC [67] LOG:  checkpoint starting: shutdown immediate
2026-10-08T04:57:15.698675627Z 2026-10-08 04:57:15.698 UTC [67] LOG:  checkpoint complete: wrote 3 buffers (0.0%); 0 WAL file(s) added, 0 removed, 0 recycled; write=0.001 s, sync=0.001 s, total=0.004 s; sync files=2, longest=0.001 s, average=0.001 s; distance=0 kB, estimate=0 kB; lsn=0/14EF800, redo lsn=0/14EF800
2026-10-08T04:57:15.701368917Z 2026-10-08 04:57:15.700 UTC [66] LOG:  database system is shut down
2026-10-08T04:57:15.791303315Z  done
2026-10-08T04:57:15.791322514Z server stopped
2026-10-08T04:57:15.792425890Z 
2026-10-08T04:57:15.792432820Z PostgreSQL init process complete; ready for start up.
2026-10-08T04:57:15.792434613Z 
