initdb: warning: enabling "trust" authentication for local connections
initdb: hint: You can change this by editing pg_hba.conf or using the option -A, or --auth-local and --auth-host, the next time you run initdb.
2026-10-08 04:57:15.805 UTC [1] LOG:  starting PostgreSQL 17.11 (Debian 17.11-1.pgdg13+2) on x86_64-pc-linux-gnu, compiled by gcc (Debian 14.2.0-19) 14.2.0, 64-bit
2026-10-08 04:57:15.805 UTC [1] LOG:  listening on IPv4 address "0.0.0.0", port 5432
2026-10-08 04:57:15.805 UTC [1] LOG:  listening on IPv6 address "::", port 5432
2026-10-08 04:57:15.806 UTC [1] LOG:  listening on Unix socket "/var/run/postgresql/.s.PGSQL.5432"
2026-10-08 04:57:15.808 UTC [86] LOG:  database system was shut down at 2026-10-08 04:57:15 UTC
2026-10-08 04:57:15.811 UTC [1] LOG:  database system is ready to accept connections
2026-10-08 04:57:28.542 UTC [99] ERROR:  deadlock detected
2026-10-08 04:57:28.542 UTC [99] DETAIL:  Process 99 waits for ShareLock on transaction 836; blocked by process 98.
	Process 98 waits for ShareLock on transaction 837; blocked by process 99.
	Process 99: SELECT test_0755c8c8799b44658745a9af241f8054.grants.id, test_0755c8c8799b44658745a9af241f8054.grants.principal_id, test_0755c8c8799b44658745a9af241f8054.grants.project_id, test_0755c8c8799b44658745a9af241f8054.grants.resource_id, test_0755c8c8799b44658745a9af241f8054.grants.tool_ref, test_0755c8c8799b44658745a9af241f8054.grants.expires_at, test_0755c8c8799b44658745a9af241f8054.grants.revision, test_0755c8c8799b44658745a9af241f8054.grants.revoked 
	FROM test_0755c8c8799b44658745a9af241f8054.grants 
	WHERE test_0755c8c8799b44658745a9af241f8054.grants.principal_id = $1::VARCHAR AND test_0755c8c8799b44658745a9af241f8054.grants.project_id = $2::VARCHAR AND test_0755c8c8799b44658745a9af241f8054.grants.resource_id = $3::VARCHAR AND test_0755c8c8799b44658745a9af241f8054.grants.tool_ref = $4::VARCHAR ORDER BY test_0755c8c8799b44658745a9af241f8054.grants.id FOR UPDATE
	Process 98: SELECT test_0755c8c8799b44658745a9af241f8054.grants.id, test_0755c8c8799b44658745a9af241f8054.grants.principal_id, test_0755c8c8799b44658745a9af241f8054.grants.project_id, test_0755c8c8799b44658745a9af241f8054.grants.resource_id, test_0755c8c8799b44658745a9af241f8054.grants.tool_ref, test_0755c8c8799b44658745a9af241f8054.grants.expires_at, test_0755c8c8799b44658745a9af241f8054.grants.revision, test_0755c8c8799b44658745a9af241f8054.grants.revoked 
	FROM test_0755c8c8799b44658745a9af241f8054.grants 
	WHERE test_0755c8c8799b44658745a9af241f8054.grants.principal_id = $1::VARCHAR AND test_0755c8c8799b44658745a9af241f8054.grants.project_id = $2::VARCHAR AND test_0755c8c8799b44658745a9af241f8054.grants.resource_id = $3::VARCHAR AND test_0755c8c8799b44658745a9af241f8054.grants.tool_ref = $4::VARCHAR ORDER BY test_0755c8c8799b44658745a9af241f8054.grants.id FOR UPDATE
2026-10-08 04:57:28.542 UTC [99] HINT:  See server log for query details.
2026-10-08 04:57:28.542 UTC [99] CONTEXT:  while locking tuple (0,9) in relation "grants"
2026-10-08 04:57:28.542 UTC [99] STATEMENT:  SELECT test_0755c8c8799b44658745a9af241f8054.grants.id, test_0755c8c8799b44658745a9af241f8054.grants.principal_id, test_0755c8c8799b44658745a9af241f8054.grants.project_id, test_0755c8c8799b44658745a9af241f8054.grants.resource_id, test_0755c8c8799b44658745a9af241f8054.grants.tool_ref, test_0755c8c8799b44658745a9af241f8054.grants.expires_at, test_0755c8c8799b44658745a9af241f8054.grants.revision, test_0755c8c8799b44658745a9af241f8054.grants.revoked 
	FROM test_0755c8c8799b44658745a9af241f8054.grants 
	WHERE test_0755c8c8799b44658745a9af241f8054.grants.principal_id = $1::VARCHAR AND test_0755c8c8799b44658745a9af241f8054.grants.project_id = $2::VARCHAR AND test_0755c8c8799b44658745a9af241f8054.grants.resource_id = $3::VARCHAR AND test_0755c8c8799b44658745a9af241f8054.grants.tool_ref = $4::VARCHAR ORDER BY test_0755c8c8799b44658745a9af241f8054.grants.id FOR UPDATE
2026-10-08 04:57:31.045 UTC [99] ERROR:  deadlock detected
2026-10-08 04:57:31.045 UTC [99] DETAIL:  Process 99 waits for ShareLock on transaction 841; blocked by process 98.
	Process 98 waits for ShareLock on transaction 842; blocked by process 99.
	Process 99: SELECT test_0755c8c8799b44658745a9af241f8054.grants.id, test_0755c8c8799b44658745a9af241f8054.grants.principal_id, test_0755c8c8799b44658745a9af241f8054.grants.project_id, test_0755c8c8799b44658745a9af241f8054.grants.resource_id, test_0755c8c8799b44658745a9af241f8054.grants.tool_ref, test_0755c8c8799b44658745a9af241f8054.grants.expires_at, test_0755c8c8799b44658745a9af241f8054.grants.revision, test_0755c8c8799b44658745a9af241f8054.grants.revoked 
	FROM test_0755c8c8799b44658745a9af241f8054.grants 
	WHERE test_0755c8c8799b44658745a9af241f8054.grants.principal_id = $1::VARCHAR AND test_0755c8c8799b44658745a9af241f8054.grants.project_id = $2::VARCHAR AND test_0755c8c8799b44658745a9af241f8054.grants.resource_id = $3::VARCHAR AND test_0755c8c8799b44658745a9af241f8054.grants.tool_ref = $4::VARCHAR ORDER BY test_0755c8c8799b44658745a9af241f8054.grants.id FOR UPDATE
	Process 98: SELECT test_0755c8c8799b44658745a9af241f8054.grants.id, test_0755c8c8799b44658745a9af241f8054.grants.principal_id, test_0755c8c8799b44658745a9af241f8054.grants.project_id, test_0755c8c8799b44658745a9af241f8054.grants.resource_id, test_0755c8c8799b44658745a9af241f8054.grants.tool_ref, test_0755c8c8799b44658745a9af241f8054.grants.expires_at, test_0755c8c8799b44658745a9af241f8054.grants.revision, test_0755c8c8799b44658745a9af241f8054.grants.revoked 
	FROM test_0755c8c8799b44658745a9af241f8054.grants 
	WHERE test_0755c8c8799b44658745a9af241f8054.grants.principal_id = $1::VARCHAR AND test_0755c8c8799b44658745a9af241f8054.grants.project_id = $2::VARCHAR AND test_0755c8c8799b44658745a9af241f8054.grants.resource_id = $3::VARCHAR AND test_0755c8c8799b44658745a9af241f8054.grants.tool_ref = $4::VARCHAR ORDER BY test_0755c8c8799b44658745a9af241f8054.grants.id FOR UPDATE
2026-10-08 04:57:31.045 UTC [99] HINT:  See server log for query details.
2026-10-08 04:57:31.045 UTC [99] CONTEXT:  while locking tuple (0,9) in relation "grants"
2026-10-08 04:57:31.045 UTC [99] STATEMENT:  SELECT test_0755c8c8799b44658745a9af241f8054.grants.id, test_0755c8c8799b44658745a9af241f8054.grants.principal_id, test_0755c8c8799b44658745a9af241f8054.grants.project_id, test_0755c8c8799b44658745a9af241f8054.grants.resource_id, test_0755c8c8799b44658745a9af241f8054.grants.tool_ref, test_0755c8c8799b44658745a9af241f8054.grants.expires_at, test_0755c8c8799b44658745a9af241f8054.grants.revision, test_0755c8c8799b44658745a9af241f8054.grants.revoked 
	FROM test_0755c8c8799b44658745a9af241f8054.grants 
	WHERE test_0755c8c8799b44658745a9af241f8054.grants.principal_id = $1::VARCHAR AND test_0755c8c8799b44658745a9af241f8054.grants.project_id = $2::VARCHAR AND test_0755c8c8799b44658745a9af241f8054.grants.resource_id = $3::VARCHAR AND test_0755c8c8799b44658745a9af241f8054.grants.tool_ref = $4::VARCHAR ORDER BY test_0755c8c8799b44658745a9af241f8054.grants.id FOR UPDATE
2026-10-08 04:57:36.041 UTC [98] ERROR:  deadlock detected
2026-10-08 04:57:36.041 UTC [98] DETAIL:  Process 98 waits for ShareLock on transaction 854; blocked by process 99.
	Process 99 waits for ShareLock on transaction 855; blocked by process 98.
	Process 98: SELECT test_0755c8c8799b44658745a9af241f8054.grants.id, test_0755c8c8799b44658745a9af241f8054.grants.principal_id, test_0755c8c8799b44658745a9af241f8054.grants.project_id, test_0755c8c8799b44658745a9af241f8054.grants.resource_id, test_0755c8c8799b44658745a9af241f8054.grants.tool_ref, test_0755c8c8799b44658745a9af241f8054.grants.expires_at, test_0755c8c8799b44658745a9af241f8054.grants.revision, test_0755c8c8799b44658745a9af241f8054.grants.revoked 
	FROM test_0755c8c8799b44658745a9af241f8054.grants 
	WHERE test_0755c8c8799b44658745a9af241f8054.grants.principal_id = $1::VARCHAR AND test_0755c8c8799b44658745a9af241f8054.grants.project_id = $2::VARCHAR AND test_0755c8c8799b44658745a9af241f8054.grants.resource_id = $3::VARCHAR AND test_0755c8c8799b44658745a9af241f8054.grants.tool_ref = $4::VARCHAR ORDER BY test_0755c8c8799b44658745a9af241f8054.grants.id FOR UPDATE
	Process 99: SELECT test_0755c8c8799b44658745a9af241f8054.grants.id, test_0755c8c8799b44658745a9af241f8054.grants.principal_id, test_0755c8c8799b44658745a9af241f8054.grants.project_id, test_0755c8c8799b44658745a9af241f8054.grants.resource_id, test_0755c8c8799b44658745a9af241f8054.grants.tool_ref, test_0755c8c8799b44658745a9af241f8054.grants.expires_at, test_0755c8c8799b44658745a9af241f8054.grants.revision, test_0755c8c8799b44658745a9af241f8054.grants.revoked 
	FROM test_0755c8c8799b44658745a9af241f8054.grants 
	WHERE test_0755c8c8799b44658745a9af241f8054.grants.principal_id = $1::VARCHAR AND test_0755c8c8799b44658745a9af241f8054.grants.project_id = $2::VARCHAR AND test_0755c8c8799b44658745a9af241f8054.grants.resource_id = $3::VARCHAR AND test_0755c8c8799b44658745a9af241f8054.grants.tool_ref = $4::VARCHAR ORDER BY test_0755c8c8799b44658745a9af241f8054.grants.id FOR UPDATE
2026-10-08 04:57:36.041 UTC [98] HINT:  See server log for query details.
2026-10-08 04:57:36.041 UTC [98] CONTEXT:  while locking tuple (0,9) in relation "grants"
2026-10-08 04:57:36.041 UTC [98] STATEMENT:  SELECT test_0755c8c8799b44658745a9af241f8054.grants.id, test_0755c8c8799b44658745a9af241f8054.grants.principal_id, test_0755c8c8799b44658745a9af241f8054.grants.project_id, test_0755c8c8799b44658745a9af241f8054.grants.resource_id, test_0755c8c8799b44658745a9af241f8054.grants.tool_ref, test_0755c8c8799b44658745a9af241f8054.grants.expires_at, test_0755c8c8799b44658745a9af241f8054.grants.revision, test_0755c8c8799b44658745a9af241f8054.grants.revoked 
	FROM test_0755c8c8799b44658745a9af241f8054.grants 
	WHERE test_0755c8c8799b44658745a9af241f8054.grants.principal_id = $1::VARCHAR AND test_0755c8c8799b44658745a9af241f8054.grants.project_id = $2::VARCHAR AND test_0755c8c8799b44658745a9af241f8054.grants.resource_id = $3::VARCHAR AND test_0755c8c8799b44658745a9af241f8054.grants.tool_ref = $4::VARCHAR ORDER BY test_0755c8c8799b44658745a9af241f8054.grants.id FOR UPDATE
2026-10-08 04:57:38.543 UTC [98] ERROR:  deadlock detected
2026-10-08 04:57:38.543 UTC [98] DETAIL:  Process 98 waits for ShareLock on transaction 860; blocked by process 99.
	Process 99 waits for ShareLock on transaction 861; blocked by process 98.
	Process 98: SELECT test_0755c8c8799b44658745a9af241f8054.grants.id, test_0755c8c8799b44658745a9af241f8054.grants.principal_id, test_0755c8c8799b44658745a9af241f8054.grants.project_id, test_0755c8c8799b44658745a9af241f8054.grants.resource_id, test_0755c8c8799b44658745a9af241f8054.grants.tool_ref, test_0755c8c8799b44658745a9af241f8054.grants.expires_at, test_0755c8c8799b44658745a9af241f8054.grants.revision, test_0755c8c8799b44658745a9af241f8054.grants.revoked 
	FROM test_0755c8c8799b44658745a9af241f8054.grants 
	WHERE test_0755c8c8799b44658745a9af241f8054.grants.principal_id = $1::VARCHAR AND test_0755c8c8799b44658745a9af241f8054.grants.project_id = $2::VARCHAR AND test_0755c8c8799b44658745a9af241f8054.grants.resource_id = $3::VARCHAR AND test_0755c8c8799b44658745a9af241f8054.grants.tool_ref = $4::VARCHAR ORDER BY test_0755c8c8799b44658745a9af241f8054.grants.id FOR UPDATE
	Process 99: SELECT test_0755c8c8799b44658745a9af241f8054.grants.id, test_0755c8c8799b44658745a9af241f8054.grants.principal_id, test_0755c8c8799b44658745a9af241f8054.grants.project_id, test_0755c8c8799b44658745a9af241f8054.grants.resource_id, test_0755c8c8799b44658745a9af241f8054.grants.tool_ref, test_0755c8c8799b44658745a9af241f8054.grants.expires_at, test_0755c8c8799b44658745a9af241f8054.grants.revision, test_0755c8c8799b44658745a9af241f8054.grants.revoked 
	FROM test_0755c8c8799b44658745a9af241f8054.grants 
	WHERE test_0755c8c8799b44658745a9af241f8054.grants.principal_id = $1::VARCHAR AND test_0755c8c8799b44658745a9af241f8054.grants.project_id = $2::VARCHAR AND test_0755c8c8799b44658745a9af241f8054.grants.resource_id = $3::VARCHAR AND test_0755c8c8799b44658745a9af241f8054.grants.tool_ref = $4::VARCHAR ORDER BY test_0755c8c8799b44658745a9af241f8054.grants.id FOR UPDATE
2026-10-08 04:57:38.543 UTC [98] HINT:  See server log for query details.
2026-10-08 04:57:38.543 UTC [98] CONTEXT:  while locking tuple (0,9) in relation "grants"
2026-10-08 04:57:38.543 UTC [98] STATEMENT:  SELECT test_0755c8c8799b44658745a9af241f8054.grants.id, test_0755c8c8799b44658745a9af241f8054.grants.principal_id, test_0755c8c8799b44658745a9af241f8054.grants.project_id, test_0755c8c8799b44658745a9af241f8054.grants.resource_id, test_0755c8c8799b44658745a9af241f8054.grants.tool_ref, test_0755c8c8799b44658745a9af241f8054.grants.expires_at, test_0755c8c8799b44658745a9af241f8054.grants.revision, test_0755c8c8799b44658745a9af241f8054.grants.revoked 
	FROM test_0755c8c8799b44658745a9af241f8054.grants 
	WHERE test_0755c8c8799b44658745a9af241f8054.grants.principal_id = $1::VARCHAR AND test_0755c8c8799b44658745a9af241f8054.grants.project_id = $2::VARCHAR AND test_0755c8c8799b44658745a9af241f8054.grants.resource_id = $3::VARCHAR AND test_0755c8c8799b44658745a9af241f8054.grants.tool_ref = $4::VARCHAR ORDER BY test_0755c8c8799b44658745a9af241f8054.grants.id FOR UPDATE
2026-10-08 04:57:46.480 UTC [99] ERROR:  deadlock detected
2026-10-08 04:57:46.480 UTC [99] DETAIL:  Process 99 waits for ShareLock on transaction 895; blocked by process 98.
	Process 98 waits for ShareLock on transaction 896; blocked by process 99.
	Process 99: SELECT test_0755c8c8799b44658745a9af241f8054.grants.id, test_0755c8c8799b44658745a9af241f8054.grants.principal_id, test_0755c8c8799b44658745a9af241f8054.grants.project_id, test_0755c8c8799b44658745a9af241f8054.grants.resource_id, test_0755c8c8799b44658745a9af241f8054.grants.tool_ref, test_0755c8c8799b44658745a9af241f8054.grants.expires_at, test_0755c8c8799b44658745a9af241f8054.grants.revision, test_0755c8c8799b44658745a9af241f8054.grants.revoked 
	FROM test_0755c8c8799b44658745a9af241f8054.grants 
	WHERE test_0755c8c8799b44658745a9af241f8054.grants.principal_id = $1::VARCHAR AND test_0755c8c8799b44658745a9af241f8054.grants.project_id = $2::VARCHAR AND test_0755c8c8799b44658745a9af241f8054.grants.resource_id = $3::VARCHAR AND test_0755c8c8799b44658745a9af241f8054.grants.tool_ref = $4::VARCHAR ORDER BY test_0755c8c8799b44658745a9af241f8054.grants.id FOR UPDATE
	Process 98: SELECT test_0755c8c8799b44658745a9af241f8054.grants.id, test_0755c8c8799b44658745a9af241f8054.grants.principal_id, test_0755c8c8799b44658745a9af241f8054.grants.project_id, test_0755c8c8799b44658745a9af241f8054.grants.resource_id, test_0755c8c8799b44658745a9af241f8054.grants.tool_ref, test_0755c8c8799b44658745a9af241f8054.grants.expires_at, test_0755c8c8799b44658745a9af241f8054.grants.revision, test_0755c8c8799b44658745a9af241f8054.grants.revoked 
	FROM test_0755c8c8799b44658745a9af241f8054.grants 
	WHERE test_0755c8c8799b44658745a9af241f8054.grants.principal_id = $1::VARCHAR AND test_0755c8c8799b44658745a9af241f8054.grants.project_id = $2::VARCHAR AND test_0755c8c8799b44658745a9af241f8054.grants.resource_id = $3::VARCHAR AND test_0755c8c8799b44658745a9af241f8054.grants.tool_ref = $4::VARCHAR ORDER BY test_0755c8c8799b44658745a9af241f8054.grants.id FOR UPDATE
2026-10-08 04:57:46.480 UTC [99] HINT:  See server log for query details.
2026-10-08 04:57:46.480 UTC [99] CONTEXT:  while locking tuple (0,9) in relation "grants"
2026-10-08 04:57:46.480 UTC [99] STATEMENT:  SELECT test_0755c8c8799b44658745a9af241f8054.grants.id, test_0755c8c8799b44658745a9af241f8054.grants.principal_id, test_0755c8c8799b44658745a9af241f8054.grants.project_id, test_0755c8c8799b44658745a9af241f8054.grants.resource_id, test_0755c8c8799b44658745a9af241f8054.grants.tool_ref, test_0755c8c8799b44658745a9af241f8054.grants.expires_at, test_0755c8c8799b44658745a9af241f8054.grants.revision, test_0755c8c8799b44658745a9af241f8054.grants.revoked 
	FROM test_0755c8c8799b44658745a9af241f8054.grants 
	WHERE test_0755c8c8799b44658745a9af241f8054.grants.principal_id = $1::VARCHAR AND test_0755c8c8799b44658745a9af241f8054.grants.project_id = $2::VARCHAR AND test_0755c8c8799b44658745a9af241f8054.grants.resource_id = $3::VARCHAR AND test_0755c8c8799b44658745a9af241f8054.grants.tool_ref = $4::VARCHAR ORDER BY test_0755c8c8799b44658745a9af241f8054.grants.id FOR UPDATE
