2026-10-08T04:57:15.541435225Z initdb: warning: enabling "trust" authentication for local connections
2026-10-08T04:57:15.541444899Z initdb: hint: You can change this by editing pg_hba.conf or using the option -A, or --auth-local and --auth-host, the next time you run initdb.
2026-10-08T04:57:15.805221070Z 2026-10-08 04:57:15.805 UTC [1] LOG:  starting PostgreSQL 17.11 (Debian 17.11-1.pgdg13+2) on x86_64-pc-linux-gnu, compiled by gcc (Debian 14.2.0-19) 14.2.0, 64-bit
2026-10-08T04:57:15.805752744Z 2026-10-08 04:57:15.805 UTC [1] LOG:  listening on IPv4 address "0.0.0.0", port 5432
2026-10-08T04:57:15.805759514Z 2026-10-08 04:57:15.805 UTC [1] LOG:  listening on IPv6 address "::", port 5432
2026-10-08T04:57:15.806696815Z 2026-10-08 04:57:15.806 UTC [1] LOG:  listening on Unix socket "/var/run/postgresql/.s.PGSQL.5432"
2026-10-08T04:57:15.809225943Z 2026-10-08 04:57:15.808 UTC [86] LOG:  database system was shut down at 2026-10-08 04:57:15 UTC
2026-10-08T04:57:15.811614248Z 2026-10-08 04:57:15.811 UTC [1] LOG:  database system is ready to accept connections
2026-10-08T04:57:28.543313708Z 2026-10-08 04:57:28.542 UTC [99] ERROR:  deadlock detected
2026-10-08T04:57:28.543339286Z 2026-10-08 04:57:28.542 UTC [99] DETAIL:  Process 99 waits for ShareLock on transaction 836; blocked by process 98.
2026-10-08T04:57:28.543341279Z 	Process 98 waits for ShareLock on transaction 837; blocked by process 99.
2026-10-08T04:57:28.543343822Z 	Process 99: SELECT test_0755c8c8799b44658745a9af241f8054.grants.id, test_0755c8c8799b44658745a9af241f8054.grants.principal_id, test_0755c8c8799b44658745a9af241f8054.grants.project_id, test_0755c8c8799b44658745a9af241f8054.grants.resource_id, test_0755c8c8799b44658745a9af241f8054.grants.tool_ref, test_0755c8c8799b44658745a9af241f8054.grants.expires_at, test_0755c8c8799b44658745a9af241f8054.grants.revision, test_0755c8c8799b44658745a9af241f8054.grants.revoked 
2026-10-08T04:57:28.543346556Z 	FROM test_0755c8c8799b44658745a9af241f8054.grants 
2026-10-08T04:57:28.543347848Z 	WHERE test_0755c8c8799b44658745a9af241f8054.grants.principal_id = $1::VARCHAR AND test_0755c8c8799b44658745a9af241f8054.grants.project_id = $2::VARCHAR AND test_0755c8c8799b44658745a9af241f8054.grants.resource_id = $3::VARCHAR AND test_0755c8c8799b44658745a9af241f8054.grants.tool_ref = $4::VARCHAR ORDER BY test_0755c8c8799b44658745a9af241f8054.grants.id FOR UPDATE
2026-10-08T04:57:28.543417481Z 	Process 98: SELECT test_0755c8c8799b44658745a9af241f8054.grants.id, test_0755c8c8799b44658745a9af241f8054.grants.principal_id, test_0755c8c8799b44658745a9af241f8054.grants.project_id, test_0755c8c8799b44658745a9af241f8054.grants.resource_id, test_0755c8c8799b44658745a9af241f8054.grants.tool_ref, test_0755c8c8799b44658745a9af241f8054.grants.expires_at, test_0755c8c8799b44658745a9af241f8054.grants.revision, test_0755c8c8799b44658745a9af241f8054.grants.revoked 
2026-10-08T04:57:28.543420025Z 	FROM test_0755c8c8799b44658745a9af241f8054.grants 
2026-10-08T04:57:28.543421246Z 	WHERE test_0755c8c8799b44658745a9af241f8054.grants.principal_id = $1::VARCHAR AND test_0755c8c8799b44658745a9af241f8054.grants.project_id = $2::VARCHAR AND test_0755c8c8799b44658745a9af241f8054.grants.resource_id = $3::VARCHAR AND test_0755c8c8799b44658745a9af241f8054.grants.tool_ref = $4::VARCHAR ORDER BY test_0755c8c8799b44658745a9af241f8054.grants.id FOR UPDATE
2026-10-08T04:57:28.543423340Z 2026-10-08 04:57:28.542 UTC [99] HINT:  See server log for query details.
2026-10-08T04:57:28.543424541Z 2026-10-08 04:57:28.542 UTC [99] CONTEXT:  while locking tuple (0,9) in relation "grants"
2026-10-08T04:57:28.543425813Z 2026-10-08 04:57:28.542 UTC [99] STATEMENT:  SELECT test_0755c8c8799b44658745a9af241f8054.grants.id, test_0755c8c8799b44658745a9af241f8054.grants.principal_id, test_0755c8c8799b44658745a9af241f8054.grants.project_id, test_0755c8c8799b44658745a9af241f8054.grants.resource_id, test_0755c8c8799b44658745a9af241f8054.grants.tool_ref, test_0755c8c8799b44658745a9af241f8054.grants.expires_at, test_0755c8c8799b44658745a9af241f8054.grants.revision, test_0755c8c8799b44658745a9af241f8054.grants.revoked 
2026-10-08T04:57:28.543427396Z 	FROM test_0755c8c8799b44658745a9af241f8054.grants 
2026-10-08T04:57:28.543428447Z 	WHERE test_0755c8c8799b44658745a9af241f8054.grants.principal_id = $1::VARCHAR AND test_0755c8c8799b44658745a9af241f8054.grants.project_id = $2::VARCHAR AND test_0755c8c8799b44658745a9af241f8054.grants.resource_id = $3::VARCHAR AND test_0755c8c8799b44658745a9af241f8054.grants.tool_ref = $4::VARCHAR ORDER BY test_0755c8c8799b44658745a9af241f8054.grants.id FOR UPDATE
2026-10-08T04:57:31.045731613Z 2026-10-08 04:57:31.045 UTC [99] ERROR:  deadlock detected
2026-10-08T04:57:31.045765733Z 2026-10-08 04:57:31.045 UTC [99] DETAIL:  Process 99 waits for ShareLock on transaction 841; blocked by process 98.
2026-10-08T04:57:31.045768417Z 	Process 98 waits for ShareLock on transaction 842; blocked by process 99.
2026-10-08T04:57:31.045771241Z 	Process 99: SELECT test_0755c8c8799b44658745a9af241f8054.grants.id, test_0755c8c8799b44658745a9af241f8054.grants.principal_id, test_0755c8c8799b44658745a9af241f8054.grants.project_id, test_0755c8c8799b44658745a9af241f8054.grants.resource_id, test_0755c8c8799b44658745a9af241f8054.grants.tool_ref, test_0755c8c8799b44658745a9af241f8054.grants.expires_at, test_0755c8c8799b44658745a9af241f8054.grants.revision, test_0755c8c8799b44658745a9af241f8054.grants.revoked 
2026-10-08T04:57:31.045775508Z 	FROM test_0755c8c8799b44658745a9af241f8054.grants 
2026-10-08T04:57:31.045777741Z 	WHERE test_0755c8c8799b44658745a9af241f8054.grants.principal_id = $1::VARCHAR AND test_0755c8c8799b44658745a9af241f8054.grants.project_id = $2::VARCHAR AND test_0755c8c8799b44658745a9af241f8054.grants.resource_id = $3::VARCHAR AND test_0755c8c8799b44658745a9af241f8054.grants.tool_ref = $4::VARCHAR ORDER BY test_0755c8c8799b44658745a9af241f8054.grants.id FOR UPDATE
2026-10-08T04:57:31.045790189Z 	Process 98: SELECT test_0755c8c8799b44658745a9af241f8054.grants.id, test_0755c8c8799b44658745a9af241f8054.grants.principal_id, test_0755c8c8799b44658745a9af241f8054.grants.project_id, test_0755c8c8799b44658745a9af241f8054.grants.resource_id, test_0755c8c8799b44658745a9af241f8054.grants.tool_ref, test_0755c8c8799b44658745a9af241f8054.grants.expires_at, test_0755c8c8799b44658745a9af241f8054.grants.revision, test_0755c8c8799b44658745a9af241f8054.grants.revoked 
2026-10-08T04:57:31.045792713Z 	FROM test_0755c8c8799b44658745a9af241f8054.grants 
2026-10-08T04:57:31.045794796Z 	WHERE test_0755c8c8799b44658745a9af241f8054.grants.principal_id = $1::VARCHAR AND test_0755c8c8799b44658745a9af241f8054.grants.project_id = $2::VARCHAR AND test_0755c8c8799b44658745a9af241f8054.grants.resource_id = $3::VARCHAR AND test_0755c8c8799b44658745a9af241f8054.grants.tool_ref = $4::VARCHAR ORDER BY test_0755c8c8799b44658745a9af241f8054.grants.id FOR UPDATE
2026-10-08T04:57:31.045799513Z 2026-10-08 04:57:31.045 UTC [99] HINT:  See server log for query details.
2026-10-08T04:57:31.045802467Z 2026-10-08 04:57:31.045 UTC [99] CONTEXT:  while locking tuple (0,9) in relation "grants"
2026-10-08T04:57:31.045805021Z 2026-10-08 04:57:31.045 UTC [99] STATEMENT:  SELECT test_0755c8c8799b44658745a9af241f8054.grants.id, test_0755c8c8799b44658745a9af241f8054.grants.principal_id, test_0755c8c8799b44658745a9af241f8054.grants.project_id, test_0755c8c8799b44658745a9af241f8054.grants.resource_id, test_0755c8c8799b44658745a9af241f8054.grants.tool_ref, test_0755c8c8799b44658745a9af241f8054.grants.expires_at, test_0755c8c8799b44658745a9af241f8054.grants.revision, test_0755c8c8799b44658745a9af241f8054.grants.revoked 
2026-10-08T04:57:31.045807795Z 	FROM test_0755c8c8799b44658745a9af241f8054.grants 
2026-10-08T04:57:31.045809838Z 	WHERE test_0755c8c8799b44658745a9af241f8054.grants.principal_id = $1::VARCHAR AND test_0755c8c8799b44658745a9af241f8054.grants.project_id = $2::VARCHAR AND test_0755c8c8799b44658745a9af241f8054.grants.resource_id = $3::VARCHAR AND test_0755c8c8799b44658745a9af241f8054.grants.tool_ref = $4::VARCHAR ORDER BY test_0755c8c8799b44658745a9af241f8054.grants.id FOR UPDATE
2026-10-08T04:57:36.041335895Z 2026-10-08 04:57:36.041 UTC [98] ERROR:  deadlock detected
2026-10-08T04:57:36.041530332Z 2026-10-08 04:57:36.041 UTC [98] DETAIL:  Process 98 waits for ShareLock on transaction 854; blocked by process 99.
2026-10-08T04:57:36.041534518Z 	Process 99 waits for ShareLock on transaction 855; blocked by process 98.
2026-10-08T04:57:36.041536551Z 	Process 98: SELECT test_0755c8c8799b44658745a9af241f8054.grants.id, test_0755c8c8799b44658745a9af241f8054.grants.principal_id, test_0755c8c8799b44658745a9af241f8054.grants.project_id, test_0755c8c8799b44658745a9af241f8054.grants.resource_id, test_0755c8c8799b44658745a9af241f8054.grants.tool_ref, test_0755c8c8799b44658745a9af241f8054.grants.expires_at, test_0755c8c8799b44658745a9af241f8054.grants.revision, test_0755c8c8799b44658745a9af241f8054.grants.revoked 
2026-10-08T04:57:36.041538865Z 	FROM test_0755c8c8799b44658745a9af241f8054.grants 
2026-10-08T04:57:36.041540347Z 	WHERE test_0755c8c8799b44658745a9af241f8054.grants.principal_id = $1::VARCHAR AND test_0755c8c8799b44658745a9af241f8054.grants.project_id = $2::VARCHAR AND test_0755c8c8799b44658745a9af241f8054.grants.resource_id = $3::VARCHAR AND test_0755c8c8799b44658745a9af241f8054.grants.tool_ref = $4::VARCHAR ORDER BY test_0755c8c8799b44658745a9af241f8054.grants.id FOR UPDATE
2026-10-08T04:57:36.041548048Z 	Process 99: SELECT test_0755c8c8799b44658745a9af241f8054.grants.id, test_0755c8c8799b44658745a9af241f8054.grants.principal_id, test_0755c8c8799b44658745a9af241f8054.grants.project_id, test_0755c8c8799b44658745a9af241f8054.grants.resource_id, test_0755c8c8799b44658745a9af241f8054.grants.tool_ref, test_0755c8c8799b44658745a9af241f8054.grants.expires_at, test_0755c8c8799b44658745a9af241f8054.grants.revision, test_0755c8c8799b44658745a9af241f8054.grants.revoked 
2026-10-08T04:57:36.041549681Z 	FROM test_0755c8c8799b44658745a9af241f8054.grants 
2026-10-08T04:57:36.041550782Z 	WHERE test_0755c8c8799b44658745a9af241f8054.grants.principal_id = $1::VARCHAR AND test_0755c8c8799b44658745a9af241f8054.grants.project_id = $2::VARCHAR AND test_0755c8c8799b44658745a9af241f8054.grants.resource_id = $3::VARCHAR AND test_0755c8c8799b44658745a9af241f8054.grants.tool_ref = $4::VARCHAR ORDER BY test_0755c8c8799b44658745a9af241f8054.grants.id FOR UPDATE
2026-10-08T04:57:36.041552916Z 2026-10-08 04:57:36.041 UTC [98] HINT:  See server log for query details.
2026-10-08T04:57:36.041554117Z 2026-10-08 04:57:36.041 UTC [98] CONTEXT:  while locking tuple (0,9) in relation "grants"
2026-10-08T04:57:36.041555369Z 2026-10-08 04:57:36.041 UTC [98] STATEMENT:  SELECT test_0755c8c8799b44658745a9af241f8054.grants.id, test_0755c8c8799b44658745a9af241f8054.grants.principal_id, test_0755c8c8799b44658745a9af241f8054.grants.project_id, test_0755c8c8799b44658745a9af241f8054.grants.resource_id, test_0755c8c8799b44658745a9af241f8054.grants.tool_ref, test_0755c8c8799b44658745a9af241f8054.grants.expires_at, test_0755c8c8799b44658745a9af241f8054.grants.revision, test_0755c8c8799b44658745a9af241f8054.grants.revoked 
2026-10-08T04:57:36.041556941Z 	FROM test_0755c8c8799b44658745a9af241f8054.grants 
2026-10-08T04:57:36.041558043Z 	WHERE test_0755c8c8799b44658745a9af241f8054.grants.principal_id = $1::VARCHAR AND test_0755c8c8799b44658745a9af241f8054.grants.project_id = $2::VARCHAR AND test_0755c8c8799b44658745a9af241f8054.grants.resource_id = $3::VARCHAR AND test_0755c8c8799b44658745a9af241f8054.grants.tool_ref = $4::VARCHAR ORDER BY test_0755c8c8799b44658745a9af241f8054.grants.id FOR UPDATE
2026-10-08T04:57:38.544037530Z 2026-10-08 04:57:38.543 UTC [98] ERROR:  deadlock detected
2026-10-08T04:57:38.544070279Z 2026-10-08 04:57:38.543 UTC [98] DETAIL:  Process 98 waits for ShareLock on transaction 860; blocked by process 99.
2026-10-08T04:57:38.544072933Z 	Process 99 waits for ShareLock on transaction 861; blocked by process 98.
2026-10-08T04:57:38.544075597Z 	Process 98: SELECT test_0755c8c8799b44658745a9af241f8054.grants.id, test_0755c8c8799b44658745a9af241f8054.grants.principal_id, test_0755c8c8799b44658745a9af241f8054.grants.project_id, test_0755c8c8799b44658745a9af241f8054.grants.resource_id, test_0755c8c8799b44658745a9af241f8054.grants.tool_ref, test_0755c8c8799b44658745a9af241f8054.grants.expires_at, test_0755c8c8799b44658745a9af241f8054.grants.revision, test_0755c8c8799b44658745a9af241f8054.grants.revoked 
2026-10-08T04:57:38.544078150Z 	FROM test_0755c8c8799b44658745a9af241f8054.grants 
2026-10-08T04:57:38.544079622Z 	WHERE test_0755c8c8799b44658745a9af241f8054.grants.principal_id = $1::VARCHAR AND test_0755c8c8799b44658745a9af241f8054.grants.project_id = $2::VARCHAR AND test_0755c8c8799b44658745a9af241f8054.grants.resource_id = $3::VARCHAR AND test_0755c8c8799b44658745a9af241f8054.grants.tool_ref = $4::VARCHAR ORDER BY test_0755c8c8799b44658745a9af241f8054.grants.id FOR UPDATE
2026-10-08T04:57:38.544090298Z 	Process 99: SELECT test_0755c8c8799b44658745a9af241f8054.grants.id, test_0755c8c8799b44658745a9af241f8054.grants.principal_id, test_0755c8c8799b44658745a9af241f8054.grants.project_id, test_0755c8c8799b44658745a9af241f8054.grants.resource_id, test_0755c8c8799b44658745a9af241f8054.grants.tool_ref, test_0755c8c8799b44658745a9af241f8054.grants.expires_at, test_0755c8c8799b44658745a9af241f8054.grants.revision, test_0755c8c8799b44658745a9af241f8054.grants.revoked 
2026-10-08T04:57:38.544092572Z 	FROM test_0755c8c8799b44658745a9af241f8054.grants 
2026-10-08T04:57:38.544094024Z 	WHERE test_0755c8c8799b44658745a9af241f8054.grants.principal_id = $1::VARCHAR AND test_0755c8c8799b44658745a9af241f8054.grants.project_id = $2::VARCHAR AND test_0755c8c8799b44658745a9af241f8054.grants.resource_id = $3::VARCHAR AND test_0755c8c8799b44658745a9af241f8054.grants.tool_ref = $4::VARCHAR ORDER BY test_0755c8c8799b44658745a9af241f8054.grants.id FOR UPDATE
2026-10-08T04:57:38.544097289Z 2026-10-08 04:57:38.543 UTC [98] HINT:  See server log for query details.
2026-10-08T04:57:38.544098861Z 2026-10-08 04:57:38.543 UTC [98] CONTEXT:  while locking tuple (0,9) in relation "grants"
2026-10-08T04:57:38.544100784Z 2026-10-08 04:57:38.543 UTC [98] STATEMENT:  SELECT test_0755c8c8799b44658745a9af241f8054.grants.id, test_0755c8c8799b44658745a9af241f8054.grants.principal_id, test_0755c8c8799b44658745a9af241f8054.grants.project_id, test_0755c8c8799b44658745a9af241f8054.grants.resource_id, test_0755c8c8799b44658745a9af241f8054.grants.tool_ref, test_0755c8c8799b44658745a9af241f8054.grants.expires_at, test_0755c8c8799b44658745a9af241f8054.grants.revision, test_0755c8c8799b44658745a9af241f8054.grants.revoked 
2026-10-08T04:57:38.544103077Z 	FROM test_0755c8c8799b44658745a9af241f8054.grants 
2026-10-08T04:57:38.544104659Z 	WHERE test_0755c8c8799b44658745a9af241f8054.grants.principal_id = $1::VARCHAR AND test_0755c8c8799b44658745a9af241f8054.grants.project_id = $2::VARCHAR AND test_0755c8c8799b44658745a9af241f8054.grants.resource_id = $3::VARCHAR AND test_0755c8c8799b44658745a9af241f8054.grants.tool_ref = $4::VARCHAR ORDER BY test_0755c8c8799b44658745a9af241f8054.grants.id FOR UPDATE
2026-10-08T04:57:46.480862493Z 2026-10-08 04:57:46.480 UTC [99] ERROR:  deadlock detected
2026-10-08T04:57:46.480887960Z 2026-10-08 04:57:46.480 UTC [99] DETAIL:  Process 99 waits for ShareLock on transaction 895; blocked by process 98.
2026-10-08T04:57:46.480890013Z 	Process 98 waits for ShareLock on transaction 896; blocked by process 99.
2026-10-08T04:57:46.480892136Z 	Process 99: SELECT test_0755c8c8799b44658745a9af241f8054.grants.id, test_0755c8c8799b44658745a9af241f8054.grants.principal_id, test_0755c8c8799b44658745a9af241f8054.grants.project_id, test_0755c8c8799b44658745a9af241f8054.grants.resource_id, test_0755c8c8799b44658745a9af241f8054.grants.tool_ref, test_0755c8c8799b44658745a9af241f8054.grants.expires_at, test_0755c8c8799b44658745a9af241f8054.grants.revision, test_0755c8c8799b44658745a9af241f8054.grants.revoked 
2026-10-08T04:57:46.480894570Z 	FROM test_0755c8c8799b44658745a9af241f8054.grants 
2026-10-08T04:57:46.480903082Z 	WHERE test_0755c8c8799b44658745a9af241f8054.grants.principal_id = $1::VARCHAR AND test_0755c8c8799b44658745a9af241f8054.grants.project_id = $2::VARCHAR AND test_0755c8c8799b44658745a9af241f8054.grants.resource_id = $3::VARCHAR AND test_0755c8c8799b44658745a9af241f8054.grants.tool_ref = $4::VARCHAR ORDER BY test_0755c8c8799b44658745a9af241f8054.grants.id FOR UPDATE
2026-10-08T04:57:46.480904775Z 	Process 98: SELECT test_0755c8c8799b44658745a9af241f8054.grants.id, test_0755c8c8799b44658745a9af241f8054.grants.principal_id, test_0755c8c8799b44658745a9af241f8054.grants.project_id, test_0755c8c8799b44658745a9af241f8054.grants.resource_id, test_0755c8c8799b44658745a9af241f8054.grants.tool_ref, test_0755c8c8799b44658745a9af241f8054.grants.expires_at, test_0755c8c8799b44658745a9af241f8054.grants.revision, test_0755c8c8799b44658745a9af241f8054.grants.revoked 
2026-10-08T04:57:46.480906327Z 	FROM test_0755c8c8799b44658745a9af241f8054.grants 
2026-10-08T04:57:46.480907319Z 	WHERE test_0755c8c8799b44658745a9af241f8054.grants.principal_id = $1::VARCHAR AND test_0755c8c8799b44658745a9af241f8054.grants.project_id = $2::VARCHAR AND test_0755c8c8799b44658745a9af241f8054.grants.resource_id = $3::VARCHAR AND test_0755c8c8799b44658745a9af241f8054.grants.tool_ref = $4::VARCHAR ORDER BY test_0755c8c8799b44658745a9af241f8054.grants.id FOR UPDATE
2026-10-08T04:57:46.480909842Z 2026-10-08 04:57:46.480 UTC [99] HINT:  See server log for query details.
2026-10-08T04:57:46.480910944Z 2026-10-08 04:57:46.480 UTC [99] CONTEXT:  while locking tuple (0,9) in relation "grants"
2026-10-08T04:57:46.480912276Z 2026-10-08 04:57:46.480 UTC [99] STATEMENT:  SELECT test_0755c8c8799b44658745a9af241f8054.grants.id, test_0755c8c8799b44658745a9af241f8054.grants.principal_id, test_0755c8c8799b44658745a9af241f8054.grants.project_id, test_0755c8c8799b44658745a9af241f8054.grants.resource_id, test_0755c8c8799b44658745a9af241f8054.grants.tool_ref, test_0755c8c8799b44658745a9af241f8054.grants.expires_at, test_0755c8c8799b44658745a9af241f8054.grants.revision, test_0755c8c8799b44658745a9af241f8054.grants.revoked 
2026-10-08T04:57:46.480913838Z 	FROM test_0755c8c8799b44658745a9af241f8054.grants 
2026-10-08T04:57:46.480914930Z 	WHERE test_0755c8c8799b44658745a9af241f8054.grants.principal_id = $1::VARCHAR AND test_0755c8c8799b44658745a9af241f8054.grants.project_id = $2::VARCHAR AND test_0755c8c8799b44658745a9af241f8054.grants.resource_id = $3::VARCHAR AND test_0755c8c8799b44658745a9af241f8054.grants.tool_ref = $4::VARCHAR ORDER BY test_0755c8c8799b44658745a9af241f8054.grants.id FOR UPDATE
