2026-10-08T05:57:04.686595696Z The files belonging to this database system will be owned by user "postgres".
2026-10-08T05:57:04.686621624Z This user must also own the server process.
2026-10-08T05:57:04.686623898Z 
2026-10-08T05:57:04.686625610Z The database cluster will be initialized with locale "en_US.utf8".
2026-10-08T05:57:04.686626972Z The default database encoding has accordingly been set to "UTF8".
2026-10-08T05:57:04.686628615Z The default text search configuration will be set to "english".
2026-10-08T05:57:04.686629927Z 
2026-10-08T05:57:04.686631118Z Data page checksums are disabled.
2026-10-08T05:57:04.686632240Z 
2026-10-08T05:57:04.686637057Z fixing permissions on existing directory /var/lib/postgresql/data ... ok
2026-10-08T05:57:04.687897040Z creating subdirectories ... ok
2026-10-08T05:57:04.687928036Z selecting dynamic shared memory implementation ... posix
2026-10-08T05:57:04.697080928Z selecting default "max_connections" ... 100
2026-10-08T05:57:04.709723264Z selecting default "shared_buffers" ... 128MB
2026-10-08T05:57:04.717069313Z selecting default time zone ... Etc/UTC
2026-10-08T05:57:04.717929120Z creating configuration files ... ok
2026-10-08T05:57:04.829594926Z running bootstrap script ... ok
2026-10-08T05:57:05.134579574Z performing post-bootstrap initialization ... ok
2026-10-08T05:57:05.365595839Z syncing data to disk ... ok
2026-10-08T05:57:05.365615498Z 
2026-10-08T05:57:05.365617511Z 
2026-10-08T05:57:05.365618903Z Success. You can now start the database server using:
2026-10-08T05:57:05.365620486Z 
2026-10-08T05:57:05.365621517Z     pg_ctl -D /var/lib/postgresql/data -l logfile start
2026-10-08T05:57:05.365622539Z 
2026-10-08T05:57:05.397414598Z waiting for server to start....2026-10-08 05:57:05.397 UTC [61] LOG:  starting PostgreSQL 17.11 (Debian 17.11-1.pgdg13+2) on x86_64-pc-linux-gnu, compiled by gcc (Debian 14.2.0-19) 14.2.0, 64-bit
2026-10-08T05:57:05.398596160Z 2026-10-08 05:57:05.398 UTC [61] LOG:  listening on Unix socket "/var/run/postgresql/.s.PGSQL.5432"
2026-10-08T05:57:05.400861860Z 2026-10-08 05:57:05.400 UTC [64] LOG:  database system was shut down at 2026-10-08 05:57:05 UTC
2026-10-08T05:57:05.403459289Z 2026-10-08 05:57:05.403 UTC [61] LOG:  database system is ready to accept connections
2026-10-08T05:57:05.483315830Z  done
2026-10-08T05:57:05.483336671Z server started
2026-10-08T05:57:05.514637121Z 
2026-10-08T05:57:05.514659875Z /usr/local/bin/docker-entrypoint.sh: ignoring /docker-entrypoint-initdb.d/*
2026-10-08T05:57:05.514666745Z 
2026-10-08T05:57:05.515733317Z waiting for server to shut down....2026-10-08 05:57:05.515 UTC [61] LOG:  received fast shutdown request
2026-10-08T05:57:05.516786930Z 2026-10-08 05:57:05.516 UTC [61] LOG:  aborting any active transactions
2026-10-08T05:57:05.517419612Z 2026-10-08 05:57:05.517 UTC [61] LOG:  background worker "logical replication launcher" (PID 67) exited with exit code 1
2026-10-08T05:57:05.517915033Z 2026-10-08 05:57:05.517 UTC [62] LOG:  shutting down
2026-10-08T05:57:05.518404234Z 2026-10-08 05:57:05.518 UTC [62] LOG:  checkpoint starting: shutdown immediate
2026-10-08T05:57:05.520908405Z 2026-10-08 05:57:05.520 UTC [62] LOG:  checkpoint complete: wrote 3 buffers (0.0%); 0 WAL file(s) added, 0 removed, 0 recycled; write=0.001 s, sync=0.001 s, total=0.003 s; sync files=2, longest=0.001 s, average=0.001 s; distance=0 kB, estimate=0 kB; lsn=0/14EF800, redo lsn=0/14EF800
2026-10-08T05:57:05.523147636Z 2026-10-08 05:57:05.523 UTC [61] LOG:  database system is shut down
2026-10-08T05:57:05.615979189Z  done
2026-10-08T05:57:05.616012388Z server stopped
2026-10-08T05:57:05.617038881Z 
2026-10-08T05:57:05.617047834Z PostgreSQL init process complete; ready for start up.
2026-10-08T05:57:05.617049627Z 
