initdb: warning: enabling "trust" authentication for local connections
initdb: hint: You can change this by editing pg_hba.conf or using the option -A, or --auth-local and --auth-host, the next time you run initdb.
2026-10-08 04:19:52.857 UTC [1] LOG:  starting PostgreSQL 17.11 (Debian 17.11-1.pgdg13+2) on x86_64-pc-linux-gnu, compiled by gcc (Debian 14.2.0-19) 14.2.0, 64-bit
2026-10-08 04:19:52.857 UTC [1] LOG:  listening on IPv4 address "0.0.0.0", port 5432
2026-10-08 04:19:52.857 UTC [1] LOG:  listening on IPv6 address "::", port 5432
2026-10-08 04:19:52.858 UTC [1] LOG:  listening on Unix socket "/var/run/postgresql/.s.PGSQL.5432"
2026-10-08 04:19:52.860 UTC [81] LOG:  database system was shut down at 2026-10-08 04:19:52 UTC
2026-10-08 04:19:52.862 UTC [1] LOG:  database system is ready to accept connections
2026-10-08 04:20:30.187 UTC [174] ERROR:  permission denied for schema test_152deda8e1da4484833ac268c2a33fb9 at character 14
2026-10-08 04:20:30.187 UTC [174] STATEMENT:  CREATE TABLE forbidden_agent_ddl (id integer)
2026-10-08 04:24:26.134 UTC [345] ERROR:  deadlock detected
2026-10-08 04:24:26.134 UTC [345] DETAIL:  Process 345 waits for ShareLock on transaction 8372; blocked by process 346.
	Process 346 waits for ShareLock on transaction 8373; blocked by process 345.
	Process 345: SELECT test_4714fe2c9dbe463082e853cbc01a33e9.grants.id, test_4714fe2c9dbe463082e853cbc01a33e9.grants.principal_id, test_4714fe2c9dbe463082e853cbc01a33e9.grants.project_id, test_4714fe2c9dbe463082e853cbc01a33e9.grants.resource_id, test_4714fe2c9dbe463082e853cbc01a33e9.grants.tool_ref, test_4714fe2c9dbe463082e853cbc01a33e9.grants.expires_at, test_4714fe2c9dbe463082e853cbc01a33e9.grants.revision, test_4714fe2c9dbe463082e853cbc01a33e9.grants.revoked 
	FROM test_4714fe2c9dbe463082e853cbc01a33e9.grants 
	WHERE test_4714fe2c9dbe463082e853cbc01a33e9.grants.principal_id = $1::VARCHAR AND test_4714fe2c9dbe463082e853cbc01a33e9.grants.project_id = $2::VARCHAR AND test_4714fe2c9dbe463082e853cbc01a33e9.grants.resource_id = $3::VARCHAR AND test_4714fe2c9dbe463082e853cbc01a33e9.grants.tool_ref = $4::VARCHAR ORDER BY test_4714fe2c9dbe463082e853cbc01a33e9.grants.id FOR UPDATE
	Process 346: SELECT test_4714fe2c9dbe463082e853cbc01a33e9.grants.id, test_4714fe2c9dbe463082e853cbc01a33e9.grants.principal_id, test_4714fe2c9dbe463082e853cbc01a33e9.grants.project_id, test_4714fe2c9dbe463082e853cbc01a33e9.grants.resource_id, test_4714fe2c9dbe463082e853cbc01a33e9.grants.tool_ref, test_4714fe2c9dbe463082e853cbc01a33e9.grants.expires_at, test_4714fe2c9dbe463082e853cbc01a33e9.grants.revision, test_4714fe2c9dbe463082e853cbc01a33e9.grants.revoked 
	FROM test_4714fe2c9dbe463082e853cbc01a33e9.grants 
	WHERE test_4714fe2c9dbe463082e853cbc01a33e9.grants.principal_id = $1::VARCHAR AND test_4714fe2c9dbe463082e853cbc01a33e9.grants.project_id = $2::VARCHAR AND test_4714fe2c9dbe463082e853cbc01a33e9.grants.resource_id = $3::VARCHAR AND test_4714fe2c9dbe463082e853cbc01a33e9.grants.tool_ref = $4::VARCHAR ORDER BY test_4714fe2c9dbe463082e853cbc01a33e9.grants.id FOR UPDATE
2026-10-08 04:24:26.134 UTC [345] HINT:  See server log for query details.
2026-10-08 04:24:26.134 UTC [345] CONTEXT:  while locking tuple (0,9) in relation "grants"
2026-10-08 04:24:26.134 UTC [345] STATEMENT:  SELECT test_4714fe2c9dbe463082e853cbc01a33e9.grants.id, test_4714fe2c9dbe463082e853cbc01a33e9.grants.principal_id, test_4714fe2c9dbe463082e853cbc01a33e9.grants.project_id, test_4714fe2c9dbe463082e853cbc01a33e9.grants.resource_id, test_4714fe2c9dbe463082e853cbc01a33e9.grants.tool_ref, test_4714fe2c9dbe463082e853cbc01a33e9.grants.expires_at, test_4714fe2c9dbe463082e853cbc01a33e9.grants.revision, test_4714fe2c9dbe463082e853cbc01a33e9.grants.revoked 
	FROM test_4714fe2c9dbe463082e853cbc01a33e9.grants 
	WHERE test_4714fe2c9dbe463082e853cbc01a33e9.grants.principal_id = $1::VARCHAR AND test_4714fe2c9dbe463082e853cbc01a33e9.grants.project_id = $2::VARCHAR AND test_4714fe2c9dbe463082e853cbc01a33e9.grants.resource_id = $3::VARCHAR AND test_4714fe2c9dbe463082e853cbc01a33e9.grants.tool_ref = $4::VARCHAR ORDER BY test_4714fe2c9dbe463082e853cbc01a33e9.grants.id FOR UPDATE
2026-10-08 04:24:31.138 UTC [345] ERROR:  deadlock detected
2026-10-08 04:24:31.138 UTC [345] DETAIL:  Process 345 waits for ShareLock on transaction 8386; blocked by process 346.
	Process 346 waits for ShareLock on transaction 8387; blocked by process 345.
	Process 345: SELECT test_4714fe2c9dbe463082e853cbc01a33e9.grants.id, test_4714fe2c9dbe463082e853cbc01a33e9.grants.principal_id, test_4714fe2c9dbe463082e853cbc01a33e9.grants.project_id, test_4714fe2c9dbe463082e853cbc01a33e9.grants.resource_id, test_4714fe2c9dbe463082e853cbc01a33e9.grants.tool_ref, test_4714fe2c9dbe463082e853cbc01a33e9.grants.expires_at, test_4714fe2c9dbe463082e853cbc01a33e9.grants.revision, test_4714fe2c9dbe463082e853cbc01a33e9.grants.revoked 
	FROM test_4714fe2c9dbe463082e853cbc01a33e9.grants 
	WHERE test_4714fe2c9dbe463082e853cbc01a33e9.grants.principal_id = $1::VARCHAR AND test_4714fe2c9dbe463082e853cbc01a33e9.grants.project_id = $2::VARCHAR AND test_4714fe2c9dbe463082e853cbc01a33e9.grants.resource_id = $3::VARCHAR AND test_4714fe2c9dbe463082e853cbc01a33e9.grants.tool_ref = $4::VARCHAR ORDER BY test_4714fe2c9dbe463082e853cbc01a33e9.grants.id FOR UPDATE
	Process 346: SELECT test_4714fe2c9dbe463082e853cbc01a33e9.grants.id, test_4714fe2c9dbe463082e853cbc01a33e9.grants.principal_id, test_4714fe2c9dbe463082e853cbc01a33e9.grants.project_id, test_4714fe2c9dbe463082e853cbc01a33e9.grants.resource_id, test_4714fe2c9dbe463082e853cbc01a33e9.grants.tool_ref, test_4714fe2c9dbe463082e853cbc01a33e9.grants.expires_at, test_4714fe2c9dbe463082e853cbc01a33e9.grants.revision, test_4714fe2c9dbe463082e853cbc01a33e9.grants.revoked 
	FROM test_4714fe2c9dbe463082e853cbc01a33e9.grants 
	WHERE test_4714fe2c9dbe463082e853cbc01a33e9.grants.principal_id = $1::VARCHAR AND test_4714fe2c9dbe463082e853cbc01a33e9.grants.project_id = $2::VARCHAR AND test_4714fe2c9dbe463082e853cbc01a33e9.grants.resource_id = $3::VARCHAR AND test_4714fe2c9dbe463082e853cbc01a33e9.grants.tool_ref = $4::VARCHAR ORDER BY test_4714fe2c9dbe463082e853cbc01a33e9.grants.id FOR UPDATE
2026-10-08 04:24:31.138 UTC [345] HINT:  See server log for query details.
2026-10-08 04:24:31.138 UTC [345] CONTEXT:  while locking tuple (0,9) in relation "grants"
2026-10-08 04:24:31.138 UTC [345] STATEMENT:  SELECT test_4714fe2c9dbe463082e853cbc01a33e9.grants.id, test_4714fe2c9dbe463082e853cbc01a33e9.grants.principal_id, test_4714fe2c9dbe463082e853cbc01a33e9.grants.project_id, test_4714fe2c9dbe463082e853cbc01a33e9.grants.resource_id, test_4714fe2c9dbe463082e853cbc01a33e9.grants.tool_ref, test_4714fe2c9dbe463082e853cbc01a33e9.grants.expires_at, test_4714fe2c9dbe463082e853cbc01a33e9.grants.revision, test_4714fe2c9dbe463082e853cbc01a33e9.grants.revoked 
	FROM test_4714fe2c9dbe463082e853cbc01a33e9.grants 
	WHERE test_4714fe2c9dbe463082e853cbc01a33e9.grants.principal_id = $1::VARCHAR AND test_4714fe2c9dbe463082e853cbc01a33e9.grants.project_id = $2::VARCHAR AND test_4714fe2c9dbe463082e853cbc01a33e9.grants.resource_id = $3::VARCHAR AND test_4714fe2c9dbe463082e853cbc01a33e9.grants.tool_ref = $4::VARCHAR ORDER BY test_4714fe2c9dbe463082e853cbc01a33e9.grants.id FOR UPDATE
2026-10-08 04:24:33.640 UTC [345] ERROR:  deadlock detected
2026-10-08 04:24:33.640 UTC [345] DETAIL:  Process 345 waits for ShareLock on transaction 8392; blocked by process 346.
	Process 346 waits for ShareLock on transaction 8393; blocked by process 345.
	Process 345: SELECT test_4714fe2c9dbe463082e853cbc01a33e9.grants.id, test_4714fe2c9dbe463082e853cbc01a33e9.grants.principal_id, test_4714fe2c9dbe463082e853cbc01a33e9.grants.project_id, test_4714fe2c9dbe463082e853cbc01a33e9.grants.resource_id, test_4714fe2c9dbe463082e853cbc01a33e9.grants.tool_ref, test_4714fe2c9dbe463082e853cbc01a33e9.grants.expires_at, test_4714fe2c9dbe463082e853cbc01a33e9.grants.revision, test_4714fe2c9dbe463082e853cbc01a33e9.grants.revoked 
	FROM test_4714fe2c9dbe463082e853cbc01a33e9.grants 
	WHERE test_4714fe2c9dbe463082e853cbc01a33e9.grants.principal_id = $1::VARCHAR AND test_4714fe2c9dbe463082e853cbc01a33e9.grants.project_id = $2::VARCHAR AND test_4714fe2c9dbe463082e853cbc01a33e9.grants.resource_id = $3::VARCHAR AND test_4714fe2c9dbe463082e853cbc01a33e9.grants.tool_ref = $4::VARCHAR ORDER BY test_4714fe2c9dbe463082e853cbc01a33e9.grants.id FOR UPDATE
	Process 346: SELECT test_4714fe2c9dbe463082e853cbc01a33e9.grants.id, test_4714fe2c9dbe463082e853cbc01a33e9.grants.principal_id, test_4714fe2c9dbe463082e853cbc01a33e9.grants.project_id, test_4714fe2c9dbe463082e853cbc01a33e9.grants.resource_id, test_4714fe2c9dbe463082e853cbc01a33e9.grants.tool_ref, test_4714fe2c9dbe463082e853cbc01a33e9.grants.expires_at, test_4714fe2c9dbe463082e853cbc01a33e9.grants.revision, test_4714fe2c9dbe463082e853cbc01a33e9.grants.revoked 
	FROM test_4714fe2c9dbe463082e853cbc01a33e9.grants 
	WHERE test_4714fe2c9dbe463082e853cbc01a33e9.grants.principal_id = $1::VARCHAR AND test_4714fe2c9dbe463082e853cbc01a33e9.grants.project_id = $2::VARCHAR AND test_4714fe2c9dbe463082e853cbc01a33e9.grants.resource_id = $3::VARCHAR AND test_4714fe2c9dbe463082e853cbc01a33e9.grants.tool_ref = $4::VARCHAR ORDER BY test_4714fe2c9dbe463082e853cbc01a33e9.grants.id FOR UPDATE
2026-10-08 04:24:33.640 UTC [345] HINT:  See server log for query details.
2026-10-08 04:24:33.640 UTC [345] CONTEXT:  while locking tuple (0,9) in relation "grants"
2026-10-08 04:24:33.640 UTC [345] STATEMENT:  SELECT test_4714fe2c9dbe463082e853cbc01a33e9.grants.id, test_4714fe2c9dbe463082e853cbc01a33e9.grants.principal_id, test_4714fe2c9dbe463082e853cbc01a33e9.grants.project_id, test_4714fe2c9dbe463082e853cbc01a33e9.grants.resource_id, test_4714fe2c9dbe463082e853cbc01a33e9.grants.tool_ref, test_4714fe2c9dbe463082e853cbc01a33e9.grants.expires_at, test_4714fe2c9dbe463082e853cbc01a33e9.grants.revision, test_4714fe2c9dbe463082e853cbc01a33e9.grants.revoked 
	FROM test_4714fe2c9dbe463082e853cbc01a33e9.grants 
	WHERE test_4714fe2c9dbe463082e853cbc01a33e9.grants.principal_id = $1::VARCHAR AND test_4714fe2c9dbe463082e853cbc01a33e9.grants.project_id = $2::VARCHAR AND test_4714fe2c9dbe463082e853cbc01a33e9.grants.resource_id = $3::VARCHAR AND test_4714fe2c9dbe463082e853cbc01a33e9.grants.tool_ref = $4::VARCHAR ORDER BY test_4714fe2c9dbe463082e853cbc01a33e9.grants.id FOR UPDATE
2026-10-08 04:24:52.536 UTC [79] LOG:  checkpoint starting: time
2026-10-08 04:27:58.909 UTC [715] ERROR:  permission denied for schema test_c15cfa0fa50d4bc9a6c762e122a533d5 at character 14
2026-10-08 04:27:58.909 UTC [715] STATEMENT:  CREATE TABLE must_not_create(value int)
2026-10-08 04:29:31.106 UTC [79] LOG:  checkpoint complete: wrote 2881 buffers (17.6%); 0 WAL file(s) added, 6 removed, 7 recycled; write=269.535 s, sync=8.728 s, total=278.570 s; sync files=114207, longest=0.008 s, average=0.001 s; distance=222228 kB, estimate=222228 kB; lsn=0/25B5D8D0, redo lsn=0/EDF4860
2026-10-08 04:29:52.136 UTC [79] LOG:  checkpoint starting: time
2026-10-08 04:31:18.063 UTC [966] ERROR:  permission denied for schema test_348d3131506c48d79d897f5ca2bfb59d at character 14
2026-10-08 04:31:18.063 UTC [966] STATEMENT:  CREATE TABLE child_must_be_denied (id integer)
2026-10-08 04:33:52.272 UTC [1220] ERROR:  permission denied for schema test_18541763664b4221aaeed103fc33ac95 at character 14
2026-10-08 04:33:52.272 UTC [1220] STATEMENT:  CREATE TABLE protocol_forbidden_ddl (id integer)
2026-10-08 04:33:52.501 UTC [1222] ERROR:  permission denied for schema test_d1eec24dd2be41c599a277139c8d3292 at character 14
2026-10-08 04:33:52.501 UTC [1222] STATEMENT:  CREATE TABLE protocol_pool_forbidden_ddl (id integer)
2026-10-08 04:34:27.010 UTC [79] LOG:  checkpoint complete: wrote 3994 buffers (24.4%); 0 WAL file(s) added, 0 removed, 24 recycled; write=269.920 s, sync=4.451 s, total=274.874 s; sync files=64585, longest=0.031 s, average=0.001 s; distance=380892 kB, estimate=380892 kB; lsn=0/3A06BC00, redo lsn=0/261EB8E8
2026-10-08 04:34:52.264 UTC [79] LOG:  checkpoint starting: time
2026-10-08 04:37:23.587 UTC [1416] ERROR:  permission denied for schema test_0ccd136cc5d441eca78a1d2f3755d716 at character 14
2026-10-08 04:37:23.587 UTC [1416] STATEMENT:  CREATE TABLE forbidden_spec(id integer)
2026-10-08 04:37:26.611 UTC [1427] ERROR:  permission denied for schema test_690d2632c4f7431487144f209a8d278a at character 14
2026-10-08 04:37:26.611 UTC [1427] STATEMENT:  CREATE TABLE history_api_must_not_create (id integer)
