2026-10-08T04:19:52.002884132Z The files belonging to this database system will be owned by user "postgres".
2026-10-08T04:19:52.002918884Z This user must also own the server process.
2026-10-08T04:19:52.002921257Z 
2026-10-08T04:19:52.002922559Z The database cluster will be initialized with locale "en_US.utf8".
2026-10-08T04:19:52.002923741Z The default database encoding has accordingly been set to "UTF8".
2026-10-08T04:19:52.002925053Z The default text search configuration will be set to "english".
2026-10-08T04:19:52.002926194Z 
2026-10-08T04:19:52.002927276Z Data page checksums are disabled.
2026-10-08T04:19:52.002928297Z 
2026-10-08T04:19:52.002929379Z fixing permissions on existing directory /var/lib/postgresql/data ... ok
2026-10-08T04:19:52.002930481Z creating subdirectories ... ok
2026-10-08T04:19:52.002978972Z selecting dynamic shared memory implementation ... posix
2026-10-08T04:19:52.012093405Z selecting default "max_connections" ... 100
2026-10-08T04:19:52.024956999Z selecting default "shared_buffers" ... 128MB
2026-10-08T04:19:52.031408549Z selecting default time zone ... Etc/UTC
2026-10-08T04:19:52.031790632Z creating configuration files ... ok
2026-10-08T04:19:52.130858255Z running bootstrap script ... ok
2026-10-08T04:19:52.366007909Z performing post-bootstrap initialization ... ok
2026-10-08T04:19:52.595869546Z syncing data to disk ... ok
2026-10-08T04:19:52.595897853Z 
2026-10-08T04:19:52.595899876Z 
2026-10-08T04:19:52.595901759Z Success. You can now start the database server using:
2026-10-08T04:19:52.595904112Z 
2026-10-08T04:19:52.595918834Z     pg_ctl -D /var/lib/postgresql/data -l logfile start
2026-10-08T04:19:52.595921097Z 
2026-10-08T04:19:52.625292556Z waiting for server to start....2026-10-08 04:19:52.625 UTC [61] LOG:  starting PostgreSQL 17.11 (Debian 17.11-1.pgdg13+2) on x86_64-pc-linux-gnu, compiled by gcc (Debian 14.2.0-19) 14.2.0, 64-bit
2026-10-08T04:19:52.626314892Z 2026-10-08 04:19:52.626 UTC [61] LOG:  listening on Unix socket "/var/run/postgresql/.s.PGSQL.5432"
2026-10-08T04:19:52.628580207Z 2026-10-08 04:19:52.627 UTC [64] LOG:  database system was shut down at 2026-10-08 04:19:52 UTC
2026-10-08T04:19:52.630439886Z 2026-10-08 04:19:52.630 UTC [61] LOG:  database system is ready to accept connections
2026-10-08T04:19:52.712984321Z  done
2026-10-08T04:19:52.713006884Z server started
2026-10-08T04:19:52.740978241Z 
2026-10-08T04:19:52.740998781Z /usr/local/bin/docker-entrypoint.sh: ignoring /docker-entrypoint-initdb.d/*
2026-10-08T04:19:52.741006583Z 
2026-10-08T04:19:52.741711020Z waiting for server to shut down....2026-10-08 04:19:52.741 UTC [61] LOG:  received fast shutdown request
2026-10-08T04:19:52.742286337Z 2026-10-08 04:19:52.742 UTC [61] LOG:  aborting any active transactions
2026-10-08T04:19:52.743154836Z 2026-10-08 04:19:52.743 UTC [61] LOG:  background worker "logical replication launcher" (PID 67) exited with exit code 1
2026-10-08T04:19:52.746924958Z 2026-10-08 04:19:52.746 UTC [62] LOG:  shutting down
2026-10-08T04:19:52.747327601Z 2026-10-08 04:19:52.747 UTC [62] LOG:  checkpoint starting: shutdown immediate
2026-10-08T04:19:52.754242965Z 2026-10-08 04:19:52.754 UTC [62] LOG:  checkpoint complete: wrote 3 buffers (0.0%); 0 WAL file(s) added, 0 removed, 0 recycled; write=0.001 s, sync=0.001 s, total=0.008 s; sync files=2, longest=0.001 s, average=0.001 s; distance=0 kB, estimate=0 kB; lsn=0/14EF800, redo lsn=0/14EF800
2026-10-08T04:19:52.756379803Z 2026-10-08 04:19:52.756 UTC [61] LOG:  database system is shut down
2026-10-08T04:19:52.841953886Z  done
2026-10-08T04:19:52.841982267Z server stopped
2026-10-08T04:19:52.842986692Z 
2026-10-08T04:19:52.842994654Z PostgreSQL init process complete; ready for start up.
2026-10-08T04:19:52.842996457Z 
