F                                                                        [100%]
=================================== FAILURES ===================================
__________________ test_direct_project_change_queued_commands __________________

env = (<sim2act.db.Store object at 0x7efe4d2a71a0>, Settings(database_url='sqlite:////tmp/pytest-of-agent/pytest-449/test_di...441645ce194993a8f899a52ddff016', 'user_39ae7255a46b489789c4d31138d43206', 'proj_a874d9f3a5a34b3c905f0407f6f7bd1b', ...)
tmp_path = PosixPath('/tmp/pytest-of-agent/pytest-449/test_direct_project_change_que0')
monkeypatch = <_pytest.monkeypatch.MonkeyPatch object at 0x7efe4d2ebc20>

    def test_direct_project_change_queued_commands(env,tmp_path,monkeypatch):
        normal=subprocess.run
        def run(command,**kwargs):
            if len(command)>1 and command[1]=='tests/task_read_failure.cjs':
                command=[command[0],'/tmp/sim2act-read-failure-independent/project-change-driver.cjs',*command[2:]]
            return normal(command,**kwargs)
        monkeypatch.setattr(subprocess,'run',run)
>       original_test(env,tmp_path)

/tmp/sim2act-read-failure-independent/test_project_change.py:13: 
_ _ _ _ _ _ _ _ _ _ _ _ _ _ _ _ _ _ _ _ _ _ _ _ _ _ _ _ _ _ _ _ _ _ _ _ _ _ _ _ 

env = (<sim2act.db.Store object at 0x7efe4d2a71a0>, Settings(database_url='sqlite:////tmp/pytest-of-agent/pytest-449/test_di...441645ce194993a8f899a52ddff016', 'user_39ae7255a46b489789c4d31138d43206', 'proj_a874d9f3a5a34b3c905f0407f6f7bd1b', ...)
tmp_path = PosixPath('/tmp/pytest-of-agent/pytest-449/test_direct_project_change_que0')

    def test_task_read_failure_actual_http(env, tmp_path):
        store, settings, client, owner, other_owner, project, resource = env
        if not shutil.which('node'):
            pytest.skip('Developer Node required for HTTP/DOM integration')
        probe = subprocess.run(['node', '-e', "require.resolve('jsdom')"],
                               stdout=subprocess.DEVNULL, stderr=subprocess.DEVNULL, timeout=10)
        if probe.returncode:
            pytest.skip('Developer jsdom required for HTTP/DOM integration')
        first = client.post(f'/api/projects/{project}/runs', json={
            'goal': 'Read recovery verified receipt', 'resource_refs': [resource], 'request_key': 'read-first',
        })
        assert first.status_code == 202
        assert Worker(store, settings).once()
        first_id = first.json()['run_id']
        received = client.get('/api/runs/' + first_id).json()
        assert received['status'] == 'PARTIAL' and received['result']['mode'] == 'MOCK'
        second = client.post(f'/api/projects/{project}/runs', json={
            'goal': 'Second queued task', 'resource_refs': [resource], 'request_key': 'read-second',
        })
        assert second.status_code == 202
        other = store.project(owner, 'Other owned project')
        foreign = store.project(other_owner, 'Other identity project')
        foreign_run = client.post(f'/api/projects/{foreign}/runs', headers={
            'Authorization': 'Bearer synthetic-test-B',
        }, json={'goal': 'Foreign task must remain private', 'resource_refs': [], 'request_key': 'foreign'})
        assert foreign_run.status_code == 202
        assert client.get('/api/runs/' + foreign_run.json()['run_id']).status_code == 403
    
        def snapshot():
            with store.tx() as connection:
                return {name: [dict(row) for row in connection.execute(select(table)).mappings()]
                        for name, table in [('runs', runs), ('attempts', attempts), ('operations', operations),
                                            ('events', events), ('grants', grants), ('principals', principals)]}
    
        before = snapshot()
        with socket.socket() as listener:
            listener.bind(('127.0.0.1', 0))
            port = listener.getsockname()[1]
        (tmp_path / 'info.json').write_text(json.dumps({
            'base': f'http://127.0.0.1:{port}', 'project': project, 'other': other,
            'first': first_id, 'second': second.json()['run_id'], 'foreign': foreign_run.json()['run_id'],
        }))
        server = uvicorn.Server(uvicorn.Config(create_app(store, settings), host='127.0.0.1', port=port, log_level='error'))
        thread = threading.Thread(target=server.run, daemon=True)
        thread.start()
        try:
            deadline = time.time() + 10
            while not server.started:
                assert thread.is_alive() and time.time() < deadline
                time.sleep(.02)
            result = subprocess.run(['node', 'tests/task_read_failure.cjs', str(tmp_path)],
                                    capture_output=True, text=True, timeout=45)
            (tmp_path / 'driver.log').write_text(result.stdout + result.stderr)
>           assert result.returncode == 0, result.stdout + result.stderr
E           AssertionError: AssertionError [ERR_ASSERTION]: direct project switch clears queued task commands
E                 at check (/tmp/sim2act-read-failure-independent/project-change-driver.cjs:6:25)
E                 at /tmp/sim2act-read-failure-independent/project-change-driver.cjs:59:2
E             
E           assert 1 == 0
E            +  where 1 = CompletedProcess(args=['node', '/tmp/sim2act-read-failure-independent/project-change-driver.cjs', '/tmp/pytest-of-agen...endent/project-change-driver.cjs:6:25)\n    at /tmp/sim2act-read-failure-independent/project-change-driver.cjs:59:2\n').returncode

tests/test_task_read_failure.py:71: AssertionError
=========================== short test summary info ============================
FAILED ../../tmp/sim2act-read-failure-independent/test_project_change.py::test_direct_project_change_queued_commands
1 failed, 1 warning in 1.90s
