..F....s...................                                              [100%]
=================================== FAILURES ===================================
_________________ test_task_submission_recovery_real_http[dom] _________________

env = (<sim2act.db.Store object at 0x7ff18fa0cce0>, Settings(database_url='sqlite:////tmp/sim2act-read-failure-related/test_...1d8db28e334846858cc2affd4f3afd', 'user_2e6f3d3520e64c319225c8f0fe086ed3', 'proj_50fe4b5c08014c3e89538eb79981b960', ...)
tmp_path = PosixPath('/tmp/sim2act-read-failure-related/test_task_submission_recovery_0')
engine = 'dom'

    @pytest.mark.parametrize('engine', ['dom', 'chromium'])
    def test_task_submission_recovery_real_http(env, tmp_path, engine):
        store, settings, client, owner, other_owner, project, resource = env
        if not shutil.which('node'):
            pytest.skip('Node required for UI integration')
        dependency = 'jsdom' if engine == 'dom' else 'playwright-core'
        probe = subprocess.run(['node', '-e', f"require.resolve('{dependency}')"], capture_output=True)
        if probe.returncode:
            pytest.skip(f'{dependency} must be available in developer NODE_PATH')
        other = store.project(owner, 'Other owned project')
        store.project(other_owner, 'Other identity project')
        with store.tx() as connection:
            before = {
                name: connection.execute(select(func.count()).select_from(table)).scalar_one()
                for name, table in [('grants', grants), ('principals', principals)]
            }
        with socket.socket() as listener:
            listener.bind(('127.0.0.1', 0))
            port = listener.getsockname()[1]
        info = {'base': f'http://127.0.0.1:{port}', 'project': project, 'other': other, 'resource': resource}
        (tmp_path / 'info.json').write_text(json.dumps(info))
        server = uvicorn.Server(uvicorn.Config(create_app(store, settings), host='127.0.0.1', port=port, log_level='error'))
        thread = threading.Thread(target=server.run, daemon=True)
        thread.start()
        worker_stop = threading.Event()
        worker_errors = []
    
        def controlled_worker():
            while not worker_stop.wait(.02):
                if (tmp_path / 'worker-once-request').exists():
                    try:
                        assert Worker(store, settings).once()
                    except Exception as error:
                        worker_errors.append(type(error).__name__)
                    return
    
        worker_thread = threading.Thread(target=controlled_worker, daemon=True)
        worker_thread.start()
        try:
            deadline = time.time() + 10
            while not server.started:
                assert thread.is_alive() and time.time() < deadline
                time.sleep(.02)
            result = subprocess.run(['node', 'tests/task_submission_recovery.cjs', str(tmp_path), engine], capture_output=True, text=True, timeout=90)
            (tmp_path / 'driver.log').write_text(result.stdout + result.stderr)
            if result.returncode == 77:
                pytest.skip('Protected Chromium sandbox startup blocked; actual stderr retained in driver.log')
>           assert result.returncode == 0, result.stdout + result.stderr
E           AssertionError: AssertionError [ERR_ASSERTION]: read recovery returns same accepted task
E                 at check (/workspace/Sim2Act-task-read-failure/tests/task_submission_recovery.cjs:6:25)
E                 at /workspace/Sim2Act-task-read-failure/tests/task_submission_recovery.cjs:95:2
E             
E           assert 1 == 0
E            +  where 1 = CompletedProcess(args=['node', 'tests/task_submission_recovery.cjs', '/tmp/sim2act-read-failure-related/test_task_subm..._submission_recovery.cjs:6:25)\n    at /workspace/Sim2Act-task-read-failure/tests/task_submission_recovery.cjs:95:2\n').returncode

tests/test_task_submission_recovery.py:65: AssertionError
=============================== warnings summary ===============================
../sim2act-pb-venv/lib/python3.12/site-packages/fastapi/testclient.py:1
  /workspace/sim2act-pb-venv/lib/python3.12/site-packages/fastapi/testclient.py:1: StarletteDeprecationWarning: Using `httpx` with `starlette.testclient` is deprecated; install `httpx2` instead.
    from starlette.testclient import TestClient as TestClient  # noqa

-- Docs: https://docs.pytest.org/en/stable/how-to/capture-warnings.html
=========================== short test summary info ============================
FAILED tests/test_task_submission_recovery.py::test_task_submission_recovery_real_http[dom]
1 failed, 25 passed, 1 skipped, 1 deselected, 1 warning in 37.99s
