tests/test_natural_activation.py::test_default_disabled_and_closed_inputs_no_write
tests/test_natural_activation.py::test_two_actual_runs_share_two_nonrefundable_slots_and_static_reads
tests/test_natural_activation.py::test_same_approval_key_does_not_extend_ttl_and_changed_body_conflicts
tests/test_natural_activation.py::test_scope_is_exact_not_caller_claimed[unknown_goal]
tests/test_natural_activation.py::test_scope_is_exact_not_caller_claimed[synthetic_claim]
tests/test_natural_activation.py::test_scope_is_exact_not_caller_claimed[wrong_bytes]
tests/test_natural_activation.py::test_scope_is_exact_not_caller_claimed[extra]
tests/test_natural_activation.py::test_scope_is_exact_not_caller_claimed[bool_version]
tests/test_natural_activation.py::test_scope_is_exact_not_caller_claimed[duplicate_kind]
tests/test_natural_activation.py::test_active_gates_deny_without_attempt_or_slot[revoke]
tests/test_natural_activation.py::test_active_gates_deny_without_attempt_or_slot[expiry]
tests/test_natural_activation.py::test_active_gates_deny_without_attempt_or_slot[disabled]
tests/test_natural_activation.py::test_active_gates_deny_without_attempt_or_slot[account]
tests/test_natural_activation.py::test_active_gates_deny_without_attempt_or_slot[endpoint]
tests/test_natural_activation.py::test_active_gates_deny_without_attempt_or_slot[model]
tests/test_natural_activation.py::test_active_gates_deny_without_attempt_or_slot[resource]
tests/test_natural_activation.py::test_active_gates_deny_without_attempt_or_slot[grant]
tests/test_natural_activation.py::test_revoke_after_send_still_settles_known_actual_receipt
tests/test_natural_activation.py::test_started_unknown_and_per_goal_limit_block_further_sends
tests/test_natural_activation.py::test_ledger_and_seals_reject_tamper[delete_ledger]
tests/test_natural_activation.py::test_ledger_and_seals_reject_tamper[parameters]
tests/test_natural_activation.py::test_ledger_and_seals_reject_tamper[scope_cap]
tests/test_natural_activation.py::test_ledger_and_seals_reject_tamper[approval_ttl]
tests/test_natural_activation.py::test_ledger_and_seals_reject_tamper[unknown_usage]
tests/test_natural_activation.py::test_reservation_failure_rolls_back_attempt_slot_and_events
tests/test_natural_activation.py::test_foreign_owner_and_project_and_secret_are_not_scope
tests/test_natural_activation.py::test_exact_plan_kind_and_limits_guard
tests/test_natural_activation.py::test_concurrent_two_goals_serialize_then_share_one_two_request_budget
tests/test_natural_activation.py::test_unknown_or_actual_envelope_overrun_stops_other_goal_without_refund[usage0]
tests/test_natural_activation.py::test_unknown_or_actual_envelope_overrun_stops_other_goal_without_refund[usage1]
tests/test_natural_activation.py::test_22000_global_cap_cannot_be_extended_by_larger_envelope
tests/test_natural_activation.py::test_deleted_ledger_and_charge_event_still_fail_actual_attempt_reverse_audit
tests/test_natural_activation.py::test_expired_after_send_or_grant_revoke_does_not_drop_known_settlement
tests/test_natural_activation.py::test_cross_project_and_offline_activation_cannot_become_live_authority
tests/test_natural_activation.py::test_normalized_partial_usage_is_persisted_unknown_not_rolled_back[partial0]
tests/test_natural_activation.py::test_normalized_partial_usage_is_persisted_unknown_not_rolled_back[partial1]
tests/test_natural_activation.py::test_normalized_partial_usage_is_persisted_unknown_not_rolled_back[partial2]

=============================== warnings summary ===============================
../sim2act-pb-venv/lib/python3.12/site-packages/fastapi/testclient.py:1
  /workspace/sim2act-pb-venv/lib/python3.12/site-packages/fastapi/testclient.py:1: StarletteDeprecationWarning: Using `httpx` with `starlette.testclient` is deprecated; install `httpx2` instead.
    from starlette.testclient import TestClient as TestClient  # noqa

-- Docs: https://docs.pytest.org/en/stable/how-to/capture-warnings.html
37 tests collected in 0.03s
