...........................F
=================================== FAILURES ===================================
______________ test_disabled_activation_has_zero_dml_and_network _______________

env = (<sim2act.db.Store object at 0x7f3a3ad1f440>, Settings(database_url='sqlite:////tmp/pytest-of-agent/pytest-593/test_di...9e98332f25488c81465c9521b504d3', 'user_9529f126144a4c2e8f68435917f2e3ea', 'proj_79afcb8a7ea648168d956139bb9b5ba9', ...)

    def test_disabled_activation_has_zero_dml_and_network(env):
        value = setup(env, enabled=False)
        store, _, _, *_ = value
        before = rows(store, events), rows(store, runs), authority(store)
>       assert draft(value).status_code == 503
E       AssertionError: assert 400 == 503
E        +  where 400 = <Response [400 Bad Request]>.status_code
E        +    where <Response [400 Bad Request]> = draft((<sim2act.db.Store object at 0x7f3a3ad1f440>, Settings(database_url='sqlite:////tmp/pytest-of-agent/pytest-593/test_di...9e98332f25488c81465c9521b504d3', 'user_9529f126144a4c2e8f68435917f2e3ea', 'proj_79afcb8a7ea648168d956139bb9b5ba9', ...))

tests/test_natural_activation_flow.py:101: AssertionError
=============================== warnings summary ===============================
../sim2act-pb-venv/lib/python3.12/site-packages/fastapi/testclient.py:1
  /workspace/sim2act-pb-venv/lib/python3.12/site-packages/fastapi/testclient.py:1: StarletteDeprecationWarning: Using `httpx` with `starlette.testclient` is deprecated; install `httpx2` instead.
    from starlette.testclient import TestClient as TestClient  # noqa

-- Docs: https://docs.pytest.org/en/stable/how-to/capture-warnings.html
=========================== short test summary info ============================
FAILED tests/test_natural_activation_flow.py::test_disabled_activation_has_zero_dml_and_network
!!!!!!!!!!!!!!!!!!!!!!!!!! stopping after 1 failures !!!!!!!!!!!!!!!!!!!!!!!!!!!
1 failed, 27 passed, 1 warning in 5.22s
