.....F
=================================== FAILURES ===================================
________ test_unexpected_provider_failure_retains_unknown_slot_no_retry ________

env = (<sim2act.db.Store object at 0x7ffb0da4cf80>, Settings(database_url='sqlite:////tmp/pytest-of-agent/pytest-594/test_un...05755021fb471386083f96c9ebeca6', 'user_37c6360f29294f08ad8ba6e8dc3cd805', 'proj_f4e41989ecca4b028a5bc4b87fb3184a', ...)

    def test_unexpected_provider_failure_retains_unknown_slot_no_retry(env):
        value = setup(env)
        store, settings, client, *_ = value
        session, _ = approved(value)
        rid = submit(value, session).json()["run_id"]
        sent = []
        def handler(request):
            sent.append(request.content)
            raise RuntimeError("SYNTHETIC_SECRET_MUST_NOT_LEAK")
        worker = Worker(store, settings, goal_planner_transport=httpx.MockTransport(handler))
        assert worker.once()
        assert not worker.once()
        view = client.get(f"/api/runs/{rid}")
        assert view.status_code == 200, view.text
        assert view.json()["status"] == "WAITING_RESOURCE"
        assert rows(store, runs)[0]["lease_until"] == 0
        assert len(sent) == len(rows(store, attempts)) == len(rows(store, reservations)) == 1
        assert not rows(store, operations)
        assert "SYNTHETIC_SECRET_MUST_NOT_LEAK" not in str(rows(store, attempts) + rows(store, events))
        second = submit(value, session, "read_preview", "second-after-unknown")
>       assert second.status_code == 409, second.text
E       AssertionError: {"error":{"code":"OUTCOME_UNKNOWN","message":"Unresolved send prevents further activation use","safe_retry":false,"effect_known":false,"user_action":"Check status, configuration and permissions"}}
E       assert 400 == 409
E        +  where 400 = <Response [400 Bad Request]>.status_code

tests/test_natural_activation_flow.py:224: AssertionError
=============================== warnings summary ===============================
../sim2act-pb-venv/lib/python3.12/site-packages/fastapi/testclient.py:1
  /workspace/sim2act-pb-venv/lib/python3.12/site-packages/fastapi/testclient.py:1: StarletteDeprecationWarning: Using `httpx` with `starlette.testclient` is deprecated; install `httpx2` instead.
    from starlette.testclient import TestClient as TestClient  # noqa

-- Docs: https://docs.pytest.org/en/stable/how-to/capture-warnings.html
=========================== short test summary info ============================
FAILED tests/test_natural_activation_flow.py::test_unexpected_provider_failure_retains_unknown_slot_no_retry
!!!!!!!!!!!!!!!!!!!!!!!!!! stopping after 1 failures !!!!!!!!!!!!!!!!!!!!!!!!!!!
1 failed, 5 passed, 1 deselected, 1 warning in 4.80s
