Updating 122b2e6..4513b4e
Fast-forward
 README.md                                          |    2 +
 docs/F2/ColumnBindingPatchPlan.md                  |   23 +
 docs/F2/ColumnBindingPatchQuickstart.md            |   37 +
 docs/F2/Log.md                                     |    3 +
 .../column-binding-patch-20261008/README.md        |   32 +
 .../artifact-hashes.json                           |   38 +
 .../column-binding-patch-20261008/cleanup.json     |   24 +
 .../initial-existing-csv-dom-failure.log           |   31 +
 .../initial-existing-report-dom-failure.log        |   31 +
 .../initial-new-dom-failure.log                    |   10 +
 .../column-binding-patch-20261008/mypy.log         |    1 +
 .../pg-before-stop.json                            |    8 +
 .../pg-column-ui.json                              |  410 +++++
 .../column-binding-patch-20261008/pg-final.log     |   16 +
 .../pg-independent-answer.json                     | 1773 ++++++++++++++++++++
 .../column-binding-patch-20261008/pg-junit.xml     |    1 +
 .../pg-legacy-graph-0.json                         |  624 +++++++
 .../pg-legacy-graph-1.json                         |  584 +++++++
 .../pg-provenance.json                             |   51 +
 .../pre-capacity-03cdd44/pg-final.log              |   12 +
 .../pre-capacity-03cdd44/pg-junit.xml              |    1 +
 .../pre-capacity-03cdd44/pg-provenance.json        |   51 +
 .../pre-capacity-03cdd44/sqlite-final.log          |   16 +
 .../pre-capacity-03cdd44/sqlite-junit.xml          |    1 +
 .../pre-capacity-03cdd44/sqlite-provenance.json    |   51 +
 .../column-binding-patch-20261008/prepush.json     |   11 +
 .../review-before-capacity.json                    |   42 +
 .../column-binding-patch-20261008/review.json      |   81 +
 .../column-binding-patch-20261008/ruff.log         |    1 +
 .../column-binding-patch-20261008/runner.py        |   45 +
 .../sqlite-column-ui.json                          |  410 +++++
 .../column-binding-patch-20261008/sqlite-final.log |   12 +
 .../sqlite-independent-answer.json                 | 1773 ++++++++++++++++++++
 .../column-binding-patch-20261008/sqlite-junit.xml |    1 +
 .../sqlite-legacy-graph-0.json                     |  624 +++++++
 .../sqlite-legacy-graph-1.json                     |  584 +++++++
 .../sqlite-provenance.json                         |   51 +
 .../superseded-pg-existing-csv.log                 |   13 +
 .../superseded-pg-existing-report.log              |   13 +
 .../test-inventory.json                            |   28 +
 .../test-summary.json                              |   27 +
 .../column-patch-control-fix-20261008/README.md    |   28 +
 .../artifact-hashes.json                           |   34 +
 .../ascii-stage/sqlite-provenance.json             |  443 +++++
 .../ascii-stage/sqlite.log                         |    9 +
 .../ascii-stage/sqlite.xml                         |    1 +
 .../baseline-reproduction.json                     |   21 +
 .../baseline-runner.py                             |   50 +
 .../column-patch-control-fix-20261008/baseline.log |  241 +++
 .../column-patch-control-fix-20261008/cleanup.json |   31 +
 .../initial/baseline-first.log                     |  183 ++
 .../initial/sqlite-stage.log                       | 1354 +++++++++++++++
 .../initial/sqlite-stage.xml                       | 1208 +++++++++++++
 .../pg-cleanup-query.json                          |    5 +
 .../pg-column-dom.json                             |  410 +++++
 .../pg-csv-dom.json                                |  624 +++++++
 .../pg-provenance.json                             |  443 +++++
 .../pg-report-dom.json                             |  584 +++++++
 .../column-patch-control-fix-20261008/pg.log       |    9 +
 .../column-patch-control-fix-20261008/pg.xml       |    1 +
 .../column-patch-control-fix-20261008/prepush.json |    8 +
 .../column-patch-control-fix-20261008/runner.py    |   21 +
 .../sql-before-proof.json                          |   25 +
 .../sql-before-runner.py                           |   63 +
 .../sql-before.log                                 |    1 +
 .../sqlite-column-dom.json                         |  410 +++++
 .../sqlite-csv-dom.json                            |  624 +++++++
 .../sqlite-provenance.json                         |  443 +++++
 .../sqlite-report-dom.json                         |  584 +++++++
 .../column-patch-control-fix-20261008/sqlite.log   |    9 +
 .../column-patch-control-fix-20261008/sqlite.xml   |    1 +
 .../unicode-stage/pg-provenance.json               |  443 +++++
 .../unicode-stage/pg.log                           |  172 ++
 .../unicode-stage/pg.xml                           |   76 +
 .../column-patch-key-fix-20261008/README.md        |   22 +
 .../artifact-hashes.json                           |   29 +
 .../baseline-reproduction.json                     |   14 +
 .../cleanup-note.json                              |    7 +
 .../column-patch-key-fix-20261008/cleanup.json     |   19 +
 .../initial-concurrent/pg-provenance.json          |  440 +++++
 .../initial-concurrent/pg.log                      |  264 +++
 .../initial-concurrent/pg.xml                      |  129 ++
 .../initial-concurrent/sqlite-provenance.json      |  440 +++++
 .../initial-concurrent/sqlite.log                  |  133 ++
 .../initial-concurrent/sqlite.xml                  |  120 ++
 .../pg-column-dom.json                             |  410 +++++
 .../column-patch-key-fix-20261008/pg-csv-dom.json  |  624 +++++++
 .../pg-provenance.json                             |  440 +++++
 .../pg-report-dom.json                             |  584 +++++++
 docs/evidence/column-patch-key-fix-20261008/pg.log |    8 +
 docs/evidence/column-patch-key-fix-20261008/pg.xml |    1 +
 .../pre-import-sort/sqlite-provenance.json         |  440 +++++
 .../pre-import-sort/sqlite.log                     |    8 +
 .../pre-import-sort/sqlite.xml                     |    1 +
 .../column-patch-key-fix-20261008/prepush.json     |    9 +
 .../column-patch-key-fix-20261008/runner.py        |   21 +
 .../sqlite-column-dom.json                         |  410 +++++
 .../sqlite-csv-dom.json                            |  624 +++++++
 .../sqlite-provenance.json                         |  440 +++++
 .../sqlite-report-dom.json                         |  584 +++++++
 .../column-patch-key-fix-20261008/sqlite.log       |    8 +
 .../column-patch-key-fix-20261008/sqlite.xml       |    1 +
 src/sim2act/column_patches.py                      |  324 ++++
 src/sim2act/delivery_graph.py                      |   36 +
 src/sim2act/delivery_graph_apps.py                 |    3 +
 src/sim2act/web/delivery-graph.js                  |   24 +-
 src/sim2act/web/index.html                         |    2 +-
 tests/column_patch_ui.cjs                          |   41 +
 tests/delivery_graph_ui.cjs                        |   42 +-
 tests/fixtures/column-binding.csv                  |    3 +
 tests/test_column_patch_controls.py                |  184 ++
 tests/test_column_patch_keys.py                    |  103 ++
 tests/test_column_patch_ui.py                      |   66 +
 tests/test_column_patches.py                       |  317 ++++
 114 files changed, 23468 insertions(+), 13 deletions(-)
 create mode 100644 docs/F2/ColumnBindingPatchPlan.md
 create mode 100644 docs/F2/ColumnBindingPatchQuickstart.md
 create mode 100644 docs/evidence/column-binding-patch-20261008/README.md
 create mode 100644 docs/evidence/column-binding-patch-20261008/artifact-hashes.json
 create mode 100644 docs/evidence/column-binding-patch-20261008/cleanup.json
 create mode 100644 docs/evidence/column-binding-patch-20261008/initial-existing-csv-dom-failure.log
 create mode 100644 docs/evidence/column-binding-patch-20261008/initial-existing-report-dom-failure.log
 create mode 100644 docs/evidence/column-binding-patch-20261008/initial-new-dom-failure.log
 create mode 100644 docs/evidence/column-binding-patch-20261008/mypy.log
 create mode 100644 docs/evidence/column-binding-patch-20261008/pg-before-stop.json
 create mode 100644 docs/evidence/column-binding-patch-20261008/pg-column-ui.json
 create mode 100644 docs/evidence/column-binding-patch-20261008/pg-final.log
 create mode 100644 docs/evidence/column-binding-patch-20261008/pg-independent-answer.json
 create mode 100644 docs/evidence/column-binding-patch-20261008/pg-junit.xml
 create mode 100644 docs/evidence/column-binding-patch-20261008/pg-legacy-graph-0.json
 create mode 100644 docs/evidence/column-binding-patch-20261008/pg-legacy-graph-1.json
 create mode 100644 docs/evidence/column-binding-patch-20261008/pg-provenance.json
 create mode 100644 docs/evidence/column-binding-patch-20261008/pre-capacity-03cdd44/pg-final.log
 create mode 100644 docs/evidence/column-binding-patch-20261008/pre-capacity-03cdd44/pg-junit.xml
 create mode 100644 docs/evidence/column-binding-patch-20261008/pre-capacity-03cdd44/pg-provenance.json
 create mode 100644 docs/evidence/column-binding-patch-20261008/pre-capacity-03cdd44/sqlite-final.log
 create mode 100644 docs/evidence/column-binding-patch-20261008/pre-capacity-03cdd44/sqlite-junit.xml
 create mode 100644 docs/evidence/column-binding-patch-20261008/pre-capacity-03cdd44/sqlite-provenance.json
 create mode 100644 docs/evidence/column-binding-patch-20261008/prepush.json
 create mode 100644 docs/evidence/column-binding-patch-20261008/review-before-capacity.json
 create mode 100644 docs/evidence/column-binding-patch-20261008/review.json
 create mode 100644 docs/evidence/column-binding-patch-20261008/ruff.log
 create mode 100644 docs/evidence/column-binding-patch-20261008/runner.py
 create mode 100644 docs/evidence/column-binding-patch-20261008/sqlite-column-ui.json
 create mode 100644 docs/evidence/column-binding-patch-20261008/sqlite-final.log
 create mode 100644 docs/evidence/column-binding-patch-20261008/sqlite-independent-answer.json
 create mode 100644 docs/evidence/column-binding-patch-20261008/sqlite-junit.xml
 create mode 100644 docs/evidence/column-binding-patch-20261008/sqlite-legacy-graph-0.json
 create mode 100644 docs/evidence/column-binding-patch-20261008/sqlite-legacy-graph-1.json
 create mode 100644 docs/evidence/column-binding-patch-20261008/sqlite-provenance.json
 create mode 100644 docs/evidence/column-binding-patch-20261008/superseded-pg-existing-csv.log
 create mode 100644 docs/evidence/column-binding-patch-20261008/superseded-pg-existing-report.log
 create mode 100644 docs/evidence/column-binding-patch-20261008/test-inventory.json
 create mode 100644 docs/evidence/column-binding-patch-20261008/test-summary.json
 create mode 100644 docs/evidence/column-patch-control-fix-20261008/README.md
 create mode 100644 docs/evidence/column-patch-control-fix-20261008/artifact-hashes.json
 create mode 100644 docs/evidence/column-patch-control-fix-20261008/ascii-stage/sqlite-provenance.json
 create mode 100644 docs/evidence/column-patch-control-fix-20261008/ascii-stage/sqlite.log
 create mode 100644 docs/evidence/column-patch-control-fix-20261008/ascii-stage/sqlite.xml
 create mode 100644 docs/evidence/column-patch-control-fix-20261008/baseline-reproduction.json
 create mode 100644 docs/evidence/column-patch-control-fix-20261008/baseline-runner.py
 create mode 100644 docs/evidence/column-patch-control-fix-20261008/baseline.log
 create mode 100644 docs/evidence/column-patch-control-fix-20261008/cleanup.json
 create mode 100644 docs/evidence/column-patch-control-fix-20261008/initial/baseline-first.log
 create mode 100644 docs/evidence/column-patch-control-fix-20261008/initial/sqlite-stage.log
 create mode 100644 docs/evidence/column-patch-control-fix-20261008/initial/sqlite-stage.xml
 create mode 100644 docs/evidence/column-patch-control-fix-20261008/pg-cleanup-query.json
 create mode 100644 docs/evidence/column-patch-control-fix-20261008/pg-column-dom.json
 create mode 100644 docs/evidence/column-patch-control-fix-20261008/pg-csv-dom.json
 create mode 100644 docs/evidence/column-patch-control-fix-20261008/pg-provenance.json
 create mode 100644 docs/evidence/column-patch-control-fix-20261008/pg-report-dom.json
 create mode 100644 docs/evidence/column-patch-control-fix-20261008/pg.log
 create mode 100644 docs/evidence/column-patch-control-fix-20261008/pg.xml
 create mode 100644 docs/evidence/column-patch-control-fix-20261008/prepush.json
 create mode 100644 docs/evidence/column-patch-control-fix-20261008/runner.py
 create mode 100644 docs/evidence/column-patch-control-fix-20261008/sql-before-proof.json
 create mode 100644 docs/evidence/column-patch-control-fix-20261008/sql-before-runner.py
 create mode 100644 docs/evidence/column-patch-control-fix-20261008/sql-before.log
 create mode 100644 docs/evidence/column-patch-control-fix-20261008/sqlite-column-dom.json
 create mode 100644 docs/evidence/column-patch-control-fix-20261008/sqlite-csv-dom.json
 create mode 100644 docs/evidence/column-patch-control-fix-20261008/sqlite-provenance.json
 create mode 100644 docs/evidence/column-patch-control-fix-20261008/sqlite-report-dom.json
 create mode 100644 docs/evidence/column-patch-control-fix-20261008/sqlite.log
 create mode 100644 docs/evidence/column-patch-control-fix-20261008/sqlite.xml
 create mode 100644 docs/evidence/column-patch-control-fix-20261008/unicode-stage/pg-provenance.json
 create mode 100644 docs/evidence/column-patch-control-fix-20261008/unicode-stage/pg.log
 create mode 100644 docs/evidence/column-patch-control-fix-20261008/unicode-stage/pg.xml
 create mode 100644 docs/evidence/column-patch-key-fix-20261008/README.md
 create mode 100644 docs/evidence/column-patch-key-fix-20261008/artifact-hashes.json
 create mode 100644 docs/evidence/column-patch-key-fix-20261008/baseline-reproduction.json
 create mode 100644 docs/evidence/column-patch-key-fix-20261008/cleanup-note.json
 create mode 100644 docs/evidence/column-patch-key-fix-20261008/cleanup.json
 create mode 100644 docs/evidence/column-patch-key-fix-20261008/initial-concurrent/pg-provenance.json
 create mode 100644 docs/evidence/column-patch-key-fix-20261008/initial-concurrent/pg.log
 create mode 100644 docs/evidence/column-patch-key-fix-20261008/initial-concurrent/pg.xml
 create mode 100644 docs/evidence/column-patch-key-fix-20261008/initial-concurrent/sqlite-provenance.json
 create mode 100644 docs/evidence/column-patch-key-fix-20261008/initial-concurrent/sqlite.log
 create mode 100644 docs/evidence/column-patch-key-fix-20261008/initial-concurrent/sqlite.xml
 create mode 100644 docs/evidence/column-patch-key-fix-20261008/pg-column-dom.json
 create mode 100644 docs/evidence/column-patch-key-fix-20261008/pg-csv-dom.json
 create mode 100644 docs/evidence/column-patch-key-fix-20261008/pg-provenance.json
 create mode 100644 docs/evidence/column-patch-key-fix-20261008/pg-report-dom.json
 create mode 100644 docs/evidence/column-patch-key-fix-20261008/pg.log
 create mode 100644 docs/evidence/column-patch-key-fix-20261008/pg.xml
 create mode 100644 docs/evidence/column-patch-key-fix-20261008/pre-import-sort/sqlite-provenance.json
 create mode 100644 docs/evidence/column-patch-key-fix-20261008/pre-import-sort/sqlite.log
 create mode 100644 docs/evidence/column-patch-key-fix-20261008/pre-import-sort/sqlite.xml
 create mode 100644 docs/evidence/column-patch-key-fix-20261008/prepush.json
 create mode 100644 docs/evidence/column-patch-key-fix-20261008/runner.py
 create mode 100644 docs/evidence/column-patch-key-fix-20261008/sqlite-column-dom.json
 create mode 100644 docs/evidence/column-patch-key-fix-20261008/sqlite-csv-dom.json
 create mode 100644 docs/evidence/column-patch-key-fix-20261008/sqlite-provenance.json
 create mode 100644 docs/evidence/column-patch-key-fix-20261008/sqlite-report-dom.json
 create mode 100644 docs/evidence/column-patch-key-fix-20261008/sqlite.log
 create mode 100644 docs/evidence/column-patch-key-fix-20261008/sqlite.xml
 create mode 100644 src/sim2act/column_patches.py
 create mode 100644 tests/column_patch_ui.cjs
 create mode 100644 tests/fixtures/column-binding.csv
 create mode 100644 tests/test_column_patch_controls.py
 create mode 100644 tests/test_column_patch_keys.py
 create mode 100644 tests/test_column_patch_ui.py
 create mode 100644 tests/test_column_patches.py
