********************************************************************************
WARNING: POSTGRES_HOST_AUTH_METHOD has been set to "trust". This will allow
         anyone with access to the Postgres port to access your database without
         a password, even if POSTGRES_PASSWORD is set. See PostgreSQL
         documentation about "trust":
         https://www.postgresql.org/docs/current/auth-trust.html
         In Docker's default configuration, this is effectively any other
         container on the same system.

         It is not recommended to use POSTGRES_HOST_AUTH_METHOD=trust. Replace
         it with "-e POSTGRES_PASSWORD=password" instead to set a password in
         "docker run".
********************************************************************************
The files belonging to this database system will be owned by user "postgres".
This user must also own the server process.

The database cluster will be initialized with locale "en_US.utf8".
The default database encoding has accordingly been set to "UTF8".
The default text search configuration will be set to "english".

Data page checksums are disabled.

fixing permissions on existing directory /tmp/owned_pgdata ... ok
creating subdirectories ... ok
selecting dynamic shared memory implementation ... posix
selecting default "max_connections" ... 100
selecting default "shared_buffers" ... 128MB
selecting default time zone ... Etc/UTC
creating configuration files ... ok
running bootstrap script ... ok
performing post-bootstrap initialization ... ok
syncing data to disk ... initdb: warning: enabling "trust" authentication for local connections
initdb: hint: You can change this by editing pg_hba.conf or using the option -A, or --auth-local and --auth-host, the next time you run initdb.
ok


Success. You can now start the database server using:

    pg_ctl -D /tmp/owned_pgdata -l logfile start

waiting for server to start....2026-10-08 09:00:08.267 UTC [50] LOG:  starting PostgreSQL 17.9 (Debian 17.9-1.pgdg13+1) on x86_64-pc-linux-gnu, compiled by gcc (Debian 14.2.0-19) 14.2.0, 64-bit
2026-10-08 09:00:08.269 UTC [50] LOG:  listening on Unix socket "/var/run/postgresql/.s.PGSQL.5432"
2026-10-08 09:00:08.269 UTC [50] LOG:  listening on Unix socket "/owned_socket/.s.PGSQL.5432"
2026-10-08 09:00:08.272 UTC [53] LOG:  database system was shut down at 2026-10-08 09:00:07 UTC
2026-10-08 09:00:08.274 UTC [50] LOG:  database system is ready to accept connections
 done
server started
CREATE DATABASE


/usr/local/bin/docker-entrypoint.sh: ignoring /docker-entrypoint-initdb.d/*

waiting for server to shut down...2026-10-08 09:00:08.472 UTC [50] LOG:  received fast shutdown request
.2026-10-08 09:00:08.473 UTC [50] LOG:  aborting any active transactions
2026-10-08 09:00:08.474 UTC [50] LOG:  background worker "logical replication launcher" (PID 56) exited with exit code 1
2026-10-08 09:00:08.476 UTC [51] LOG:  shutting down
2026-10-08 09:00:08.476 UTC [51] LOG:  checkpoint starting: shutdown immediate
2026-10-08 09:00:08.639 UTC [51] LOG:  checkpoint complete: wrote 925 buffers (5.6%); 0 WAL file(s) added, 0 removed, 0 recycled; write=0.008 s, sync=0.152 s, total=0.164 s; sync files=301, longest=0.004 s, average=0.001 s; distance=4256 kB, estimate=4256 kB; lsn=0/19158E8, redo lsn=0/19158E8
2026-10-08 09:00:08.644 UTC [50] LOG:  database system is shut down
 done
server stopped

PostgreSQL init process complete; ready for start up.

2026-10-08 09:00:08.696 UTC [1] LOG:  starting PostgreSQL 17.9 (Debian 17.9-1.pgdg13+1) on x86_64-pc-linux-gnu, compiled by gcc (Debian 14.2.0-19) 14.2.0, 64-bit
2026-10-08 09:00:08.697 UTC [1] LOG:  listening on Unix socket "/var/run/postgresql/.s.PGSQL.5432"
2026-10-08 09:00:08.698 UTC [1] LOG:  listening on Unix socket "/owned_socket/.s.PGSQL.5432"
2026-10-08 09:00:08.702 UTC [66] LOG:  database system was shut down at 2026-10-08 09:00:08 UTC
2026-10-08 09:00:08.705 UTC [1] LOG:  database system is ready to accept connections
2026-10-08 09:05:08.296 UTC [64] LOG:  checkpoint starting: time
2026-10-08 09:09:50.714 UTC [64] LOG:  checkpoint complete: wrote 3279 buffers (20.0%); 0 WAL file(s) added, 0 removed, 11 recycled; write=269.786 s, sync=11.677 s, total=282.418 s; sync files=57777, longest=0.020 s, average=0.001 s; distance=171371 kB, estimate=171371 kB; lsn=0/15557BA0, redo lsn=0/C070510
2026-10-08 09:10:08.055 UTC [64] LOG:  checkpoint starting: time
2026-10-08 09:14:43.469 UTC [64] LOG:  checkpoint complete: wrote 2918 buffers (17.8%); 0 WAL file(s) added, 0 removed, 10 recycled; write=270.033 s, sync=5.036 s, total=275.415 s; sync files=23547, longest=0.010 s, average=0.001 s; distance=167275 kB, estimate=170961 kB; lsn=0/1C9BF8D8, redo lsn=0/163CB1D8
2026-10-08 09:15:08.495 UTC [64] LOG:  checkpoint starting: time
2026-10-08 09:16:06.586 UTC [64] LOG:  checkpoint complete: wrote 548 buffers (3.3%); 0 WAL file(s) added, 0 removed, 6 recycled; write=56.921 s, sync=0.900 s, total=58.092 s; sync files=4972, longest=0.091 s, average=0.001 s; distance=106039 kB, estimate=164469 kB; lsn=0/1E41FCA0, redo lsn=0/1CB58EB8
2026-10-08 09:18:44.385 UTC [1] LOG:  received fast shutdown request
2026-10-08 09:18:44.387 UTC [1] LOG:  aborting any active transactions
2026-10-08 09:18:44.398 UTC [1] LOG:  background worker "logical replication launcher" (PID 69) exited with exit code 1
2026-10-08 09:18:44.402 UTC [64] LOG:  shutting down
2026-10-08 09:18:44.403 UTC [64] LOG:  checkpoint starting: shutdown immediate
2026-10-08 09:18:45.614 UTC [64] LOG:  checkpoint complete: wrote 1475 buffers (9.0%); 0 WAL file(s) added, 0 removed, 4 recycled; write=0.012 s, sync=1.059 s, total=1.213 s; sync files=7524, longest=0.038 s, average=0.001 s; distance=66092 kB, estimate=154631 kB; lsn=0/20BE40E0, redo lsn=0/20BE40E0
2026-10-08 09:18:45.784 UTC [1] LOG:  database system is shut down
