{
  "verdict": "TERMINAL_EVIDENCE_LIMITED_PASS",
  "source_sha": "180a4710405b9c06d1e7cc7213b3ffd073d05567",
  "run": 38031437108,
  "job": 114153034590,
  "attempt": 1,
  "transport_bytes": 4797111,
  "transport_sha256": "5d4dc70dbeebccd4e704f3fe65c366f99221691b9878fad6fa6449a0cf37ecd5",
  "full_collection": 2250,
  "full_collection_chunks": 113,
  "full_collection_sha256": "92ac8b50767b888a5b177467d5c4f85abd80d6f29118194c3a3d01d598c58cfc",
  "selected11_actual_pass": true,
  "deselected2239": true,
  "actual_phase_reports": 33,
  "visible_event_sequence": 59,
  "same_positive_pid": true,
  "strict_native_Report_verified": true,
  "JUnit_seconds": 113.781,
  "job_seconds": 359,
  "engineering_step_seconds": 129,
  "Edge_step_seconds": 141,
  "product69_same473_and_source363_match": true,
  "parent_PG_finite2_pass_readonly_verified": true,
  "PG_profiles": {
    "Report4010_SQL_wall_seconds": [
      1.9447187609985122,
      1.9039741699962178
    ],
    "resources1958_SQL_wall_seconds": 1.6345523859999957
  },
  "limits": [
    "full2250 collection is coverage inventory; only11 engineering cases executed in this run",
    "Windows Server installed Edge limited synthetic page checks only; Win11 NOT_RUN",
    "mobile viewport is not actual device",
    "agent/protocol visual review NOT_REVIEWED; owner semantic PENDING; formalPublicationfalse",
    "parent2PG passes do not explain or close either original timeoutOPEN"
  ],
  "reviewer_test_CI_PG_operations": 0,
  "repo_ref_writes": 0,
  "public_evidence_audit": "pending root final manifest"
}
