{
  "verdict": "LIMITED_PASS",
  "audited_manifest_count": 267,
  "audited_manifest_sha256": "950444cb1df2aa7ed6febd921f3ec8e01ee993b83b3ba3cf07806a1d9ab906d4",
  "all_public_bytes_exact": true,
  "copy_whitelists": [
    {
      "public_dir": "author",
      "count": 21,
      "private_exact": true
    },
    {
      "public_dir": "historical-pg",
      "count": 14,
      "private_exact": true
    },
    {
      "public_dir": "independent-180a-LIMITED_PASS",
      "count": 83,
      "private_exact": true
    },
    {
      "public_dir": "independent-5385-BLOCK",
      "count": 64,
      "private_exact": true
    },
    {
      "public_dir": "independent-d49-BLOCK",
      "count": 55,
      "private_exact": true
    },
    {
      "public_dir": "native",
      "count": 23,
      "private_exact": true
    }
  ],
  "source363_match": true,
  "product69_same473": true,
  "author_PG_page_checks": 10,
  "author_PG_HTTP_requests": 28,
  "author_PG_lock_records": 402,
  "author_PG_lock_span_seconds": 1.6475573989955592,
  "layered_browser_checks": [
    {
      "scope": "browser",
      "checks": 69
    },
    {
      "scope": "browser.taskHistory",
      "checks": 39
    },
    {
      "scope": "browser.agent",
      "checks": 33
    },
    {
      "scope": "browser.agent.registeredGeneration",
      "checks": 29
    },
    {
      "scope": "browser.agent.integration",
      "checks": 16
    },
    {
      "scope": "browser.protocol",
      "checks": 26
    },
    {
      "scope": "browser.protocol.boundRuns",
      "checks": 19
    },
    {
      "scope": "browser.protocol.conditional",
      "checks": 22
    }
  ],
  "no_aggregate_disjoint_count_claim": true,
  "visual_checklist_author_only": true,
  "old_budget_lower_bound_strictly_gt900_current_full_minimum_UNKNOWN": true,
  "historical_OPEN_retained": true,
  "tests_CI_PG_operations": 0,
  "repo_ref_writes": 0
}
