2026-10-08T04:59:55.949609114Z The files belonging to this database system will be owned by user "postgres".
2026-10-08T04:59:55.949639989Z This user must also own the server process.
2026-10-08T04:59:55.949643204Z 
2026-10-08T04:59:55.949645247Z The database cluster will be initialized with locale "en_US.utf8".
2026-10-08T04:59:55.949647030Z The default database encoding has accordingly been set to "UTF8".
2026-10-08T04:59:55.949648432Z The default text search configuration will be set to "english".
2026-10-08T04:59:55.949649684Z 
2026-10-08T04:59:55.949650755Z Data page checksums are disabled.
2026-10-08T04:59:55.949651777Z 
2026-10-08T04:59:55.949652718Z fixing permissions on existing directory /var/lib/postgresql/data ... ok
2026-10-08T04:59:55.951926020Z creating subdirectories ... ok
2026-10-08T04:59:55.952091965Z selecting dynamic shared memory implementation ... posix
2026-10-08T04:59:55.961274536Z selecting default "max_connections" ... 100
2026-10-08T04:59:55.973398645Z selecting default "shared_buffers" ... 128MB
2026-10-08T04:59:55.979941503Z selecting default time zone ... Etc/UTC
2026-10-08T04:59:55.980838746Z creating configuration files ... ok
2026-10-08T04:59:56.094900320Z running bootstrap script ... ok
2026-10-08T04:59:56.396867359Z performing post-bootstrap initialization ... ok
2026-10-08T04:59:56.610417769Z syncing data to disk ... ok
2026-10-08T04:59:56.610435175Z 
2026-10-08T04:59:56.610436947Z 
2026-10-08T04:59:56.610438389Z Success. You can now start the database server using:
2026-10-08T04:59:56.610439481Z 
2026-10-08T04:59:56.610440873Z     pg_ctl -D /var/lib/postgresql/data -l logfile start
2026-10-08T04:59:56.610442025Z 
2026-10-08T04:59:56.640131410Z waiting for server to start....2026-10-08 04:59:56.639 UTC [60] LOG:  starting PostgreSQL 17.11 (Debian 17.11-1.pgdg13+2) on x86_64-pc-linux-gnu, compiled by gcc (Debian 14.2.0-19) 14.2.0, 64-bit
2026-10-08T04:59:56.641278851Z 2026-10-08 04:59:56.641 UTC [60] LOG:  listening on Unix socket "/var/run/postgresql/.s.PGSQL.5432"
2026-10-08T04:59:56.643183570Z 2026-10-08 04:59:56.643 UTC [63] LOG:  database system was shut down at 2026-10-08 04:59:56 UTC
2026-10-08T04:59:56.646162914Z 2026-10-08 04:59:56.645 UTC [60] LOG:  database system is ready to accept connections
2026-10-08T04:59:56.728085771Z  done
2026-10-08T04:59:56.728109947Z server started
2026-10-08T04:59:56.753955609Z 
2026-10-08T04:59:56.753973045Z /usr/local/bin/docker-entrypoint.sh: ignoring /docker-entrypoint-initdb.d/*
2026-10-08T04:59:56.753993014Z 
2026-10-08T04:59:56.754909516Z waiting for server to shut down...2026-10-08 04:59:56.754 UTC [60] LOG:  received fast shutdown request
2026-10-08T04:59:56.756301418Z .2026-10-08 04:59:56.755 UTC [60] LOG:  aborting any active transactions
2026-10-08T04:59:56.756388406Z 2026-10-08 04:59:56.756 UTC [60] LOG:  background worker "logical replication launcher" (PID 67) exited with exit code 1
2026-10-08T04:59:56.757143129Z 2026-10-08 04:59:56.757 UTC [61] LOG:  shutting down
2026-10-08T04:59:56.757989137Z 2026-10-08 04:59:56.757 UTC [61] LOG:  checkpoint starting: shutdown immediate
2026-10-08T04:59:56.761565440Z 2026-10-08 04:59:56.761 UTC [61] LOG:  checkpoint complete: wrote 3 buffers (0.0%); 0 WAL file(s) added, 0 removed, 0 recycled; write=0.001 s, sync=0.001 s, total=0.005 s; sync files=2, longest=0.001 s, average=0.001 s; distance=0 kB, estimate=0 kB; lsn=0/14EF800, redo lsn=0/14EF800
2026-10-08T04:59:56.763502697Z 2026-10-08 04:59:56.763 UTC [60] LOG:  database system is shut down
2026-10-08T04:59:56.855149944Z  done
2026-10-08T04:59:56.855172037Z server stopped
2026-10-08T04:59:56.856077732Z 
2026-10-08T04:59:56.856083100Z PostgreSQL init process complete; ready for start up.
2026-10-08T04:59:56.856084623Z 
