........................................................................ [ 68%]
.................................                                        [100%]
=============================== warnings summary ===============================
.venv/lib/python3.12/site-packages/fastapi/testclient.py:1
  /workspace/Sim2Act/.venv/lib/python3.12/site-packages/fastapi/testclient.py:1: StarletteDeprecationWarning: Using `httpx` with `starlette.testclient` is deprecated; install `httpx2` instead.
    from starlette.testclient import TestClient as TestClient  # noqa

-- Docs: https://docs.pytest.org/en/stable/how-to/capture-warnings.html
============================= slowest 30 durations =============================
2.70s call     tests/test_fixed_goal_acceptance.py::test_ordinary_page_prospective_contract_to_candidate_cold_wrong_input[lost]
2.47s call     tests/test_natural_receipt_candidate.py::test_ordinary_page_actual_receipt_extraction_new_input_cold_and_revocation[wrong_type]
2.43s call     tests/test_natural_receipt_candidate.py::test_ordinary_page_actual_receipt_extraction_new_input_cold_and_revocation[wrong_id]
2.38s call     tests/test_fixed_goal_acceptance.py::test_ordinary_page_prospective_contract_to_candidate_cold_wrong_input[wrong_contract]
2.33s call     tests/test_natural_receipt_candidate.py::test_ordinary_page_actual_receipt_extraction_new_input_cold_and_revocation[lost]
1.67s call     tests/test_fixed_goal_acceptance.py::test_accepted_source_reuses_candidate_new_input_cold_result_version_bad_input
1.23s call     tests/test_natural_receipt_candidate.py::test_existing_durable_candidate_runner_cold_new_result_and_bad_input
1.13s call     tests/test_natural_activation_flow.py::test_two_fixed_goals_actual_slots_receipts_history_no_hidden_calls
1.12s call     tests/test_natural_receipt_candidate.py::test_new_column_cold_store_wrong_inputs_and_no_whole_task_promotion
0.97s call     tests/test_fixed_goal_acceptance.py::test_whole_source_invalidations_reject_read_cache_candidate_and_new_run[report_type]
0.88s call     tests/test_fixed_goal_acceptance.py::test_whole_source_invalidations_reject_read_cache_candidate_and_new_run[source_grant]
0.80s call     tests/test_natural_receipt_candidate.py::test_coherent_same_value_wrong_type_proof_is_not_a_valid_candidate
0.73s call     tests/test_natural_receipt_candidate.py::test_invalidated_source_or_target_denies_cached_read_and_execution_without_writes[target_grant]
0.73s call     tests/test_fixed_goal_acceptance.py::test_old_partial_status_only_upgrade_is_rejected_by_cold_inspection
0.73s call     tests/test_fixed_goal_acceptance.py::test_whole_source_invalidations_reject_read_cache_candidate_and_new_run[missing]
0.73s call     tests/test_natural_receipt_candidate.py::test_invalidated_source_or_target_denies_cached_read_and_execution_without_writes[SUCCEEDED]
0.72s call     tests/test_fixed_goal_acceptance.py::test_whole_source_invalidations_reject_read_cache_candidate_and_new_run[partial]
0.71s call     tests/test_natural_receipt_candidate.py::test_invalidated_source_or_target_denies_cached_read_and_execution_without_writes[marker]
0.69s call     tests/test_natural_receipt_candidate.py::test_invalidated_source_or_target_denies_cached_read_and_execution_without_writes[revoke]
0.69s call     tests/test_natural_receipt_candidate.py::test_invalidated_source_or_target_denies_cached_read_and_execution_without_writes[FAILED]
0.68s call     tests/test_fixed_goal_acceptance.py::test_explicit_whole_fixed_contract_and_cold_read_keep_owner_and_publish_pending[read_preview]
0.66s call     tests/test_fixed_goal_acceptance.py::test_whole_source_invalidations_reject_read_cache_candidate_and_new_run[spec]
0.66s call     tests/test_natural_receipt_candidate.py::test_invalidated_source_or_target_denies_cached_read_and_execution_without_writes[candidate]
0.66s call     tests/test_natural_receipt_candidate.py::test_invalidated_source_or_target_denies_cached_read_and_execution_without_writes[receipt]
0.65s call     tests/test_natural_receipt_candidate.py::test_invalidated_source_or_target_denies_cached_read_and_execution_without_writes[UNKNOWN]
0.65s call     tests/test_natural_receipt_candidate.py::test_invalidated_source_or_target_denies_cached_read_and_execution_without_writes[target_version]
0.64s call     tests/test_natural_receipt_candidate.py::test_invalidated_source_or_target_denies_cached_read_and_execution_without_writes[material]
0.62s call     tests/test_natural_receipt_candidate.py::test_same_owner_foreign_project_target_rejected_zero_writes
0.61s call     tests/test_fixed_goal_acceptance.py::test_explicit_whole_fixed_contract_and_cold_read_keep_owner_and_publish_pending[sum_quantity_z]
0.60s call     tests/test_natural_receipt_candidate.py::test_invalidated_source_or_target_denies_cached_read_and_execution_without_writes[source_grant]
105 passed, 1 warning in 57.42s
