2026-10-08T04:59:13.216100448Z The files belonging to this database system will be owned by user "postgres".
2026-10-08T04:59:13.216128459Z This user must also own the server process.
2026-10-08T04:59:13.216130652Z 
2026-10-08T04:59:13.216131964Z The database cluster will be initialized with locale "en_US.utf8".
2026-10-08T04:59:13.216133216Z The default database encoding has accordingly been set to "UTF8".
2026-10-08T04:59:13.216134568Z The default text search configuration will be set to "english".
2026-10-08T04:59:13.216135880Z 
2026-10-08T04:59:13.216136861Z Data page checksums are disabled.
2026-10-08T04:59:13.216138123Z 
2026-10-08T04:59:13.216139285Z fixing permissions on existing directory /var/lib/postgresql/data ... ok
2026-10-08T04:59:13.217320477Z creating subdirectories ... ok
2026-10-08T04:59:13.217355548Z selecting dynamic shared memory implementation ... posix
2026-10-08T04:59:13.228992099Z selecting default "max_connections" ... 100
2026-10-08T04:59:13.242589652Z selecting default "shared_buffers" ... 128MB
2026-10-08T04:59:13.250889452Z selecting default time zone ... Etc/UTC
2026-10-08T04:59:13.251583765Z creating configuration files ... ok
2026-10-08T04:59:13.338863468Z running bootstrap script ... ok
2026-10-08T04:59:13.599648598Z performing post-bootstrap initialization ... ok
2026-10-08T04:59:13.829853025Z syncing data to disk ... ok
2026-10-08T04:59:13.829880771Z 
2026-10-08T04:59:13.829882123Z 
2026-10-08T04:59:13.829883084Z Success. You can now start the database server using:
2026-10-08T04:59:13.829884536Z 
2026-10-08T04:59:13.829885508Z     pg_ctl -D /var/lib/postgresql/data -l logfile start
2026-10-08T04:59:13.829887020Z 
2026-10-08T04:59:13.861186498Z waiting for server to start....2026-10-08 04:59:13.860 UTC [60] LOG:  starting PostgreSQL 17.11 (Debian 17.11-1.pgdg13+2) on x86_64-pc-linux-gnu, compiled by gcc (Debian 14.2.0-19) 14.2.0, 64-bit
2026-10-08T04:59:13.862155517Z 2026-10-08 04:59:13.862 UTC [60] LOG:  listening on Unix socket "/var/run/postgresql/.s.PGSQL.5432"
2026-10-08T04:59:13.864013251Z 2026-10-08 04:59:13.863 UTC [63] LOG:  database system was shut down at 2026-10-08 04:59:13 UTC
2026-10-08T04:59:13.866957483Z 2026-10-08 04:59:13.866 UTC [60] LOG:  database system is ready to accept connections
2026-10-08T04:59:13.947915759Z  done
2026-10-08T04:59:13.947932574Z server started
2026-10-08T04:59:13.979385163Z 
2026-10-08T04:59:13.979412593Z /usr/local/bin/docker-entrypoint.sh: ignoring /docker-entrypoint-initdb.d/*
2026-10-08T04:59:13.979423970Z 
2026-10-08T04:59:13.982042922Z waiting for server to shut down...2026-10-08 04:59:13.981 UTC [60] LOG:  received fast shutdown request
2026-10-08T04:59:13.982799553Z .2026-10-08 04:59:13.982 UTC [60] LOG:  aborting any active transactions
2026-10-08T04:59:13.983790915Z 2026-10-08 04:59:13.983 UTC [60] LOG:  background worker "logical replication launcher" (PID 66) exited with exit code 1
2026-10-08T04:59:13.984487232Z 2026-10-08 04:59:13.984 UTC [61] LOG:  shutting down
2026-10-08T04:59:13.984991520Z 2026-10-08 04:59:13.984 UTC [61] LOG:  checkpoint starting: shutdown immediate
2026-10-08T04:59:13.987693800Z 2026-10-08 04:59:13.987 UTC [61] LOG:  checkpoint complete: wrote 3 buffers (0.0%); 0 WAL file(s) added, 0 removed, 0 recycled; write=0.001 s, sync=0.001 s, total=0.004 s; sync files=2, longest=0.001 s, average=0.001 s; distance=0 kB, estimate=0 kB; lsn=0/14EF800, redo lsn=0/14EF800
2026-10-08T04:59:13.989601063Z 2026-10-08 04:59:13.989 UTC [60] LOG:  database system is shut down
2026-10-08T04:59:14.082465606Z  done
2026-10-08T04:59:14.082490102Z server stopped
2026-10-08T04:59:14.083417800Z 
2026-10-08T04:59:14.083424800Z PostgreSQL init process complete; ready for start up.
2026-10-08T04:59:14.083427083Z 
