2026-10-08T04:59:13.829861142Z initdb: warning: enabling "trust" authentication for local connections
2026-10-08T04:59:13.829874121Z initdb: hint: You can change this by editing pg_hba.conf or using the option -A, or --auth-local and --auth-host, the next time you run initdb.
2026-10-08T04:59:14.096823809Z 2026-10-08 04:59:14.096 UTC [1] LOG:  starting PostgreSQL 17.11 (Debian 17.11-1.pgdg13+2) on x86_64-pc-linux-gnu, compiled by gcc (Debian 14.2.0-19) 14.2.0, 64-bit
2026-10-08T04:59:14.097139645Z 2026-10-08 04:59:14.097 UTC [1] LOG:  listening on IPv4 address "0.0.0.0", port 5432
2026-10-08T04:59:14.097145042Z 2026-10-08 04:59:14.097 UTC [1] LOG:  listening on IPv6 address "::", port 5432
2026-10-08T04:59:14.097855080Z 2026-10-08 04:59:14.097 UTC [1] LOG:  listening on Unix socket "/var/run/postgresql/.s.PGSQL.5432"
2026-10-08T04:59:14.099920175Z 2026-10-08 04:59:14.099 UTC [80] LOG:  database system was shut down at 2026-10-08 04:59:13 UTC
2026-10-08T04:59:14.101609917Z 2026-10-08 04:59:14.101 UTC [1] LOG:  database system is ready to accept connections
2026-10-08T04:59:19.155736536Z 2026-10-08 04:59:19.154 UTC [93] ERROR:  deadlock detected
2026-10-08T04:59:19.155771588Z 2026-10-08 04:59:19.154 UTC [93] DETAIL:  Process 93 waits for ShareLock on transaction 804; blocked by process 92.
2026-10-08T04:59:19.155774762Z 	Process 92 waits for ShareLock on transaction 805; blocked by process 93.
2026-10-08T04:59:19.155778458Z 	Process 93: SELECT test_901a2dcea9314461990a35cd3a507d02.grants.id, test_901a2dcea9314461990a35cd3a507d02.grants.principal_id, test_901a2dcea9314461990a35cd3a507d02.grants.project_id, test_901a2dcea9314461990a35cd3a507d02.grants.resource_id, test_901a2dcea9314461990a35cd3a507d02.grants.tool_ref, test_901a2dcea9314461990a35cd3a507d02.grants.expires_at, test_901a2dcea9314461990a35cd3a507d02.grants.revision, test_901a2dcea9314461990a35cd3a507d02.grants.revoked 
2026-10-08T04:59:19.155783906Z 	FROM test_901a2dcea9314461990a35cd3a507d02.grants 
2026-10-08T04:59:19.155785248Z 	WHERE test_901a2dcea9314461990a35cd3a507d02.grants.principal_id = $1::VARCHAR AND test_901a2dcea9314461990a35cd3a507d02.grants.project_id = $2::VARCHAR AND test_901a2dcea9314461990a35cd3a507d02.grants.resource_id = $3::VARCHAR AND test_901a2dcea9314461990a35cd3a507d02.grants.tool_ref = $4::VARCHAR ORDER BY test_901a2dcea9314461990a35cd3a507d02.grants.id FOR UPDATE
2026-10-08T04:59:19.155797035Z 	Process 92: SELECT test_901a2dcea9314461990a35cd3a507d02.grants.id, test_901a2dcea9314461990a35cd3a507d02.grants.principal_id, test_901a2dcea9314461990a35cd3a507d02.grants.project_id, test_901a2dcea9314461990a35cd3a507d02.grants.resource_id, test_901a2dcea9314461990a35cd3a507d02.grants.tool_ref, test_901a2dcea9314461990a35cd3a507d02.grants.expires_at, test_901a2dcea9314461990a35cd3a507d02.grants.revision, test_901a2dcea9314461990a35cd3a507d02.grants.revoked 
2026-10-08T04:59:19.155798758Z 	FROM test_901a2dcea9314461990a35cd3a507d02.grants 
2026-10-08T04:59:19.155799899Z 	WHERE test_901a2dcea9314461990a35cd3a507d02.grants.principal_id = $1::VARCHAR AND test_901a2dcea9314461990a35cd3a507d02.grants.project_id = $2::VARCHAR AND test_901a2dcea9314461990a35cd3a507d02.grants.resource_id = $3::VARCHAR AND test_901a2dcea9314461990a35cd3a507d02.grants.tool_ref = $4::VARCHAR ORDER BY test_901a2dcea9314461990a35cd3a507d02.grants.id FOR UPDATE
2026-10-08T04:59:19.155802844Z 2026-10-08 04:59:19.154 UTC [93] HINT:  See server log for query details.
2026-10-08T04:59:19.155803925Z 2026-10-08 04:59:19.154 UTC [93] CONTEXT:  while locking tuple (0,3) in relation "grants"
2026-10-08T04:59:19.155805237Z 2026-10-08 04:59:19.154 UTC [93] STATEMENT:  SELECT test_901a2dcea9314461990a35cd3a507d02.grants.id, test_901a2dcea9314461990a35cd3a507d02.grants.principal_id, test_901a2dcea9314461990a35cd3a507d02.grants.project_id, test_901a2dcea9314461990a35cd3a507d02.grants.resource_id, test_901a2dcea9314461990a35cd3a507d02.grants.tool_ref, test_901a2dcea9314461990a35cd3a507d02.grants.expires_at, test_901a2dcea9314461990a35cd3a507d02.grants.revision, test_901a2dcea9314461990a35cd3a507d02.grants.revoked 
2026-10-08T04:59:19.155806850Z 	FROM test_901a2dcea9314461990a35cd3a507d02.grants 
2026-10-08T04:59:19.155808051Z 	WHERE test_901a2dcea9314461990a35cd3a507d02.grants.principal_id = $1::VARCHAR AND test_901a2dcea9314461990a35cd3a507d02.grants.project_id = $2::VARCHAR AND test_901a2dcea9314461990a35cd3a507d02.grants.resource_id = $3::VARCHAR AND test_901a2dcea9314461990a35cd3a507d02.grants.tool_ref = $4::VARCHAR ORDER BY test_901a2dcea9314461990a35cd3a507d02.grants.id FOR UPDATE
2026-10-08T04:59:24.146540445Z 2026-10-08 04:59:24.146 UTC [96] ERROR:  deadlock detected
2026-10-08T04:59:24.146567024Z 2026-10-08 04:59:24.146 UTC [96] DETAIL:  Process 96 waits for ShareLock on transaction 873; blocked by process 95.
2026-10-08T04:59:24.146569117Z 	Process 95 waits for ShareLock on transaction 874; blocked by process 96.
2026-10-08T04:59:24.146571531Z 	Process 96: SELECT test_3c0fb50f60fe436c95f80e653de5efab.grants.id, test_3c0fb50f60fe436c95f80e653de5efab.grants.principal_id, test_3c0fb50f60fe436c95f80e653de5efab.grants.project_id, test_3c0fb50f60fe436c95f80e653de5efab.grants.resource_id, test_3c0fb50f60fe436c95f80e653de5efab.grants.tool_ref, test_3c0fb50f60fe436c95f80e653de5efab.grants.expires_at, test_3c0fb50f60fe436c95f80e653de5efab.grants.revision, test_3c0fb50f60fe436c95f80e653de5efab.grants.revoked 
2026-10-08T04:59:24.146575847Z 	FROM test_3c0fb50f60fe436c95f80e653de5efab.grants 
2026-10-08T04:59:24.146577279Z 	WHERE test_3c0fb50f60fe436c95f80e653de5efab.grants.principal_id = $1::VARCHAR AND test_3c0fb50f60fe436c95f80e653de5efab.grants.project_id = $2::VARCHAR AND test_3c0fb50f60fe436c95f80e653de5efab.grants.resource_id = $3::VARCHAR AND test_3c0fb50f60fe436c95f80e653de5efab.grants.tool_ref = $4::VARCHAR ORDER BY test_3c0fb50f60fe436c95f80e653de5efab.grants.id FOR UPDATE
2026-10-08T04:59:24.146587594Z 	Process 95: SELECT test_3c0fb50f60fe436c95f80e653de5efab.grants.id, test_3c0fb50f60fe436c95f80e653de5efab.grants.principal_id, test_3c0fb50f60fe436c95f80e653de5efab.grants.project_id, test_3c0fb50f60fe436c95f80e653de5efab.grants.resource_id, test_3c0fb50f60fe436c95f80e653de5efab.grants.tool_ref, test_3c0fb50f60fe436c95f80e653de5efab.grants.expires_at, test_3c0fb50f60fe436c95f80e653de5efab.grants.revision, test_3c0fb50f60fe436c95f80e653de5efab.grants.revoked 
2026-10-08T04:59:24.146589808Z 	FROM test_3c0fb50f60fe436c95f80e653de5efab.grants 
2026-10-08T04:59:24.146590829Z 	WHERE test_3c0fb50f60fe436c95f80e653de5efab.grants.principal_id = $1::VARCHAR AND test_3c0fb50f60fe436c95f80e653de5efab.grants.project_id = $2::VARCHAR AND test_3c0fb50f60fe436c95f80e653de5efab.grants.resource_id = $3::VARCHAR AND test_3c0fb50f60fe436c95f80e653de5efab.grants.tool_ref = $4::VARCHAR ORDER BY test_3c0fb50f60fe436c95f80e653de5efab.grants.id FOR UPDATE
2026-10-08T04:59:24.146593243Z 2026-10-08 04:59:24.146 UTC [96] HINT:  See server log for query details.
2026-10-08T04:59:24.146594304Z 2026-10-08 04:59:24.146 UTC [96] CONTEXT:  while locking tuple (0,3) in relation "grants"
2026-10-08T04:59:24.146595616Z 2026-10-08 04:59:24.146 UTC [96] STATEMENT:  SELECT test_3c0fb50f60fe436c95f80e653de5efab.grants.id, test_3c0fb50f60fe436c95f80e653de5efab.grants.principal_id, test_3c0fb50f60fe436c95f80e653de5efab.grants.project_id, test_3c0fb50f60fe436c95f80e653de5efab.grants.resource_id, test_3c0fb50f60fe436c95f80e653de5efab.grants.tool_ref, test_3c0fb50f60fe436c95f80e653de5efab.grants.expires_at, test_3c0fb50f60fe436c95f80e653de5efab.grants.revision, test_3c0fb50f60fe436c95f80e653de5efab.grants.revoked 
2026-10-08T04:59:24.146597208Z 	FROM test_3c0fb50f60fe436c95f80e653de5efab.grants 
2026-10-08T04:59:24.146598430Z 	WHERE test_3c0fb50f60fe436c95f80e653de5efab.grants.principal_id = $1::VARCHAR AND test_3c0fb50f60fe436c95f80e653de5efab.grants.project_id = $2::VARCHAR AND test_3c0fb50f60fe436c95f80e653de5efab.grants.resource_id = $3::VARCHAR AND test_3c0fb50f60fe436c95f80e653de5efab.grants.tool_ref = $4::VARCHAR ORDER BY test_3c0fb50f60fe436c95f80e653de5efab.grants.id FOR UPDATE
2026-10-08T04:59:28.439921145Z 2026-10-08 04:59:28.439 UTC [98] ERROR:  deadlock detected
2026-10-08T04:59:28.439949828Z 2026-10-08 04:59:28.439 UTC [98] DETAIL:  Process 98 waits for ShareLock on transaction 942; blocked by process 99.
2026-10-08T04:59:28.439951911Z 	Process 99 waits for ShareLock on transaction 941; blocked by process 98.
2026-10-08T04:59:28.439953914Z 	Process 98: SELECT test_2e43b29093ed4594876f41a2c20feca7.grants.id, test_2e43b29093ed4594876f41a2c20feca7.grants.principal_id, test_2e43b29093ed4594876f41a2c20feca7.grants.project_id, test_2e43b29093ed4594876f41a2c20feca7.grants.resource_id, test_2e43b29093ed4594876f41a2c20feca7.grants.tool_ref, test_2e43b29093ed4594876f41a2c20feca7.grants.expires_at, test_2e43b29093ed4594876f41a2c20feca7.grants.revision, test_2e43b29093ed4594876f41a2c20feca7.grants.revoked 
2026-10-08T04:59:28.439955977Z 	FROM test_2e43b29093ed4594876f41a2c20feca7.grants 
2026-10-08T04:59:28.439957339Z 	WHERE test_2e43b29093ed4594876f41a2c20feca7.grants.principal_id = $1::VARCHAR AND test_2e43b29093ed4594876f41a2c20feca7.grants.project_id = $2::VARCHAR AND test_2e43b29093ed4594876f41a2c20feca7.grants.resource_id = $3::VARCHAR AND test_2e43b29093ed4594876f41a2c20feca7.grants.tool_ref = $4::VARCHAR ORDER BY test_2e43b29093ed4594876f41a2c20feca7.grants.id FOR UPDATE
2026-10-08T04:59:28.439968475Z 	Process 99: SELECT test_2e43b29093ed4594876f41a2c20feca7.grants.id, test_2e43b29093ed4594876f41a2c20feca7.grants.principal_id, test_2e43b29093ed4594876f41a2c20feca7.grants.project_id, test_2e43b29093ed4594876f41a2c20feca7.grants.resource_id, test_2e43b29093ed4594876f41a2c20feca7.grants.tool_ref, test_2e43b29093ed4594876f41a2c20feca7.grants.expires_at, test_2e43b29093ed4594876f41a2c20feca7.grants.revision, test_2e43b29093ed4594876f41a2c20feca7.grants.revoked 
2026-10-08T04:59:28.439970248Z 	FROM test_2e43b29093ed4594876f41a2c20feca7.grants 
2026-10-08T04:59:28.439971349Z 	WHERE test_2e43b29093ed4594876f41a2c20feca7.grants.principal_id = $1::VARCHAR AND test_2e43b29093ed4594876f41a2c20feca7.grants.project_id = $2::VARCHAR AND test_2e43b29093ed4594876f41a2c20feca7.grants.resource_id = $3::VARCHAR AND test_2e43b29093ed4594876f41a2c20feca7.grants.tool_ref = $4::VARCHAR ORDER BY test_2e43b29093ed4594876f41a2c20feca7.grants.id FOR UPDATE
2026-10-08T04:59:28.439974163Z 2026-10-08 04:59:28.439 UTC [98] HINT:  See server log for query details.
2026-10-08T04:59:28.439975255Z 2026-10-08 04:59:28.439 UTC [98] CONTEXT:  while locking tuple (0,3) in relation "grants"
2026-10-08T04:59:28.439976607Z 2026-10-08 04:59:28.439 UTC [98] STATEMENT:  SELECT test_2e43b29093ed4594876f41a2c20feca7.grants.id, test_2e43b29093ed4594876f41a2c20feca7.grants.principal_id, test_2e43b29093ed4594876f41a2c20feca7.grants.project_id, test_2e43b29093ed4594876f41a2c20feca7.grants.resource_id, test_2e43b29093ed4594876f41a2c20feca7.grants.tool_ref, test_2e43b29093ed4594876f41a2c20feca7.grants.expires_at, test_2e43b29093ed4594876f41a2c20feca7.grants.revision, test_2e43b29093ed4594876f41a2c20feca7.grants.revoked 
2026-10-08T04:59:28.439978219Z 	FROM test_2e43b29093ed4594876f41a2c20feca7.grants 
2026-10-08T04:59:28.439979321Z 	WHERE test_2e43b29093ed4594876f41a2c20feca7.grants.principal_id = $1::VARCHAR AND test_2e43b29093ed4594876f41a2c20feca7.grants.project_id = $2::VARCHAR AND test_2e43b29093ed4594876f41a2c20feca7.grants.resource_id = $3::VARCHAR AND test_2e43b29093ed4594876f41a2c20feca7.grants.tool_ref = $4::VARCHAR ORDER BY test_2e43b29093ed4594876f41a2c20feca7.grants.id FOR UPDATE
2026-10-08T04:59:32.443877400Z 2026-10-08 04:59:32.443 UTC [102] ERROR:  deadlock detected
2026-10-08T04:59:32.443902237Z 2026-10-08 04:59:32.443 UTC [102] DETAIL:  Process 102 waits for ShareLock on transaction 1010; blocked by process 101.
2026-10-08T04:59:32.443904781Z 	Process 101 waits for ShareLock on transaction 1011; blocked by process 102.
2026-10-08T04:59:32.443906934Z 	Process 102: SELECT test_20c92ccb6cea4fc4bbbaef4704c98d14.grants.id, test_20c92ccb6cea4fc4bbbaef4704c98d14.grants.principal_id, test_20c92ccb6cea4fc4bbbaef4704c98d14.grants.project_id, test_20c92ccb6cea4fc4bbbaef4704c98d14.grants.resource_id, test_20c92ccb6cea4fc4bbbaef4704c98d14.grants.tool_ref, test_20c92ccb6cea4fc4bbbaef4704c98d14.grants.expires_at, test_20c92ccb6cea4fc4bbbaef4704c98d14.grants.revision, test_20c92ccb6cea4fc4bbbaef4704c98d14.grants.revoked 
2026-10-08T04:59:32.443908917Z 	FROM test_20c92ccb6cea4fc4bbbaef4704c98d14.grants 
2026-10-08T04:59:32.443910339Z 	WHERE test_20c92ccb6cea4fc4bbbaef4704c98d14.grants.principal_id = $1::VARCHAR AND test_20c92ccb6cea4fc4bbbaef4704c98d14.grants.project_id = $2::VARCHAR AND test_20c92ccb6cea4fc4bbbaef4704c98d14.grants.resource_id = $3::VARCHAR AND test_20c92ccb6cea4fc4bbbaef4704c98d14.grants.tool_ref = $4::VARCHAR ORDER BY test_20c92ccb6cea4fc4bbbaef4704c98d14.grants.id FOR UPDATE
2026-10-08T04:59:32.444020581Z 	Process 101: SELECT test_20c92ccb6cea4fc4bbbaef4704c98d14.grants.id, test_20c92ccb6cea4fc4bbbaef4704c98d14.grants.principal_id, test_20c92ccb6cea4fc4bbbaef4704c98d14.grants.project_id, test_20c92ccb6cea4fc4bbbaef4704c98d14.grants.resource_id, test_20c92ccb6cea4fc4bbbaef4704c98d14.grants.tool_ref, test_20c92ccb6cea4fc4bbbaef4704c98d14.grants.expires_at, test_20c92ccb6cea4fc4bbbaef4704c98d14.grants.revision, test_20c92ccb6cea4fc4bbbaef4704c98d14.grants.revoked 
2026-10-08T04:59:32.444023345Z 	FROM test_20c92ccb6cea4fc4bbbaef4704c98d14.grants 
2026-10-08T04:59:32.444024517Z 	WHERE test_20c92ccb6cea4fc4bbbaef4704c98d14.grants.principal_id = $1::VARCHAR AND test_20c92ccb6cea4fc4bbbaef4704c98d14.grants.project_id = $2::VARCHAR AND test_20c92ccb6cea4fc4bbbaef4704c98d14.grants.resource_id = $3::VARCHAR AND test_20c92ccb6cea4fc4bbbaef4704c98d14.grants.tool_ref = $4::VARCHAR ORDER BY test_20c92ccb6cea4fc4bbbaef4704c98d14.grants.id FOR UPDATE
2026-10-08T04:59:32.444026911Z 2026-10-08 04:59:32.443 UTC [102] HINT:  See server log for query details.
2026-10-08T04:59:32.444028002Z 2026-10-08 04:59:32.443 UTC [102] CONTEXT:  while locking tuple (0,9) in relation "grants"
2026-10-08T04:59:32.444029304Z 2026-10-08 04:59:32.443 UTC [102] STATEMENT:  SELECT test_20c92ccb6cea4fc4bbbaef4704c98d14.grants.id, test_20c92ccb6cea4fc4bbbaef4704c98d14.grants.principal_id, test_20c92ccb6cea4fc4bbbaef4704c98d14.grants.project_id, test_20c92ccb6cea4fc4bbbaef4704c98d14.grants.resource_id, test_20c92ccb6cea4fc4bbbaef4704c98d14.grants.tool_ref, test_20c92ccb6cea4fc4bbbaef4704c98d14.grants.expires_at, test_20c92ccb6cea4fc4bbbaef4704c98d14.grants.revision, test_20c92ccb6cea4fc4bbbaef4704c98d14.grants.revoked 
2026-10-08T04:59:32.444030997Z 	FROM test_20c92ccb6cea4fc4bbbaef4704c98d14.grants 
2026-10-08T04:59:32.444032339Z 	WHERE test_20c92ccb6cea4fc4bbbaef4704c98d14.grants.principal_id = $1::VARCHAR AND test_20c92ccb6cea4fc4bbbaef4704c98d14.grants.project_id = $2::VARCHAR AND test_20c92ccb6cea4fc4bbbaef4704c98d14.grants.resource_id = $3::VARCHAR AND test_20c92ccb6cea4fc4bbbaef4704c98d14.grants.tool_ref = $4::VARCHAR ORDER BY test_20c92ccb6cea4fc4bbbaef4704c98d14.grants.id FOR UPDATE
