2026-10-10T04:32:36.2285663Z Current runner version: '2.337.0'
2026-10-10T04:32:36.2310724Z ##[group]Runner Image Provisioner
2026-10-10T04:32:36.2311540Z Hosted Compute Agent
2026-10-10T04:32:36.2312137Z Version: 20260901.588
2026-10-10T04:32:36.2312744Z Commit: f88ec8081b781fac6c440065ac7ff9e710ce3d0b
2026-10-10T04:32:36.2313500Z Build Date: 2026-09-01T19:56:44Z
2026-10-10T04:32:36.2314132Z Worker ID: {0346259a-4e5a-47d9-8f92-3829f4ce6941}
2026-10-10T04:32:36.2314816Z Azure Region: westus
2026-10-10T04:32:36.2315346Z ##[endgroup]
2026-10-10T04:32:36.2316713Z ##[group]Operating System
2026-10-10T04:32:36.2317363Z Microsoft Windows Server 2025
2026-10-10T04:32:36.2317926Z 10.0.26100
2026-10-10T04:32:36.2318388Z Datacenter
2026-10-10T04:32:36.2318912Z ##[endgroup]
2026-10-10T04:32:36.2319405Z ##[group]Runner Image
2026-10-10T04:32:36.2319990Z Image: windows-2025-vs2026
2026-10-10T04:32:36.2320539Z Version: 20260925.250.1
2026-10-10T04:32:36.2322340Z Included Software: https://github.com/actions/runner-images/blob/win25-vs2026/20260925.250/images/windows/Windows2025-VS2026-Readme.md
2026-10-10T04:32:36.2324227Z Image Release: https://github.com/actions/runner-images/releases/tag/win25-vs2026%2F20260925.250
2026-10-10T04:32:36.2325189Z ##[endgroup]
2026-10-10T04:32:36.2326203Z ##[group]GITHUB_TOKEN Permissions
2026-10-10T04:32:36.2328024Z Contents: read
2026-10-10T04:32:36.2328575Z Metadata: read
2026-10-10T04:32:36.2329072Z ##[endgroup]
2026-10-10T04:32:36.2331102Z Secret source: Actions
2026-10-10T04:32:36.2331986Z Cache mode: write
2026-10-10T04:32:36.2332669Z Prepare workflow directory
2026-10-10T04:32:36.2767981Z Prepare all required actions
2026-10-10T04:32:36.2838253Z Getting action download info
2026-10-10T04:32:36.6198482Z Download action repository 'actions/checkout@11d5960a326750d5838078e36cf38b85af677262' (SHA:11d5960a326750d5838078e36cf38b85af677262)
2026-10-10T04:32:36.7500804Z Download action repository 'actions/setup-python@a26af69be951a213d495a4c3e4e4022e16d87065' (SHA:a26af69be951a213d495a4c3e4e4022e16d87065)
2026-10-10T04:32:37.0319418Z Complete job name: native-mock
2026-10-10T04:32:37.1741490Z ##[group]Run actions/checkout@11d5960a326750d5838078e36cf38b85af677262
2026-10-10T04:32:37.1743205Z with:
2026-10-10T04:32:37.1743684Z   persist-credentials: false
2026-10-10T04:32:37.1744259Z   repository: T1doo/Sim2Act
2026-10-10T04:32:37.1749444Z   token: ***
2026-10-10T04:32:37.1749895Z   ssh-strict: true
2026-10-10T04:32:37.1750352Z   ssh-user: git
2026-10-10T04:32:37.1750790Z   clean: true
2026-10-10T04:32:37.1751260Z   sparse-checkout-cone-mode: true
2026-10-10T04:32:37.1751822Z   fetch-depth: 1
2026-10-10T04:32:37.1752273Z   fetch-tags: false
2026-10-10T04:32:37.1752742Z   show-progress: true
2026-10-10T04:32:37.1753211Z   lfs: false
2026-10-10T04:32:37.1753641Z   submodules: false
2026-10-10T04:32:37.1754110Z   set-safe-directory: true
2026-10-10T04:32:37.1754651Z   allow-unsafe-pr-checkout: false
2026-10-10T04:32:37.1755401Z env:
2026-10-10T04:32:37.1755781Z   SIM2ACT_MODEL_MODE: mock
2026-10-10T04:32:37.1756257Z   SIM2ACT_LIVE_ENABLED: false
2026-10-10T04:32:37.1756748Z   SIM2ACT_MODEL: intern-s2
2026-10-10T04:32:37.1757190Z   SIM2ACT_INTERN_TOKEN: 
2026-10-10T04:32:37.1757616Z   INTERN_API_TOKEN: 
2026-10-10T04:32:37.1758025Z   PYTHONUTF8: 1
2026-10-10T04:32:37.1758458Z   PIP_DISABLE_PIP_VERSION_CHECK: 1
2026-10-10T04:32:37.1758946Z   PIP_NO_CACHE_DIR: 1
2026-10-10T04:32:37.1759353Z ##[endgroup]
2026-10-10T04:32:37.3295111Z Syncing repository: T1doo/Sim2Act
2026-10-10T04:32:37.3297946Z ##[group]Getting Git version info
2026-10-10T04:32:37.3298787Z Working directory is 'D:\a\Sim2Act\Sim2Act'
2026-10-10T04:32:37.4273486Z [command]"C:\Program Files\Git\bin\git.exe" version
2026-10-10T04:32:37.7655376Z git version 2.55.0.windows.5
2026-10-10T04:32:37.7702785Z ##[endgroup]
2026-10-10T04:32:37.7721587Z Temporarily overriding HOME='D:\a\_temp\5e6770b6-3ccd-4738-a871-5270865dd9a4' before making global git config changes
2026-10-10T04:32:37.7723092Z Adding repository directory to the temporary git global config as a safe directory
2026-10-10T04:32:37.7733233Z [command]"C:\Program Files\Git\bin\git.exe" config --global --add safe.directory D:\a\Sim2Act\Sim2Act
2026-10-10T04:32:37.8458112Z Deleting the contents of 'D:\a\Sim2Act\Sim2Act'
2026-10-10T04:32:37.8464126Z ##[group]Initializing the repository
2026-10-10T04:32:37.8472540Z [command]"C:\Program Files\Git\bin\git.exe" init D:\a\Sim2Act\Sim2Act
2026-10-10T04:32:37.9255558Z Initialized empty Git repository in D:/a/Sim2Act/Sim2Act/.git/
2026-10-10T04:32:37.9298145Z [command]"C:\Program Files\Git\bin\git.exe" remote add origin https://github.com/T1doo/Sim2Act
2026-10-10T04:32:37.9896599Z ##[endgroup]
2026-10-10T04:32:37.9897993Z ##[group]Disabling automatic garbage collection
2026-10-10T04:32:37.9907344Z [command]"C:\Program Files\Git\bin\git.exe" config --local gc.auto 0
2026-10-10T04:32:38.0232450Z ##[endgroup]
2026-10-10T04:32:38.0233587Z ##[group]Setting up auth
2026-10-10T04:32:38.0245335Z [command]"C:\Program Files\Git\bin\git.exe" config --local --name-only --get-regexp core\.sshCommand
2026-10-10T04:32:38.0538075Z [command]"C:\Program Files\Git\bin\git.exe" submodule foreach --recursive "sh -c \"git config --local --name-only --get-regexp 'core\.sshCommand' && git config --local --unset-all 'core.sshCommand' || :\""
2026-10-10T04:32:39.3846610Z [command]"C:\Program Files\Git\bin\git.exe" config --local --name-only --get-regexp http\.https\:\/\/github\.com\/\.extraheader
2026-10-10T04:32:39.4145680Z [command]"C:\Program Files\Git\bin\git.exe" submodule foreach --recursive "sh -c \"git config --local --name-only --get-regexp 'http\.https\:\/\/github\.com\/\.extraheader' && git config --local --unset-all 'http.https://github.com/.extraheader' || :\""
2026-10-10T04:32:39.9262672Z [command]"C:\Program Files\Git\bin\git.exe" config --local --name-only --get-regexp ^includeIf\.gitdir:
2026-10-10T04:32:39.9558357Z [command]"C:\Program Files\Git\bin\git.exe" submodule foreach --recursive "git config --local --show-origin --name-only --get-regexp remote.origin.url"
2026-10-10T04:32:40.4905558Z [command]"C:\Program Files\Git\bin\git.exe" config --local http.https://github.com/.extraheader "AUTHORIZATION: basic ***"
2026-10-10T04:32:40.5205531Z ##[endgroup]
2026-10-10T04:32:40.5206067Z ##[group]Fetching the repository
2026-10-10T04:32:40.5219271Z [command]"C:\Program Files\Git\bin\git.exe" -c protocol.version=2 fetch --no-tags --prune --no-recurse-submodules --depth=1 origin +754f0c61dab111ada2db69bfeb8e8cccdfe2ad95:refs/remotes/origin/dev/f1-foundation
2026-10-10T04:32:42.8910512Z From https://github.com/T1doo/Sim2Act
2026-10-10T04:32:42.8911482Z  * [new ref]         754f0c61dab111ada2db69bfeb8e8cccdfe2ad95 -> origin/dev/f1-foundation
2026-10-10T04:32:42.8958159Z ##[endgroup]
2026-10-10T04:32:42.8959023Z ##[group]Determining the checkout info
2026-10-10T04:32:42.8960016Z ##[endgroup]
2026-10-10T04:32:42.8973385Z [command]"C:\Program Files\Git\bin\git.exe" sparse-checkout disable
2026-10-10T04:32:42.9428295Z [command]"C:\Program Files\Git\bin\git.exe" config --local --unset-all extensions.worktreeConfig
2026-10-10T04:32:42.9706559Z ##[group]Checking out the ref
2026-10-10T04:32:42.9715093Z [command]"C:\Program Files\Git\bin\git.exe" checkout --progress --force -B dev/f1-foundation refs/remotes/origin/dev/f1-foundation
2026-10-10T04:32:44.0610968Z Updating files:  42% (3021/7140)
2026-10-10T04:32:44.0838210Z Updating files:  43% (3071/7140)
2026-10-10T04:32:44.1181196Z Updating files:  44% (3142/7140)
2026-10-10T04:32:44.1397044Z Updating files:  45% (3213/7140)
2026-10-10T04:32:44.1562720Z Updating files:  46% (3285/7140)
2026-10-10T04:32:44.1776735Z Updating files:  47% (3356/7140)
2026-10-10T04:32:44.1961656Z Updating files:  48% (3428/7140)
2026-10-10T04:32:44.2167599Z Updating files:  49% (3499/7140)
2026-10-10T04:32:44.2432169Z Updating files:  50% (3570/7140)
2026-10-10T04:32:44.2653631Z Updating files:  51% (3642/7140)
2026-10-10T04:32:44.2887564Z Updating files:  52% (3713/7140)
2026-10-10T04:32:44.3052791Z Updating files:  53% (3785/7140)
2026-10-10T04:32:44.3314671Z Updating files:  54% (3856/7140)
2026-10-10T04:32:44.3556467Z Updating files:  55% (3927/7140)
2026-10-10T04:32:44.3730520Z Updating files:  56% (3999/7140)
2026-10-10T04:32:44.3904078Z Updating files:  57% (4070/7140)
2026-10-10T04:32:44.4083566Z Updating files:  58% (4142/7140)
2026-10-10T04:32:44.4272056Z Updating files:  59% (4213/7140)
2026-10-10T04:32:44.4435020Z Updating files:  60% (4284/7140)
2026-10-10T04:32:44.4605803Z Updating files:  61% (4356/7140)
2026-10-10T04:32:44.4782057Z Updating files:  62% (4427/7140)
2026-10-10T04:32:44.4972548Z Updating files:  63% (4499/7140)
2026-10-10T04:32:44.5171106Z Updating files:  64% (4570/7140)
2026-10-10T04:32:44.5359229Z Updating files:  65% (4641/7140)
2026-10-10T04:32:44.5557443Z Updating files:  66% (4713/7140)
2026-10-10T04:32:44.5747499Z Updating files:  67% (4784/7140)
2026-10-10T04:32:44.5941656Z Updating files:  68% (4856/7140)
2026-10-10T04:32:44.6132314Z Updating files:  69% (4927/7140)
2026-10-10T04:32:44.6301936Z Updating files:  70% (4998/7140)
2026-10-10T04:32:44.6514578Z Updating files:  71% (5070/7140)
2026-10-10T04:32:44.6885269Z Updating files:  72% (5141/7140)
2026-10-10T04:32:44.7068585Z Updating files:  73% (5213/7140)
2026-10-10T04:32:44.7231581Z Updating files:  74% (5284/7140)
2026-10-10T04:32:44.7394063Z Updating files:  75% (5355/7140)
2026-10-10T04:32:44.7580765Z Updating files:  76% (5427/7140)
2026-10-10T04:32:44.7824940Z Updating files:  77% (5498/7140)
2026-10-10T04:32:44.8053208Z Updating files:  78% (5570/7140)
2026-10-10T04:32:44.8267014Z Updating files:  79% (5641/7140)
2026-10-10T04:32:44.8486073Z Updating files:  80% (5712/7140)
2026-10-10T04:32:44.8744554Z Updating files:  81% (5784/7140)
2026-10-10T04:32:44.8972048Z Updating files:  82% (5855/7140)
2026-10-10T04:32:44.9161377Z Updating files:  83% (5927/7140)
2026-10-10T04:32:44.9357849Z Updating files:  84% (5998/7140)
2026-10-10T04:32:44.9823861Z Updating files:  85% (6069/7140)
2026-10-10T04:32:45.0844788Z Updating files:  86% (6141/7140)
2026-10-10T04:32:45.1250115Z Updating files:  86% (6142/7140)
2026-10-10T04:32:45.1433329Z Updating files:  87% (6212/7140)
2026-10-10T04:32:45.1624983Z Updating files:  88% (6284/7140)
2026-10-10T04:32:45.1767268Z Updating files:  89% (6355/7140)
2026-10-10T04:32:45.1925135Z Updating files:  90% (6426/7140)
2026-10-10T04:32:45.2087244Z Updating files:  91% (6498/7140)
2026-10-10T04:32:45.2493677Z Updating files:  92% (6569/7140)
2026-10-10T04:32:45.2963518Z Updating files:  93% (6641/7140)
2026-10-10T04:32:45.3778597Z Updating files:  94% (6712/7140)
2026-10-10T04:32:45.4005681Z Updating files:  95% (6783/7140)
2026-10-10T04:32:45.4234567Z Updating files:  96% (6855/7140)
2026-10-10T04:32:45.4402886Z Updating files:  97% (6926/7140)
2026-10-10T04:32:45.4597671Z Updating files:  98% (6998/7140)
2026-10-10T04:32:45.4785083Z Updating files:  99% (7069/7140)
2026-10-10T04:32:45.4786024Z Updating files: 100% (7140/7140)
2026-10-10T04:32:45.4786516Z Updating files: 100% (7140/7140), done.
2026-10-10T04:32:45.5031324Z Switched to a new branch 'dev/f1-foundation'
2026-10-10T04:32:45.5095065Z branch 'dev/f1-foundation' set up to track 'origin/dev/f1-foundation'.
2026-10-10T04:32:45.5197515Z ##[endgroup]
2026-10-10T04:32:45.5601530Z [command]"C:\Program Files\Git\bin\git.exe" log -1 --format=%H
2026-10-10T04:32:45.5880961Z 754f0c61dab111ada2db69bfeb8e8cccdfe2ad95
2026-10-10T04:32:45.5926880Z ##[group]Removing auth
2026-10-10T04:32:45.5936024Z [command]"C:\Program Files\Git\bin\git.exe" config --local --name-only --get-regexp core\.sshCommand
2026-10-10T04:32:45.6245727Z [command]"C:\Program Files\Git\bin\git.exe" submodule foreach --recursive "sh -c \"git config --local --name-only --get-regexp 'core\.sshCommand' && git config --local --unset-all 'core.sshCommand' || :\""
2026-10-10T04:32:46.1757106Z [command]"C:\Program Files\Git\bin\git.exe" config --local --name-only --get-regexp http\.https\:\/\/github\.com\/\.extraheader
2026-10-10T04:32:46.2012222Z http.https://github.com/.extraheader
2026-10-10T04:32:46.2058455Z [command]"C:\Program Files\Git\bin\git.exe" config --local --unset-all http.https://github.com/.extraheader
2026-10-10T04:32:46.2360745Z [command]"C:\Program Files\Git\bin\git.exe" submodule foreach --recursive "sh -c \"git config --local --name-only --get-regexp 'http\.https\:\/\/github\.com\/\.extraheader' && git config --local --unset-all 'http.https://github.com/.extraheader' || :\""
2026-10-10T04:32:46.8351963Z [command]"C:\Program Files\Git\bin\git.exe" config --local --name-only --get-regexp ^includeIf\.gitdir:
2026-10-10T04:32:46.8707366Z [command]"C:\Program Files\Git\bin\git.exe" submodule foreach --recursive "git config --local --show-origin --name-only --get-regexp remote.origin.url"
2026-10-10T04:32:47.4235018Z ##[endgroup]
2026-10-10T04:32:47.4710262Z ##[group]Run actions/setup-python@a26af69be951a213d495a4c3e4e4022e16d87065
2026-10-10T04:32:47.4710723Z with:
2026-10-10T04:32:47.4710924Z   python-version: 3.12.10
2026-10-10T04:32:47.4711158Z   architecture: x64
2026-10-10T04:32:47.4711354Z   check-latest: false
2026-10-10T04:32:47.4714099Z   token: ***
2026-10-10T04:32:47.4714295Z   update-environment: true
2026-10-10T04:32:47.4714522Z   allow-prereleases: false
2026-10-10T04:32:47.4714727Z   freethreaded: false
2026-10-10T04:32:47.4714906Z env:
2026-10-10T04:32:47.4715061Z   SIM2ACT_MODEL_MODE: mock
2026-10-10T04:32:47.4715266Z   SIM2ACT_LIVE_ENABLED: false
2026-10-10T04:32:47.4715486Z   SIM2ACT_MODEL: intern-s2
2026-10-10T04:32:47.4715688Z   SIM2ACT_INTERN_TOKEN: 
2026-10-10T04:32:47.4715879Z   INTERN_API_TOKEN: 
2026-10-10T04:32:47.4716298Z   PYTHONUTF8: 1
2026-10-10T04:32:47.4716618Z   PIP_DISABLE_PIP_VERSION_CHECK: 1
2026-10-10T04:32:47.4716951Z   PIP_NO_CACHE_DIR: 1
2026-10-10T04:32:47.4717176Z ##[endgroup]
2026-10-10T04:32:47.6420745Z ##[group]Installed versions
2026-10-10T04:32:47.6482306Z (node:7420) [DEP0040] DeprecationWarning: The `punycode` module is deprecated. Please use a userland alternative instead.
2026-10-10T04:32:47.6483035Z (Use `node --trace-deprecation ...` to show where the warning was created)
2026-10-10T04:32:47.6484319Z Successfully set up CPython (3.12.10)
2026-10-10T04:32:47.6485809Z ##[endgroup]
2026-10-10T04:32:47.6796872Z ##[group]Run ./scripts/WindowsCI.ps1 -Phase Setup
2026-10-10T04:32:47.6797393Z [36;1m./scripts/WindowsCI.ps1 -Phase Setup[0m
2026-10-10T04:32:47.7561077Z shell: C:\Program Files\PowerShell\7\pwsh.EXE -command ". '{0}'"
2026-10-10T04:32:47.7561536Z env:
2026-10-10T04:32:47.7561775Z   SIM2ACT_MODEL_MODE: mock
2026-10-10T04:32:47.7562058Z   SIM2ACT_LIVE_ENABLED: false
2026-10-10T04:32:47.7562356Z   SIM2ACT_MODEL: intern-s2
2026-10-10T04:32:47.7562625Z   SIM2ACT_INTERN_TOKEN: 
2026-10-10T04:32:47.7562885Z   INTERN_API_TOKEN: 
2026-10-10T04:32:47.7563125Z   PYTHONUTF8: 1
2026-10-10T04:32:47.7563377Z   PIP_DISABLE_PIP_VERSION_CHECK: 1
2026-10-10T04:32:47.7563687Z   PIP_NO_CACHE_DIR: 1
2026-10-10T04:32:47.7564045Z   pythonLocation: C:\hostedtoolcache\windows\Python\3.12.10\x64
2026-10-10T04:32:47.7564687Z   PKG_CONFIG_PATH: C:\hostedtoolcache\windows\Python\3.12.10\x64/lib/pkgconfig
2026-10-10T04:32:47.7565322Z   Python_ROOT_DIR: C:\hostedtoolcache\windows\Python\3.12.10\x64
2026-10-10T04:32:47.7565839Z   Python2_ROOT_DIR: C:\hostedtoolcache\windows\Python\3.12.10\x64
2026-10-10T04:32:47.7566352Z   Python3_ROOT_DIR: C:\hostedtoolcache\windows\Python\3.12.10\x64
2026-10-10T04:32:47.7566755Z ##[endgroup]
2026-10-10T04:32:48.4079251Z {"commit":"754f0c61dab111ada2db69bfeb8e8cccdfe2ad95","runner":"windows-2025","image":"20260925.250.1","os_caption":"Microsoft Windows Server 2025 Datacenter","os_version":"10.0.26100","os_build":"26100","powershell":"7.6.6","admin_context":true,"uac_enable_lua":1,"win11_acceptance":"NOT_RUN - Windows Server is not Windows 11","model":"MOCK; real model budget 0","database":"native temporary localhost cluster"}
2026-10-10T04:32:49.0225257Z Python 3.12.10 native x64 PASS
2026-10-10T04:32:49.6921229Z The files belonging to this database system will be owned by user "runneradmin".
2026-10-10T04:32:49.6921847Z This user must also own the server process.
2026-10-10T04:32:49.6922107Z 
2026-10-10T04:32:49.7042382Z The database cluster will be initialized with locale "C".
2026-10-10T04:32:49.7043145Z The default text search configuration will be set to "english".
2026-10-10T04:32:49.7043470Z 
2026-10-10T04:32:49.7043600Z Data page checksums are disabled.
2026-10-10T04:32:49.7044299Z 
2026-10-10T04:32:49.7049738Z creating directory D:/a/_temp/sim2act-native-38024430136-1/pgdata ... ok
2026-10-10T04:32:49.7072867Z creating subdirectories ... ok
2026-10-10T04:32:49.7077714Z selecting dynamic shared memory implementation ... windows
2026-10-10T04:32:50.4912100Z selecting default "max_connections" ... 100
2026-10-10T04:32:50.5270447Z selecting default "shared_buffers" ... 128MB
2026-10-10T04:32:50.5395606Z selecting default time zone ... UTC
2026-10-10T04:32:50.5629561Z creating configuration files ... ok
2026-10-10T04:32:51.0872216Z running bootstrap script ... ok
2026-10-10T04:32:52.7120823Z performing post-bootstrap initialization ... ok
2026-10-10T04:32:52.9509102Z syncing data to disk ... ok
2026-10-10T04:32:52.9509520Z 
2026-10-10T04:32:52.9509721Z Success. You can now start the database server using:
2026-10-10T04:32:52.9510393Z 
2026-10-10T04:32:52.9511528Z     ^"C^:^\Program^ Files^\PostgreSQL^\17^\bin^\pg^_ctl^" -D ^"D^:^\a^\^_temp^\sim2act^-native^-38024430136^-1^\pgdata^" -l logfile start
2026-10-10T04:32:52.9512249Z 
2026-10-10T04:32:53.1233731Z waiting for server to start.... done
2026-10-10T04:32:53.1248277Z server started
2026-10-10T04:32:53.1517249Z postgres (PostgreSQL) 17.11
2026-10-10T04:32:53.4847037Z PASS: real py -3.12 launcher selects 3.12.10 x64 at C:\hostedtoolcache\windows\Python\3.12.10\x64\python.exe
2026-10-10T04:33:00.8120690Z Collecting annotated-doc==0.0.5 (from -r requirements-windows.lock (line 4))
2026-10-10T04:33:00.8649158Z   Downloading annotated_doc-0.0.5-py3-none-any.whl.metadata (6.5 kB)
2026-10-10T04:33:00.8833643Z Collecting annotated-types==0.8.0 (from -r requirements-windows.lock (line 5))
2026-10-10T04:33:00.8940120Z   Downloading annotated_types-0.8.0-py3-none-any.whl.metadata (15 kB)
2026-10-10T04:33:00.9276149Z Collecting anyio==4.15.1 (from -r requirements-windows.lock (line 6))
2026-10-10T04:33:00.9395381Z   Downloading anyio-4.15.1-py3-none-any.whl.metadata (4.7 kB)
2026-10-10T04:33:00.9652941Z Collecting certifi==2026.7.22 (from -r requirements-windows.lock (line 7))
2026-10-10T04:33:00.9761534Z   Downloading certifi-2026.7.22-py3-none-any.whl.metadata (2.5 kB)
2026-10-10T04:33:01.0006970Z Collecting click==8.5.0 (from -r requirements-windows.lock (line 8))
2026-10-10T04:33:01.0113131Z   Downloading click-8.5.0-py3-none-any.whl.metadata (2.6 kB)
2026-10-10T04:33:01.0692584Z Collecting fastapi==0.135.1 (from -r requirements-windows.lock (line 9))
2026-10-10T04:33:01.0855054Z   Downloading fastapi-0.135.1-py3-none-any.whl.metadata (30 kB)
2026-10-10T04:33:01.2426644Z Collecting greenlet==3.5.6 (from -r requirements-windows.lock (line 10))
2026-10-10T04:33:01.2543794Z   Downloading greenlet-3.5.6-cp312-cp312-win_amd64.whl.metadata (3.9 kB)
2026-10-10T04:33:01.2733423Z Collecting h11==0.16.0 (from -r requirements-windows.lock (line 11))
2026-10-10T04:33:01.2841242Z   Downloading h11-0.16.0-py3-none-any.whl.metadata (8.3 kB)
2026-10-10T04:33:01.3072184Z Collecting httpcore==1.0.9 (from -r requirements-windows.lock (line 12))
2026-10-10T04:33:01.3180054Z   Downloading httpcore-1.0.9-py3-none-any.whl.metadata (21 kB)
2026-10-10T04:33:01.3442902Z Collecting httpx==0.28.1 (from -r requirements-windows.lock (line 13))
2026-10-10T04:33:01.3550706Z   Downloading httpx-0.28.1-py3-none-any.whl.metadata (7.1 kB)
2026-10-10T04:33:01.3774576Z Collecting idna==3.20 (from -r requirements-windows.lock (line 14))
2026-10-10T04:33:01.3905187Z   Downloading idna-3.20-py3-none-any.whl.metadata (7.2 kB)
2026-10-10T04:33:01.4139569Z Collecting iniconfig==2.3.0 (from -r requirements-windows.lock (line 15))
2026-10-10T04:33:01.4248027Z   Downloading iniconfig-2.3.0-py3-none-any.whl.metadata (2.5 kB)
2026-10-10T04:33:01.5425167Z Collecting librt==0.16.0 (from -r requirements-windows.lock (line 16))
2026-10-10T04:33:01.5557873Z   Downloading librt-0.16.0-cp312-cp312-win_amd64.whl.metadata (1.3 kB)
2026-10-10T04:33:01.6573202Z Collecting mypy==1.19.1 (from -r requirements-windows.lock (line 17))
2026-10-10T04:33:01.6708231Z   Downloading mypy-1.19.1-cp312-cp312-win_amd64.whl.metadata (2.3 kB)
2026-10-10T04:33:01.6884345Z Collecting mypy_extensions==1.1.0 (from -r requirements-windows.lock (line 18))
2026-10-10T04:33:01.6989496Z   Downloading mypy_extensions-1.1.0-py3-none-any.whl.metadata (1.1 kB)
2026-10-10T04:33:01.7189616Z Collecting packaging==26.3 (from -r requirements-windows.lock (line 19))
2026-10-10T04:33:01.7300696Z   Downloading packaging-26.3-py3-none-any.whl.metadata (3.5 kB)
2026-10-10T04:33:01.7477880Z Collecting pathspec==1.1.1 (from -r requirements-windows.lock (line 20))
2026-10-10T04:33:01.7585169Z   Downloading pathspec-1.1.1-py3-none-any.whl.metadata (14 kB)
2026-10-10T04:33:01.7776815Z Collecting pluggy==1.6.0 (from -r requirements-windows.lock (line 21))
2026-10-10T04:33:01.7882289Z   Downloading pluggy-1.6.0-py3-none-any.whl.metadata (4.8 kB)
2026-10-10T04:33:01.8614558Z Collecting psutil==7.2.2 (from -r requirements-windows.lock (line 22))
2026-10-10T04:33:01.8729866Z   Downloading psutil-7.2.2-cp37-abi3-win_amd64.whl.metadata (22 kB)
2026-10-10T04:33:01.9008176Z Collecting psycopg==3.3.3 (from -r requirements-windows.lock (line 23))
2026-10-10T04:33:01.9127134Z   Downloading psycopg-3.3.3-py3-none-any.whl.metadata (4.3 kB)
2026-10-10T04:33:02.0531627Z Collecting psycopg-binary==3.3.3 (from -r requirements-windows.lock (line 24))
2026-10-10T04:33:02.0648335Z   Downloading psycopg_binary-3.3.3-cp312-cp312-win_amd64.whl.metadata (2.7 kB)
2026-10-10T04:33:02.1612109Z Collecting pydantic==2.12.5 (from -r requirements-windows.lock (line 25))
2026-10-10T04:33:02.1726534Z   Downloading pydantic-2.12.5-py3-none-any.whl.metadata (90 kB)
2026-10-10T04:33:02.7724329Z Collecting pydantic_core==2.41.5 (from -r requirements-windows.lock (line 26))
2026-10-10T04:33:02.7853932Z   Downloading pydantic_core-2.41.5-cp312-cp312-win_amd64.whl.metadata (7.4 kB)
2026-10-10T04:33:02.8091941Z Collecting Pygments==2.21.0 (from -r requirements-windows.lock (line 27))
2026-10-10T04:33:02.8197661Z   Downloading pygments-2.21.0-py3-none-any.whl.metadata (2.5 kB)
2026-10-10T04:33:02.8517618Z Collecting pytest==9.0.2 (from -r requirements-windows.lock (line 28))
2026-10-10T04:33:02.8635351Z   Downloading pytest-9.0.2-py3-none-any.whl.metadata (7.6 kB)
2026-10-10T04:33:03.1788935Z Collecting ruff==0.15.6 (from -r requirements-windows.lock (line 29))
2026-10-10T04:33:03.1926714Z   Downloading ruff-0.15.6-py3-none-win_amd64.whl.metadata (27 kB)
2026-10-10T04:33:03.4435667Z Collecting SQLAlchemy==2.0.48 (from -r requirements-windows.lock (line 30))
2026-10-10T04:33:03.4563359Z   Downloading sqlalchemy-2.0.48-cp312-cp312-win_amd64.whl.metadata (9.8 kB)
2026-10-10T04:33:03.4953770Z Collecting starlette==1.7.0 (from -r requirements-windows.lock (line 31))
2026-10-10T04:33:03.5059219Z   Downloading starlette-1.7.0-py3-none-any.whl.metadata (6.6 kB)
2026-10-10T04:33:03.5242075Z Collecting typing-inspection==0.4.4 (from -r requirements-windows.lock (line 32))
2026-10-10T04:33:03.5421480Z   Downloading typing_inspection-0.4.4-py3-none-any.whl.metadata (2.6 kB)
2026-10-10T04:33:03.5637891Z Collecting typing_extensions==4.16.0 (from -r requirements-windows.lock (line 33))
2026-10-10T04:33:03.5754880Z   Downloading typing_extensions-4.16.0-py3-none-any.whl.metadata (3.3 kB)
2026-10-10T04:33:03.6068098Z Collecting uvicorn==0.42.0 (from -r requirements-windows.lock (line 34))
2026-10-10T04:33:03.6213990Z   Downloading uvicorn-0.42.0-py3-none-any.whl.metadata (6.7 kB)
2026-10-10T04:33:03.6436698Z Collecting colorama==0.4.6 (from -r requirements-windows.lock (line 35))
2026-10-10T04:33:03.6539746Z   Downloading colorama-0.4.6-py2.py3-none-any.whl.metadata (17 kB)
2026-10-10T04:33:03.6744532Z Collecting tzdata==2026.5 (from -r requirements-windows.lock (line 36))
2026-10-10T04:33:03.6850000Z   Downloading tzdata-2026.5-py2.py3-none-any.whl.metadata (1.4 kB)
2026-10-10T04:33:03.7952588Z Collecting setuptools==82.0.1 (from -r requirements-windows.lock (line 37))
2026-10-10T04:33:03.8061512Z   Downloading setuptools-82.0.1-py3-none-any.whl.metadata (6.5 kB)
2026-10-10T04:33:03.8183607Z Requirement already satisfied: pip==25.0.1 in d:\a\sim2act\sim2act\.venv\lib\site-packages (from -r requirements-windows.lock (line 38)) (25.0.1)
2026-10-10T04:33:03.8529590Z Downloading annotated_doc-0.0.5-py3-none-any.whl (5.3 kB)
2026-10-10T04:33:03.8639868Z Downloading annotated_types-0.8.0-py3-none-any.whl (13 kB)
2026-10-10T04:33:03.8749545Z Downloading anyio-4.15.1-py3-none-any.whl (132 kB)
2026-10-10T04:33:03.8929463Z Downloading certifi-2026.7.22-py3-none-any.whl (136 kB)
2026-10-10T04:33:03.9045768Z Downloading click-8.5.0-py3-none-any.whl (125 kB)
2026-10-10T04:33:03.9152681Z Downloading fastapi-0.135.1-py3-none-any.whl (116 kB)
2026-10-10T04:33:03.9265288Z Downloading greenlet-3.5.6-cp312-cp312-win_amd64.whl (324 kB)
2026-10-10T04:33:03.9460344Z Downloading h11-0.16.0-py3-none-any.whl (37 kB)
2026-10-10T04:33:03.9563466Z Downloading httpcore-1.0.9-py3-none-any.whl (78 kB)
2026-10-10T04:33:03.9673662Z Downloading httpx-0.28.1-py3-none-any.whl (73 kB)
2026-10-10T04:33:03.9781338Z Downloading idna-3.20-py3-none-any.whl (69 kB)
2026-10-10T04:33:03.9887253Z Downloading iniconfig-2.3.0-py3-none-any.whl (7.5 kB)
2026-10-10T04:33:04.0000647Z Downloading librt-0.16.0-cp312-cp312-win_amd64.whl (126 kB)
2026-10-10T04:33:04.0120553Z Downloading mypy-1.19.1-cp312-cp312-win_amd64.whl (10.1 MB)
2026-10-10T04:33:04.1132344Z    ---------------------------------------- 10.1/10.1 MB 104.9 MB/s eta 0:00:00
2026-10-10T04:33:04.1232526Z Downloading mypy_extensions-1.1.0-py3-none-any.whl (5.0 kB)
2026-10-10T04:33:04.1347240Z Downloading packaging-26.3-py3-none-any.whl (129 kB)
2026-10-10T04:33:04.1468240Z Downloading pathspec-1.1.1-py3-none-any.whl (57 kB)
2026-10-10T04:33:04.1573764Z Downloading pluggy-1.6.0-py3-none-any.whl (20 kB)
2026-10-10T04:33:04.1681033Z Downloading psutil-7.2.2-cp37-abi3-win_amd64.whl (137 kB)
2026-10-10T04:33:04.1788657Z Downloading psycopg-3.3.3-py3-none-any.whl (212 kB)
2026-10-10T04:33:04.1904244Z Downloading psycopg_binary-3.3.3-cp312-cp312-win_amd64.whl (3.5 MB)
2026-10-10T04:33:04.2238603Z    ---------------------------------------- 3.5/3.5 MB 106.0 MB/s eta 0:00:00
2026-10-10T04:33:04.2341184Z Downloading pydantic-2.12.5-py3-none-any.whl (463 kB)
2026-10-10T04:33:04.2500591Z Downloading pydantic_core-2.41.5-cp312-cp312-win_amd64.whl (2.0 MB)
2026-10-10T04:33:04.2668567Z    ---------------------------------------- 2.0/2.0 MB ? eta 0:00:00
2026-10-10T04:33:04.2774068Z Downloading pygments-2.21.0-py3-none-any.whl (1.3 MB)
2026-10-10T04:33:04.2814989Z    ---------------------------------------- 1.3/1.3 MB ? eta 0:00:00
2026-10-10T04:33:04.2918663Z Downloading pytest-9.0.2-py3-none-any.whl (374 kB)
2026-10-10T04:33:04.3043476Z Downloading ruff-0.15.6-py3-none-win_amd64.whl (11.8 MB)
2026-10-10T04:33:04.3765750Z    ---------------------------------------- 11.8/11.8 MB 185.9 MB/s eta 0:00:00
2026-10-10T04:33:04.3877917Z Downloading sqlalchemy-2.0.48-cp312-cp312-win_amd64.whl (2.1 MB)
2026-10-10T04:33:04.4024312Z    ---------------------------------------- 2.1/2.1 MB 117.5 MB/s eta 0:00:00
2026-10-10T04:33:04.4125535Z Downloading starlette-1.7.0-py3-none-any.whl (78 kB)
2026-10-10T04:33:04.4232534Z Downloading typing_inspection-0.4.4-py3-none-any.whl (14 kB)
2026-10-10T04:33:04.4335576Z Downloading typing_extensions-4.16.0-py3-none-any.whl (45 kB)
2026-10-10T04:33:04.4536065Z Downloading uvicorn-0.42.0-py3-none-any.whl (68 kB)
2026-10-10T04:33:04.4668791Z Downloading colorama-0.4.6-py2.py3-none-any.whl (25 kB)
2026-10-10T04:33:04.4772896Z Downloading tzdata-2026.5-py2.py3-none-any.whl (347 kB)
2026-10-10T04:33:04.4886236Z Downloading setuptools-82.0.1-py3-none-any.whl (1.0 MB)
2026-10-10T04:33:04.4935412Z    ---------------------------------------- 1.0/1.0 MB ? eta 0:00:00
2026-10-10T04:33:04.6176266Z Installing collected packages: uvicorn, tzdata, typing-inspection, typing_extensions, starlette, SQLAlchemy, setuptools, ruff, pytest, Pygments, pydantic_core, pydantic, psycopg-binary, psycopg, psutil, pluggy, pathspec, packaging, mypy_extensions, mypy, librt, iniconfig, idna, httpx, httpcore, h11, greenlet, fastapi, colorama, click, certifi, anyio, annotated-types, annotated-doc
2026-10-10T04:33:12.9230338Z Successfully installed Pygments-2.21.0 SQLAlchemy-2.0.48 annotated-doc-0.0.5 annotated-types-0.8.0 anyio-4.15.1 certifi-2026.7.22 click-8.5.0 colorama-0.4.6 fastapi-0.135.1 greenlet-3.5.6 h11-0.16.0 httpcore-1.0.9 httpx-0.28.1 idna-3.20 iniconfig-2.3.0 librt-0.16.0 mypy-1.19.1 mypy_extensions-1.1.0 packaging-26.3 pathspec-1.1.1 pluggy-1.6.0 psutil-7.2.2 psycopg-3.3.3 psycopg-binary-3.3.3 pydantic-2.12.5 pydantic_core-2.41.5 pytest-9.0.2 ruff-0.15.6 setuptools-82.0.1 starlette-1.7.0 typing-inspection-0.4.4 typing_extensions-4.16.0 tzdata-2026.5 uvicorn-0.42.0
2026-10-10T04:33:14.6357847Z Obtaining file:///D:/a/Sim2Act/Sim2Act
2026-10-10T04:33:14.6388814Z   Checking if build backend supports build_editable: started
2026-10-10T04:33:14.9145506Z   Checking if build backend supports build_editable: finished with status 'done'
2026-10-10T04:33:14.9172250Z   Preparing editable metadata (pyproject.toml): started
2026-10-10T04:33:15.2962619Z   Preparing editable metadata (pyproject.toml): finished with status 'done'
2026-10-10T04:33:15.3044055Z Building wheels for collected packages: sim2act
2026-10-10T04:33:15.3071452Z   Building editable for sim2act (pyproject.toml): started
2026-10-10T04:33:15.7241164Z   Building editable for sim2act (pyproject.toml): finished with status 'done'
2026-10-10T04:33:15.7264228Z   Created wheel for sim2act: filename=sim2act-0.1.0-0.editable-py3-none-any.whl size=1278 sha256=61ab9044a838bca7270e1ed210e192209199553fcd31705efabae26139b33b94
2026-10-10T04:33:15.7266672Z   Stored in directory: C:\Users\runneradmin\AppData\Local\Temp\pip-ephem-wheel-cache-5nidplgh\wheels\4d\d2\f1\bd6834bf0b39692cb1a8efe0e44a66da218b1ea515b9d7f9ef
2026-10-10T04:33:15.7311111Z Successfully built sim2act
2026-10-10T04:33:15.7314303Z Installing collected packages: sim2act
2026-10-10T04:33:15.7425749Z Successfully installed sim2act-0.1.0
2026-10-10T04:33:16.2193754Z No broken requirements found.
2026-10-10T04:33:17.2046207Z Schema initialized; keep migration role separate from runtime role.
2026-10-10T04:33:17.4043237Z {"result": "PASS", "coverage": "Setup-created venv; exact Windows installed dependency set", "python": "3.12.10", "base_interpreter": "C:\\hostedtoolcache\\windows\\Python\\3.12.10\\x64", "venv": "D:\\a\\Sim2Act\\Sim2Act\\.venv", "lock_sha256": "a47e5137193a935ba825b213627c962dd315a657d43d087d07a240da208a9f66", "installed_packages": {"annotated-doc": "0.0.5", "annotated-types": "0.8.0", "anyio": "4.15.1", "certifi": "2026.7.22", "click": "8.5.0", "colorama": "0.4.6", "fastapi": "0.135.1", "greenlet": "3.5.6", "h11": "0.16.0", "httpcore": "1.0.9", "httpx": "0.28.1", "idna": "3.20", "iniconfig": "2.3.0", "librt": "0.16.0", "mypy": "1.19.1", "mypy-extensions": "1.1.0", "packaging": "26.3", "pathspec": "1.1.1", "pip": "25.0.1", "pluggy": "1.6.0", "psutil": "7.2.2", "psycopg": "3.3.3", "psycopg-binary": "3.3.3", "pydantic": "2.12.5", "pydantic-core": "2.41.5", "pygments": "2.21.0", "pytest": "9.0.2", "ruff": "0.15.6", "setuptools": "82.0.1", "sim2act": "0.1.0", "sqlalchemy": "2.0.48", "starlette": "1.7.0", "typing-extensions": "4.16.0", "typing-inspection": "0.4.4", "tzdata": "2026.5", "uvicorn": "0.42.0"}}
2026-10-10T04:33:17.5284608Z CREATE ROLE
2026-10-10T04:33:17.5289042Z REVOKE
2026-10-10T04:33:17.5297187Z GRANT
2026-10-10T04:33:17.5312912Z GRANT
2026-10-10T04:33:22.6122191Z ##[group]Run ./.venv/Scripts/python.exe scripts/windows_ci_smoke.py
2026-10-10T04:33:22.6122969Z [36;1m./.venv/Scripts/python.exe scripts/windows_ci_smoke.py[0m
2026-10-10T04:33:22.6198575Z shell: C:\Program Files\PowerShell\7\pwsh.EXE -command ". '{0}'"
2026-10-10T04:33:22.6198926Z env:
2026-10-10T04:33:22.6199115Z   SIM2ACT_MODEL_MODE: mock
2026-10-10T04:33:22.6199341Z   SIM2ACT_LIVE_ENABLED: false
2026-10-10T04:33:22.6199576Z   SIM2ACT_MODEL: intern-s2
2026-10-10T04:33:22.6199794Z   SIM2ACT_INTERN_TOKEN: 
2026-10-10T04:33:22.6199996Z   INTERN_API_TOKEN: 
2026-10-10T04:33:22.6200190Z   PYTHONUTF8: 1
2026-10-10T04:33:22.6200386Z   PIP_DISABLE_PIP_VERSION_CHECK: 1
2026-10-10T04:33:22.6200626Z   PIP_NO_CACHE_DIR: 1
2026-10-10T04:33:22.6200924Z   pythonLocation: C:\hostedtoolcache\windows\Python\3.12.10\x64
2026-10-10T04:33:22.6201377Z   PKG_CONFIG_PATH: C:\hostedtoolcache\windows\Python\3.12.10\x64/lib/pkgconfig
2026-10-10T04:33:22.6201864Z   Python_ROOT_DIR: C:\hostedtoolcache\windows\Python\3.12.10\x64
2026-10-10T04:33:22.6202553Z   Python2_ROOT_DIR: C:\hostedtoolcache\windows\Python\3.12.10\x64
2026-10-10T04:33:22.6202957Z   Python3_ROOT_DIR: C:\hostedtoolcache\windows\Python\3.12.10\x64
2026-10-10T04:33:22.6203382Z   SIM2ACT_CI_CONFIG: D:\a\_temp\sim2act-native-38024430136-1\runtime.env
2026-10-10T04:33:22.6203722Z ##[endgroup]
2026-10-10T04:33:38.9977938Z PASS: native PowerShell Doctor/Start/Status/Stop; separate API-worker; runtime DDL denied; accepted/idempotent/verified42; restart persistence; Chinese spaced data directory. Win11 acceptance NOT_RUN.
2026-10-10T04:33:39.1881874Z ##[group]Run ./scripts/WindowsCI.ps1 -Phase Test
2026-10-10T04:33:39.1882574Z [36;1m./scripts/WindowsCI.ps1 -Phase Test[0m
2026-10-10T04:33:39.1956875Z shell: C:\Program Files\PowerShell\7\pwsh.EXE -command ". '{0}'"
2026-10-10T04:33:39.1957229Z env:
2026-10-10T04:33:39.1957416Z   SIM2ACT_MODEL_MODE: mock
2026-10-10T04:33:39.1957653Z   SIM2ACT_LIVE_ENABLED: false
2026-10-10T04:33:39.1957883Z   SIM2ACT_MODEL: intern-s2
2026-10-10T04:33:39.1958124Z   SIM2ACT_INTERN_TOKEN: 
2026-10-10T04:33:39.1958331Z   INTERN_API_TOKEN: 
2026-10-10T04:33:39.1958530Z   PYTHONUTF8: 1
2026-10-10T04:33:39.1958738Z   PIP_DISABLE_PIP_VERSION_CHECK: 1
2026-10-10T04:33:39.1958980Z   PIP_NO_CACHE_DIR: 1
2026-10-10T04:33:39.1959274Z   pythonLocation: C:\hostedtoolcache\windows\Python\3.12.10\x64
2026-10-10T04:33:39.1959770Z   PKG_CONFIG_PATH: C:\hostedtoolcache\windows\Python\3.12.10\x64/lib/pkgconfig
2026-10-10T04:33:39.1960283Z   Python_ROOT_DIR: C:\hostedtoolcache\windows\Python\3.12.10\x64
2026-10-10T04:33:39.1960696Z   Python2_ROOT_DIR: C:\hostedtoolcache\windows\Python\3.12.10\x64
2026-10-10T04:33:39.1961105Z   Python3_ROOT_DIR: C:\hostedtoolcache\windows\Python\3.12.10\x64
2026-10-10T04:33:39.1961538Z   SIM2ACT_CI_CONFIG: D:\a\_temp\sim2act-native-38024430136-1\runtime.env
2026-10-10T04:33:39.1961887Z ##[endgroup]
2026-10-10T04:33:39.8462689Z All checks passed!
2026-10-10T04:33:51.7460574Z Success: no issues found in 55 source files
2026-10-10T04:34:42.8613001Z .........................................sF............................. [  3%]
2026-10-10T04:35:14.3976148Z ........................F............................................... [  6%]
2026-10-10T04:36:33.7942440Z ....................................s....................F.............. [  9%]
2026-10-10T04:38:09.1323157Z ...........................................FFF..................sss..... [ 12%]
2026-10-10T04:38:59.4198037Z .........................s.........sss.................................. [ 16%]
2026-10-10T04:39:58.2349639Z ..............sss....................................................... [ 19%]
2026-10-10T04:41:28.4266233Z ...................FFFFFF..........................................FFF.. [ 22%]
2026-10-10T04:43:38.8269550Z ........................................................................ [ 25%]
2026-10-10T04:45:59.3728460Z ..........s....FF........................Fss............................ [ 29%]
2026-10-10T04:46:50.9223694Z ..................FFFFFFFF.......................................sssssss [ 32%]
2026-10-10T04:46:51.3997573Z ssssssssssssssss........................................................ [ 35%]
2026-10-10T04:47:36.6742937Z Traceback (most recent call last):
2026-10-10T04:47:36.6754842Z   File "D:\a\Sim2Act\Sim2Act\.venv\Lib\site-packages\sqlalchemy\engine\base.py", line 143, in __init__
2026-10-10T04:47:36.6756319Z     self._dbapi_connection = engine.raw_connection()
2026-10-10T04:47:36.6757121Z                              ^^^^^^^^^^^^^^^^^^^^^^^
2026-10-10T04:47:36.6758521Z   File "D:\a\Sim2Act\Sim2Act\.venv\Lib\site-packages\sqlalchemy\engine\base.py", line 3317, in raw_connection
2026-10-10T04:47:36.6759604Z     return self.pool.connect()
2026-10-10T04:47:36.6760149Z            ^^^^^^^^^^^^^^^^^^^
2026-10-10T04:47:36.6760706Z   File "D:\a\Sim2Act\Sim2Act\.venv\Lib\site-packages\sqlalchemy\pool\base.py", line 448, in connect
2026-10-10T04:47:36.6762802Z     return _ConnectionFairy._checkout(self)
2026-10-10T04:47:36.6763481Z            ^^^^^^^^^^^^^^^^^^^^^^^^^^^^^^^^
2026-10-10T04:47:36.6764372Z   File "D:\a\Sim2Act\Sim2Act\.venv\Lib\site-packages\sqlalchemy\pool\base.py", line 1272, in _checkout
2026-10-10T04:47:36.6768844Z     fairy = _ConnectionRecord.checkout(pool)
2026-10-10T04:47:36.6769607Z             ^^^^^^^^^^^^^^^^^^^^^^^^^^^^^^^^
2026-10-10T04:47:36.6770565Z   File "D:\a\Sim2Act\Sim2Act\.venv\Lib\site-packages\sqlalchemy\pool\base.py", line 717, in checkout
2026-10-10T04:47:36.6773564Z     with util.safe_reraise():
2026-10-10T04:47:36.6777797Z          ^^^^^^^^^^^^^^^^^^^
2026-10-10T04:47:36.6778549Z   File "D:\a\Sim2Act\Sim2Act\.venv\Lib\site-packages\sqlalchemy\util\langhelpers.py", line 121, in __exit__
2026-10-10T04:47:36.6779210Z     raise exc_value.with_traceback(exc_tb)
2026-10-10T04:47:36.6780189Z   File "D:\a\Sim2Act\Sim2Act\.venv\Lib\site-packages\sqlalchemy\pool\base.py", line 715, in checkout
2026-10-10T04:47:36.6781197Z     dbapi_connection = rec.get_connection()
2026-10-10T04:47:36.6781681Z                        ^^^^^^^^^^^^^^^^^^^^
2026-10-10T04:47:36.6782277Z   File "D:\a\Sim2Act\Sim2Act\.venv\Lib\site-packages\sqlalchemy\pool\base.py", line 837, in get_connection
2026-10-10T04:47:36.6784519Z     self.__connect()
2026-10-10T04:47:36.6785433Z   File "D:\a\Sim2Act\Sim2Act\.venv\Lib\site-packages\sqlalchemy\pool\base.py", line 900, in __connect
2026-10-10T04:47:36.6788819Z     with util.safe_reraise():
2026-10-10T04:47:36.6790175Z          ^^^^^^^^^^^^^^^^^^^
2026-10-10T04:47:36.6791280Z   File "D:\a\Sim2Act\Sim2Act\.venv\Lib\site-packages\sqlalchemy\util\langhelpers.py", line 121, in __exit__
2026-10-10T04:47:36.6792752Z     raise exc_value.with_traceback(exc_tb)
2026-10-10T04:47:36.6793841Z   File "D:\a\Sim2Act\Sim2Act\.venv\Lib\site-packages\sqlalchemy\pool\base.py", line 896, in __connect
2026-10-10T04:47:36.6797452Z     self.dbapi_connection = connection = pool._invoke_creator(self)
2026-10-10T04:47:36.6798290Z                                          ^^^^^^^^^^^^^^^^^^^^^^^^^^
2026-10-10T04:47:36.6799427Z   File "D:\a\Sim2Act\Sim2Act\.venv\Lib\site-packages\sqlalchemy\engine\create.py", line 667, in connect
2026-10-10T04:47:36.6800916Z     return dialect.connect(*cargs_tup, **cparams)
2026-10-10T04:47:36.6802072Z            ^^^^^^^^^^^^^^^^^^^^^^^^^^^^^^^^^^^^^^
2026-10-10T04:47:36.6803337Z   File "D:\a\Sim2Act\Sim2Act\.venv\Lib\site-packages\sqlalchemy\engine\default.py", line 630, in connect
2026-10-10T04:47:36.6806426Z     return self.loaded_dbapi.connect(*cargs, **cparams)  # type: ignore[no-any-return]  # NOQA: E501
2026-10-10T04:47:36.6807485Z            ^^^^^^^^^^^^^^^^^^^^^^^^^^^^^^^^^^^^^^^^^^^^
2026-10-10T04:47:36.6808611Z   File "D:\a\Sim2Act\Sim2Act\.venv\Lib\site-packages\psycopg\connection.py", line 122, in connect
2026-10-10T04:47:36.6809651Z     raise last_ex.with_traceback(None)
2026-10-10T04:47:36.6811121Z psycopg.OperationalError: connection failed: connection to server at "127.0.0.1", port 50049 failed: FATAL:  the database system is shutting down
2026-10-10T04:47:36.6812857Z 
2026-10-10T04:47:36.6813274Z The above exception was the direct cause of the following exception:
2026-10-10T04:47:36.6813913Z 
2026-10-10T04:47:36.6814178Z Traceback (most recent call last):
2026-10-10T04:47:36.6815144Z   File "<frozen runpy>", line 198, in _run_module_as_main
2026-10-10T04:47:36.6815995Z   File "<frozen runpy>", line 88, in _run_code
2026-10-10T04:47:36.6816981Z   File "D:\a\Sim2Act\Sim2Act\.venv\Lib\site-packages\pytest\__main__.py", line 9, in <module>
2026-10-10T04:47:36.6818090Z     raise SystemExit(pytest.console_main())
2026-10-10T04:47:36.6818667Z                      ^^^^^^^^^^^^^^^^^^^^^
2026-10-10T04:47:36.6819701Z   File "D:\a\Sim2Act\Sim2Act\.venv\Lib\site-packages\_pytest\config\__init__.py", line 223, in console_main
2026-10-10T04:47:36.6820748Z     code = main()
2026-10-10T04:47:36.6821150Z            ^^^^^^
2026-10-10T04:47:36.6821871Z   File "D:\a\Sim2Act\Sim2Act\.venv\Lib\site-packages\_pytest\config\__init__.py", line 199, in main
2026-10-10T04:47:36.6822835Z     ret: ExitCode | int = config.hook.pytest_cmdline_main(config=config)
2026-10-10T04:47:36.6823714Z                           ^^^^^^^^^^^^^^^^^^^^^^^^^^^^^^^^^^^^^^^^^^^^^^
2026-10-10T04:47:36.6824725Z   File "D:\a\Sim2Act\Sim2Act\.venv\Lib\site-packages\pluggy\_hooks.py", line 512, in __call__
2026-10-10T04:47:36.6826015Z     return self._hookexec(self.name, self._hookimpls.copy(), kwargs, firstresult)
2026-10-10T04:47:36.6828032Z            ^^^^^^^^^^^^^^^^^^^^^^^^^^^^^^^^^^^^^^^^^^^^^^^^^^^^^^^^^^^^^^^^^^^^^^
2026-10-10T04:47:36.6829218Z   File "D:\a\Sim2Act\Sim2Act\.venv\Lib\site-packages\pluggy\_manager.py", line 120, in _hookexec
2026-10-10T04:47:36.6830413Z     return self._inner_hookexec(hook_name, methods, kwargs, firstresult)
2026-10-10T04:47:36.6831223Z            ^^^^^^^^^^^^^^^^^^^^^^^^^^^^^^^^^^^^^^^^^^^^^^^^^^^^^^^^^^^^^
2026-10-10T04:47:36.6832658Z   File "D:\a\Sim2Act\Sim2Act\.venv\Lib\site-packages\pluggy\_callers.py", line 167, in _multicall
2026-10-10T04:47:36.6833607Z     raise exception
2026-10-10T04:47:36.6834496Z   File "D:\a\Sim2Act\Sim2Act\.venv\Lib\site-packages\pluggy\_callers.py", line 121, in _multicall
2026-10-10T04:47:36.6835468Z     res = hook_impl.function(*args)
2026-10-10T04:47:36.6836044Z           ^^^^^^^^^^^^^^^^^^^^^^^^^
2026-10-10T04:47:36.6837013Z   File "D:\a\Sim2Act\Sim2Act\.venv\Lib\site-packages\_pytest\main.py", line 365, in pytest_cmdline_main
2026-10-10T04:47:36.6838066Z     return wrap_session(config, _main)
2026-10-10T04:47:36.6838643Z            ^^^^^^^^^^^^^^^^^^^^^^^^^^^
2026-10-10T04:47:36.6839500Z   File "D:\a\Sim2Act\Sim2Act\.venv\Lib\site-packages\_pytest\main.py", line 353, in wrap_session
2026-10-10T04:47:36.6840286Z     config.hook.pytest_sessionfinish(
2026-10-10T04:47:36.6841189Z   File "D:\a\Sim2Act\Sim2Act\.venv\Lib\site-packages\pluggy\_hooks.py", line 512, in __call__
2026-10-10T04:47:36.6842418Z     return self._hookexec(self.name, self._hookimpls.copy(), kwargs, firstresult)
2026-10-10T04:47:36.6843376Z            ^^^^^^^^^^^^^^^^^^^^^^^^^^^^^^^^^^^^^^^^^^^^^^^^^^^^^^^^^^^^^^^^^^^^^^
2026-10-10T04:47:36.6844510Z   File "D:\a\Sim2Act\Sim2Act\.venv\Lib\site-packages\pluggy\_manager.py", line 120, in _hookexec
2026-10-10T04:47:36.6845689Z     return self._inner_hookexec(hook_name, methods, kwargs, firstresult)
2026-10-10T04:47:36.6846574Z            ^^^^^^^^^^^^^^^^^^^^^^^^^^^^^^^^^^^^^^^^^^^^^^^^^^^^^^^^^^^^^
2026-10-10T04:47:36.6847591Z   File "D:\a\Sim2Act\Sim2Act\.venv\Lib\site-packages\pluggy\_callers.py", line 167, in _multicall
2026-10-10T04:47:36.6848509Z     raise exception
2026-10-10T04:47:36.6849435Z   File "D:\a\Sim2Act\Sim2Act\.venv\Lib\site-packages\pluggy\_callers.py", line 139, in _multicall
2026-10-10T04:47:36.6850428Z     teardown.throw(exception)
2026-10-10T04:47:36.6851545Z   File "D:\a\Sim2Act\Sim2Act\.venv\Lib\site-packages\_pytest\logging.py", line 873, in pytest_sessionfinish
2026-10-10T04:47:36.6852902Z     return (yield)
2026-10-10T04:47:36.6853357Z             ^^^^^
2026-10-10T04:47:36.6854428Z   File "D:\a\Sim2Act\Sim2Act\.venv\Lib\site-packages\pluggy\_callers.py", line 139, in _multicall
2026-10-10T04:47:36.6855397Z     teardown.throw(exception)
2026-10-10T04:47:36.6856458Z   File "D:\a\Sim2Act\Sim2Act\.venv\Lib\site-packages\_pytest\terminal.py", line 960, in pytest_sessionfinish
2026-10-10T04:47:36.6857532Z     result = yield
2026-10-10T04:47:36.6858013Z              ^^^^^
2026-10-10T04:47:36.6858913Z   File "D:\a\Sim2Act\Sim2Act\.venv\Lib\site-packages\pluggy\_callers.py", line 139, in _multicall
2026-10-10T04:47:36.6859963Z     teardown.throw(exception)
2026-10-10T04:47:36.6861016Z   File "D:\a\Sim2Act\Sim2Act\.venv\Lib\site-packages\_pytest\warnings.py", line 118, in pytest_sessionfinish
2026-10-10T04:47:36.6862099Z     return (yield)
2026-10-10T04:47:36.6862551Z             ^^^^^
2026-10-10T04:47:36.6863451Z   File "D:\a\Sim2Act\Sim2Act\.venv\Lib\site-packages\pluggy\_callers.py", line 121, in _multicall
2026-10-10T04:47:36.6864433Z     res = hook_impl.function(*args)
2026-10-10T04:47:36.6865055Z           ^^^^^^^^^^^^^^^^^^^^^^^^^
2026-10-10T04:47:36.6866067Z   File "D:\a\Sim2Act\Sim2Act\.venv\Lib\site-packages\_pytest\runner.py", line 112, in pytest_sessionfinish
2026-10-10T04:47:36.6867096Z     session._setupstate.teardown_exact(None)
2026-10-10T04:47:36.6868220Z   File "D:\a\Sim2Act\Sim2Act\.venv\Lib\site-packages\_pytest\runner.py", line 566, in teardown_exact
2026-10-10T04:47:36.6869245Z     raise exceptions[0]
2026-10-10T04:47:36.6870385Z   File "D:\a\Sim2Act\Sim2Act\.venv\Lib\site-packages\_pytest\runner.py", line 555, in teardown_exact
2026-10-10T04:47:36.6871437Z     fin()
2026-10-10T04:47:36.6872249Z   File "D:\a\Sim2Act\Sim2Act\.venv\Lib\site-packages\_pytest\fixtures.py", line 1053, in finish
2026-10-10T04:47:36.6875941Z     raise exceptions[0]
2026-10-10T04:47:36.6876845Z   File "D:\a\Sim2Act\Sim2Act\.venv\Lib\site-packages\_pytest\fixtures.py", line 1042, in finish
2026-10-10T04:47:36.6878983Z     fin()
2026-10-10T04:47:36.6880263Z   File "D:\a\Sim2Act\Sim2Act\.venv\Lib\site-packages\_pytest\fixtures.py", line 924, in _teardown_yield_fixture
2026-10-10T04:47:36.6883320Z     next(it)
2026-10-10T04:47:36.6883992Z   File "D:\a\Sim2Act\Sim2Act\tests\conftest.py", line 40, in env
2026-10-10T04:47:36.6884806Z     with store.engine.begin() as c:
2026-10-10T04:47:36.6885382Z          ^^^^^^^^^^^^^^^^^^^^
2026-10-10T04:47:36.6886367Z   File "C:\hostedtoolcache\windows\Python\3.12.10\x64\Lib\contextlib.py", line 137, in __enter__
2026-10-10T04:47:36.6887624Z     return next(self.gen)
2026-10-10T04:47:36.6888222Z            ^^^^^^^^^^^^^^
2026-10-10T04:47:36.6889151Z   File "D:\a\Sim2Act\Sim2Act\.venv\Lib\site-packages\sqlalchemy\engine\base.py", line 3257, in begin
2026-10-10T04:47:36.6896833Z     with self.connect() as conn:
2026-10-10T04:47:36.6897382Z          ^^^^^^^^^^^^^^
2026-10-10T04:47:36.6898327Z   File "D:\a\Sim2Act\Sim2Act\.venv\Lib\site-packages\sqlalchemy\engine\base.py", line 3293, in connect
2026-10-10T04:47:36.6905170Z     return self._connection_cls(self)
2026-10-10T04:47:36.6905771Z            ^^^^^^^^^^^^^^^^^^^^^^^^^^
2026-10-10T04:47:36.6906837Z   File "D:\a\Sim2Act\Sim2Act\.venv\Lib\site-packages\sqlalchemy\engine\base.py", line 145, in __init__
2026-10-10T04:47:36.6907936Z     Connection._handle_dbapi_exception_noconnection(
2026-10-10T04:47:36.6909251Z   File "D:\a\Sim2Act\Sim2Act\.venv\Lib\site-packages\sqlalchemy\engine\base.py", line 2448, in _handle_dbapi_exception_noconnection
2026-10-10T04:47:36.6915155Z     raise sqlalchemy_exception.with_traceback(exc_info[2]) from e
2026-10-10T04:47:36.6916423Z   File "D:\a\Sim2Act\Sim2Act\.venv\Lib\site-packages\sqlalchemy\engine\base.py", line 143, in __init__
2026-10-10T04:47:36.6917528Z     self._dbapi_connection = engine.raw_connection()
2026-10-10T04:47:36.6918237Z                              ^^^^^^^^^^^^^^^^^^^^^^^
2026-10-10T04:47:36.6919271Z   File "D:\a\Sim2Act\Sim2Act\.venv\Lib\site-packages\sqlalchemy\engine\base.py", line 3317, in raw_connection
2026-10-10T04:47:36.6926138Z     return self.pool.connect()
2026-10-10T04:47:36.6926680Z            ^^^^^^^^^^^^^^^^^^^
2026-10-10T04:47:36.6927611Z   File "D:\a\Sim2Act\Sim2Act\.venv\Lib\site-packages\sqlalchemy\pool\base.py", line 448, in connect
2026-10-10T04:47:36.6928947Z     return _ConnectionFairy._checkout(self)
2026-10-10T04:47:36.6929805Z            ^^^^^^^^^^^^^^^^^^^^^^^^^^^^^^^^
2026-10-10T04:47:36.6931717Z   File "D:\a\Sim2Act\Sim2Act\.venv\Lib\site-packages\sqlalchemy\pool\base.py", line 1272, in _checkout
2026-10-10T04:47:36.6934854Z     fairy = _ConnectionRecord.checkout(pool)
2026-10-10T04:47:36.6935504Z             ^^^^^^^^^^^^^^^^^^^^^^^^^^^^^^^^
2026-10-10T04:47:36.6936512Z   File "D:\a\Sim2Act\Sim2Act\.venv\Lib\site-packages\sqlalchemy\pool\base.py", line 717, in checkout
2026-10-10T04:47:36.6938952Z     with util.safe_reraise():
2026-10-10T04:47:36.6939541Z          ^^^^^^^^^^^^^^^^^^^
2026-10-10T04:47:36.6940529Z   File "D:\a\Sim2Act\Sim2Act\.venv\Lib\site-packages\sqlalchemy\util\langhelpers.py", line 121, in __exit__
2026-10-10T04:47:36.6941684Z     raise exc_value.with_traceback(exc_tb)
2026-10-10T04:47:36.6942665Z   File "D:\a\Sim2Act\Sim2Act\.venv\Lib\site-packages\sqlalchemy\pool\base.py", line 715, in checkout
2026-10-10T04:47:36.6945539Z     dbapi_connection = rec.get_connection()
2026-10-10T04:47:36.6946156Z                        ^^^^^^^^^^^^^^^^^^^^
2026-10-10T04:47:36.6947165Z   File "D:\a\Sim2Act\Sim2Act\.venv\Lib\site-packages\sqlalchemy\pool\base.py", line 837, in get_connection
2026-10-10T04:47:36.6949969Z     self.__connect()
2026-10-10T04:47:36.6951248Z   File "D:\a\Sim2Act\Sim2Act\.venv\Lib\site-packages\sqlalchemy\pool\base.py", line 900, in __connect
2026-10-10T04:47:36.6954250Z     with util.safe_reraise():
2026-10-10T04:47:36.6954788Z          ^^^^^^^^^^^^^^^^^^^
2026-10-10T04:47:36.6955834Z   File "D:\a\Sim2Act\Sim2Act\.venv\Lib\site-packages\sqlalchemy\util\langhelpers.py", line 121, in __exit__
2026-10-10T04:47:36.6956991Z     raise exc_value.with_traceback(exc_tb)
2026-10-10T04:47:36.6958052Z   File "D:\a\Sim2Act\Sim2Act\.venv\Lib\site-packages\sqlalchemy\pool\base.py", line 896, in __connect
2026-10-10T04:47:36.6961263Z     self.dbapi_connection = connection = pool._invoke_creator(self)
2026-10-10T04:47:36.6962093Z                                          ^^^^^^^^^^^^^^^^^^^^^^^^^^
2026-10-10T04:47:36.6963155Z   File "D:\a\Sim2Act\Sim2Act\.venv\Lib\site-packages\sqlalchemy\engine\create.py", line 667, in connect
2026-10-10T04:47:36.6964521Z     return dialect.connect(*cargs_tup, **cparams)
2026-10-10T04:47:36.6965208Z            ^^^^^^^^^^^^^^^^^^^^^^^^^^^^^^^^^^^^^^
2026-10-10T04:47:36.6966269Z   File "D:\a\Sim2Act\Sim2Act\.venv\Lib\site-packages\sqlalchemy\engine\default.py", line 630, in connect
2026-10-10T04:47:36.6969547Z     return self.loaded_dbapi.connect(*cargs, **cparams)  # type: ignore[no-any-return]  # NOQA: E501
2026-10-10T04:47:36.6970558Z            ^^^^^^^^^^^^^^^^^^^^^^^^^^^^^^^^^^^^^^^^^^^^
2026-10-10T04:47:36.6971852Z   File "D:\a\Sim2Act\Sim2Act\.venv\Lib\site-packages\psycopg\connection.py", line 122, in connect
2026-10-10T04:47:36.6972737Z     raise last_ex.with_traceback(None)
2026-10-10T04:47:36.6974210Z sqlalchemy.exc.OperationalError: (psycopg.OperationalError) connection failed: connection to server at "127.0.0.1", port 50049 failed: FATAL:  the database system is shutting down
2026-10-10T04:47:36.6975888Z (Background on this error at: https://sqlalche.me/e/20/e3q8)
2026-10-10T04:47:36.6988035Z .......................................................................!!!!!!!!!!!!!!!!!!!!!!!!!!!!!! KeyboardInterrupt !!!!!!!!!!!!!!!!!!!!!!!!!!!!!!
2026-10-10T04:47:36.6989227Z C:\hostedtoolcache\windows\Python\3.12.10\x64\Lib\threading.py:355: KeyboardInterrupt
2026-10-10T04:47:36.6990194Z (to show a full traceback on KeyboardInterrupt use --full-trace)
2026-10-10T04:47:37.1549458Z ##[error]The operation was canceled.
2026-10-10T04:47:37.3532016Z ##[group]Run ./scripts/WindowsCI.ps1 -Phase Report
2026-10-10T04:47:37.3533211Z [36;1m./scripts/WindowsCI.ps1 -Phase Report[0m
2026-10-10T04:47:37.3661702Z shell: C:\Program Files\PowerShell\7\pwsh.EXE -command ". '{0}'"
2026-10-10T04:47:37.3662292Z env:
2026-10-10T04:47:37.3662597Z   SIM2ACT_MODEL_MODE: mock
2026-10-10T04:47:37.3662972Z   SIM2ACT_LIVE_ENABLED: false
2026-10-10T04:47:37.3663359Z   SIM2ACT_MODEL: intern-s2
2026-10-10T04:47:37.3663765Z   SIM2ACT_INTERN_TOKEN: 
2026-10-10T04:47:37.3664132Z   INTERN_API_TOKEN: 
2026-10-10T04:47:37.3664470Z   PYTHONUTF8: 1
2026-10-10T04:47:37.3664807Z   PIP_DISABLE_PIP_VERSION_CHECK: 1
2026-10-10T04:47:37.3665217Z   PIP_NO_CACHE_DIR: 1
2026-10-10T04:47:37.3665719Z   pythonLocation: C:\hostedtoolcache\windows\Python\3.12.10\x64
2026-10-10T04:47:37.3666512Z   PKG_CONFIG_PATH: C:\hostedtoolcache\windows\Python\3.12.10\x64/lib/pkgconfig
2026-10-10T04:47:37.3667347Z   Python_ROOT_DIR: C:\hostedtoolcache\windows\Python\3.12.10\x64
2026-10-10T04:47:37.3668058Z   Python2_ROOT_DIR: C:\hostedtoolcache\windows\Python\3.12.10\x64
2026-10-10T04:47:37.3668785Z   Python3_ROOT_DIR: C:\hostedtoolcache\windows\Python\3.12.10\x64
2026-10-10T04:47:37.3669525Z   SIM2ACT_CI_CONFIG: D:\a\_temp\sim2act-native-38024430136-1\runtime.env
2026-10-10T04:47:37.3670125Z ##[endgroup]
2026-10-10T04:47:38.2423222Z Engineering results: {'name': 'pytest', 'errors': '0', 'failures': '26', 'skipped': '38', 'tests': '863', 'time': '823.158', 'timestamp': '2026-10-10T04:33:52.995785+00:00', 'hostname': 'runnervmfi6oq'}
2026-10-10T04:47:38.5234085Z ##[group]Run ./scripts/WindowsCI.ps1 -Phase Cleanup
2026-10-10T04:47:38.5234802Z [36;1m./scripts/WindowsCI.ps1 -Phase Cleanup[0m
2026-10-10T04:47:38.5356829Z shell: C:\Program Files\PowerShell\7\pwsh.EXE -command ". '{0}'"
2026-10-10T04:47:38.5357408Z env:
2026-10-10T04:47:38.5357707Z   SIM2ACT_MODEL_MODE: mock
2026-10-10T04:47:38.5358075Z   SIM2ACT_LIVE_ENABLED: false
2026-10-10T04:47:38.5358453Z   SIM2ACT_MODEL: intern-s2
2026-10-10T04:47:38.5358810Z   SIM2ACT_INTERN_TOKEN: 
2026-10-10T04:47:38.5359179Z   INTERN_API_TOKEN: 
2026-10-10T04:47:38.5359493Z   PYTHONUTF8: 1
2026-10-10T04:47:38.5359830Z   PIP_DISABLE_PIP_VERSION_CHECK: 1
2026-10-10T04:47:38.5360233Z   PIP_NO_CACHE_DIR: 1
2026-10-10T04:47:38.5360717Z   pythonLocation: C:\hostedtoolcache\windows\Python\3.12.10\x64
2026-10-10T04:47:38.5361506Z   PKG_CONFIG_PATH: C:\hostedtoolcache\windows\Python\3.12.10\x64/lib/pkgconfig
2026-10-10T04:47:38.5362423Z   Python_ROOT_DIR: C:\hostedtoolcache\windows\Python\3.12.10\x64
2026-10-10T04:47:38.5363125Z   Python2_ROOT_DIR: C:\hostedtoolcache\windows\Python\3.12.10\x64
2026-10-10T04:47:38.5363825Z   Python3_ROOT_DIR: C:\hostedtoolcache\windows\Python\3.12.10\x64
2026-10-10T04:47:38.5364859Z   SIM2ACT_CI_CONFIG: D:\a\_temp\sim2act-native-38024430136-1\runtime.env
2026-10-10T04:47:38.5365456Z ##[endgroup]
2026-10-10T04:47:39.7308486Z Owned API/worker stopped; database service and data preserved.
2026-10-10T04:47:40.3486526Z Post job cleanup.
2026-10-10T04:47:40.8087936Z [command]"C:\Program Files\Git\bin\git.exe" version
2026-10-10T04:47:40.8404383Z git version 2.55.0.windows.5
2026-10-10T04:47:40.8474399Z Temporarily overriding HOME='D:\a\_temp\760b7b19-1ede-457d-8b34-56a876e8646d' before making global git config changes
2026-10-10T04:47:40.8475691Z Adding repository directory to the temporary git global config as a safe directory
2026-10-10T04:47:40.8485421Z [command]"C:\Program Files\Git\bin\git.exe" config --global --add safe.directory D:\a\Sim2Act\Sim2Act
2026-10-10T04:47:40.8803659Z [command]"C:\Program Files\Git\bin\git.exe" config --local --name-only --get-regexp core\.sshCommand
2026-10-10T04:47:40.9131814Z [command]"C:\Program Files\Git\bin\git.exe" submodule foreach --recursive "sh -c \"git config --local --name-only --get-regexp 'core\.sshCommand' && git config --local --unset-all 'core.sshCommand' || :\""
2026-10-10T04:47:41.4740975Z [command]"C:\Program Files\Git\bin\git.exe" config --local --name-only --get-regexp http\.https\:\/\/github\.com\/\.extraheader
2026-10-10T04:47:41.5041711Z [command]"C:\Program Files\Git\bin\git.exe" submodule foreach --recursive "sh -c \"git config --local --name-only --get-regexp 'http\.https\:\/\/github\.com\/\.extraheader' && git config --local --unset-all 'http.https://github.com/.extraheader' || :\""
2026-10-10T04:47:42.0502790Z [command]"C:\Program Files\Git\bin\git.exe" config --local --name-only --get-regexp ^includeIf\.gitdir:
2026-10-10T04:47:42.0795965Z [command]"C:\Program Files\Git\bin\git.exe" submodule foreach --recursive "git config --local --show-origin --name-only --get-regexp remote.origin.url"
2026-10-10T04:47:42.6681864Z Cleaning up orphan processes
2026-10-10T04:47:42.7344677Z ##[warning]Node.js 20 is deprecated. The following actions target Node.js 20 but are being forced to run on Node.js 24: actions/checkout@11d5960a326750d5838078e36cf38b85af677262, actions/setup-python@a26af69be951a213d495a4c3e4e4022e16d87065. For more information see: https://github.blog/changelog/2025-09-19-deprecation-of-node-20-on-github-actions-runners/

