/workspace/sim2act-pb-venv/lib/python3.12/site-packages/fastapi/testclient.py:1: StarletteDeprecationWarning: Using `httpx` with `starlette.testclient` is deprecated; install `httpx2` instead.
  from starlette.testclient import TestClient as TestClient  # noqa
[
  {
    "case": "two_run",
    "before_state": "WAITING_APPROVAL",
    "initial_attempts": 1,
    "initial_operations": 0,
    "confirm_http": 409,
    "confirm_before_fp": "29eda0d0d5f83eaeea49e78519fd86d4f71e026aa2e64f5a5ffa9d2bca92107d",
    "confirm_after_fp": "29eda0d0d5f83eaeea49e78519fd86d4f71e026aa2e64f5a5ffa9d2bca92107d",
    "full_table_confirm_zero_write": true,
    "authority_after_fp": "c1276f6837d4b94a772dcf77d1534f2f2cfd0770377fb0c71091f8650d3ed29d",
    "authority_original_fp": "c1276f6837d4b94a772dcf77d1534f2f2cfd0770377fb0c71091f8650d3ed29d",
    "resource_before_fp": "44aa1167114bb2ed60d279aeeffef746c2ec4703d4e74f4949d1b1fb93dfce11",
    "resource_after_fp": "44aa1167114bb2ed60d279aeeffef746c2ec4703d4e74f4949d1b1fb93dfce11",
    "provider_calls": 2,
    "final_operations": 2
  }
]
