FF                                                                       [100%]
=================================== FAILURES ===================================
___________________ test_delivery_graph_actual_http_dom[CSV] ___________________

env = (<sim2act.db.Store object at 0x7f405fa8dc70>, Settings(database_url='sqlite:////tmp/delivery-graph-ui-third/test_deliv...38b8f518014b2eaa5eab6ffd5aecec', 'user_186a7074e577407e89cce614cd8fdf0c', 'proj_a8a2ddc8a0c944c9bca8ba1a4d7ec4d4', ...)
tmp_path = PosixPath('/tmp/delivery-graph-ui-third/test_delivery_graph_actual_htt0')
family = 'CSV'

    @pytest.mark.parametrize("family", ["CSV", "REPORT"])
    def test_delivery_graph_actual_http_dom(env, tmp_path, family):
        if family == "REPORT":
            env = bounded_env.__wrapped__(env)
            saved, _, _, _, wires = promoted(env, tmp_path)
            aid = saved["id"]
            assert len(wires) == 3
        else:
            aid = draft(env)
        store, settings, client, owner, _, project, *_ = env
        assert shutil.which("node"), "Developer Node required"
        other = store.project(owner, "Other owned graph project")
        inspected = client.get(f"/api/apps/{aid}").json()
        resource = inspected["candidate"]["actions"][0]["permission_requirements"][0]["resource_ref"]
        with store.tx() as c:
            revoke = dict(c.execute(select(grants).where(grants.c.principal_id == owner,
                                                          grants.c.resource_id == resource)).mappings().first())
            before = {name: [dict(r) for r in c.execute(select(table)).mappings()]
                      for name, table in [("grants", grants), ("principals", principals), ("attempts", attempts)]}
        with socket.socket() as sock:
            sock.bind(("127.0.0.1", 0))
            port = sock.getsockname()[1]
        (tmp_path / "info.json").write_text(json.dumps({"base": f"http://127.0.0.1:{port}", "project": project, "other": other, "app": aid, "revoke": {"id": revoke["id"], "version": revoke["revision"]}}))
        server = uvicorn.Server(uvicorn.Config(create_app(store, settings), host="127.0.0.1", port=port, log_level="error"))
        thread = threading.Thread(target=server.run, daemon=True)
        thread.start()
        try:
            deadline = time.monotonic() + 10
            while not server.started:
                assert thread.is_alive() and time.monotonic() < deadline
                time.sleep(.01)
            result = subprocess.run(["node", "tests/delivery_graph_ui.cjs", str(tmp_path)], capture_output=True, text=True, timeout=90)
            (tmp_path / "driver.log").write_text(result.stdout + result.stderr)
>           assert result.returncode == 0, result.stdout + result.stderr
E           AssertionError: {"check":1,"label":"opening generic app does not derive or plan","elapsed_ms":484}
E             {"check":2,"label":"exact no-anchor read is empty without fake failure evidence","elapsed_ms":515}
E             {"check":3,"label":"lost accepted anchor retains immutable key","elapsed_ms":564}
E             {"check":4,"label":"malformed accepted anchor binding preserves key and clears evidence","elapsed_ms":625}
E             {"check":5,"label":"later422 cannot discard earlier unknown acceptance","elapsed_ms":639}
E             {"check":6,"label":"derive recovery uses exact same body/key","elapsed_ms":696}
E             AssertionError [ERR_ASSERTION]: derive accepted only after full saved graph readback
E                 at check (/workspace/Sim2Act-delivery-graph-ui/tests/delivery_graph_ui.cjs:4:25)
E                 at /workspace/Sim2Act-delivery-graph-ui/tests/delivery_graph_ui.cjs:18:1124
E                 at process.processTicksAndRejections (node:internal/process/task_queues:104:5)
E             
E           assert 1 == 0
E            +  where 1 = CompletedProcess(args=['node', 'tests/delivery_graph_ui.cjs', '/tmp/delivery-graph-ui-third/test_delivery_graph_actual...s/delivery_graph_ui.cjs:18:1124\n    at process.processTicksAndRejections (node:internal/process/task_queues:104:5)\n').returncode

tests/test_delivery_graph_apps_ui.py:55: AssertionError
_________________ test_delivery_graph_actual_http_dom[REPORT] __________________

env = (<sim2act.db.Store object at 0x7f405f530b90>, Settings(database_url='sqlite:////tmp/delivery-graph-ui-third/test_deliv...c98b29207042ad96532347812698a9', 'user_21ba5312e5514b34a5e64482f15a871e', 'proj_4525de1608424a7cb62e43db39517dfe', ...)
tmp_path = PosixPath('/tmp/delivery-graph-ui-third/test_delivery_graph_actual_htt1')
family = 'REPORT'

    @pytest.mark.parametrize("family", ["CSV", "REPORT"])
    def test_delivery_graph_actual_http_dom(env, tmp_path, family):
        if family == "REPORT":
            env = bounded_env.__wrapped__(env)
            saved, _, _, _, wires = promoted(env, tmp_path)
            aid = saved["id"]
            assert len(wires) == 3
        else:
            aid = draft(env)
        store, settings, client, owner, _, project, *_ = env
        assert shutil.which("node"), "Developer Node required"
        other = store.project(owner, "Other owned graph project")
        inspected = client.get(f"/api/apps/{aid}").json()
        resource = inspected["candidate"]["actions"][0]["permission_requirements"][0]["resource_ref"]
        with store.tx() as c:
            revoke = dict(c.execute(select(grants).where(grants.c.principal_id == owner,
                                                          grants.c.resource_id == resource)).mappings().first())
            before = {name: [dict(r) for r in c.execute(select(table)).mappings()]
                      for name, table in [("grants", grants), ("principals", principals), ("attempts", attempts)]}
        with socket.socket() as sock:
            sock.bind(("127.0.0.1", 0))
            port = sock.getsockname()[1]
        (tmp_path / "info.json").write_text(json.dumps({"base": f"http://127.0.0.1:{port}", "project": project, "other": other, "app": aid, "revoke": {"id": revoke["id"], "version": revoke["revision"]}}))
        server = uvicorn.Server(uvicorn.Config(create_app(store, settings), host="127.0.0.1", port=port, log_level="error"))
        thread = threading.Thread(target=server.run, daemon=True)
        thread.start()
        try:
            deadline = time.monotonic() + 10
            while not server.started:
                assert thread.is_alive() and time.monotonic() < deadline
                time.sleep(.01)
            result = subprocess.run(["node", "tests/delivery_graph_ui.cjs", str(tmp_path)], capture_output=True, text=True, timeout=90)
            (tmp_path / "driver.log").write_text(result.stdout + result.stderr)
>           assert result.returncode == 0, result.stdout + result.stderr
E           AssertionError: {"check":1,"label":"opening generic app does not derive or plan","elapsed_ms":803}
E             {"check":2,"label":"exact no-anchor read is empty without fake failure evidence","elapsed_ms":1042}
E             {"check":3,"label":"lost accepted anchor retains immutable key","elapsed_ms":1457}
E             {"check":4,"label":"malformed accepted anchor binding preserves key and clears evidence","elapsed_ms":1938}
E             {"check":5,"label":"later422 cannot discard earlier unknown acceptance","elapsed_ms":2050}
E             {"check":6,"label":"derive recovery uses exact same body/key","elapsed_ms":2535}
E             AssertionError [ERR_ASSERTION]: derive accepted only after full saved graph readback
E                 at check (/workspace/Sim2Act-delivery-graph-ui/tests/delivery_graph_ui.cjs:4:25)
E                 at /workspace/Sim2Act-delivery-graph-ui/tests/delivery_graph_ui.cjs:18:1124
E                 at process.processTicksAndRejections (node:internal/process/task_queues:104:5)
E             
E           assert 1 == 0
E            +  where 1 = CompletedProcess(args=['node', 'tests/delivery_graph_ui.cjs', '/tmp/delivery-graph-ui-third/test_delivery_graph_actual...s/delivery_graph_ui.cjs:18:1124\n    at process.processTicksAndRejections (node:internal/process/task_queues:104:5)\n').returncode

tests/test_delivery_graph_apps_ui.py:55: AssertionError
=============================== warnings summary ===============================
../../tmp/native-budget-venv/lib/python3.12/site-packages/fastapi/testclient.py:1
  /tmp/native-budget-venv/lib/python3.12/site-packages/fastapi/testclient.py:1: StarletteDeprecationWarning: Using `httpx` with `starlette.testclient` is deprecated; install `httpx2` instead.
    from starlette.testclient import TestClient as TestClient  # noqa

-- Docs: https://docs.pytest.org/en/stable/how-to/capture-warnings.html
=========================== short test summary info ============================
FAILED tests/test_delivery_graph_apps_ui.py::test_delivery_graph_actual_http_dom[CSV]
FAILED tests/test_delivery_graph_apps_ui.py::test_delivery_graph_actual_http_dom[REPORT]
2 failed, 1 warning in 6.13s
