browserType.launch: Target page, context or browser has been closed
Browser logs:

<launching> /usr/bin/chromium --disable-field-trial-config --disable-background-networking --disable-background-timer-throttling --disable-backgrounding-occluded-windows --disable-back-forward-cache --disable-breakpad --disable-component-extensions-with-background-pages --disable-component-update --no-default-browser-check --disable-default-apps --disable-dev-shm-usage --disable-extensions --disable-features=AcceptCHFrame,AvoidUnnecessaryBeforeUnloadCheckSync,DestroyProfileOnBrowserClose,DialMediaRouteProvider,GlobalMediaControls,HttpsUpgrades,LensOverlay,MediaRouter,PaintHolding,ThirdPartyStoragePartitioning,Translate,AutoDeElevate,RenderDocument,OptimizationHints --enable-features=CDPScreenshotNewSurface --allow-pre-commit-input --disable-hang-monitor --disable-popup-blocking --disable-prompt-on-repost --disable-renderer-backgrounding --force-color-profile=srgb --metrics-recording-only --no-first-run --no-service-autorun --export-tagged-pdf --disable-search-engine-choice-screen --edge-skip-compat-layer-relaunch --enable-automation --disable-infobars --disable-search-engine-choice-screen --disable-sync --headless --hide-scrollbars --mute-audio --blink-settings=primaryHoverType=2,availableHoverTypes=2,primaryPointerType=4,availablePointerTypes=4 --user-data-dir=/tmp/playwright_chromiumdev_profile-kWufYj --remote-debugging-pipe --no-startup-window
<launched> pid=843482
[pid=843482][err] [843482:843482:1007/211948.561342:ERROR:third_party/crashpad/crashpad/util/file/filesystem_posix.cc:63] mkdir : No such file or directory (2)
[pid=843482][err] chrome_crashpad_handler: --database is required
[pid=843482][err] Try 'chrome_crashpad_handler --help' for more information.
[pid=843482][err] [843482:843482:1007/211948.567235:FATAL:sandbox/linux/suid/client/setuid_sandbox_host.cc:166] The SUID sandbox helper binary was found, but is not configured correctly. Rather than run without sandboxing I'm aborting now. You need to make sure that /usr/lib/chromium/chrome-sandbox is owned by root and has mode 4755.
Call log:
[2m  - <launching> /usr/bin/chromium --disable-field-trial-config --disable-background-networking --disable-background-timer-throttling --disable-backgrounding-occluded-windows --disable-back-forward-cache --disable-breakpad --disable-component-extensions-with-background-pages --disable-component-update --no-default-browser-check --disable-default-apps --disable-dev-shm-usage --disable-extensions --disable-features=AcceptCHFrame,AvoidUnnecessaryBeforeUnloadCheckSync,DestroyProfileOnBrowserClose,DialMediaRouteProvider,GlobalMediaControls,HttpsUpgrades,LensOverlay,MediaRouter,PaintHolding,ThirdPartyStoragePartitioning,Translate,AutoDeElevate,RenderDocument,OptimizationHints --enable-features=CDPScreenshotNewSurface --allow-pre-commit-input --disable-hang-monitor --disable-popup-blocking --disable-prompt-on-repost --disable-renderer-backgrounding --force-color-profile=srgb --metrics-recording-only --no-first-run --no-service-autorun --export-tagged-pdf --disable-search-engine-choice-screen --edge-skip-compat-layer-relaunch --enable-automation --disable-infobars --disable-search-engine-choice-screen --disable-sync --headless --hide-scrollbars --mute-audio --blink-settings=primaryHoverType=2,availableHoverTypes=2,primaryPointerType=4,availablePointerTypes=4 --user-data-dir=/tmp/playwright_chromiumdev_profile-kWufYj --remote-debugging-pipe --no-startup-window[22m
[2m  - <launched> pid=843482[22m
[2m  - [pid=843482][err] [843482:843482:1007/211948.561342:ERROR:third_party/crashpad/crashpad/util/file/filesystem_posix.cc:63] mkdir : No such file or directory (2)[22m
[2m  - [pid=843482][err] chrome_crashpad_handler: --database is required[22m
[2m  - [pid=843482][err] Try 'chrome_crashpad_handler --help' for more information.[22m
[2m  - [pid=843482][err] [843482:843482:1007/211948.567235:FATAL:sandbox/linux/suid/client/setuid_sandbox_host.cc:166] The SUID sandbox helper binary was found, but is not configured correctly. Rather than run without sandboxing I'm aborting now. You need to make sure that /usr/lib/chromium/chrome-sandbox is owned by root and has mode 4755.[22m
[2m  - [pid=843482] <gracefully close start>[22m
[2m  - [pid=843482] <kill>[22m
[2m  - [pid=843482] <will force kill>[22m
[2m  - [pid=843482] <process did exit: exitCode=null, signal=SIGABRT>[22m
[2m  - [pid=843482] starting temporary directories cleanup[22m
[2m  - [pid=843482] finished temporary directories cleanup[22m
[2m  - [pid=843482] <gracefully close end>[22m

