........................................................................ [  5%]
........................................................................ [ 11%]
........................................................................ [ 16%]
........................................................................ [ 22%]
........................................................................ [ 27%]
........................................................................ [ 33%]
........................................................................ [ 38%]
........................................................................ [ 44%]
........................................................................ [ 49%]
........................................................................ [ 55%]
........................................................................ [ 60%]
......................................................s................. [ 66%]
........................................................................ [ 71%]
........................................................................ [ 77%]
........................................................................ [ 82%]
.........................................ss............................. [ 88%]
........................................................................ [ 93%]
........................................................................ [ 99%]
.s...........                                                            [100%]
=============================== warnings summary ===============================
../sim2act-pb-venv/lib/python3.12/site-packages/fastapi/testclient.py:1
  /workspace/sim2act-pb-venv/lib/python3.12/site-packages/fastapi/testclient.py:1: StarletteDeprecationWarning: Using `httpx` with `starlette.testclient` is deprecated; install `httpx2` instead.
    from starlette.testclient import TestClient as TestClient  # noqa

-- Docs: https://docs.pytest.org/en/stable/how-to/capture-warnings.html
============================= slowest 30 durations =============================
59.63s call     tests/test_report_manifest_apps_ui.py::test_report_manifest_real_http_dom
39.26s call     tests/test_delivery_graph_apps_ui.py::test_delivery_graph_actual_http_dom[REPORT]
28.67s call     tests/test_protocol_gated_execution.py::test_whole_package_actual_postgresql_two_forms
25.68s call     tests/test_conditional_apps_ui.py::test_named_report_draft_real_http_dom
19.75s call     tests/test_protocol_experiment.py::test_two_forms_real_worker_review_sequence_global_clock_and_shared_pool[False]
18.48s call     tests/test_conditional_runs_native.py::test_conditional_bound_native_shared_actual_http[True]
15.00s call     tests/test_conditional_runs_native.py::test_conditional_bound_native_shared_actual_http[False]
14.33s call     tests/test_registered_generation_native_dom.py::test_registered_generation_direct_actual_http_dom[poll-refresh-order]
13.65s call     tests/test_registered_generation_native_dom.py::test_registered_generation_direct_actual_http_dom[normal]
10.38s call     tests/test_report_manifest_apps.py::test_real_common_manifest_compiler_catalog_and_two_actual_cold_scenarios
9.31s call     tests/test_delivery_graph_apps.py::test_project_replay_and_history_bind_current_peer_graph_authority_lock_membership[peer_auth]
9.18s call     tests/test_conditional_apps.py::test_named_draft_two_actual_new_scenarios_history_and_recovery
8.94s call     tests/test_delivery_graph_apps.py::test_project_replay_and_history_bind_current_peer_graph_authority_lock_membership[peer_anchor]
8.40s call     tests/test_lifecycle.py::test_AT05_real_process_stop_accept_restart_reopen
8.02s call     tests/test_conditional_run_product.py::test_source_bound_product_actual_http_dom
7.65s call     tests/test_delivery_graph_apps_ui.py::test_delivery_graph_actual_http_dom[CSV]
7.61s call     tests/test_conditional_native_oracle.py::test_conditional_capture_optional_and_failure[omit]
7.56s call     tests/test_delivery_graph_apps.py::test_project_replay_and_history_bind_current_peer_graph_authority_lock_membership[peer_lock]
7.45s call     tests/test_conditional_native_oracle.py::test_conditional_native_shared_module_existing_fixture
7.43s call     tests/test_conditional_apps_recovery.py::test_actual_prior_unknown_retry_422_keeps_original_intent[lost]
7.20s call     tests/test_protocol_gated_execution.py::test_whole_package_zero_network[None-8]
7.16s call     tests/test_delivery_graph_apps.py::test_project_replay_and_history_bind_current_peer_graph_authority_lock_membership[membership]
7.10s call     tests/test_product_integration.py::test_integrated_same_session_source_and_recovery
6.94s call     tests/test_application_use.py::test_application_use_actual_http
5.81s call     tests/test_protocol_store_dryrun.py::test_two_forms_share_actual_database_pool_and_independent_reviews
5.75s call     tests/test_protocol_jobs.py::test_reviewed_source_model_extract_compiles_and_cold_reads_unseen_material[cold_operation_callid]
5.71s call     tests/test_delivery_graph_apps.py::test_project_replay_and_history_bind_current_peer_graph_authority_lock_membership[peer_graph_bool]
5.55s call     tests/test_registered_run_generation_http.py::test_real_http_dom_generation_entry_and_lost_receipt
5.53s call     tests/test_protocol_http.py::test_complete_authenticated_http_source_review_extract_cold_and_independent_review[False]
5.36s call     tests/test_protocol_jobs.py::test_reviewed_source_model_extract_compiles_and_cold_reads_unseen_material[None]
=========================== short test summary info ============================
SKIPPED [1] tests/test_process_environment.py:73: Actual Windows PowerShell native launch required
SKIPPED [2] tests/test_protocol_ui.py:25: Owned subprocess fixture currently SQLite only; no PG UI coverage claimed
SKIPPED [1] tests/test_task_submission_recovery.py:64: Protected Chromium sandbox startup blocked; actual stderr retained in driver.log
1305 passed, 4 skipped, 1 warning in 1235.82s (0:20:35)
