........................................................................ [  5%]
...s.................................................................... [ 11%]
..s..................................................s.................. [ 16%]
........................................................................ [ 22%]
.................................................................s...... [ 27%]
........................................................................ [ 33%]
........................................................................ [ 38%]
........s.............................................s................. [ 44%]
.........s.................s................................s........... [ 49%]
........................................................................ [ 55%]
....................................................................ssss [ 60%]
....s.................................s...............ss................ [ 66%]
........................................s............................... [ 71%]
................................................................ssssss.. [ 77%]
...........................................s............................ [ 82%]
......................ss..................s............................. [ 88%]
..............................s......................s.................. [ 93%]
......sssssssss............................................s.........s.. [ 99%]
.s...........                                                            [100%]
=============================== warnings summary ===============================
../sim2act-pb-venv/lib/python3.12/site-packages/fastapi/testclient.py:1
  /workspace/sim2act-pb-venv/lib/python3.12/site-packages/fastapi/testclient.py:1: StarletteDeprecationWarning: Using `httpx` with `starlette.testclient` is deprecated; install `httpx2` instead.
    from starlette.testclient import TestClient as TestClient  # noqa

tests/test_preview_extraction.py::test_idempotency_stale_version_and_concurrent_single_authority
  /workspace/sim2act-pb-venv/lib/python3.12/site-packages/pydantic/_internal/_generate_schema.py:2249: UnsupportedFieldAttributeWarning: The 'alias' attribute with value 'authorization' was provided to the `Field()` function, which has no effect in the context it was used. 'alias' is field-specific metadata, and can only be attached to a model field using `Annotated` metadata or by assignment. This may have happened because an `Annotated` type alias using the `type` statement was used, or if the `Field()` function was attached to a single member of a union type.
    warnings.warn(

-- Docs: https://docs.pytest.org/en/stable/how-to/capture-warnings.html
============================= slowest 30 durations =============================
20.05s call     tests/test_report_manifest_apps_ui.py::test_report_manifest_real_http_dom
18.00s call     tests/test_conditional_runs_native.py::test_conditional_bound_native_shared_actual_http[True]
15.77s call     tests/test_delivery_graph_apps_ui.py::test_delivery_graph_actual_http_dom[REPORT]
15.47s call     tests/test_protocol_ui.py::test_protocol_user_entry_actual_http[chromium]
15.12s call     tests/test_conditional_runs_native.py::test_conditional_bound_native_shared_actual_http[False]
13.73s call     tests/test_registered_generation_native_dom.py::test_registered_generation_direct_actual_http_dom[poll-refresh-order]
12.97s call     tests/test_registered_generation_native_dom.py::test_registered_generation_direct_actual_http_dom[normal]
10.05s call     tests/test_protocol_gated_execution.py::test_whole_package_zero_network[None-8]
8.91s call     tests/test_protocol_ui.py::test_protocol_user_entry_actual_http[dom]
8.67s call     tests/test_conditional_apps_ui.py::test_named_report_draft_real_http_dom
7.58s call     tests/test_conditional_native_oracle.py::test_conditional_native_shared_module_existing_fixture
6.94s call     tests/test_protocol_store_dryrun.py::test_two_forms_share_actual_database_pool_and_independent_reviews
6.90s call     tests/test_conditional_native_oracle.py::test_conditional_capture_optional_and_failure[omit]
6.27s call     tests/test_protocol_experiment.py::test_two_forms_real_worker_review_sequence_global_clock_and_shared_pool[False]
6.17s call     tests/test_task_submission_recovery.py::test_task_submission_recovery_real_http[chromium]
4.65s call     tests/test_conditional_run_product.py::test_source_bound_product_actual_http_dom
4.60s call     tests/test_conditional_native_oracle.py::test_conditional_capture_optional_and_failure[fail]
4.51s call     tests/test_conditional_checks_ui.py::test_conditional_checks_actual_http_dom
4.26s call     tests/test_protocol_gated_execution.py::test_whole_package_zero_network[b-6]
4.09s call     tests/test_conditional_apps_recovery.py::test_actual_prior_unknown_retry_422_keeps_original_intent[malformed]
4.06s setup    tests/test_global_experiment_gate.py::test_actual_global_seal_refuses_both_projects_under_optimized_python[False-original]
4.01s call     tests/test_delivery_graph_apps_ui.py::test_delivery_graph_actual_http_dom[CSV]
3.62s call     tests/test_product_integration.py::test_integrated_same_session_source_and_recovery
3.58s call     tests/test_task_submission_recovery.py::test_task_submission_recovery_real_http[dom]
3.57s call     tests/test_conditional_apps_recovery.py::test_actual_prior_unknown_retry_422_keeps_original_intent[lost]
3.49s call     tests/test_registered_generation_browser_fixture.py::test_http_generation_cold_worker_and_precise_generated_only_corruption
3.33s call     tests/test_bounded_native_guards.py::test_optimized_run_control_refuses_invalid_owned_context[no-queued]
3.21s call     tests/test_protocol_edge_fixture.py::test_edge_fixture_gated_actual_http_and_metadata_recovery
3.21s call     tests/test_conditional_apps.py::test_named_draft_two_actual_new_scenarios_history_and_recovery
3.15s call     tests/test_registered_run_generation_http.py::test_real_http_dom_generation_entry_and_lost_receipt
=========================== short test summary info ============================
SKIPPED [1] tests/test_bounded_agent_apps.py:652: Application-role subprocess regression requires explicit isolated PostgreSQL
SKIPPED [1] tests/test_conditional_checks_pg_role.py:14: Application-role subprocess regression requires explicit isolated PostgreSQL
SKIPPED [1] tests/test_conditional_run_bindings.py:624: Application-role subprocess regression requires explicit isolated PostgreSQL
SKIPPED [1] tests/test_delivery_graph_apps.py:223: Application-role subprocess regression requires explicit isolated PostgreSQL
SKIPPED [1] tests/test_goal_candidates.py:226: Application-role subprocess regression requires explicit isolated PostgreSQL
SKIPPED [1] tests/test_internal_api.py:292: Application-role subprocess regression requires explicit isolated PostgreSQL
SKIPPED [1] tests/test_internal_lifecycle.py:364: Application-role subprocess regression requires explicit isolated PostgreSQL
SKIPPED [1] tests/test_lifecycle.py:15: PostgreSQL subprocess check needs explicit test URL
SKIPPED [1] tests/test_local_task_retirement.py:391: Application-role subprocess regression requires explicit isolated PostgreSQL
SKIPPED [2] tests/test_persistent_app_runs.py:473: Application-role subprocess regression requires explicit isolated PostgreSQL
SKIPPED [2] tests/test_persistent_app_runs.py:532: Application-role subprocess regression requires explicit isolated PostgreSQL
SKIPPED [1] tests/test_persistent_app_runs.py:669: Application-role subprocess regression requires explicit isolated PostgreSQL
SKIPPED [1] tests/test_preview_extraction.py:436: Application-role subprocess regression requires explicit isolated PostgreSQL
SKIPPED [1] tests/test_process_environment.py:73: Actual Windows PowerShell native launch required
SKIPPED [1] tests/test_process_environment.py:93: Application-role subprocess regression requires explicit isolated PostgreSQL
SKIPPED [1] tests/test_protocol_gated_execution.py:51: Explicit isolated PostgreSQL required for full gated controller package
SKIPPED [1] tests/test_protocol_pool_process.py:66: Actual independent PostgreSQL process regression
SKIPPED [5] tests/test_protocol_pool_process.py:120: Actual independent PostgreSQL process regression
SKIPPED [1] tests/test_protocol_recovery_concurrency.py:38: Actual recovery lock ordering requires isolated PostgreSQL
SKIPPED [1] tests/test_protocol_schema.py:29: Application-role subprocess regression requires explicit isolated PostgreSQL
SKIPPED [1] tests/test_protocol_schema.py:87: Application-role subprocess regression requires explicit isolated PostgreSQL
SKIPPED [1] tests/test_protocol_ui.py:122: BLOCKED_SANDBOX: installed Chromium SUID helper requires root ownership/mode4755; security policy unchanged
SKIPPED [1] tests/test_registered_run_generation_pg_role.py:41: Application-role subprocess regression requires explicit isolated PostgreSQL
SKIPPED [1] tests/test_report_manifest_apps.py:273: Application-role subprocess regression requires explicit isolated PostgreSQL
SKIPPED [8] tests/test_retirement_race.py:22: Real PostgreSQL transaction lock/barrier regression
SKIPPED [1] tests/test_retirement_race.py:206: PG completed-task/fresh Store retirement subitems
SKIPPED [1] tests/test_spec_checklists.py:357: Application-role subprocess regression requires explicit isolated PostgreSQL
SKIPPED [1] tests/test_task_history.py:57: Application-role subprocess regression requires explicit isolated PostgreSQL
SKIPPED [1] tests/test_task_submission_recovery.py:64: Protected Chromium sandbox startup blocked; actual stderr retained in driver.log
1267 passed, 42 skipped, 2 warnings in 599.26s (0:09:59)
