..................                                                       [100%]
=============================== warnings summary ===============================
../../tmp/native-session-diagnostic-venv/lib/python3.12/site-packages/fastapi/testclient.py:1
  /tmp/native-session-diagnostic-venv/lib/python3.12/site-packages/fastapi/testclient.py:1: StarletteDeprecationWarning: Using `httpx` with `starlette.testclient` is deprecated; install `httpx2` instead.
    from starlette.testclient import TestClient as TestClient  # noqa

-- Docs: https://docs.pytest.org/en/stable/how-to/capture-warnings.html
============================= slowest 15 durations =============================
18.57s call     tests/test_conditional_runs_native.py::test_conditional_bound_native_shared_actual_http[True]
17.01s call     tests/test_conditional_runs_native.py::test_conditional_bound_native_shared_actual_http[False]
5.58s call     tests/test_global_experiment_gate.py::test_actual_global_seal_refuses_both_projects_under_optimized_python[True-original]
5.26s call     tests/test_global_experiment_gate.py::test_actual_global_seal_refuses_both_projects_under_optimized_python[True-other]
4.93s call     tests/test_global_experiment_gate.py::test_actual_global_seal_refuses_both_projects_under_optimized_python[False-original]
4.91s call     tests/test_global_experiment_gate.py::test_actual_global_seal_refuses_both_projects_under_optimized_python[False-other]
2.63s call     tests/test_conditional_fixture_session.py::test_actual_owned_session_closed_exception_is_safe_and_preserves_tables
0.41s call     tests/test_protocol_rotation.py::test_owned_rotation_failure_is_closed_and_collects_children[stale-health]
0.33s call     tests/test_conditional_fixture_session.py::test_protocol_is_closed_under_optimized_python
0.16s call     tests/test_conditional_fixture_session.py::test_owned_session_child_failures_and_timeout
0.06s call     tests/test_protocol_rotation.py::test_owned_rotation_failure_is_closed_and_collects_children[fresh-exit]
0.06s call     tests/test_conditional_fixture_session.py::test_fixture_session_eof_exits_without_preparation
0.04s call     tests/test_protocol_rotation.py::test_owned_rotation_failure_is_closed_and_collects_children[invalid]

(2 durations < 0.005s hidden.  Use -vv to show these durations.)
18 passed, 1 warning in 60.08s (0:01:00)
