...............                                                          [100%]
=============================== warnings summary ===============================
../../tmp/native-session-diagnostic-venv/lib/python3.12/site-packages/fastapi/testclient.py:1
  /tmp/native-session-diagnostic-venv/lib/python3.12/site-packages/fastapi/testclient.py:1: StarletteDeprecationWarning: Using `httpx` with `starlette.testclient` is deprecated; install `httpx2` instead.
    from starlette.testclient import TestClient as TestClient  # noqa

-- Docs: https://docs.pytest.org/en/stable/how-to/capture-warnings.html
============================= slowest 15 durations =============================
20.71s call     tests/test_conditional_runs_native.py::test_conditional_bound_native_shared_actual_http[True]
16.61s call     tests/test_conditional_runs_native.py::test_conditional_bound_native_shared_actual_http[False]
8.04s call     tests/test_conditional_native_oracle.py::test_conditional_native_shared_module_existing_fixture
7.26s call     tests/test_conditional_native_oracle.py::test_conditional_capture_optional_and_failure[omit]
5.13s call     tests/test_conditional_native_oracle.py::test_conditional_capture_optional_and_failure[fail]
3.43s call     tests/test_bounded_native_guards.py::test_optimized_run_control_refuses_invalid_owned_context[wrong-owner]
2.23s call     tests/test_bounded_native_guards.py::test_optimized_run_control_refuses_invalid_owned_context[no-queued]
1.85s call     tests/test_bounded_native_guards.py::test_actual_original_namespace_refused_without_any_durable_change[True]
1.77s call     tests/test_bounded_native_guards.py::test_optimized_run_control_refuses_invalid_owned_context[missing-root]
1.72s call     tests/test_bounded_native_guards.py::test_owned_worker_without_queued_run_refuses_without_preparation
1.36s call     tests/test_bounded_native_guards.py::test_actual_original_namespace_refused_without_any_durable_change[False]
0.42s call     tests/test_protocol_rotation.py::test_owned_rotation_failure_is_closed_and_collects_children[stale-health]
0.07s call     tests/test_protocol_rotation.py::test_owned_rotation_failure_is_closed_and_collects_children[fresh-exit]
0.05s call     tests/test_protocol_rotation.py::test_owned_rotation_failure_is_closed_and_collects_children[invalid]
0.04s call     tests/test_bounded_native_guards.py::test_buffered_emission_preserves_every_line_and_bound
15 passed, 1 warning in 70.84s (0:01:10)
