F                                                                        [100%]
=================================== FAILURES ===================================
__________________ test_source_bound_product_actual_http_dom ___________________

env = (<sim2act.db.Store object at 0x7f9b2b375520>, Settings(database_url='sqlite:////tmp/pytest-of-agent/pytest-497/test_so...aef008ac5c475da003317961825857', 'user_78c824f0c2584117b8c84c80640d4088', 'proj_2a9b797391044843b2a9c3c1db8edde0', ...)
tmp_path = PosixPath('/tmp/pytest-of-agent/pytest-497/test_source_bound_product_actu0')

    def test_source_bound_product_actual_http_dom(env, tmp_path):
        if not shutil.which("node") or subprocess.run(
            ["node", "-e", "require.resolve('jsdom')"], capture_output=True, timeout=10
        ).returncode:
            pytest.skip("Developer Node/jsdom required")
        store, settings, _, owner, _, pid, source, fresh = env
        other = store.project(owner, "Product source ABA project")
        with store.tx() as c:
            baseline = [c.execute(select(func.count()).select_from(t)).scalar() for t in [principals, grants]]
        app = create_app(store, settings)
        wires = []
    
        @app.post("/test-only-bounded-work/{phase}")
        def execute(phase: str):
            with store.tx() as c:
                job = c.execute(
                    select(protocol_jobs).join(runs, runs.c.id == protocol_jobs.c.run_id)
                    .where(runs.c.project_id == pid, runs.c.status == "QUEUED")
                ).mappings().one()
            snapshot = job["accepted_snapshot"]
            if phase == "source":
                values = [envelope(resource=source), envelope(report())]
            elif phase == "extract":
                values = [envelope(candidate_for(snapshot["contract"], source))]
            elif phase == "cold":
                values = [envelope(report(("TRUE", "FALSE", "FALSE"), "ALLOW", ["submit_claim_and_receipt"]))]
            else:
                assert phase == "no-provider"
                assert Worker(store, settings).once()
                return {"test_only": True}
            assert job["kind"] == phase
            worker = Worker(store, settings, protocol_runner_factory=factory(env, tmp_path, values, wires))
            assert worker.once() and not values
            return {"test_only": True}
    
        @app.post("/test-only-bounded-revoke")
        def revoke():
            with store.tx() as c:
                c.execute(update(grants).where(grants.c.resource_id == source).values(revoked=True))
            return {"test_only": True}
    
        with socket.socket() as sock:
            sock.bind(("127.0.0.1", 0))
            port = sock.getsockname()[1]
        (tmp_path / "info.json").write_text(json.dumps({"base": f"http://127.0.0.1:{port}", "project": pid, "other": other, "resource": source, "fresh": fresh}))
        server = uvicorn.Server(uvicorn.Config(app, host="127.0.0.1", port=port, log_level="error"))
        thread = threading.Thread(target=server.run, daemon=True)
        thread.start()
        try:
            end = time.time() + 10
            while not server.started:
                assert thread.is_alive() and time.time() < end
                time.sleep(0.01)
            out = subprocess.run(["node", "tests/conditional_run_product.cjs", str(tmp_path)], capture_output=True, text=True, timeout=90)
            (tmp_path / "dom-driver.log").write_text(out.stdout + out.stderr)
>           assert out.returncode == 0, out.stdout + out.stderr
E           AssertionError: http://127.0.0.1:32925/:1
E             {"detail":"Not Found"}
E                      ^
E             
E             SyntaxError: Unexpected token ':'
E                 at new Script (node:vm:117:7)
E                 at createScript (node:vm:269:10)
E                 at Object.runInContext (node:vm:300:10)
E                 at processJavaScript (/workspace/browser-tools/node_modules/jsdom/lib/jsdom/living/nodes/HTMLScriptElement-impl.js:274:10)
E                 at HTMLScriptElementImpl._innerEval (/workspace/browser-tools/node_modules/jsdom/lib/jsdom/living/nodes/HTMLScriptElement-impl.js:207:5)
E                 at HTMLScriptElementImpl._fetchInternalScript (/workspace/browser-tools/node_modules/jsdom/lib/jsdom/living/nodes/HTMLScriptElement-impl.js:124:12)
E                 at HTMLScriptElementImpl._eval (/workspace/browser-tools/node_modules/jsdom/lib/jsdom/living/nodes/HTMLScriptElement-impl.js:198:12)
E                 at HTMLScriptElementImpl._postConnectionSteps (/workspace/browser-tools/node_modules/jsdom/lib/jsdom/living/nodes/HTMLScriptElement-impl.js:46:12)
E                 at HTMLBodyElementImpl._insert (/workspace/browser-tools/node_modules/jsdom/lib/jsdom/living/nodes/Node-impl.js:1121:16)
E                 at HTMLBodyElementImpl._preInsert (/workspace/browser-tools/node_modules/jsdom/lib/jsdom/living/nodes/Node-impl.js:1006:10)
E             AssertionError [ERR_ASSERTION]: explicit authorized source enables separate Run form
E                 at check (/workspace/Sim2Act-core-conditional-integration/tests/conditional_run_product.cjs:5:25)
E                 at open (/workspace/Sim2Act-core-conditional-integration/tests/conditional_run_product.cjs:17:132)
E                 at process.processTicksAndRejections (node:internal/process/task_queues:104:5)
E                 at async /workspace/Sim2Act-core-conditional-integration/tests/conditional_run_product.cjs:22:2
E             
E           assert 1 == 0
E            +  where 1 = CompletedProcess(args=['node', 'tests/conditional_run_product.cjs', '/tmp/pytest-of-agent/pytest-497/test_source_bound..._queues:104:5)\n    at async /workspace/Sim2Act-core-conditional-integration/tests/conditional_run_product.cjs:22:2\n').returncode

tests/test_conditional_run_product.py:91: AssertionError
=============================== warnings summary ===============================
../sim2act-pb-venv/lib/python3.12/site-packages/fastapi/testclient.py:1
  /workspace/sim2act-pb-venv/lib/python3.12/site-packages/fastapi/testclient.py:1: StarletteDeprecationWarning: Using `httpx` with `starlette.testclient` is deprecated; install `httpx2` instead.
    from starlette.testclient import TestClient as TestClient  # noqa

-- Docs: https://docs.pytest.org/en/stable/how-to/capture-warnings.html
=========================== short test summary info ============================
FAILED tests/test_conditional_run_product.py::test_source_bound_product_actual_http_dom
1 failed, 1 warning in 2.13s
