WARNING: The directory '/home/agent/.cache/pip' or its parent directory is not owned or is not writable by the current user. The cache has been disabled. Check the permissions and owner of that directory. If executing pip with sudo, you should use sudo's -H flag.
Collecting annotated-doc==0.0.5 (from -r requirements.lock (line 1))
  Downloading annotated_doc-0.0.5-py3-none-any.whl.metadata (6.5 kB)
Collecting annotated-types==0.8.0 (from -r requirements.lock (line 2))
  Downloading annotated_types-0.8.0-py3-none-any.whl.metadata (15 kB)
Collecting anyio==4.15.1 (from -r requirements.lock (line 3))
  Downloading anyio-4.15.1-py3-none-any.whl.metadata (4.7 kB)
Collecting certifi==2026.7.22 (from -r requirements.lock (line 4))
  Downloading certifi-2026.7.22-py3-none-any.whl.metadata (2.5 kB)
Collecting click==8.5.0 (from -r requirements.lock (line 5))
  Downloading click-8.5.0-py3-none-any.whl.metadata (2.6 kB)
Collecting fastapi==0.135.1 (from -r requirements.lock (line 6))
  Downloading fastapi-0.135.1-py3-none-any.whl.metadata (30 kB)
Collecting greenlet==3.5.6 (from -r requirements.lock (line 7))
  Downloading greenlet-3.5.6-cp312-cp312-manylinux_2_24_x86_64.manylinux_2_28_x86_64.whl.metadata (3.8 kB)
Collecting h11==0.16.0 (from -r requirements.lock (line 8))
  Downloading h11-0.16.0-py3-none-any.whl.metadata (8.3 kB)
Collecting httpcore==1.0.9 (from -r requirements.lock (line 9))
  Downloading httpcore-1.0.9-py3-none-any.whl.metadata (21 kB)
Collecting httpx==0.28.1 (from -r requirements.lock (line 10))
  Downloading httpx-0.28.1-py3-none-any.whl.metadata (7.1 kB)
Collecting idna==3.20 (from -r requirements.lock (line 11))
  Downloading idna-3.20-py3-none-any.whl.metadata (7.2 kB)
Collecting iniconfig==2.3.0 (from -r requirements.lock (line 12))
  Downloading iniconfig-2.3.0-py3-none-any.whl.metadata (2.5 kB)
Collecting librt==0.16.0 (from -r requirements.lock (line 13))
  Downloading librt-0.16.0-cp312-cp312-manylinux2014_x86_64.manylinux_2_17_x86_64.manylinux_2_28_x86_64.whl.metadata (1.3 kB)
Collecting mypy==1.19.1 (from -r requirements.lock (line 14))
  Downloading mypy-1.19.1-cp312-cp312-manylinux2014_x86_64.manylinux_2_17_x86_64.manylinux_2_28_x86_64.whl.metadata (2.2 kB)
Collecting mypy_extensions==1.1.0 (from -r requirements.lock (line 15))
  Downloading mypy_extensions-1.1.0-py3-none-any.whl.metadata (1.1 kB)
Collecting packaging==26.3 (from -r requirements.lock (line 16))
  Downloading packaging-26.3-py3-none-any.whl.metadata (3.5 kB)
Collecting pathspec==1.1.1 (from -r requirements.lock (line 17))
  Downloading pathspec-1.1.1-py3-none-any.whl.metadata (14 kB)
Collecting pluggy==1.6.0 (from -r requirements.lock (line 18))
  Downloading pluggy-1.6.0-py3-none-any.whl.metadata (4.8 kB)
Collecting psutil==7.2.2 (from -r requirements.lock (line 19))
  Downloading psutil-7.2.2-cp36-abi3-manylinux2010_x86_64.manylinux_2_12_x86_64.manylinux_2_28_x86_64.whl.metadata (22 kB)
Collecting psycopg==3.3.3 (from -r requirements.lock (line 20))
  Downloading psycopg-3.3.3-py3-none-any.whl.metadata (4.3 kB)
Collecting psycopg-binary==3.3.3 (from -r requirements.lock (line 21))
  Downloading psycopg_binary-3.3.3-cp312-cp312-manylinux2014_x86_64.manylinux_2_17_x86_64.whl.metadata (2.7 kB)
Collecting pydantic==2.12.5 (from -r requirements.lock (line 22))
  Downloading pydantic-2.12.5-py3-none-any.whl.metadata (90 kB)
Collecting pydantic_core==2.41.5 (from -r requirements.lock (line 23))
  Downloading pydantic_core-2.41.5-cp312-cp312-manylinux_2_17_x86_64.manylinux2014_x86_64.whl.metadata (7.3 kB)
Collecting Pygments==2.21.0 (from -r requirements.lock (line 24))
  Downloading pygments-2.21.0-py3-none-any.whl.metadata (2.5 kB)
Collecting pytest==9.0.2 (from -r requirements.lock (line 25))
  Downloading pytest-9.0.2-py3-none-any.whl.metadata (7.6 kB)
Collecting ruff==0.15.6 (from -r requirements.lock (line 26))
  Downloading ruff-0.15.6-py3-none-manylinux_2_17_x86_64.manylinux2014_x86_64.whl.metadata (26 kB)
Collecting SQLAlchemy==2.0.48 (from -r requirements.lock (line 27))
  Downloading sqlalchemy-2.0.48-cp312-cp312-manylinux2014_x86_64.manylinux_2_17_x86_64.manylinux_2_28_x86_64.whl.metadata (9.5 kB)
Collecting starlette==1.7.0 (from -r requirements.lock (line 28))
  Downloading starlette-1.7.0-py3-none-any.whl.metadata (6.6 kB)
Collecting typing-inspection==0.4.4 (from -r requirements.lock (line 29))
  Downloading typing_inspection-0.4.4-py3-none-any.whl.metadata (2.6 kB)
Collecting typing_extensions==4.16.0 (from -r requirements.lock (line 30))
  Downloading typing_extensions-4.16.0-py3-none-any.whl.metadata (3.3 kB)
Collecting uvicorn==0.42.0 (from -r requirements.lock (line 31))
  Downloading uvicorn-0.42.0-py3-none-any.whl.metadata (6.7 kB)
Downloading annotated_doc-0.0.5-py3-none-any.whl (5.3 kB)
Downloading annotated_types-0.8.0-py3-none-any.whl (13 kB)
Downloading anyio-4.15.1-py3-none-any.whl (132 kB)
Downloading certifi-2026.7.22-py3-none-any.whl (136 kB)
Downloading click-8.5.0-py3-none-any.whl (125 kB)
Downloading fastapi-0.135.1-py3-none-any.whl (116 kB)
Downloading greenlet-3.5.6-cp312-cp312-manylinux_2_24_x86_64.manylinux_2_28_x86_64.whl (621 kB)
   ━━━━━━━━━━━━━━━━━━━━━━━━━━━━━━━━━━━━━━━━ 621.4/621.4 kB 7.7 MB/s eta 0:00:00
Downloading h11-0.16.0-py3-none-any.whl (37 kB)
Downloading httpcore-1.0.9-py3-none-any.whl (78 kB)
Downloading httpx-0.28.1-py3-none-any.whl (73 kB)
Downloading idna-3.20-py3-none-any.whl (69 kB)
Downloading iniconfig-2.3.0-py3-none-any.whl (7.5 kB)
Downloading librt-0.16.0-cp312-cp312-manylinux2014_x86_64.manylinux_2_17_x86_64.manylinux_2_28_x86_64.whl (531 kB)
   ━━━━━━━━━━━━━━━━━━━━━━━━━━━━━━━━━━━━━━━━ 532.0/532.0 kB 6.6 MB/s eta 0:00:00
Downloading mypy-1.19.1-cp312-cp312-manylinux2014_x86_64.manylinux_2_17_x86_64.manylinux_2_28_x86_64.whl (13.6 MB)
   ━━━━━━━━━━━━━━━━━━━━━━━━━━━━━━━━━━━━━━━━ 13.6/13.6 MB 9.6 MB/s eta 0:00:00
Downloading mypy_extensions-1.1.0-py3-none-any.whl (5.0 kB)
Downloading packaging-26.3-py3-none-any.whl (129 kB)
Downloading pathspec-1.1.1-py3-none-any.whl (57 kB)
Downloading pluggy-1.6.0-py3-none-any.whl (20 kB)
Downloading psutil-7.2.2-cp36-abi3-manylinux2010_x86_64.manylinux_2_12_x86_64.manylinux_2_28_x86_64.whl (155 kB)
Downloading psycopg-3.3.3-py3-none-any.whl (212 kB)
Downloading psycopg_binary-3.3.3-cp312-cp312-manylinux2014_x86_64.manylinux_2_17_x86_64.whl (5.2 MB)
   ━━━━━━━━━━━━━━━━━━━━━━━━━━━━━━━━━━━━━━━━ 5.2/5.2 MB 10.2 MB/s eta 0:00:00
Downloading pydantic-2.12.5-py3-none-any.whl (463 kB)
Downloading pydantic_core-2.41.5-cp312-cp312-manylinux_2_17_x86_64.manylinux2014_x86_64.whl (2.1 MB)
   ━━━━━━━━━━━━━━━━━━━━━━━━━━━━━━━━━━━━━━━━ 2.1/2.1 MB 12.8 MB/s eta 0:00:00
Downloading pygments-2.21.0-py3-none-any.whl (1.3 MB)
   ━━━━━━━━━━━━━━━━━━━━━━━━━━━━━━━━━━━━━━━━ 1.3/1.3 MB 15.7 MB/s eta 0:00:00
Downloading pytest-9.0.2-py3-none-any.whl (374 kB)
Downloading ruff-0.15.6-py3-none-manylinux_2_17_x86_64.manylinux2014_x86_64.whl (11.3 MB)
   ━━━━━━━━━━━━━━━━━━━━━━━━━━━━━━━━━━━━━━━━ 11.3/11.3 MB 9.5 MB/s eta 0:00:00
Downloading sqlalchemy-2.0.48-cp312-cp312-manylinux2014_x86_64.manylinux_2_17_x86_64.manylinux_2_28_x86_64.whl (3.3 MB)
   ━━━━━━━━━━━━━━━━━━━━━━━━━━━━━━━━━━━━━━━━ 3.3/3.3 MB 10.4 MB/s eta 0:00:00
Downloading starlette-1.7.0-py3-none-any.whl (78 kB)
Downloading typing_inspection-0.4.4-py3-none-any.whl (14 kB)
Downloading typing_extensions-4.16.0-py3-none-any.whl (45 kB)
Downloading uvicorn-0.42.0-py3-none-any.whl (68 kB)
Installing collected packages: typing_extensions, ruff, Pygments, psycopg-binary, psutil, pluggy, pathspec, packaging, mypy_extensions, librt, iniconfig, idna, h11, greenlet, click, certifi, annotated-types, annotated-doc, uvicorn, typing-inspection, SQLAlchemy, pytest, pydantic_core, psycopg, mypy, httpcore, anyio, starlette, pydantic, httpx, fastapi
Successfully installed Pygments-2.21.0 SQLAlchemy-2.0.48 annotated-doc-0.0.5 annotated-types-0.8.0 anyio-4.15.1 certifi-2026.7.22 click-8.5.0 fastapi-0.135.1 greenlet-3.5.6 h11-0.16.0 httpcore-1.0.9 httpx-0.28.1 idna-3.20 iniconfig-2.3.0 librt-0.16.0 mypy-1.19.1 mypy_extensions-1.1.0 packaging-26.3 pathspec-1.1.1 pluggy-1.6.0 psutil-7.2.2 psycopg-3.3.3 psycopg-binary-3.3.3 pydantic-2.12.5 pydantic_core-2.41.5 pytest-9.0.2 ruff-0.15.6 starlette-1.7.0 typing-inspection-0.4.4 typing_extensions-4.16.0 uvicorn-0.42.0

[notice] A new release of pip is available: 25.0.1 -> 26.2.1
[notice] To update, run: python -m pip install --upgrade pip
