WARNING: The directory '/home/agent/.cache/pip' or its parent directory is not owned or is not writable by the current user. The cache has been disabled. Check the permissions and owner of that directory. If executing pip with sudo, you should use sudo's -H flag.
Obtaining file:///workspace/Sim2Act
  Installing build dependencies: started
  Installing build dependencies: finished with status 'done'
  Checking if build backend supports build_editable: started
  Checking if build backend supports build_editable: finished with status 'done'
  Getting requirements to build editable: started
  Getting requirements to build editable: finished with status 'done'
  Preparing editable metadata (pyproject.toml): started
  Preparing editable metadata (pyproject.toml): finished with status 'done'
Building wheels for collected packages: sim2act
  Building editable for sim2act (pyproject.toml): started
  Building editable for sim2act (pyproject.toml): finished with status 'done'
  Created wheel for sim2act: filename=sim2act-0.1.0-0.editable-py3-none-any.whl size=1277 sha256=fe4994bb5afdaec26ca12a7e9898d193e49c19c4b0f67adb5328548112039f30
  Stored in directory: /tmp/pip-ephem-wheel-cache-ccizofp2/wheels/fc/0e/15/093f28c53a992e4812dff27c80a61a0cfdd154130d08a57240
Successfully built sim2act
Installing collected packages: sim2act
Successfully installed sim2act-0.1.0

[notice] A new release of pip is available: 25.0.1 -> 26.2.1
[notice] To update, run: python -m pip install --upgrade pip
