Switched to branch 'dev/f1-foundation'
Updating 5fedb35..112c8e3
Fast-forward
 docs/F2/ProjectDeterministicRevalidationPlan.md    |   37 +
 .../FailureLedger.md                               |   69 +
 .../README.md                                      |   52 +
 .../Scope.md                                       |   28 +
 .../author-final-summary.json                      |   43 +
 .../byte-freeze.json                               |  354 ++++
 .../candidate-fetch.log                            |    2 +
 .../eafea-byte-freeze.json                         |  354 ++++
 .../eafea-pg-command.json                          |   22 +
 .../eafea-pg-run.json                              |    5 +
 .../eafea-pg.exit                                  |    1 +
 .../eafea-pg.log                                   |   89 +
 .../eafea-pg.xml                                   |   76 +
 .../eafea-sqlite-command.json                      |   22 +
 .../eafea-sqlite-run.json                          |    5 +
 .../eafea-sqlite.exit                              |    1 +
 .../eafea-sqlite.log                               |   89 +
 .../eafea-sqlite.xml                               |   76 +
 .../extra.log                                      |   49 +
 .../extra.xml                                      |   36 +
 .../first-push.log                                 |    7 +
 .../first-remote-verification.json                 |   12 +
 .../first.log                                      |   26 +
 .../guard-pre-fix-retry.log                        | 1074 +++++++++++
 .../guard-pre-fix-retry.xml                        | 1061 +++++++++++
 .../guard-pre-fix.log                              |  146 ++
 .../guard-pre-fix.xml                              |  122 ++
 .../independent/FINAL_REVIEW.json                  |  355 ++++
 .../independent/FINAL_REVIEW.md                    |   30 +
 .../independent/REVIEW_PROGRESS.json               |   38 +
 .../independent/backend-eafea.log                  |   83 +
 .../independent/backend-eafea.xml                  |   66 +
 .../independent/backend-final-429.log              |    8 +
 .../independent/backend-final-429.xml              |    1 +
 .../independent/blocked-cbdc-collection.log        |  125 ++
 .../independent/blocked-cbdc-collection.xml        |  112 ++
 .../blocked-cbdc-project_revalidation.py           |  560 ++++++
 .../independent/drift-eafea.log                    |    8 +
 .../independent/drift-eafea.xml                    |    1 +
 .../executed-final-429-independent-ui.cjs          |   70 +
 .../executed-final-429-test_independent.py         |  250 +++
 .../executed-final-429-test_ui_independent.py      |   36 +
 .../independent/extras-eafea.log                   |  110 ++
 .../independent/extras-eafea.xml                   |   97 +
 .../independent/fixture.json                       |    1 +
 .../independent/independent-ui.cjs                 |   70 +
 .../independent/old-negative.log                   |    8 +
 .../independent/old-negative.xml                   |    1 +
 .../independent/omission-eafea.log                 |    8 +
 .../independent/omission-eafea.xml                 |    1 +
 .../independent/report-fail-eafea.log              |    8 +
 .../independent/report-fail-eafea.xml              |    1 +
 .../independent/source-eafea.json                  |  415 +++++
 .../independent/source-final-after.json            |  416 +++++
 .../independent/source-final-before.json           |  415 +++++
 .../independent/source-old-5fed.json               |  336 ++++
 .../independent/test_independent.py                |  250 +++
 .../independent/test_old_negative.py               |   19 +
 .../independent/test_ui_independent.py             |   36 +
 .../independent/transport-checkpoint.json          |   11 +
 .../independent/ui-eafea-lost-and-late.json        |  323 ++++
 .../independent/ui-eafea-lost-and-late.log         |    1 +
 .../independent/ui-eafea-readback422.json          |  187 ++
 .../independent/ui-eafea-readback422.log           |    3 +
 .../independent/ui-eafea.log                       |   45 +
 .../independent/ui-eafea.xml                       |   32 +
 .../independent/ui-final-429-lost-and-late.json    |  323 ++++
 .../independent/ui-final-429-lost-and-late.log     |    1 +
 .../independent/ui-final-429-readback422.json      |  203 ++
 .../independent/ui-final-429-readback422.log       |    1 +
 .../independent/ui-final-429.log                   |    8 +
 .../independent/ui-final-429.xml                   |    1 +
 .../independent/unicode-eafea.log                  | 1970 ++++++++++++++++++++
 .../independent/unicode-eafea.xml                  | 1945 +++++++++++++++++++
 .../pg-after.json                                  |    4 +
 .../pg-before.json                                 |    4 +
 .../pg-cleanup.json                                |   17 +
 .../pg-command.json                                |   23 +
 .../pg-owned-before-cleanup.json                   |   28 +
 .../pg-pages-summary.json                          |  165 ++
 .../test_actual_late_receipt_curre0/results.json   |  205 ++
 .../test_actual_late_receipt_curre1/results.json   |  205 ++
 .../test_actual_project_revalidati0/results.json   |  271 +++
 .../test_actual_project_revalidati1/results.json   |  336 ++++
 .../test_actual_project_revalidati2/results.json   |  275 +++
 .../test_manual_lock_actual_http_d0/results.json   |  449 +++++
 .../test_report_edit_lock_actual_h0/results.json   |  390 ++++
 .../test_report_edit_lock_actual_h1/results.json   |  424 +++++
 .../test_report_edit_lock_actual_h2/results.json   |  342 ++++
 .../pg-recovered-inspect.json                      |    9 +
 .../pg-remove.json                                 |   11 +
 .../pg-run.json                                    |    5 +
 .../pg-start.json                                  |   25 +
 .../pg-stop.json                                   |   12 +
 .../upgrade-proof.json                             |   52 +
 .../upgrade-proof.json                             |  399 ++++
 .../upgrade-proof.json                             |  399 ++++
 .../upgrade-proof.json                             |  302 +++
 .../pg.exit                                        |    1 +
 .../pg.log                                         |    8 +
 .../pg.xml                                         |    1 +
 .../post-recovery-remote.json                      |    5 +
 .../run.py                                         |   16 +
 .../sqlite-command.json                            |   23 +
 .../sqlite-pages-summary.json                      |  165 ++
 .../test_actual_late_receipt_curre0/results.json   |  205 ++
 .../test_actual_late_receipt_curre1/results.json   |  205 ++
 .../test_actual_project_revalidati0/results.json   |  271 +++
 .../test_actual_project_revalidati1/results.json   |  336 ++++
 .../test_actual_project_revalidati2/results.json   |  275 +++
 .../test_manual_lock_actual_http_d0/results.json   |  449 +++++
 .../test_report_edit_lock_actual_h0/results.json   |  390 ++++
 .../test_report_edit_lock_actual_h1/results.json   |  424 +++++
 .../test_report_edit_lock_actual_h2/results.json   |  342 ++++
 .../sqlite-run.json                                |    5 +
 .../upgrade-proof.json                             |   52 +
 .../upgrade-proof.json                             |  399 ++++
 .../upgrade-proof.json                             |  399 ++++
 .../upgrade-proof.json                             |  302 +++
 .../sqlite.exit                                    |    1 +
 .../sqlite.log                                     |    8 +
 .../sqlite.xml                                     |    1 +
 .../static-validation.json                         |   15 +
 .../tracking-probe.json                            |   15 +
 .../underived.log                                  |   94 +
 .../underived.xml                                  |   81 +
 .../unicode-focused.log                            |   89 +
 src/sim2act/api.py                                 |    7 +
 src/sim2act/project_revalidation.py                |  568 ++++++
 src/sim2act/web/delivery-graph.js                  |    2 +-
 src/sim2act/web/index.html                         |    2 +-
 src/sim2act/web/project-revalidation.js            |   45 +
 tests/fixtures/project_revalidation_upgrade.py     |   49 +
 tests/project_revalidation_ui.cjs                  |   42 +
 tests/test_project_revalidation.py                 |  463 +++++
 tests/test_project_revalidation_ui.py              |   72 +
 tests/test_project_revalidation_upgrade.py         |  166 ++
 137 files changed, 23190 insertions(+), 2 deletions(-)
 create mode 100644 docs/F2/ProjectDeterministicRevalidationPlan.md
 create mode 100644 docs/evidence/project-deterministic-revalidation-20261009/FailureLedger.md
 create mode 100644 docs/evidence/project-deterministic-revalidation-20261009/README.md
 create mode 100644 docs/evidence/project-deterministic-revalidation-20261009/Scope.md
 create mode 100644 docs/evidence/project-deterministic-revalidation-20261009/author-final-summary.json
 create mode 100644 docs/evidence/project-deterministic-revalidation-20261009/byte-freeze.json
 create mode 100644 docs/evidence/project-deterministic-revalidation-20261009/candidate-fetch.log
 create mode 100644 docs/evidence/project-deterministic-revalidation-20261009/eafea-byte-freeze.json
 create mode 100644 docs/evidence/project-deterministic-revalidation-20261009/eafea-pg-command.json
 create mode 100644 docs/evidence/project-deterministic-revalidation-20261009/eafea-pg-run.json
 create mode 100644 docs/evidence/project-deterministic-revalidation-20261009/eafea-pg.exit
 create mode 100644 docs/evidence/project-deterministic-revalidation-20261009/eafea-pg.log
 create mode 100644 docs/evidence/project-deterministic-revalidation-20261009/eafea-pg.xml
 create mode 100644 docs/evidence/project-deterministic-revalidation-20261009/eafea-sqlite-command.json
 create mode 100644 docs/evidence/project-deterministic-revalidation-20261009/eafea-sqlite-run.json
 create mode 100644 docs/evidence/project-deterministic-revalidation-20261009/eafea-sqlite.exit
 create mode 100644 docs/evidence/project-deterministic-revalidation-20261009/eafea-sqlite.log
 create mode 100644 docs/evidence/project-deterministic-revalidation-20261009/eafea-sqlite.xml
 create mode 100644 docs/evidence/project-deterministic-revalidation-20261009/extra.log
 create mode 100644 docs/evidence/project-deterministic-revalidation-20261009/extra.xml
 create mode 100644 docs/evidence/project-deterministic-revalidation-20261009/first-push.log
 create mode 100644 docs/evidence/project-deterministic-revalidation-20261009/first-remote-verification.json
 create mode 100644 docs/evidence/project-deterministic-revalidation-20261009/first.log
 create mode 100644 docs/evidence/project-deterministic-revalidation-20261009/guard-pre-fix-retry.log
 create mode 100644 docs/evidence/project-deterministic-revalidation-20261009/guard-pre-fix-retry.xml
 create mode 100644 docs/evidence/project-deterministic-revalidation-20261009/guard-pre-fix.log
 create mode 100644 docs/evidence/project-deterministic-revalidation-20261009/guard-pre-fix.xml
 create mode 100644 docs/evidence/project-deterministic-revalidation-20261009/independent/FINAL_REVIEW.json
 create mode 100644 docs/evidence/project-deterministic-revalidation-20261009/independent/FINAL_REVIEW.md
 create mode 100644 docs/evidence/project-deterministic-revalidation-20261009/independent/REVIEW_PROGRESS.json
 create mode 100644 docs/evidence/project-deterministic-revalidation-20261009/independent/backend-eafea.log
 create mode 100644 docs/evidence/project-deterministic-revalidation-20261009/independent/backend-eafea.xml
 create mode 100644 docs/evidence/project-deterministic-revalidation-20261009/independent/backend-final-429.log
 create mode 100644 docs/evidence/project-deterministic-revalidation-20261009/independent/backend-final-429.xml
 create mode 100644 docs/evidence/project-deterministic-revalidation-20261009/independent/blocked-cbdc-collection.log
 create mode 100644 docs/evidence/project-deterministic-revalidation-20261009/independent/blocked-cbdc-collection.xml
 create mode 100644 docs/evidence/project-deterministic-revalidation-20261009/independent/blocked-cbdc-project_revalidation.py
 create mode 100644 docs/evidence/project-deterministic-revalidation-20261009/independent/drift-eafea.log
 create mode 100644 docs/evidence/project-deterministic-revalidation-20261009/independent/drift-eafea.xml
 create mode 100644 docs/evidence/project-deterministic-revalidation-20261009/independent/executed-final-429-independent-ui.cjs
 create mode 100644 docs/evidence/project-deterministic-revalidation-20261009/independent/executed-final-429-test_independent.py
 create mode 100644 docs/evidence/project-deterministic-revalidation-20261009/independent/executed-final-429-test_ui_independent.py
 create mode 100644 docs/evidence/project-deterministic-revalidation-20261009/independent/extras-eafea.log
 create mode 100644 docs/evidence/project-deterministic-revalidation-20261009/independent/extras-eafea.xml
 create mode 100644 docs/evidence/project-deterministic-revalidation-20261009/independent/fixture.json
 create mode 100644 docs/evidence/project-deterministic-revalidation-20261009/independent/independent-ui.cjs
 create mode 100644 docs/evidence/project-deterministic-revalidation-20261009/independent/old-negative.log
 create mode 100644 docs/evidence/project-deterministic-revalidation-20261009/independent/old-negative.xml
 create mode 100644 docs/evidence/project-deterministic-revalidation-20261009/independent/omission-eafea.log
 create mode 100644 docs/evidence/project-deterministic-revalidation-20261009/independent/omission-eafea.xml
 create mode 100644 docs/evidence/project-deterministic-revalidation-20261009/independent/report-fail-eafea.log
 create mode 100644 docs/evidence/project-deterministic-revalidation-20261009/independent/report-fail-eafea.xml
 create mode 100644 docs/evidence/project-deterministic-revalidation-20261009/independent/source-eafea.json
 create mode 100644 docs/evidence/project-deterministic-revalidation-20261009/independent/source-final-after.json
 create mode 100644 docs/evidence/project-deterministic-revalidation-20261009/independent/source-final-before.json
 create mode 100644 docs/evidence/project-deterministic-revalidation-20261009/independent/source-old-5fed.json
 create mode 100644 docs/evidence/project-deterministic-revalidation-20261009/independent/test_independent.py
 create mode 100644 docs/evidence/project-deterministic-revalidation-20261009/independent/test_old_negative.py
 create mode 100644 docs/evidence/project-deterministic-revalidation-20261009/independent/test_ui_independent.py
 create mode 100644 docs/evidence/project-deterministic-revalidation-20261009/independent/transport-checkpoint.json
 create mode 100644 docs/evidence/project-deterministic-revalidation-20261009/independent/ui-eafea-lost-and-late.json
 create mode 100644 docs/evidence/project-deterministic-revalidation-20261009/independent/ui-eafea-lost-and-late.log
 create mode 100644 docs/evidence/project-deterministic-revalidation-20261009/independent/ui-eafea-readback422.json
 create mode 100644 docs/evidence/project-deterministic-revalidation-20261009/independent/ui-eafea-readback422.log
 create mode 100644 docs/evidence/project-deterministic-revalidation-20261009/independent/ui-eafea.log
 create mode 100644 docs/evidence/project-deterministic-revalidation-20261009/independent/ui-eafea.xml
 create mode 100644 docs/evidence/project-deterministic-revalidation-20261009/independent/ui-final-429-lost-and-late.json
 create mode 100644 docs/evidence/project-deterministic-revalidation-20261009/independent/ui-final-429-lost-and-late.log
 create mode 100644 docs/evidence/project-deterministic-revalidation-20261009/independent/ui-final-429-readback422.json
 create mode 100644 docs/evidence/project-deterministic-revalidation-20261009/independent/ui-final-429-readback422.log
 create mode 100644 docs/evidence/project-deterministic-revalidation-20261009/independent/ui-final-429.log
 create mode 100644 docs/evidence/project-deterministic-revalidation-20261009/independent/ui-final-429.xml
 create mode 100644 docs/evidence/project-deterministic-revalidation-20261009/independent/unicode-eafea.log
 create mode 100644 docs/evidence/project-deterministic-revalidation-20261009/independent/unicode-eafea.xml
 create mode 100644 docs/evidence/project-deterministic-revalidation-20261009/pg-after.json
 create mode 100644 docs/evidence/project-deterministic-revalidation-20261009/pg-before.json
 create mode 100644 docs/evidence/project-deterministic-revalidation-20261009/pg-cleanup.json
 create mode 100644 docs/evidence/project-deterministic-revalidation-20261009/pg-command.json
 create mode 100644 docs/evidence/project-deterministic-revalidation-20261009/pg-owned-before-cleanup.json
 create mode 100644 docs/evidence/project-deterministic-revalidation-20261009/pg-pages-summary.json
 create mode 100644 docs/evidence/project-deterministic-revalidation-20261009/pg-pages/test_actual_late_receipt_curre0/results.json
 create mode 100644 docs/evidence/project-deterministic-revalidation-20261009/pg-pages/test_actual_late_receipt_curre1/results.json
 create mode 100644 docs/evidence/project-deterministic-revalidation-20261009/pg-pages/test_actual_project_revalidati0/results.json
 create mode 100644 docs/evidence/project-deterministic-revalidation-20261009/pg-pages/test_actual_project_revalidati1/results.json
 create mode 100644 docs/evidence/project-deterministic-revalidation-20261009/pg-pages/test_actual_project_revalidati2/results.json
 create mode 100644 docs/evidence/project-deterministic-revalidation-20261009/pg-pages/test_manual_lock_actual_http_d0/results.json
 create mode 100644 docs/evidence/project-deterministic-revalidation-20261009/pg-pages/test_report_edit_lock_actual_h0/results.json
 create mode 100644 docs/evidence/project-deterministic-revalidation-20261009/pg-pages/test_report_edit_lock_actual_h1/results.json
 create mode 100644 docs/evidence/project-deterministic-revalidation-20261009/pg-pages/test_report_edit_lock_actual_h2/results.json
 create mode 100644 docs/evidence/project-deterministic-revalidation-20261009/pg-recovered-inspect.json
 create mode 100644 docs/evidence/project-deterministic-revalidation-20261009/pg-remove.json
 create mode 100644 docs/evidence/project-deterministic-revalidation-20261009/pg-run.json
 create mode 100644 docs/evidence/project-deterministic-revalidation-20261009/pg-start.json
 create mode 100644 docs/evidence/project-deterministic-revalidation-20261009/pg-stop.json
 create mode 100644 docs/evidence/project-deterministic-revalidation-20261009/pg-upgrades/test_actual_old_report_upgrade0/upgrade-proof.json
 create mode 100644 docs/evidence/project-deterministic-revalidation-20261009/pg-upgrades/test_actual_old_source_upgrade0/upgrade-proof.json
 create mode 100644 docs/evidence/project-deterministic-revalidation-20261009/pg-upgrades/test_actual_old_source_upgrade1/upgrade-proof.json
 create mode 100644 docs/evidence/project-deterministic-revalidation-20261009/pg-upgrades/test_actual_previous_source_pr0/upgrade-proof.json
 create mode 100644 docs/evidence/project-deterministic-revalidation-20261009/pg.exit
 create mode 100644 docs/evidence/project-deterministic-revalidation-20261009/pg.log
 create mode 100644 docs/evidence/project-deterministic-revalidation-20261009/pg.xml
 create mode 100644 docs/evidence/project-deterministic-revalidation-20261009/post-recovery-remote.json
 create mode 100644 docs/evidence/project-deterministic-revalidation-20261009/run.py
 create mode 100644 docs/evidence/project-deterministic-revalidation-20261009/sqlite-command.json
 create mode 100644 docs/evidence/project-deterministic-revalidation-20261009/sqlite-pages-summary.json
 create mode 100644 docs/evidence/project-deterministic-revalidation-20261009/sqlite-pages/test_actual_late_receipt_curre0/results.json
 create mode 100644 docs/evidence/project-deterministic-revalidation-20261009/sqlite-pages/test_actual_late_receipt_curre1/results.json
 create mode 100644 docs/evidence/project-deterministic-revalidation-20261009/sqlite-pages/test_actual_project_revalidati0/results.json
 create mode 100644 docs/evidence/project-deterministic-revalidation-20261009/sqlite-pages/test_actual_project_revalidati1/results.json
 create mode 100644 docs/evidence/project-deterministic-revalidation-20261009/sqlite-pages/test_actual_project_revalidati2/results.json
 create mode 100644 docs/evidence/project-deterministic-revalidation-20261009/sqlite-pages/test_manual_lock_actual_http_d0/results.json
 create mode 100644 docs/evidence/project-deterministic-revalidation-20261009/sqlite-pages/test_report_edit_lock_actual_h0/results.json
 create mode 100644 docs/evidence/project-deterministic-revalidation-20261009/sqlite-pages/test_report_edit_lock_actual_h1/results.json
 create mode 100644 docs/evidence/project-deterministic-revalidation-20261009/sqlite-pages/test_report_edit_lock_actual_h2/results.json
 create mode 100644 docs/evidence/project-deterministic-revalidation-20261009/sqlite-run.json
 create mode 100644 docs/evidence/project-deterministic-revalidation-20261009/sqlite-upgrades/test_actual_old_report_upgrade0/upgrade-proof.json
 create mode 100644 docs/evidence/project-deterministic-revalidation-20261009/sqlite-upgrades/test_actual_old_source_upgrade0/upgrade-proof.json
 create mode 100644 docs/evidence/project-deterministic-revalidation-20261009/sqlite-upgrades/test_actual_old_source_upgrade1/upgrade-proof.json
 create mode 100644 docs/evidence/project-deterministic-revalidation-20261009/sqlite-upgrades/test_actual_previous_source_pr0/upgrade-proof.json
 create mode 100644 docs/evidence/project-deterministic-revalidation-20261009/sqlite.exit
 create mode 100644 docs/evidence/project-deterministic-revalidation-20261009/sqlite.log
 create mode 100644 docs/evidence/project-deterministic-revalidation-20261009/sqlite.xml
 create mode 100644 docs/evidence/project-deterministic-revalidation-20261009/static-validation.json
 create mode 100644 docs/evidence/project-deterministic-revalidation-20261009/tracking-probe.json
 create mode 100644 docs/evidence/project-deterministic-revalidation-20261009/underived.log
 create mode 100644 docs/evidence/project-deterministic-revalidation-20261009/underived.xml
 create mode 100644 docs/evidence/project-deterministic-revalidation-20261009/unicode-focused.log
 create mode 100644 src/sim2act/project_revalidation.py
 create mode 100644 src/sim2act/web/project-revalidation.js
 create mode 100644 tests/fixtures/project_revalidation_upgrade.py
 create mode 100644 tests/project_revalidation_ui.cjs
 create mode 100644 tests/test_project_revalidation.py
 create mode 100644 tests/test_project_revalidation_ui.py
 create mode 100644 tests/test_project_revalidation_upgrade.py
