********************************************************************************
WARNING: POSTGRES_HOST_AUTH_METHOD has been set to "trust". This will allow
         anyone with access to the Postgres port to access your database without
         a password, even if POSTGRES_PASSWORD is set. See PostgreSQL
         documentation about "trust":
         https://www.postgresql.org/docs/current/auth-trust.html
         In Docker's default configuration, this is effectively any other
         container on the same system.

         It is not recommended to use POSTGRES_HOST_AUTH_METHOD=trust. Replace
         it with "-e POSTGRES_PASSWORD=password" instead to set a password in
         "docker run".
********************************************************************************
The files belonging to this database system will be owned by user "postgres".
This user must also own the server process.

The database cluster will be initialized with locale "en_US.utf8".
The default database encoding has accordingly been set to "UTF8".
The default text search configuration will be set to "english".

Data page checksums are disabled.

fixing permissions on existing directory /var/lib/postgresql/data ... ok
creating subdirectories ... ok
selecting dynamic shared memory implementation ... posix
selecting default "max_connections" ... 100
selecting default "shared_buffers" ... 128MB
selecting default time zone ... Etc/UTC
creating configuration files ... ok
running bootstrap script ... ok
performing post-bootstrap initialization ... ok
initdb: warning: enabling "trust" authentication for local connections
initdb: hint: You can change this by editing pg_hba.conf or using the option -A, or --auth-local and --auth-host, the next time you run initdb.
syncing data to disk ... ok


Success. You can now start the database server using:

    pg_ctl -D /var/lib/postgresql/data -l logfile start

waiting for server to start....2026-10-10 02:45:54.291 UTC [74] LOG:  starting PostgreSQL 17.9 (Debian 17.9-1.pgdg13+1) on x86_64-pc-linux-gnu, compiled by gcc (Debian 14.2.0-19) 14.2.0, 64-bit
2026-10-10 02:45:54.291 UTC [74] LOG:  listening on Unix socket "/var/run/postgresql/.s.PGSQL.5432"
2026-10-10 02:45:54.294 UTC [77] LOG:  database system was shut down at 2026-10-10 02:45:53 UTC
2026-10-10 02:45:54.297 UTC [74] LOG:  database system is ready to accept connections
 done
server started
2026-10-10 02:45:54.464 UTC [93] FATAL:  database "report_feedback_fixture" does not exist
CREATE DATABASE


/usr/local/bin/docker-entrypoint.sh: ignoring /docker-entrypoint-initdb.d/*

waiting for server to shut down....2026-10-10 02:45:54.550 UTC [74] LOG:  received fast shutdown request
2026-10-10 02:45:54.555 UTC [74] LOG:  aborting any active transactions
2026-10-10 02:45:54.556 UTC [74] LOG:  background worker "logical replication launcher" (PID 80) exited with exit code 1
2026-10-10 02:45:54.557 UTC [75] LOG:  shutting down
2026-10-10 02:45:54.558 UTC [75] LOG:  checkpoint starting: shutdown immediate
2026-10-10 02:45:54.668 UTC [102] FATAL:  the database system is shutting down
2026-10-10 02:45:54.759 UTC [75] LOG:  checkpoint complete: wrote 925 buffers (5.6%); 0 WAL file(s) added, 0 removed, 0 recycled; write=0.018 s, sync=0.177 s, total=0.202 s; sync files=301, longest=0.007 s, average=0.001 s; distance=4256 kB, estimate=4256 kB; lsn=0/19158F0, redo lsn=0/19158F0
2026-10-10 02:45:54.772 UTC [74] LOG:  database system is shut down
 done
server stopped

PostgreSQL init process complete; ready for start up.

2026-10-10 02:45:54.877 UTC [1] LOG:  starting PostgreSQL 17.9 (Debian 17.9-1.pgdg13+1) on x86_64-pc-linux-gnu, compiled by gcc (Debian 14.2.0-19) 14.2.0, 64-bit
2026-10-10 02:45:54.877 UTC [1] LOG:  listening on Unix socket "/var/run/postgresql/.s.PGSQL.5432"
2026-10-10 02:45:54.880 UTC [106] LOG:  database system was shut down at 2026-10-10 02:45:54 UTC
2026-10-10 02:45:54.884 UTC [1] LOG:  database system is ready to accept connections
