/workspace/Sim2Act/.venv/lib/python3.12/site-packages/fastapi/testclient.py:1: StarletteDeprecationWarning: Using `httpx` with `starlette.testclient` is deprecated; install `httpx2` instead.
  from starlette.testclient import TestClient as TestClient  # noqa
{"case": "positive-v1", "status": "PASS", "checks": 7, "statuses": null}
{"case": "v1-row-only", "status": "PASS", "checks": 6, "statuses": [409, 409, 409]}
{"case": "v1-joint", "status": "PASS", "checks": 6, "statuses": [409, 409, 409]}
{"case": "positive-report", "status": "PASS", "checks": 7, "statuses": null}
{"case": "report-row-only", "status": "PASS", "checks": 6, "statuses": [409, 409, 409]}
{"case": "report-joint", "status": "PASS", "checks": 6, "statuses": [409, 409, 409]}
{
  "verdict": "LIMITED_PASS",
  "source_sha": "50b10417a99a070f6bcd614471cc00ec102b7836",
  "scenario_count": 6,
  "checks": 38,
  "elapsed_seconds": 11.875497503999213,
  "four_type_attacks_all12GET409": true,
  "source365_before_after_match": true,
  "author_freeze_exact": true,
  "delta_paths": [
    "src/sim2act/csv_dag_instances.py",
    "tests/test_csv_report_dag_instances.py"
  ],
  "other363_paths_same5588": true,
  "other68_products_same5588": true,
  "PG_CI_repo_ref_operations": 0
}
