
SIM2ACT_CI_DIAGNOSTIC {"event": "session_start", "utc": "2026-10-10T05:16:43.057428+00:00", "elapsed_seconds": 0.017617356999835465, "pid": 122296}

SIM2ACT_CI_DIAGNOSTIC {"event": "collection_summary", "utc": "2026-10-10T05:16:43.062927+00:00", "elapsed_seconds": 0.023107567998522427, "pid": 122296, "count": 6, "nodes_sha256": "3a510104877800105b7ff2b48a0d38c950a3e6534769941501a86122940ddf59"}

SIM2ACT_CI_DIAGNOSTIC {"event": "node_start", "utc": "2026-10-10T05:16:43.063278+00:00", "elapsed_seconds": 0.023460308999347035, "pid": 122296, "nodeid": "test_fixture.py::test_material[0]"}
F
SIM2ACT_CI_DIAGNOSTIC {"event": "node_report", "utc": "2026-10-10T05:16:43.075982+00:00", "elapsed_seconds": 0.036169097998936195, "pid": 122296, "nodeid": "test_fixture.py::test_material[0]", "phase": "call", "outcome": "failed", "duration": 0.00016032799612730742, "failure": "index = 0\n\n    @pytest.mark.parametrize(\"index\",range(len(MESSAGES)))\n    def test_material(index):\n>       assert False, MESSAGES[index]\nE       AssertionError: authorization=<redacted>\nE       assert False\n\ntest_fixture.py:5: AssertionError"}

SIM2ACT_CI_DIAGNOSTIC {"event": "node_start", "utc": "2026-10-10T05:16:43.076591+00:00", "elapsed_seconds": 0.036772059997019824, "pid": 122296, "nodeid": "test_fixture.py::test_material[1]"}
F
SIM2ACT_CI_DIAGNOSTIC {"event": "node_report", "utc": "2026-10-10T05:16:43.078076+00:00", "elapsed_seconds": 0.038260150999121834, "pid": 122296, "nodeid": "test_fixture.py::test_material[1]", "phase": "call", "outcome": "failed", "duration": 0.00012318899825913832, "failure": "index = 1\n\n    @pytest.mark.parametrize(\"index\",range(len(MESSAGES)))\n    def test_material(index):\n>       assert False, MESSAGES[index]\nE       AssertionError: password=<redacted>\nE       assert False\n\ntest_fixture.py:5: AssertionError"}

SIM2ACT_CI_DIAGNOSTIC {"event": "node_start", "utc": "2026-10-10T05:16:43.078552+00:00", "elapsed_seconds": 0.03873265600122977, "pid": 122296, "nodeid": "test_fixture.py::test_material[2]"}
F
SIM2ACT_CI_DIAGNOSTIC {"event": "node_report", "utc": "2026-10-10T05:16:43.080126+00:00", "elapsed_seconds": 0.04031042700080434, "pid": 122296, "nodeid": "test_fixture.py::test_material[2]", "phase": "call", "outcome": "failed", "duration": 0.00010539999493630603, "failure": "index = 2\n\n    @pytest.mark.parametrize(\"index\",range(len(MESSAGES)))\n    def test_material(index):\n>       assert False, MESSAGES[index]\nE       AssertionError: authorization=<redacted>\nE       assert False\n\ntest_fixture.py:5: AssertionError"}

SIM2ACT_CI_DIAGNOSTIC {"event": "node_start", "utc": "2026-10-10T05:16:43.080607+00:00", "elapsed_seconds": 0.04078748499887297, "pid": 122296, "nodeid": "test_fixture.py::test_material[3]"}
F
SIM2ACT_CI_DIAGNOSTIC {"event": "node_report", "utc": "2026-10-10T05:16:43.081954+00:00", "elapsed_seconds": 0.04213808100030292, "pid": 122296, "nodeid": "test_fixture.py::test_material[3]", "phase": "call", "outcome": "failed", "duration": 0.00011031900066882372, "failure": "index = 3\n\n    @pytest.mark.parametrize(\"index\",range(len(MESSAGES)))\n    def test_material(index):\n>       assert False, MESSAGES[index]\nE       AssertionError: password=<redacted>\nE         ordinary diagnostic survives\nE       assert False\n\ntest_fixture.py:5: AssertionError"}

SIM2ACT_CI_DIAGNOSTIC {"event": "node_start", "utc": "2026-10-10T05:16:43.082399+00:00", "elapsed_seconds": 0.04258032699726755, "pid": 122296, "nodeid": "test_fixture.py::test_material[4]"}
F
SIM2ACT_CI_DIAGNOSTIC {"event": "node_report", "utc": "2026-10-10T05:16:43.083821+00:00", "elapsed_seconds": 0.04400598599750083, "pid": 122296, "nodeid": "test_fixture.py::test_material[4]", "phase": "call", "outcome": "failed", "duration": 0.00011621900193858892, "failure": "index = 4\n\n    @pytest.mark.parametrize(\"index\",range(len(MESSAGES)))\n    def test_material(index):\n>       assert False, MESSAGES[index]\nE       AssertionError: {\"api_key\": <redacted>\nE       assert False\n\ntest_fixture.py:5: AssertionError"}

SIM2ACT_CI_DIAGNOSTIC {"event": "node_start", "utc": "2026-10-10T05:16:43.084241+00:00", "elapsed_seconds": 0.04442213400034234, "pid": 122296, "nodeid": "test_fixture.py::test_material[5]"}
F
SIM2ACT_CI_DIAGNOSTIC {"event": "node_report", "utc": "2026-10-10T05:16:43.085696+00:00", "elapsed_seconds": 0.04588036199857015, "pid": 122296, "nodeid": "test_fixture.py::test_material[5]", "phase": "call", "outcome": "failed", "duration": 0.00010273299994878471, "failure": "index = 5\n\n    @pytest.mark.parametrize(\"index\",range(len(MESSAGES)))\n    def test_material(index):\n>       assert False, MESSAGES[index]\nE       AssertionError: <redacted-database-url>\nE         Bearer <redacted>\nE       assert False\n\ntest_fixture.py:5: AssertionError"}
                                                                   [100%]
SIM2ACT_CI_DIAGNOSTIC {"event": "session_finish", "utc": "2026-10-10T05:16:43.086299+00:00", "elapsed_seconds": 0.04647939799906453, "pid": 122296, "exitstatus": 1}

=================================== FAILURES ===================================
_______________________________ test_material[0] _______________________________

index = 0

    @pytest.mark.parametrize("index",range(len(MESSAGES)))
    def test_material(index):
>       assert False, MESSAGES[index]
E       AssertionError: authorization='Basic CI_ORIGINAL_BASIC' password='first CI_ORIGINAL_SPACED'
E       assert False

test_fixture.py:5: AssertionError
_______________________________ test_material[1] _______________________________

index = 1

    @pytest.mark.parametrize("index",range(len(MESSAGES)))
    def test_material(index):
>       assert False, MESSAGES[index]
E       AssertionError: password="first\" CI_ESCAPED_QUOTE \\ CI_ESCAPED_SLASH"
E       assert False

test_fixture.py:5: AssertionError
_______________________________ test_material[2] _______________________________

index = 2

    @pytest.mark.parametrize("index",range(len(MESSAGES)))
    def test_material(index):
>       assert False, MESSAGES[index]
E       AssertionError: authorization=Basic CI_UNQUOTED_BASIC tail CI_UNQUOTED_TAIL
E       assert False

test_fixture.py:5: AssertionError
_______________________________ test_material[3] _______________________________

index = 3

    @pytest.mark.parametrize("index",range(len(MESSAGES)))
    def test_material(index):
>       assert False, MESSAGES[index]
E       AssertionError: password='first CI_MULTILINE_FIRST
E         second CI_MULTILINE_SECOND'
E         ordinary diagnostic survives
E       assert False

test_fixture.py:5: AssertionError
_______________________________ test_material[4] _______________________________

index = 4

    @pytest.mark.parametrize("index",range(len(MESSAGES)))
    def test_material(index):
>       assert False, MESSAGES[index]
E       AssertionError: {"api_key": "first CI_JSON_API second", "secret": "CI_JSON_SECRET"}
E       assert False

test_fixture.py:5: AssertionError
_______________________________ test_material[5] _______________________________

index = 5

    @pytest.mark.parametrize("index",range(len(MESSAGES)))
    def test_material(index):
>       assert False, MESSAGES[index]
E       AssertionError: POSTGRESQL+psycopg://ciuser:CI_UPPER_DB@127.0.0.1/db
E         Bearer CI_BEARER_VALUE
E       assert False

test_fixture.py:5: AssertionError
=========================== short test summary info ============================
FAILED test_fixture.py::test_material[0] - AssertionError: authorization='Bas...
FAILED test_fixture.py::test_material[1] - AssertionError: password="first\" ...
FAILED test_fixture.py::test_material[2] - AssertionError: authorization=Basi...
FAILED test_fixture.py::test_material[3] - AssertionError: password='first CI...
FAILED test_fixture.py::test_material[4] - AssertionError: {"api_key": "first...
FAILED test_fixture.py::test_material[5] - AssertionError: POSTGRESQL+psycopg...
6 failed in 0.03s
