ISOLATED_SOURCE_FAMILY_RESULT {'family': 'goal', 'inspection_status': 200, 'approval_created': True, 'rejection': None, 'replay_rounds': 2, 'run_created': True}
FISOLATED_SOURCE_FAMILY_RESULT {'family': 'preview', 'inspection_status': 200, 'approval_created': True, 'rejection': None, 'replay_rounds': 2, 'run_created': True}
F
=================================== FAILURES ===================================
_ test_independent_source_family_blocks_executor_replacement_before_approval[goal] _

env = (<sim2act.db.Store object at 0x7fc9d18534a0>, Settings(database_url='sqlite:////tmp/pytest-of-agent/pytest-111/test_in...777f8dc3bd4fdaa03a9d8fdf070575', 'user_e1f85570444b4779b72f50dc7ebd9596', 'proj_2ec2a14d17704703983b8c0166e8bf2d', ...)
family = 'goal'

    @pytest.mark.parametrize('family', ['goal','preview'])
    def test_independent_source_family_blocks_executor_replacement_before_approval(env, family):
        aid, md, forged, value, _ = switched_fixture(env, family)
        before = effects(env[0])
        actual = env[2].get(f'/api/apps/{aid}')
        protocol = replay(md, value)
        accepted = None
        rejection = None
        try:
            accepted = prepare_release(env[0], env[3], aid, fingerprint(forged), limits(env),
                                       {'term':value['term']}, replay=protocol)
        except DomainError as exc:
            rejection = exc.code
        reached = {'family':family,'inspection_status':actual.status_code,
                   'approval_created':accepted is not None,'rejection':rejection,
                   'replay_rounds':len(protocol.requests),'run_created':False}
        if accepted:
            release = commit_release(env[0], env[3], accepted['id'], accepted['fingerprint'], limits(env))
            instance = create_instance(env[0], env[3], release['id'], release['fingerprint'], limits(env))
            queued = app_jobs.enqueue(env[0], env[3], instance['id'], 1, release['fingerprint'],
                                      {'term':value['term']}, 'corrupt-source-family', limits(env))
            reached['run_created'] = bool(queued['run_id'])
        print('ISOLATED_SOURCE_FAMILY_RESULT', reached)
>       assert actual.status_code == 409, reached
E       AssertionError: {'approval_created': True, 'family': 'goal', 'inspection_status': 200, 'rejection': None, ...}
E       assert 200 == 409
E        +  where 200 = <Response [200 OK]>.status_code

tests/test_executor_family_provenance.py:80: AssertionError
_ test_independent_source_family_blocks_executor_replacement_before_approval[preview] _

env = (<sim2act.db.Store object at 0x7fc9d1569af0>, Settings(database_url='sqlite:////tmp/pytest-of-agent/pytest-111/test_in...b5ddd3703c4487b44a26fb6cc43e1b', 'user_52093294d52540c4b88983042697215f', 'proj_d3c84cd3178b42da85305ab86c6d7071', ...)
family = 'preview'

    @pytest.mark.parametrize('family', ['goal','preview'])
    def test_independent_source_family_blocks_executor_replacement_before_approval(env, family):
        aid, md, forged, value, _ = switched_fixture(env, family)
        before = effects(env[0])
        actual = env[2].get(f'/api/apps/{aid}')
        protocol = replay(md, value)
        accepted = None
        rejection = None
        try:
            accepted = prepare_release(env[0], env[3], aid, fingerprint(forged), limits(env),
                                       {'term':value['term']}, replay=protocol)
        except DomainError as exc:
            rejection = exc.code
        reached = {'family':family,'inspection_status':actual.status_code,
                   'approval_created':accepted is not None,'rejection':rejection,
                   'replay_rounds':len(protocol.requests),'run_created':False}
        if accepted:
            release = commit_release(env[0], env[3], accepted['id'], accepted['fingerprint'], limits(env))
            instance = create_instance(env[0], env[3], release['id'], release['fingerprint'], limits(env))
            queued = app_jobs.enqueue(env[0], env[3], instance['id'], 1, release['fingerprint'],
                                      {'term':value['term']}, 'corrupt-source-family', limits(env))
            reached['run_created'] = bool(queued['run_id'])
        print('ISOLATED_SOURCE_FAMILY_RESULT', reached)
>       assert actual.status_code == 409, reached
E       AssertionError: {'approval_created': True, 'family': 'preview', 'inspection_status': 200, 'rejection': None, ...}
E       assert 200 == 409
E        +  where 200 = <Response [200 OK]>.status_code

tests/test_executor_family_provenance.py:80: AssertionError
=============================== warnings summary ===============================
../sim2act-pb-venv/lib/python3.12/site-packages/fastapi/testclient.py:1
  /workspace/sim2act-pb-venv/lib/python3.12/site-packages/fastapi/testclient.py:1: StarletteDeprecationWarning: Using `httpx` with `starlette.testclient` is deprecated; install `httpx2` instead.
    from starlette.testclient import TestClient as TestClient  # noqa

-- Docs: https://docs.pytest.org/en/stable/how-to/capture-warnings.html
=========================== short test summary info ============================
FAILED tests/test_executor_family_provenance.py::test_independent_source_family_blocks_executor_replacement_before_approval[goal]
FAILED tests/test_executor_family_provenance.py::test_independent_source_family_blocks_executor_replacement_before_approval[preview]
2 failed, 1 warning in 1.22s
