F                                                                        [100%]
=================================== FAILURES ===================================
_______ test_three_actual_receipts_exact_report_and_old_request_recovery _______

env = (<sim2act.db.Store object at 0x7f983a4b7b00>, Settings(database_url='sqlite:////tmp/pytest-of-agent/pytest-1/test_thre...c85f71501d4412b43f19e1098325de', 'user_bd6d19ac0c0a477db56af5c44497101d', 'proj_e73df0b0f21949a89d80a412763898a8', ...)

    def test_three_actual_receipts_exact_report_and_old_request_recovery(env):
        rid, base, plan, body, worker, job = setup(env)
        worker.process(job)
        response = env[2].get(f"/api/runs/{job['id']}")
        assert response.status_code == 200, response.text
        result = response.json()
        assert result["status"] == "SUCCEEDED"
>       assert result["result"]["output"] == dict(resource_id=rid, column="quantity", count=2, sum="15",
            source_hash=hashlib.sha256(CSV.read_bytes()).hexdigest(), text="列 quantity；行数 2；合计 15")
E       AssertionError: assert {'column': 'q...a59619f', ...} == {'column': 'q...d954559', ...}
E         
E         Omitting 5 identical items, use -vv to show
E         Differing items:
E         {'source_hash': 'd5851306dd3ce833d82bced0abef12728f3e64e1ef1266ee8a9fef209a59619f'} != {'source_hash': 'a2b7f0dbc76768404782e4198149caeb404f9b0d20b1ba675c5bbfda1d954559'}
E         Use -v to get more diff

/tmp/sim2act-native-prerequisites-20261010/old-crlf/test_csv_dag.py:59: AssertionError
=============================== warnings summary ===============================
.venv/lib/python3.12/site-packages/fastapi/testclient.py:1
  /workspace/Sim2Act/.venv/lib/python3.12/site-packages/fastapi/testclient.py:1: StarletteDeprecationWarning: Using `httpx` with `starlette.testclient` is deprecated; install `httpx2` instead.
    from starlette.testclient import TestClient as TestClient  # noqa

-- Docs: https://docs.pytest.org/en/stable/how-to/capture-warnings.html
=========================== short test summary info ============================
FAILED ../../tmp/sim2act-native-prerequisites-20261010/old-crlf/test_csv_dag.py::test_three_actual_receipts_exact_report_and_old_request_recovery
1 failed, 1 warning in 0.79s
