2026-10-08T05:54:07.093726363Z The files belonging to this database system will be owned by user "postgres".
2026-10-08T05:54:07.093768676Z This user must also own the server process.
2026-10-08T05:54:07.093772091Z 
2026-10-08T05:54:07.093774504Z The database cluster will be initialized with locale "en_US.utf8".
2026-10-08T05:54:07.093776788Z The default database encoding has accordingly been set to "UTF8".
2026-10-08T05:54:07.093778981Z The default text search configuration will be set to "english".
2026-10-08T05:54:07.093780964Z 
2026-10-08T05:54:07.093782416Z Data page checksums are disabled.
2026-10-08T05:54:07.093784008Z 
2026-10-08T05:54:07.093785310Z fixing permissions on existing directory /var/lib/postgresql/data ... ok
2026-10-08T05:54:07.093786993Z creating subdirectories ... ok
2026-10-08T05:54:07.093788655Z selecting dynamic shared memory implementation ... posix
2026-10-08T05:54:07.105484156Z selecting default "max_connections" ... 100
2026-10-08T05:54:07.119681624Z selecting default "shared_buffers" ... 128MB
2026-10-08T05:54:07.128588456Z selecting default time zone ... Etc/UTC
2026-10-08T05:54:07.129273607Z creating configuration files ... ok
2026-10-08T05:54:07.212500918Z running bootstrap script ... ok
2026-10-08T05:54:07.458931602Z performing post-bootstrap initialization ... ok
2026-10-08T05:54:07.669699482Z syncing data to disk ... ok
2026-10-08T05:54:07.669709888Z 
2026-10-08T05:54:07.669711550Z 
2026-10-08T05:54:07.669712872Z Success. You can now start the database server using:
2026-10-08T05:54:07.669714124Z 
2026-10-08T05:54:07.669715296Z     pg_ctl -D /var/lib/postgresql/data -l logfile start
2026-10-08T05:54:07.669716437Z 
2026-10-08T05:54:07.701033475Z waiting for server to start....2026-10-08 05:54:07.700 UTC [60] LOG:  starting PostgreSQL 17.11 (Debian 17.11-1.pgdg13+2) on x86_64-pc-linux-gnu, compiled by gcc (Debian 14.2.0-19) 14.2.0, 64-bit
2026-10-08T05:54:07.701947574Z 2026-10-08 05:54:07.701 UTC [60] LOG:  listening on Unix socket "/var/run/postgresql/.s.PGSQL.5432"
2026-10-08T05:54:07.704511276Z 2026-10-08 05:54:07.703 UTC [63] LOG:  database system was shut down at 2026-10-08 05:54:07 UTC
2026-10-08T05:54:07.706567861Z 2026-10-08 05:54:07.706 UTC [60] LOG:  database system is ready to accept connections
2026-10-08T05:54:07.786922217Z  done
2026-10-08T05:54:07.786936728Z server started
2026-10-08T05:54:07.813752870Z 
2026-10-08T05:54:07.813770947Z /usr/local/bin/docker-entrypoint.sh: ignoring /docker-entrypoint-initdb.d/*
2026-10-08T05:54:07.813777687Z 
2026-10-08T05:54:07.814437751Z waiting for server to shut down...2026-10-08 05:54:07.814 UTC [60] LOG:  received fast shutdown request
2026-10-08T05:54:07.814961378Z .2026-10-08 05:54:07.814 UTC [60] LOG:  aborting any active transactions
2026-10-08T05:54:07.815733603Z 2026-10-08 05:54:07.815 UTC [60] LOG:  background worker "logical replication launcher" (PID 66) exited with exit code 1
2026-10-08T05:54:07.817030812Z 2026-10-08 05:54:07.816 UTC [61] LOG:  shutting down
2026-10-08T05:54:07.817467586Z 2026-10-08 05:54:07.817 UTC [61] LOG:  checkpoint starting: shutdown immediate
2026-10-08T05:54:07.824812403Z 2026-10-08 05:54:07.824 UTC [61] LOG:  checkpoint complete: wrote 3 buffers (0.0%); 0 WAL file(s) added, 0 removed, 0 recycled; write=0.001 s, sync=0.001 s, total=0.008 s; sync files=2, longest=0.001 s, average=0.001 s; distance=0 kB, estimate=0 kB; lsn=0/14EF800, redo lsn=0/14EF800
2026-10-08T05:54:07.826567333Z 2026-10-08 05:54:07.826 UTC [60] LOG:  database system is shut down
2026-10-08T05:54:07.914712349Z  done
2026-10-08T05:54:07.914752799Z server stopped
2026-10-08T05:54:07.915624805Z 
2026-10-08T05:54:07.915630434Z PostgreSQL init process complete; ready for start up.
2026-10-08T05:54:07.915632006Z 
