17.9: Pulling from library/postgres
57fb71246055: Pulling fs layer
a980c9fcef8c: Pulling fs layer
9a3a8cff569f: Pulling fs layer
1d4072181936: Pulling fs layer
156a40446245: Pulling fs layer
2f80f30ad7f1: Pulling fs layer
472ffdecc4a8: Pulling fs layer
7af37a00632a: Pulling fs layer
f0241e7beec7: Pulling fs layer
9bd8688dc8e1: Pulling fs layer
1d4072181936: Waiting
156a40446245: Waiting
2f80f30ad7f1: Waiting
4603be59720a: Pulling fs layer
472ffdecc4a8: Waiting
7af37a00632a: Waiting
06b86868b609: Pulling fs layer
3d94305211dc: Pulling fs layer
3cc5adf8351e: Pulling fs layer
9bd8688dc8e1: Waiting
4603be59720a: Waiting
06b86868b609: Waiting
3d94305211dc: Waiting
3cc5adf8351e: Waiting
f0241e7beec7: Waiting
a980c9fcef8c: Download complete
1d4072181936: Verifying Checksum
1d4072181936: Download complete
9a3a8cff569f: Verifying Checksum
9a3a8cff569f: Download complete
2f80f30ad7f1: Verifying Checksum
2f80f30ad7f1: Download complete
156a40446245: Verifying Checksum
156a40446245: Download complete
472ffdecc4a8: Download complete
7af37a00632a: Verifying Checksum
7af37a00632a: Download complete
9bd8688dc8e1: Verifying Checksum
9bd8688dc8e1: Download complete
57fb71246055: Verifying Checksum
57fb71246055: Download complete
4603be59720a: Verifying Checksum
4603be59720a: Download complete
06b86868b609: Download complete
3d94305211dc: Verifying Checksum
3d94305211dc: Download complete
3cc5adf8351e: Verifying Checksum
3cc5adf8351e: Download complete
57fb71246055: Pull complete
a980c9fcef8c: Pull complete
9a3a8cff569f: Pull complete
1d4072181936: Pull complete
156a40446245: Pull complete
2f80f30ad7f1: Pull complete
472ffdecc4a8: Pull complete
7af37a00632a: Pull complete
f0241e7beec7: Verifying Checksum
f0241e7beec7: Download complete
f0241e7beec7: Pull complete
9bd8688dc8e1: Pull complete
4603be59720a: Pull complete
06b86868b609: Pull complete
3d94305211dc: Pull complete
3cc5adf8351e: Pull complete
Digest: sha256:2a0d0fe14825b0939f78a8cad5cd4e6aa68bf94d0e5dd96e24b6d23af4315545
Status: Downloaded newer image for postgres:17.9
docker.io/library/postgres:17.9
