/workspace/sim2act-pb-venv/lib/python3.12/site-packages/fastapi/testclient.py:1: StarletteDeprecationWarning: Using `httpx` with `starlette.testclient` is deprecated; install `httpx2` instead.
  from starlette.testclient import TestClient as TestClient  # noqa
{
  "source": "fcea3fdf9ce56dccd3515062f9113a75f6cf686a",
  "queued_via_actual_http": "original protocol/source; not conditional-runs",
  "created_http": 202,
  "run_id": "run_18ef7cf51d3c41ff9813062f6e14c2dc",
  "outcome": {
    "reply": {
      "kind": "owned-conditional-native-fixture.v1",
      "action": "run-source",
      "run_id": "run_18ef7cf51d3c41ff9813062f6e14c2dc",
      "actual_mock_requests": 2,
      "real_model_requests": 0,
      "report_origin": "hand-authored-test-only",
      "cold_scope": "same-resource/new-Scenario"
    },
    "error": null
  },
  "before_attempts": 0,
  "after_attempts": 2,
  "before_table_run_fp": "952d762959733296d9b5e85a0a533446f5193d5fd19250d3b64e5c6d715952e4",
  "after_table_run_fp": "224f19f98d03c0e334428b792a19d6a0e18a6d997de63b0f95c3bd68eced6011",
  "current_run_status": "WAITING_APPROVAL",
  "current_run_error": null
}
