.................                                                        [100%]
=============================== warnings summary ===============================
../../tmp/native-bounded-venv/lib/python3.12/site-packages/fastapi/testclient.py:1
  /tmp/native-bounded-venv/lib/python3.12/site-packages/fastapi/testclient.py:1: StarletteDeprecationWarning: Using `httpx` with `starlette.testclient` is deprecated; install `httpx2` instead.
    from starlette.testclient import TestClient as TestClient  # noqa

-- Docs: https://docs.pytest.org/en/stable/how-to/capture-warnings.html
============================= slowest 15 durations =============================
12.70s call     tests/test_conditional_runs_native.py::test_conditional_bound_native_shared_actual_http[True]
11.50s call     tests/test_conditional_runs_native.py::test_conditional_bound_native_shared_actual_http[False]
2.91s call     tests/test_bounded_native_guards.py::test_optimized_run_control_refuses_invalid_owned_context[wrong-owner]
2.61s call     tests/test_bounded_native_guards.py::test_optimized_run_control_refuses_invalid_owned_context[no-queued]
2.02s call     tests/test_bounded_native_guards.py::test_actual_original_namespace_refused_without_any_durable_change[True]
1.69s call     tests/test_bounded_native_guards.py::test_owned_worker_without_queued_run_refuses_without_preparation
1.64s call     tests/test_bounded_native_guards.py::test_optimized_run_control_refuses_invalid_owned_context[missing-root]
1.59s call     tests/test_bounded_native_guards.py::test_actual_original_namespace_refused_without_any_durable_change[False]
0.36s call     tests/test_conditional_fixture_session.py::test_protocol_is_closed_under_optimized_python
0.19s call     tests/test_conditional_fixture_session.py::test_owned_session_child_failures_and_timeout
0.06s call     tests/test_conditional_fixture_session.py::test_fixture_session_eof_exits_without_preparation
0.04s call     tests/test_bounded_native_guards.py::test_buffered_emission_preserves_every_line_and_bound
0.01s setup    tests/test_bounded_native_guards.py::test_optimized_run_control_refuses_invalid_owned_context[wrong-owner]

(2 durations < 0.005s hidden.  Use -vv to show these durations.)
17 passed, 1 warning in 37.38s
