2026-10-08T05:15:56.228695968Z The files belonging to this database system will be owned by user "postgres".
2026-10-08T05:15:56.228775195Z This user must also own the server process.
2026-10-08T05:15:56.228777809Z 
2026-10-08T05:15:56.228779031Z The database cluster will be initialized with locale "en_US.utf8".
2026-10-08T05:15:56.228780283Z The default database encoding has accordingly been set to "UTF8".
2026-10-08T05:15:56.228781485Z The default text search configuration will be set to "english".
2026-10-08T05:15:56.228782546Z 
2026-10-08T05:15:56.228783487Z Data page checksums are disabled.
2026-10-08T05:15:56.228784549Z 
2026-10-08T05:15:56.228785530Z fixing permissions on existing directory /var/lib/postgresql/data ... ok
2026-10-08T05:15:56.228786602Z creating subdirectories ... ok
2026-10-08T05:15:56.228787594Z selecting dynamic shared memory implementation ... posix
2026-10-08T05:15:56.242538810Z selecting default "max_connections" ... 100
2026-10-08T05:15:56.262879364Z selecting default "shared_buffers" ... 128MB
2026-10-08T05:15:56.266349370Z selecting default time zone ... Etc/UTC
2026-10-08T05:15:56.266940592Z creating configuration files ... ok
2026-10-08T05:15:56.374886605Z running bootstrap script ... ok
2026-10-08T05:15:56.661828700Z performing post-bootstrap initialization ... ok
2026-10-08T05:15:56.885587029Z syncing data to disk ... ok
2026-10-08T05:15:56.885595020Z 
2026-10-08T05:15:56.885596733Z 
2026-10-08T05:15:56.885598115Z Success. You can now start the database server using:
2026-10-08T05:15:56.885599287Z 
2026-10-08T05:15:56.885600358Z     pg_ctl -D /var/lib/postgresql/data -l logfile start
2026-10-08T05:15:56.885601370Z 
2026-10-08T05:15:56.917548046Z waiting for server to start....2026-10-08 05:15:56.916 UTC [60] LOG:  starting PostgreSQL 17.11 (Debian 17.11-1.pgdg13+2) on x86_64-pc-linux-gnu, compiled by gcc (Debian 14.2.0-19) 14.2.0, 64-bit
2026-10-08T05:15:56.917848144Z 2026-10-08 05:15:56.917 UTC [60] LOG:  listening on Unix socket "/var/run/postgresql/.s.PGSQL.5432"
2026-10-08T05:15:56.920049936Z 2026-10-08 05:15:56.919 UTC [63] LOG:  database system was shut down at 2026-10-08 05:15:56 UTC
2026-10-08T05:15:56.923923267Z 2026-10-08 05:15:56.923 UTC [60] LOG:  database system is ready to accept connections
2026-10-08T05:15:57.002406961Z  done
2026-10-08T05:15:57.002487760Z server started
2026-10-08T05:15:57.027894343Z 
2026-10-08T05:15:57.027913812Z /usr/local/bin/docker-entrypoint.sh: ignoring /docker-entrypoint-initdb.d/*
2026-10-08T05:15:57.027997105Z 
2026-10-08T05:15:57.028468961Z waiting for server to shut down....2026-10-08 05:15:57.028 UTC [60] LOG:  received fast shutdown request
2026-10-08T05:15:57.029781506Z 2026-10-08 05:15:57.029 UTC [60] LOG:  aborting any active transactions
2026-10-08T05:15:57.030306190Z 2026-10-08 05:15:57.030 UTC [60] LOG:  background worker "logical replication launcher" (PID 66) exited with exit code 1
2026-10-08T05:15:57.030843402Z 2026-10-08 05:15:57.030 UTC [61] LOG:  shutting down
2026-10-08T05:15:57.031444889Z 2026-10-08 05:15:57.031 UTC [61] LOG:  checkpoint starting: shutdown immediate
2026-10-08T05:15:57.033853711Z 2026-10-08 05:15:57.033 UTC [61] LOG:  checkpoint complete: wrote 3 buffers (0.0%); 0 WAL file(s) added, 0 removed, 0 recycled; write=0.001 s, sync=0.001 s, total=0.003 s; sync files=2, longest=0.001 s, average=0.001 s; distance=0 kB, estimate=0 kB; lsn=0/14EF800, redo lsn=0/14EF800
2026-10-08T05:15:57.036149576Z 2026-10-08 05:15:57.035 UTC [60] LOG:  database system is shut down
2026-10-08T05:15:57.128681724Z  done
2026-10-08T05:15:57.128704808Z server stopped
2026-10-08T05:15:57.129793629Z 
2026-10-08T05:15:57.129801360Z PostgreSQL init process complete; ready for start up.
2026-10-08T05:15:57.129803814Z 
