2026-10-08T05:15:56.885549974Z initdb: warning: enabling "trust" authentication for local connections
2026-10-08T05:15:56.885576262Z initdb: hint: You can change this by editing pg_hba.conf or using the option -A, or --auth-local and --auth-host, the next time you run initdb.
2026-10-08T05:15:57.143002531Z 2026-10-08 05:15:57.142 UTC [1] LOG:  starting PostgreSQL 17.11 (Debian 17.11-1.pgdg13+2) on x86_64-pc-linux-gnu, compiled by gcc (Debian 14.2.0-19) 14.2.0, 64-bit
2026-10-08T05:15:57.143399811Z 2026-10-08 05:15:57.143 UTC [1] LOG:  listening on IPv4 address "0.0.0.0", port 5432
2026-10-08T05:15:57.143417668Z 2026-10-08 05:15:57.143 UTC [1] LOG:  listening on IPv6 address "::", port 5432
2026-10-08T05:15:57.144585680Z 2026-10-08 05:15:57.144 UTC [1] LOG:  listening on Unix socket "/var/run/postgresql/.s.PGSQL.5432"
2026-10-08T05:15:57.146652017Z 2026-10-08 05:15:57.146 UTC [79] LOG:  database system was shut down at 2026-10-08 05:15:57 UTC
2026-10-08T05:15:57.148322080Z 2026-10-08 05:15:57.148 UTC [1] LOG:  database system is ready to accept connections
2026-10-08T05:16:35.725007281Z 2026-10-08 05:16:35.724 UTC [172] ERROR:  permission denied for schema test_d37dc23a957a485cb2aed3670166602f at character 14
2026-10-08T05:16:35.725027511Z 2026-10-08 05:16:35.724 UTC [172] STATEMENT:  CREATE TABLE forbidden_agent_ddl (id integer)
2026-10-08T05:20:57.779687671Z 2026-10-08 05:20:57.779 UTC [77] LOG:  checkpoint starting: time
2026-10-08T05:24:05.791793678Z 2026-10-08 05:24:05.791 UTC [713] ERROR:  permission denied for schema test_3f507cc7ae544a78aa4e17204c375cb3 at character 14
2026-10-08T05:24:05.791819396Z 2026-10-08 05:24:05.791 UTC [713] STATEMENT:  CREATE TABLE must_not_create(value int)
2026-10-08T05:25:09.472695420Z 2026-10-08 05:25:09.472 UTC [77] LOG:  checkpoint complete: wrote 2503 buffers (15.3%); 0 WAL file(s) added, 6 removed, 7 recycled; write=243.257 s, sync=8.135 s, total=251.693 s; sync files=111841, longest=0.005 s, average=0.001 s; distance=219422 kB, estimate=219422 kB; lsn=0/24F83F60, redo lsn=0/EB371F0
2026-10-08T05:25:57.991595756Z 2026-10-08 05:25:57.991 UTC [77] LOG:  checkpoint starting: time
2026-10-08T05:27:21.311548730Z 2026-10-08 05:27:21.311 UTC [964] ERROR:  permission denied for schema test_d66f14a83da24484802c481eaa4291e4 at character 14
2026-10-08T05:27:21.311595949Z 2026-10-08 05:27:21.311 UTC [964] STATEMENT:  CREATE TABLE child_must_be_denied (id integer)
2026-10-08T05:29:56.416353456Z 2026-10-08 05:29:56.416 UTC [1217] ERROR:  permission denied for schema test_3bd6dd6872af4211a902e9235d798d85 at character 14
2026-10-08T05:29:56.416384301Z 2026-10-08 05:29:56.416 UTC [1217] STATEMENT:  CREATE TABLE protocol_forbidden_ddl (id integer)
2026-10-08T05:29:56.607522266Z 2026-10-08 05:29:56.607 UTC [1219] ERROR:  permission denied for schema test_4ec645acb2204205b9123e8de5cd0bca at character 14
2026-10-08T05:29:56.607550388Z 2026-10-08 05:29:56.607 UTC [1219] STATEMENT:  CREATE TABLE protocol_pool_forbidden_ddl (id integer)
2026-10-08T05:30:31.548070165Z 2026-10-08 05:30:31.547 UTC [77] LOG:  checkpoint complete: wrote 4391 buffers (26.8%); 0 WAL file(s) added, 0 removed, 24 recycled; write=269.086 s, sync=3.926 s, total=273.557 s; sync files=66951, longest=0.011 s, average=0.001 s; distance=383652 kB, estimate=383652 kB; lsn=0/39E0F0F0, redo lsn=0/261E03D8
2026-10-08T05:30:57.743108297Z 2026-10-08 05:30:57.742 UTC [77] LOG:  checkpoint starting: time
2026-10-08T05:33:48.978172554Z 2026-10-08 05:33:48.977 UTC [1427] ERROR:  permission denied for schema test_ad7bf4616eef462d9954b9c042d23a48 at character 14
2026-10-08T05:33:48.978336296Z 2026-10-08 05:33:48.977 UTC [1427] STATEMENT:  CREATE TABLE forbidden_spec(id integer)
2026-10-08T05:33:52.100453705Z 2026-10-08 05:33:52.100 UTC [1438] ERROR:  permission denied for schema test_2d77381c066c41ceb3623c447786da11 at character 14
2026-10-08T05:33:52.100476629Z 2026-10-08 05:33:52.100 UTC [1438] STATEMENT:  CREATE TABLE history_api_must_not_create (id integer)
