......                                                                   [100%]
=============================== warnings summary ===============================
../../tmp/native-budget-venv/lib/python3.12/site-packages/fastapi/testclient.py:1
  /tmp/native-budget-venv/lib/python3.12/site-packages/fastapi/testclient.py:1: StarletteDeprecationWarning: Using `httpx` with `starlette.testclient` is deprecated; install `httpx2` instead.
    from starlette.testclient import TestClient as TestClient  # noqa

-- Docs: https://docs.pytest.org/en/stable/how-to/capture-warnings.html
============================= slowest 15 durations =============================
3.23s call     tests/test_registered_generation_browser_fixture.py::test_http_generation_cold_worker_and_precise_generated_only_corruption
2.67s call     tests/test_registered_generation_browser_fixture.py::test_revoke_only_existing_selected_runtime_grants_and_refuse_cached_generation[True]
1.87s call     tests/test_registered_generation_browser_fixture.py::test_revoke_only_existing_selected_runtime_grants_and_refuse_cached_generation[False]
1.12s call     tests/test_registered_generation_browser_fixture.py::test_empty_target_project_is_distinct_and_requires_real_source_completion
1.04s call     tests/test_product_integration_fixture.py::test_existing_agent_seed_and_fifo_normal_worker
0.78s setup    tests/test_registered_generation_browser_fixture.py::test_revoke_only_existing_selected_runtime_grants_and_refuse_cached_generation[True]
0.77s setup    tests/test_registered_generation_browser_fixture.py::test_http_generation_cold_worker_and_precise_generated_only_corruption
0.74s call     tests/test_registered_generation_browser_fixture.py::test_seed_only_initial_registered_apps_and_final_authority_baseline
0.71s setup    tests/test_registered_generation_browser_fixture.py::test_revoke_only_existing_selected_runtime_grants_and_refuse_cached_generation[False]
0.62s setup    tests/test_registered_generation_browser_fixture.py::test_empty_target_project_is_distinct_and_requires_real_source_completion
0.60s setup    tests/test_registered_generation_browser_fixture.py::test_seed_only_initial_registered_apps_and_final_authority_baseline

(4 durations < 0.005s hidden.  Use -vv to show these durations.)
6 passed, 1 warning in 14.37s
