..........                                                               [100%]
=============================== warnings summary ===============================
../native-budget-venv/lib/python3.12/site-packages/fastapi/testclient.py:1
  /tmp/native-budget-venv/lib/python3.12/site-packages/fastapi/testclient.py:1: StarletteDeprecationWarning: Using `httpx` with `starlette.testclient` is deprecated; install `httpx2` instead.
    from starlette.testclient import TestClient as TestClient  # noqa

-- Docs: https://docs.pytest.org/en/stable/how-to/capture-warnings.html
============================= slowest 15 durations =============================
8.04s call     tests/test_global_experiment_gate.py::test_actual_global_seal_refuses_both_projects_under_optimized_python[False-original]
6.31s call     tests/test_global_experiment_gate.py::test_actual_global_seal_refuses_both_projects_under_optimized_python[True-original]
5.31s call     tests/test_global_experiment_gate.py::test_actual_global_seal_refuses_both_projects_under_optimized_python[True-other]
5.25s call     tests/test_global_experiment_gate.py::test_actual_global_seal_refuses_both_projects_under_optimized_python[False-other]
4.58s call     tests/test_registered_generation_browser_fixture.py::test_http_generation_cold_worker_and_precise_generated_only_corruption
2.59s call     tests/test_registered_generation_browser_fixture.py::test_revoke_only_existing_selected_runtime_grants_and_refuse_cached_generation[False]
2.04s call     tests/test_registered_generation_browser_fixture.py::test_revoke_only_existing_selected_runtime_grants_and_refuse_cached_generation[True]
1.36s call     tests/test_product_integration_fixture.py::test_existing_agent_seed_and_fifo_normal_worker
0.96s setup    tests/test_registered_generation_browser_fixture.py::test_empty_target_project_is_distinct_and_requires_real_source_completion
0.96s call     tests/test_registered_generation_browser_fixture.py::test_empty_target_project_is_distinct_and_requires_real_source_completion
0.89s setup    tests/test_registered_generation_browser_fixture.py::test_seed_only_initial_registered_apps_and_final_authority_baseline
0.84s setup    tests/test_registered_generation_browser_fixture.py::test_revoke_only_existing_selected_runtime_grants_and_refuse_cached_generation[True]
0.81s call     tests/test_registered_generation_browser_fixture.py::test_seed_only_initial_registered_apps_and_final_authority_baseline
0.62s setup    tests/test_registered_generation_browser_fixture.py::test_revoke_only_existing_selected_runtime_grants_and_refuse_cached_generation[False]
0.61s setup    tests/test_registered_generation_browser_fixture.py::test_http_generation_cold_worker_and_precise_generated_only_corruption
10 passed, 1 warning in 41.66s
