..........                                                               [100%]
=============================== warnings summary ===============================
../../tmp/native-budget-venv/lib/python3.12/site-packages/fastapi/testclient.py:1
  /tmp/native-budget-venv/lib/python3.12/site-packages/fastapi/testclient.py:1: StarletteDeprecationWarning: Using `httpx` with `starlette.testclient` is deprecated; install `httpx2` instead.
    from starlette.testclient import TestClient as TestClient  # noqa

-- Docs: https://docs.pytest.org/en/stable/how-to/capture-warnings.html
============================= slowest 15 durations =============================
3.92s setup    tests/test_global_experiment_gate.py::test_actual_global_seal_refuses_both_projects_under_optimized_python[False-original]
3.91s call     tests/test_registered_generation_browser_fixture.py::test_http_generation_cold_worker_and_precise_generated_only_corruption
3.37s call     tests/test_registered_generation_browser_fixture.py::test_revoke_only_existing_selected_runtime_grants_and_refuse_cached_generation[False]
2.02s call     tests/test_registered_generation_browser_fixture.py::test_revoke_only_existing_selected_runtime_grants_and_refuse_cached_generation[True]
1.48s call     tests/test_global_experiment_gate.py::test_actual_global_seal_refuses_both_projects_under_optimized_python[True-other]
1.45s call     tests/test_global_experiment_gate.py::test_actual_global_seal_refuses_both_projects_under_optimized_python[True-original]
1.23s call     tests/test_global_experiment_gate.py::test_actual_global_seal_refuses_both_projects_under_optimized_python[False-original]
1.15s call     tests/test_registered_generation_browser_fixture.py::test_empty_target_project_is_distinct_and_requires_real_source_completion
0.99s call     tests/test_global_experiment_gate.py::test_actual_global_seal_refuses_both_projects_under_optimized_python[False-other]
0.93s call     tests/test_product_integration_fixture.py::test_existing_agent_seed_and_fifo_normal_worker
0.78s call     tests/test_registered_generation_browser_fixture.py::test_seed_only_initial_registered_apps_and_final_authority_baseline
0.71s setup    tests/test_registered_generation_browser_fixture.py::test_seed_only_initial_registered_apps_and_final_authority_baseline
0.25s setup    tests/test_registered_generation_browser_fixture.py::test_revoke_only_existing_selected_runtime_grants_and_refuse_cached_generation[True]
0.08s setup    tests/test_registered_generation_browser_fixture.py::test_http_generation_cold_worker_and_precise_generated_only_corruption
0.08s setup    tests/test_registered_generation_browser_fixture.py::test_empty_target_project_is_distinct_and_requires_real_source_completion
10 passed, 1 warning in 22.57s
