tests/test_report_edit_locks.py::test_report_lock_blocks_actual_original_edit_unlock_new_plan_and_readback
tests/test_report_edit_locks.py::test_report_lock_cold_store_same_key_recovery_and_superseded_history
tests/test_report_edit_locks.py::test_invalid_report_lock_rejected_before_any_write[candidate]
tests/test_report_edit_locks.py::test_invalid_report_lock_rejected_before_any_write[graph]
tests/test_report_edit_locks.py::test_invalid_report_lock_rejected_before_any_write[graph_revision]
tests/test_report_edit_locks.py::test_invalid_report_lock_rejected_before_any_write[node_revision]
tests/test_report_edit_locks.py::test_invalid_report_lock_rejected_before_any_write[node_hash]
tests/test_report_edit_locks.py::test_invalid_report_lock_rejected_before_any_write[node_id]
tests/test_report_edit_locks.py::test_invalid_report_lock_rejected_before_any_write[lock_revision]
tests/test_report_edit_locks.py::test_invalid_report_lock_rejected_before_any_write[consent]
tests/test_report_edit_locks.py::test_invalid_report_lock_rejected_before_any_write[locked_int]
tests/test_report_edit_locks.py::test_invalid_report_lock_rejected_before_any_write[graph_bool]
tests/test_report_edit_locks.py::test_invalid_report_lock_rejected_before_any_write[extra]
tests/test_report_edit_locks.py::test_invalid_report_lock_rejected_before_any_write[no_change]
tests/test_report_edit_locks.py::test_report_lock_authority_and_saved_tamper_fail_closed[other_owner]
tests/test_report_edit_locks.py::test_report_lock_authority_and_saved_tamper_fail_closed[other_project]
tests/test_report_edit_locks.py::test_report_lock_authority_and_saved_tamper_fail_closed[revoke]
tests/test_report_edit_locks.py::test_report_lock_authority_and_saved_tamper_fail_closed[source]
tests/test_report_edit_locks.py::test_report_lock_authority_and_saved_tamper_fail_closed[seal]
tests/test_report_edit_locks.py::test_report_lock_authority_and_saved_tamper_fail_closed[lock]
tests/test_report_edit_locks.py::test_report_lock_authority_and_saved_tamper_fail_closed[same_key]
tests/test_report_edit_locks.py::test_report_lock_two_real_connections_have_one_revision_winner
tests/test_report_edit_locks_ui.py::test_report_edit_lock_actual_http_page[normal]
tests/test_report_edit_locks_ui.py::test_report_edit_lock_actual_http_page[aba]
tests/test_manual_locks.py::test_real_lock_conflict_unlock_new_exact_plan_and_read_checks
tests/test_manual_locks.py::test_bad_versions_confirmation_and_keys_zero_writes[expected_graph_revision-True]
tests/test_manual_locks.py::test_bad_versions_confirmation_and_keys_zero_writes[expected_lock_revision-True]
tests/test_manual_locks.py::test_bad_versions_confirmation_and_keys_zero_writes[expected_lock_revision-9]
tests/test_manual_locks.py::test_bad_versions_confirmation_and_keys_zero_writes[expected_graph_revision-9]
tests/test_manual_locks.py::test_bad_versions_confirmation_and_keys_zero_writes[consent-]
tests/test_manual_locks.py::test_bad_versions_confirmation_and_keys_zero_writes[locked-1]
tests/test_manual_locks.py::test_bad_versions_confirmation_and_keys_zero_writes[request_key-bad\x00key]
tests/test_manual_locks.py::test_bad_versions_confirmation_and_keys_zero_writes[expected_graph_fingerprint-0000000000000000000000000000000000000000000000000000000000000000]
tests/test_manual_locks.py::test_current_authority_and_source_gate_precede_recovery[foreign]
tests/test_manual_locks.py::test_current_authority_and_source_gate_precede_recovery[transfer]
tests/test_manual_locks.py::test_current_authority_and_source_gate_precede_recovery[revoke]
tests/test_manual_locks.py::test_current_authority_and_source_gate_precede_recovery[source]
tests/test_manual_locks.py::test_same_key_changed_body_and_aba_cas_preserve_history
tests/test_manual_locks.py::test_actual_concurrent_lock_modify_unlock[lock-lock]
tests/test_manual_locks.py::test_actual_concurrent_lock_modify_unlock[lock-modify]
tests/test_manual_locks.py::test_actual_concurrent_lock_modify_unlock[unlock-unlock]
tests/test_manual_locks.py::test_old_internal_lock_compatible_public_unlock_and_noop_rejected
tests/test_manual_locks.py::test_tampered_accepted_lock_ledger_is_not_current_proof[manual_edit_lock]
tests/test_manual_locks.py::test_tampered_accepted_lock_ledger_is_not_current_proof[manual_edit_lock_seal]
tests/test_manual_locks.py::test_tampered_accepted_lock_ledger_is_not_current_proof[lock]
tests/test_manual_locks.py::test_cold_store_recovery_after_derive_and_source_change_invalidates
tests/test_manual_locks.py::test_pg_minimum_crud_role_manual_lock_and_cold_receipt
tests/test_manual_locks.py::test_non_csv_family_and_client_identity_fields_cannot_expand_lock_scope
tests/test_manual_locks_ui.py::test_manual_lock_actual_http_dom
tests/test_report_presentations.py::test_new_immutable_presentation_and_actual_archived_readback_preserve_canonical
tests/test_report_presentations.py::test_closed_definition_and_exact_versions_reject_without_any_write[component]
tests/test_report_presentations.py::test_closed_definition_and_exact_versions_reject_without_any_write[unknown_output]
tests/test_report_presentations.py::test_closed_definition_and_exact_versions_reject_without_any_write[html]
tests/test_report_presentations.py::test_closed_definition_and_exact_versions_reject_without_any_write[expression]
tests/test_report_presentations.py::test_closed_definition_and_exact_versions_reject_without_any_write[version_bool]
tests/test_report_presentations.py::test_closed_definition_and_exact_versions_reject_without_any_write[result]
tests/test_report_presentations.py::test_closed_definition_and_exact_versions_reject_without_any_write[plan]
tests/test_report_presentations.py::test_closed_definition_and_exact_versions_reject_without_any_write[run]
tests/test_report_presentations.py::test_closed_definition_and_exact_versions_reject_without_any_write[candidate]
tests/test_report_presentations.py::test_saved_overlay_invalidates_and_cannot_forge_readback[source]
tests/test_report_presentations.py::test_saved_overlay_invalidates_and_cannot_forge_readback[revoke]
tests/test_report_presentations.py::test_saved_overlay_invalidates_and_cannot_forge_readback[seal]
tests/test_report_presentations.py::test_saved_overlay_invalidates_and_cannot_forge_readback[candidate]
tests/test_report_presentations.py::test_saved_overlay_invalidates_and_cannot_forge_readback[check_version]
tests/test_report_presentations.py::test_saved_overlay_invalidates_and_cannot_forge_readback[same_key]
tests/test_report_presentations.py::test_manual_view_lock_blocks_saved_overlay_without_writes
tests/test_report_presentations.py::test_project_membership_change_invalidates_original_plan_and_presentation
tests/test_report_presentations.py::test_peer_bindings_and_coordinated_receipt_damage_fail_closed[peer_revoke]
tests/test_report_presentations.py::test_peer_bindings_and_coordinated_receipt_damage_fail_closed[peer_lock]
tests/test_report_presentations.py::test_peer_bindings_and_coordinated_receipt_damage_fail_closed[peer_graph]
tests/test_report_presentations.py::test_peer_bindings_and_coordinated_receipt_damage_fail_closed[definition_seals]
tests/test_report_presentations.py::test_peer_bindings_and_coordinated_receipt_damage_fail_closed[check_seals]
tests/test_report_presentations.py::test_peer_bindings_and_coordinated_receipt_damage_fail_closed[run_fence]
tests/test_report_presentations.py::test_peer_bindings_and_coordinated_receipt_damage_fail_closed[result]
tests/test_report_presentation_ui.py::test_archived_report_presentation_actual_http_dom
tests/test_report_manifest_apps_ui.py::test_report_manifest_real_http_dom
tests/test_csv_dag_upgrade.py::test_actual_old_source_upgrade_retains_history_and_requires_new_exact_confirmation[SIM2ACT_UPGRADE_OLD_ARCHIVE-5a5543c902fbb78dd91c28c98386af51fb24dd67-91efd66bd69498c0aa62eefa285112095383d4f950d6cab0c2fa017de0a02aa5]
tests/test_csv_dag_upgrade.py::test_actual_old_source_upgrade_retains_history_and_requires_new_exact_confirmation[SIM2ACT_UPGRADE_CORE_ARCHIVE-1b65e94ebd81c1e31091b3078b8223328b726294-240c76f358870a9d933f94d129eeda362553092035044d6f306ee4dd7a58b3c0]

=============================== warnings summary ===============================
.venv/lib/python3.12/site-packages/fastapi/testclient.py:1
  /workspace/Sim2Act/.venv/lib/python3.12/site-packages/fastapi/testclient.py:1: StarletteDeprecationWarning: Using `httpx` with `starlette.testclient` is deprecated; install `httpx2` instead.
    from starlette.testclient import TestClient as TestClient  # noqa

-- Docs: https://docs.pytest.org/en/stable/how-to/capture-warnings.html
78 tests collected in 0.20s
