tests/test_report_presentation_late_ui.py::test_actual_late_receipt_current_page_readback[same-checks]
tests/test_report_presentation_late_ui.py::test_actual_late_receipt_current_page_readback[same-definition]
tests/test_report_presentation_late_ui.py::test_actual_late_receipt_current_page_readback[other_app-checks]
tests/test_report_presentation_late_ui.py::test_actual_late_receipt_current_page_readback[other_app-definition]
tests/test_report_presentation_late_ui.py::test_actual_late_receipt_current_page_readback[identity-checks]
tests/test_report_presentation_late_ui.py::test_actual_late_receipt_current_page_readback[identity-definition]
tests/test_report_presentation_late_ui.py::test_actual_late_receipt_current_page_readback[revoke-checks]
tests/test_report_presentation_late_ui.py::test_actual_late_receipt_current_page_readback[revoke-definition]
tests/test_report_presentation_late_ui.py::test_actual_late_receipt_current_page_readback[history_failure-checks]
tests/test_report_presentation_late_ui.py::test_actual_late_receipt_current_page_readback[history_failure-definition]
tests/test_report_presentation_late_ui.py::test_actual_late_receipt_current_page_readback[lost_response-checks]
tests/test_report_presentation_late_ui.py::test_actual_late_receipt_current_page_readback[lost_response-definition]
tests/test_report_presentation_late_ui.py::test_actual_late_receipt_current_page_readback[refresh-checks]
tests/test_report_presentation_late_ui.py::test_actual_late_receipt_current_page_readback[refresh-definition]

=============================== warnings summary ===============================
.venv/lib/python3.12/site-packages/fastapi/testclient.py:1
  /workspace/Sim2Act/.venv/lib/python3.12/site-packages/fastapi/testclient.py:1: StarletteDeprecationWarning: Using `httpx` with `starlette.testclient` is deprecated; install `httpx2` instead.
    from starlette.testclient import TestClient as TestClient  # noqa

-- Docs: https://docs.pytest.org/en/stable/how-to/capture-warnings.html
14 tests collected in 0.05s
