
SIM2ACT_CI_DIAGNOSTIC {"event": "session_start", "utc": "2026-10-10T06:23:09.025067+00:00", "elapsed_seconds": 0.05400539599941112, "pid": 137146}

SIM2ACT_CI_DIAGNOSTIC {"event": "collection_summary", "utc": "2026-10-10T06:23:09.032655+00:00", "elapsed_seconds": 0.06158272299944656, "pid": 137146, "count": 3, "nodes_sha256": "4652dd8f75c8eef81c5470d4542cb752fd1d81993b94cac18410e20ce627d563"}

SIM2ACT_CI_DIAGNOSTIC {"event": "node_start", "utc": "2026-10-10T06:23:09.033042+00:00", "elapsed_seconds": 0.06197209600213682, "pid": 137146, "nodeid": "test_own.py::test_good"}
.
SIM2ACT_CI_DIAGNOSTIC {"event": "node_start", "utc": "2026-10-10T06:23:09.034200+00:00", "elapsed_seconds": 0.06312731800426263, "pid": 137146, "nodeid": "test_own.py::test_bad"}
F
SIM2ACT_CI_DIAGNOSTIC {"event": "node_report", "utc": "2026-10-10T06:23:09.045619+00:00", "elapsed_seconds": 0.07455356600257801, "pid": 137146, "nodeid": "test_own.py::test_bad", "phase": "call", "outcome": "failed", "duration": 0.0003891669985023327, "failure": ">   def test_bad():assert False,'plain bounded failure'\n                   ^^^^^^^^^^^^^^^^^^^^^^^^^^^^^^^^^^^^\nE   AssertionError: plain bounded failure\nE   assert False\n\ntest_own.py:3: AssertionError"}

SIM2ACT_CI_DIAGNOSTIC {"event": "node_start", "utc": "2026-10-10T06:23:09.046171+00:00", "elapsed_seconds": 0.07509847699839156, "pid": 137146, "nodeid": "test_own.py::test_skip"}
s                                                                      [100%]
SIM2ACT_CI_DIAGNOSTIC {"event": "session_finish", "utc": "2026-10-10T06:23:09.047199+00:00", "elapsed_seconds": 0.07612786399840843, "pid": 137146, "exitstatus": 1}

=================================== FAILURES ===================================
___________________________________ test_bad ___________________________________

>   def test_bad():assert False,'plain bounded failure'
                   ^^^^^^^^^^^^^^^^^^^^^^^^^^^^^^^^^^^^
E   AssertionError: plain bounded failure
E   assert False

test_own.py:3: AssertionError
=========================== short test summary info ============================
FAILED test_own.py::test_bad - AssertionError: plain bounded failure
1 failed, 1 passed, 1 skipped in 0.02s
