........................................................................ [  6%]
..s...............................................s............F........ [ 13%]
............................s........................................... [ 20%]
........................................................................ [ 27%]
................s................................s...................... [ 34%]
....s.................s................................s................ [ 41%]
........................................................................ [ 48%]
...............................................................ssss....s [ 55%]
.................................s...............ss..................... [ 62%]
...................................s.................................... [ 69%]
...........................................................ssssss....... [ 76%]
......................................s................................. [ 83%]
...........ss..................s........................................ [ 90%]
...................ssssssssss........................................... [ 97%]
.s.........s...s...........                                              [100%]
=================================== FAILURES ===================================
_____________ test_conditional_capture_optional_and_failure[fail] ______________

tmp_path = PosixPath('/tmp/final-combined-e6c03-sqlite-tests/test_conditional_capture_optio1')
monkeypatch = <_pytest.monkeypatch.MonkeyPatch object at 0x7f4474c638f0>
mode = 'fail'

    @pytest.mark.parametrize("mode", ["omit", "fail"])
    def test_conditional_capture_optional_and_failure(tmp_path, monkeypatch, mode):
        monkeypatch.setenv("SIM2ACT_CONDITIONAL_CAPTURE_TEST_MODE", mode)
        if mode == "fail":
            with pytest.raises(AssertionError, match="Synthetic capture callback failure"):
>               test_conditional_native_shared_module_existing_fixture(tmp_path)

tests/test_conditional_native_oracle.py:105: 
_ _ _ _ _ _ _ _ _ _ _ _ _ _ _ _ _ _ _ _ _ _ _ _ _ _ _ _ _ _ _ _ _ _ _ _ _ _ _ _ 

tmp_path = PosixPath('/tmp/final-combined-e6c03-sqlite-tests/test_conditional_capture_optio1')

    def test_conditional_native_shared_module_existing_fixture(tmp_path):
        if (
            not shutil.which("node")
            or subprocess.run(
                ["node", "-e", "require.resolve('jsdom')"],
                stdout=subprocess.DEVNULL,
                stderr=subprocess.DEVNULL,
                timeout=10,
            ).returncode
        ):
            pytest.skip("Developer Node/jsdom required")
        repo = Path(__file__).resolve().parents[1]
        with socket.socket() as sock:
            sock.bind(("127.0.0.1", 0))
            port = sock.getsockname()[1]
        child = {**os.environ, "PYTHONPATH": "src"}
        seed = subprocess.run(
            [
                sys.executable,
                "scripts/protocol-ui/fixture.py",
                "--root",
                str(tmp_path),
                "--port",
                str(port),
                "--action",
                "seed",
            ],
            env=child,
            cwd=repo,
            capture_output=True,
            text=True,
            timeout=30,
        )
        assert seed.returncode == 0, seed.stdout + seed.stderr
        with (tmp_path / "api.log").open("wb") as log:
            server = subprocess.Popen(
                [
                    sys.executable,
                    "scripts/protocol-ui/fixture.py",
                    "--root",
                    str(tmp_path),
                    "--action",
                    "serve",
                ],
                env=child,
                cwd=repo,
                stdout=log,
                stderr=log,
            )
        try:
            end = time.monotonic() + 10
            while time.monotonic() < end:
                assert server.poll() is None
                try:
                    if httpx.get(f"http://127.0.0.1:{port}/health", timeout=0.5).status_code == 200:
                        break
                except httpx.HTTPError:
                    pass
                time.sleep(0.05)
            else:
>               pytest.fail("Owned fixture API not ready")
E               Failed: Owned fixture API not ready

tests/test_conditional_native_oracle.py:76: Failed
=============================== warnings summary ===============================
../sim2act-pb-venv/lib/python3.12/site-packages/fastapi/testclient.py:1
  /workspace/sim2act-pb-venv/lib/python3.12/site-packages/fastapi/testclient.py:1: StarletteDeprecationWarning: Using `httpx` with `starlette.testclient` is deprecated; install `httpx2` instead.
    from starlette.testclient import TestClient as TestClient  # noqa

tests/test_local_task_retirement.py::test_concurrent_task_extraction_and_retirement_retry_do_not_duplicate
  /workspace/sim2act-pb-venv/lib/python3.12/site-packages/pydantic/_internal/_generate_schema.py:2249: UnsupportedFieldAttributeWarning: The 'alias' attribute with value 'rid' was provided to the `Field()` function, which has no effect in the context it was used. 'alias' is field-specific metadata, and can only be attached to a model field using `Annotated` metadata or by assignment. This may have happened because an `Annotated` type alias using the `type` statement was used, or if the `Field()` function was attached to a single member of a union type.
    warnings.warn(

tests/test_preview_extraction.py::test_idempotency_stale_version_and_concurrent_single_authority
  /workspace/sim2act-pb-venv/lib/python3.12/site-packages/pydantic/_internal/_generate_schema.py:2249: UnsupportedFieldAttributeWarning: The 'alias' attribute with value 'authorization' was provided to the `Field()` function, which has no effect in the context it was used. 'alias' is field-specific metadata, and can only be attached to a model field using `Annotated` metadata or by assignment. This may have happened because an `Annotated` type alias using the `type` statement was used, or if the `Field()` function was attached to a single member of a union type.
    warnings.warn(

-- Docs: https://docs.pytest.org/en/stable/how-to/capture-warnings.html
============================= slowest 30 durations =============================
35.54s call     tests/test_conditional_runs_native.py::test_conditional_bound_native_shared_actual_http[True]
20.39s call     tests/test_registered_generation_native_dom.py::test_registered_generation_direct_actual_http_dom[poll-refresh-order]
19.77s call     tests/test_conditional_native_oracle.py::test_conditional_capture_optional_and_failure[omit]
17.26s call     tests/test_registered_generation_native_dom.py::test_registered_generation_direct_actual_http_dom[normal]
15.58s call     tests/test_protocol_ui.py::test_protocol_user_entry_actual_http[chromium]
14.40s call     tests/test_conditional_runs_native.py::test_conditional_bound_native_shared_actual_http[False]
13.05s call     tests/test_protocol_ui.py::test_protocol_user_entry_actual_http[dom]
12.91s call     tests/test_protocol_gated_execution.py::test_whole_package_zero_network[None-8]
12.29s call     tests/test_bounded_native_guards.py::test_actual_original_namespace_refused_without_any_durable_change[True]
11.70s call     tests/test_protocol_experiment.py::test_two_forms_real_worker_review_sequence_global_clock_and_shared_pool[False]
11.43s call     tests/test_conditional_native_oracle.py::test_conditional_capture_optional_and_failure[fail]
11.43s call     tests/test_conditional_native_oracle.py::test_conditional_native_shared_module_existing_fixture
8.89s call     tests/test_conditional_checks_ui.py::test_conditional_checks_actual_http_dom
8.14s call     tests/test_protocol_store_dryrun.py::test_two_forms_share_actual_database_pool_and_independent_reviews
6.92s call     tests/test_protocol_gated_execution.py::test_whole_package_zero_network[b-6]
6.53s call     tests/test_product_integration.py::test_integrated_same_session_source_and_recovery
6.50s call     tests/test_protocol_edge_fixture.py::test_edge_fixture_gated_actual_http_and_metadata_recovery
6.32s call     tests/test_conditional_run_product.py::test_source_bound_product_actual_http_dom
6.17s call     tests/test_bounded_native_guards.py::test_actual_original_namespace_refused_without_any_durable_change[False]
6.01s call     tests/test_task_submission_recovery.py::test_task_submission_recovery_real_http[chromium]
5.64s call     tests/test_registered_generation_browser_fixture.py::test_http_generation_cold_worker_and_precise_generated_only_corruption
5.54s call     tests/test_conditional_run_bindings.py::test_actual_source_check_extract_new_scenario_cold_chain_no_authority_or_success_promotion
4.90s call     tests/test_application_use.py::test_application_use_actual_http
4.13s call     tests/test_bounded_native_guards.py::test_optimized_run_control_refuses_invalid_owned_context[no-queued]
3.71s call     tests/test_protocol_http.py::test_complete_authenticated_http_source_review_extract_cold_and_independent_review[False]
3.68s call     tests/test_task_submission_recovery.py::test_task_submission_recovery_real_http[dom]
3.57s call     tests/test_registered_generation_browser_fixture.py::test_revoke_only_existing_selected_runtime_grants_and_refuse_cached_generation[False]
3.47s call     tests/test_registered_run_generation_http.py::test_real_http_dom_generation_entry_and_lost_receipt
3.43s call     tests/test_bounded_native_guards.py::test_optimized_run_control_refuses_invalid_owned_context[wrong-owner]
3.43s call     tests/test_protocol_store_dryrun.py::test_failed_registered_source_review_stops_before_candidate_sending[b-6-counts1]
=========================== short test summary info ============================
SKIPPED [1] tests/test_bounded_agent_apps.py:652: Application-role subprocess regression requires explicit isolated PostgreSQL
SKIPPED [1] tests/test_conditional_checks_pg_role.py:14: Application-role subprocess regression requires explicit isolated PostgreSQL
SKIPPED [1] tests/test_conditional_run_bindings.py:624: Application-role subprocess regression requires explicit isolated PostgreSQL
SKIPPED [1] tests/test_goal_candidates.py:226: Application-role subprocess regression requires explicit isolated PostgreSQL
SKIPPED [1] tests/test_internal_api.py:292: Application-role subprocess regression requires explicit isolated PostgreSQL
SKIPPED [1] tests/test_internal_lifecycle.py:364: Application-role subprocess regression requires explicit isolated PostgreSQL
SKIPPED [1] tests/test_lifecycle.py:15: PostgreSQL subprocess check needs explicit test URL
SKIPPED [1] tests/test_local_task_retirement.py:391: Application-role subprocess regression requires explicit isolated PostgreSQL
SKIPPED [2] tests/test_persistent_app_runs.py:473: Application-role subprocess regression requires explicit isolated PostgreSQL
SKIPPED [2] tests/test_persistent_app_runs.py:532: Application-role subprocess regression requires explicit isolated PostgreSQL
SKIPPED [1] tests/test_persistent_app_runs.py:669: Application-role subprocess regression requires explicit isolated PostgreSQL
SKIPPED [1] tests/test_preview_extraction.py:436: Application-role subprocess regression requires explicit isolated PostgreSQL
SKIPPED [1] tests/test_process_environment.py:73: Actual Windows PowerShell native launch required
SKIPPED [1] tests/test_process_environment.py:93: Application-role subprocess regression requires explicit isolated PostgreSQL
SKIPPED [1] tests/test_protocol_gated_execution.py:51: Explicit isolated PostgreSQL required for full gated controller package
SKIPPED [1] tests/test_protocol_pool_process.py:66: Actual independent PostgreSQL process regression
SKIPPED [5] tests/test_protocol_pool_process.py:120: Actual independent PostgreSQL process regression
SKIPPED [1] tests/test_protocol_recovery_concurrency.py:38: Actual recovery lock ordering requires isolated PostgreSQL
SKIPPED [1] tests/test_protocol_schema.py:29: Application-role subprocess regression requires explicit isolated PostgreSQL
SKIPPED [1] tests/test_protocol_schema.py:87: Application-role subprocess regression requires explicit isolated PostgreSQL
SKIPPED [1] tests/test_protocol_ui.py:122: BLOCKED_SANDBOX: installed Chromium SUID helper requires root ownership/mode4755; security policy unchanged
SKIPPED [1] tests/test_registered_run_generation_pg_role.py:41: Application-role subprocess regression requires explicit isolated PostgreSQL
SKIPPED [8] tests/test_retirement_race.py:22: Real PostgreSQL transaction lock/barrier regression
SKIPPED [1] tests/test_retirement_race.py:206: PG completed-task/fresh Store retirement subitems
SKIPPED [1] tests/test_spec_checklists.py:357: Application-role subprocess regression requires explicit isolated PostgreSQL
SKIPPED [1] tests/test_task_history.py:57: Application-role subprocess regression requires explicit isolated PostgreSQL
SKIPPED [1] tests/test_task_submission_recovery.py:64: Protected Chromium sandbox startup blocked; actual stderr retained in driver.log
FAILED tests/test_conditional_native_oracle.py::test_conditional_capture_optional_and_failure[fail]
1 failed, 994 passed, 40 skipped, 3 warnings in 676.36s (0:11:16)
