============================= test session starts ==============================
platform linux -- Python 3.12.14, pytest-9.0.2, pluggy-1.6.0 -- /workspace/Sim2Act/.venv/bin/python
cachedir: .pytest_cache
rootdir: /workspace/Sim2Act
configfile: pyproject.toml
plugins: anyio-4.15.1
collecting ... collected 12 items

tests/test_csv_report_dag_instances.py::test_resigned_float_count_cannot_impersonate_integer_receipt[False-False] PASSED [  8%]
tests/test_csv_report_dag_instances.py::test_resigned_float_count_cannot_impersonate_integer_receipt[False-True] PASSED [ 16%]
tests/test_csv_report_dag_instances.py::test_resigned_float_count_cannot_impersonate_integer_receipt[True-False] PASSED [ 25%]
tests/test_csv_report_dag_instances.py::test_resigned_float_count_cannot_impersonate_integer_receipt[True-True] PASSED [ 33%]
tests/test_csv_report_dag_instances.py::test_completed_report_flow_reexecutes_two_cold_columns_and_preserves_full_proofs PASSED [ 41%]
tests/test_csv_report_dag_instances.py::test_report_terminal_failure_rolls_back_the_actual_typed_append PASSED [ 50%]
tests/test_csv_report_dag_instances.py::test_actual_f13_upgrade_preserves_old_rows_and_requires_fresh_source PASSED [ 58%]
tests/test_csv_dag_instances.py::test_actual_two_nodes_two_cold_columns_instances_and_read_only_recovery PASSED [ 66%]
tests/test_csv_dag_instances_ui.py::test_actual_dag_internal_reuse_and_cold_new_column_page[post] PASSED [ 75%]
tests/test_csv_dag_instances_ui.py::test_actual_dag_internal_reuse_and_cold_new_column_page[read] PASSED [ 83%]
tests/test_csv_dag_instances_ui.py::test_actual_report_dag_internal_reuse_and_cold_new_column_page[post] PASSED [ 91%]
tests/test_csv_dag_instances_ui.py::test_actual_report_dag_internal_reuse_and_cold_new_column_page[read] PASSED [100%]

=============================== warnings summary ===============================
.venv/lib/python3.12/site-packages/fastapi/testclient.py:1
  /workspace/Sim2Act/.venv/lib/python3.12/site-packages/fastapi/testclient.py:1: StarletteDeprecationWarning: Using `httpx` with `starlette.testclient` is deprecated; install `httpx2` instead.
    from starlette.testclient import TestClient as TestClient  # noqa

-- Docs: https://docs.pytest.org/en/stable/how-to/capture-warnings.html
----- generated xml file: /tmp/sim2act-report-dag-type-fix-20261010/pg.xml -----
============================= slowest 10 durations =============================
30.27s call     tests/test_csv_dag_instances_ui.py::test_actual_report_dag_internal_reuse_and_cold_new_column_page[post]
29.65s call     tests/test_csv_dag_instances_ui.py::test_actual_report_dag_internal_reuse_and_cold_new_column_page[read]
26.01s call     tests/test_csv_dag_instances_ui.py::test_actual_dag_internal_reuse_and_cold_new_column_page[post]
22.43s call     tests/test_csv_dag_instances_ui.py::test_actual_dag_internal_reuse_and_cold_new_column_page[read]
19.21s call     tests/test_csv_dag_instances.py::test_actual_two_nodes_two_cold_columns_instances_and_read_only_recovery
15.25s call     tests/test_csv_report_dag_instances.py::test_completed_report_flow_reexecutes_two_cold_columns_and_preserves_full_proofs
13.11s call     tests/test_csv_report_dag_instances.py::test_actual_f13_upgrade_preserves_old_rows_and_requires_fresh_source
8.09s call     tests/test_csv_report_dag_instances.py::test_report_terminal_failure_rolls_back_the_actual_typed_append
6.37s call     tests/test_csv_report_dag_instances.py::test_resigned_float_count_cannot_impersonate_integer_receipt[False-True]
6.10s call     tests/test_csv_report_dag_instances.py::test_resigned_float_count_cannot_impersonate_integer_receipt[False-False]
================== 12 passed, 1 warning in 190.93s (0:03:10) ===================
