{
  "verdict": "PLAN_MEASUREMENTS_AND_SCOPE_PASS",
  "source_sha": "9002bf958f79972e576e831ebdf5e0d90fc44ea5",
  "remaining11_exact": true,
  "local_recomputed": {
    "sqlite26.xml": {
      "remaining_sum": "71.306",
      "remaining_max": "18.650",
      "passed15_sum": "57.638",
      "source_xml_sha256": "8f4efb78ce75c095493611333431d40b22d5f6629b8e12c33d6133926e55ccbf"
    },
    "pg26.xml": {
      "remaining_sum": "110.302",
      "remaining_max": "32.241",
      "passed15_sum": "105.752",
      "source_xml_sha256": "9a8e8ff6dc06e15e13b2cac33907a1fbe125e00d1fad5f1ab3a2e2f3f62e220b"
    }
  },
  "native_passed15_spans": {
    "sum": "73.889275",
    "max": "9.444151",
    "count": 15,
    "limit": "serial start-to-next-start includes fixture/teardown and overhead; not CPU or Windows remaining-node cost"
  },
  "full_collected": 2234,
  "suite_seconds": 815.798,
  "contract_decision": {
    "required": "900 seconds end-to-end acceptance vs 900 seconds for each isolated job",
    "existing_workflow_fact": "current single job15m=900s bounds Setup/smoke/engineering/Edge/report/cleanup together",
    "end_to_end": "serial multiple900s jobs cannot satisfy it; equivalence/cost proof or explicit contract change required",
    "per_isolated_job": "explicitly authorize coverage/isolation and separately report workflow wall time; existing Edge240/Node150 unchanged"
  },
  "interfaces_currently_not_implemented": true,
  "target_mode_diagnostic_only": true,
  "full_partition_exact_union_no_overlap_fresh_isolation_maxparallel1": true,
  "unknown_tail_cost_not_zero": true,
  "prior219_248_manifests_unchanged": true,
  "tests_CI_PG_run": 0,
  "repo_ref_writes": 0,
  "plan_file_sha256": "580233e746ffc0373bb6ceb84447689795c9f3f77d23cc9a15f601decd70946e"
}
