tests/test_manual_locks.py::test_real_lock_conflict_unlock_new_exact_plan_and_read_checks
tests/test_manual_locks.py::test_same_key_changed_body_and_aba_cas_preserve_history
tests/test_manual_locks.py::test_actual_concurrent_lock_modify_unlock[lock-lock]
tests/test_manual_locks.py::test_actual_concurrent_lock_modify_unlock[lock-modify]
tests/test_manual_locks.py::test_actual_concurrent_lock_modify_unlock[unlock-unlock]
tests/test_manual_locks.py::test_current_authority_and_source_gate_precede_recovery[foreign]
tests/test_manual_locks.py::test_current_authority_and_source_gate_precede_recovery[transfer]
tests/test_manual_locks.py::test_current_authority_and_source_gate_precede_recovery[revoke]
tests/test_manual_locks.py::test_current_authority_and_source_gate_precede_recovery[source]
tests/test_manual_locks.py::test_old_internal_lock_compatible_public_unlock_and_noop_rejected
tests/test_manual_locks.py::test_cold_store_recovery_after_derive_and_source_change_invalidates
tests/test_manual_locks.py::test_pg_minimum_crud_role_manual_lock_and_cold_receipt
tests/test_manual_locks_ui.py::test_manual_lock_actual_http_dom
tests/test_csv_dag_upgrade.py::test_actual_old_source_upgrade_retains_history_and_requires_new_exact_confirmation[SIM2ACT_UPGRADE_OLD_ARCHIVE-5a5543c902fbb78dd91c28c98386af51fb24dd67-91efd66bd69498c0aa62eefa285112095383d4f950d6cab0c2fa017de0a02aa5]
tests/test_csv_dag_upgrade.py::test_actual_old_source_upgrade_retains_history_and_requires_new_exact_confirmation[SIM2ACT_UPGRADE_CORE_ARCHIVE-1b65e94ebd81c1e31091b3078b8223328b726294-240c76f358870a9d933f94d129eeda362553092035044d6f306ee4dd7a58b3c0]
tests/test_controlled_branches.py::test_same_exact_plan_distinct_inputs_actual_paths_and_cold_key_recovery

=============================== warnings summary ===============================
.venv/lib/python3.12/site-packages/fastapi/testclient.py:1
  /workspace/Sim2Act/.venv/lib/python3.12/site-packages/fastapi/testclient.py:1: StarletteDeprecationWarning: Using `httpx` with `starlette.testclient` is deprecated; install `httpx2` instead.
    from starlette.testclient import TestClient as TestClient  # noqa

-- Docs: https://docs.pytest.org/en/stable/how-to/capture-warnings.html
16 tests collected in 0.15s
