F.F.                                                                     [100%]
=================================== FAILURES ===================================
___ test_actual_pytest_failure_evidence_survives_incomplete_suite[interrupt] ___

tmp_path = PosixPath('/tmp/sim2act-native-diagnostics-20261010/corrected/test_actual_pytest_failure_evi0')
mode = 'interrupt'

    @pytest.mark.parametrize("mode", ["interrupt", "collection_error", "failure"])
    def test_actual_pytest_failure_evidence_survives_incomplete_suite(tmp_path, mode):
        root = Path(__file__).resolve().parents[1]
        trace = tmp_path / "events.jsonl"
        xml = tmp_path / "junit.xml"
        if mode != "collection_error":
            code = """
    def test_failure():
        assert False, "diagnostic assertion; postgresql+psycopg://fixture:fake-db-secret@localhost/db; Bearer fake-bearer-secret"
    
    def test_pass():
        assert True
    
    def test_interrupted():
        raise KeyboardInterrupt
    
    def test_never_started():
        assert False, "unexecuted fixture"
    """
            if mode == "failure":
                code = code.split("def test_interrupted():")[0]
        else:
            code = 'raise RuntimeError("collection diagnostic assertion")\n'
        (tmp_path / "test_fixture.py").write_text(code)
        env = {**os.environ, "PYTHONPATH": str(root), "PYTHONUTF8": "1"}
        # The isolated fixture must not overwrite the outer CI suite's JUnit output.
        env.pop("PYTEST_ADDOPTS", None)
        env.pop("GITHUB_STEP_SUMMARY", None)
        child = subprocess.run(
            [
                sys.executable,
                "-m",
                "pytest",
                "-q",
                "-p",
                "scripts.native_pytest_diagnostics",
                "--ci-diagnostics",
                str(trace),
                "--junitxml",
                str(xml),
            ],
            cwd=tmp_path,
            env=env,
            capture_output=True,
            text=True,
            timeout=30,
        )
        assert child.returncode == (1 if mode == "failure" else 2)
        result = summarize(trace)
        assert result["evidence_present"] and result["suite_complete"] == (mode == "failure")
        assert result["exitstatuses"] == [child.returncode]
        assert len(result["failures"]) == 1
        assert "diagnostic assertion" in result["failures"][0]["failure"]
        diagnostics = "\n".join(
            line for line in child.stdout.splitlines() if line.startswith("SIM2ACT_CI_DIAGNOSTIC ")
        )
>       assert "diagnostic assertion" in diagnostics
E       assert 'diagnostic assertion' in 'SIM2ACT_CI_DIAGNOSTIC {"event": "session_start", "utc": "2026-10-10T05:06:34.435606+00:00", "elapsed_seconds": 0.0211...h", "utc": "2026-10-10T05:06:34.637180+00:00", "elapsed_seconds": 0.22271201200055657, "pid": 118634, "exitstatus": 2}'

tests/test_native_pytest_diagnostics.py:72: AssertionError
____ test_actual_pytest_failure_evidence_survives_incomplete_suite[failure] ____

tmp_path = PosixPath('/tmp/sim2act-native-diagnostics-20261010/corrected/test_actual_pytest_failure_evi2')
mode = 'failure'

    @pytest.mark.parametrize("mode", ["interrupt", "collection_error", "failure"])
    def test_actual_pytest_failure_evidence_survives_incomplete_suite(tmp_path, mode):
        root = Path(__file__).resolve().parents[1]
        trace = tmp_path / "events.jsonl"
        xml = tmp_path / "junit.xml"
        if mode != "collection_error":
            code = """
    def test_failure():
        assert False, "diagnostic assertion; postgresql+psycopg://fixture:fake-db-secret@localhost/db; Bearer fake-bearer-secret"
    
    def test_pass():
        assert True
    
    def test_interrupted():
        raise KeyboardInterrupt
    
    def test_never_started():
        assert False, "unexecuted fixture"
    """
            if mode == "failure":
                code = code.split("def test_interrupted():")[0]
        else:
            code = 'raise RuntimeError("collection diagnostic assertion")\n'
        (tmp_path / "test_fixture.py").write_text(code)
        env = {**os.environ, "PYTHONPATH": str(root), "PYTHONUTF8": "1"}
        # The isolated fixture must not overwrite the outer CI suite's JUnit output.
        env.pop("PYTEST_ADDOPTS", None)
        env.pop("GITHUB_STEP_SUMMARY", None)
        child = subprocess.run(
            [
                sys.executable,
                "-m",
                "pytest",
                "-q",
                "-p",
                "scripts.native_pytest_diagnostics",
                "--ci-diagnostics",
                str(trace),
                "--junitxml",
                str(xml),
            ],
            cwd=tmp_path,
            env=env,
            capture_output=True,
            text=True,
            timeout=30,
        )
        assert child.returncode == (1 if mode == "failure" else 2)
        result = summarize(trace)
        assert result["evidence_present"] and result["suite_complete"] == (mode == "failure")
        assert result["exitstatuses"] == [child.returncode]
        assert len(result["failures"]) == 1
        assert "diagnostic assertion" in result["failures"][0]["failure"]
        diagnostics = "\n".join(
            line for line in child.stdout.splitlines() if line.startswith("SIM2ACT_CI_DIAGNOSTIC ")
        )
>       assert "diagnostic assertion" in diagnostics
E       assert 'diagnostic assertion' in 'SIM2ACT_CI_DIAGNOSTIC {"event": "session_start", "utc": "2026-10-10T05:06:35.667904+00:00", "elapsed_seconds": 0.0234...5:06:35.688438+00:00", "elapsed_seconds": 0.043962924006336834, "pid": 118638, "nodeid": "test_fixture.py::test_pass"}'

tests/test_native_pytest_diagnostics.py:72: AssertionError
=============================== warnings summary ===============================
.venv/lib/python3.12/site-packages/fastapi/testclient.py:1
  /workspace/Sim2Act/.venv/lib/python3.12/site-packages/fastapi/testclient.py:1: StarletteDeprecationWarning: Using `httpx` with `starlette.testclient` is deprecated; install `httpx2` instead.
    from starlette.testclient import TestClient as TestClient  # noqa

-- Docs: https://docs.pytest.org/en/stable/how-to/capture-warnings.html
=========================== short test summary info ============================
FAILED tests/test_native_pytest_diagnostics.py::test_actual_pytest_failure_evidence_survives_incomplete_suite[interrupt]
FAILED tests/test_native_pytest_diagnostics.py::test_actual_pytest_failure_evidence_survives_incomplete_suite[failure]
2 failed, 2 passed, 1 warning in 1.63s
