/workspace/sim2act-pb-venv/lib/python3.12/site-packages/fastapi/testclient.py:1: StarletteDeprecationWarning: Using `httpx` with `starlette.testclient` is deprecated; install `httpx2` instead.
  from starlette.testclient import TestClient as TestClient  # noqa
{
  "source": "4d1a486166436babffb76c2db96e87144ac9fb1a",
  "decision": "LIMITED_HTTP_PASS",
  "cases": [
    {
      "case": "owner_catalog_advisory_only",
      "status": 200,
      "before_whole_database_fingerprint": "8cbf821668efa4d1eb1953ddbaef386a0b2b8407520527a7b1d22fb9d94415e1",
      "after_whole_database_fingerprint": "8cbf821668efa4d1eb1953ddbaef386a0b2b8407520527a7b1d22fb9d94415e1",
      "all_tables_unchanged": true
    },
    {
      "case": "true_csv_full_authoritative_inspect",
      "status": 200,
      "before_whole_database_fingerprint": "8cbf821668efa4d1eb1953ddbaef386a0b2b8407520527a7b1d22fb9d94415e1",
      "after_whole_database_fingerprint": "8cbf821668efa4d1eb1953ddbaef386a0b2b8407520527a7b1d22fb9d94415e1",
      "all_tables_unchanged": true
    },
    {
      "case": "report_explicit_open_still_full_inspect",
      "status": 200,
      "before_whole_database_fingerprint": "8cbf821668efa4d1eb1953ddbaef386a0b2b8407520527a7b1d22fb9d94415e1",
      "after_whole_database_fingerprint": "8cbf821668efa4d1eb1953ddbaef386a0b2b8407520527a7b1d22fb9d94415e1",
      "all_tables_unchanged": true
    },
    {
      "case": "csv_runtime_revoke_denied",
      "status": 403,
      "before_whole_database_fingerprint": "d0c936bb877541c460250941f9cd945141b0dcd8122951b45a913d2cbf90e514",
      "after_whole_database_fingerprint": "d0c936bb877541c460250941f9cd945141b0dcd8122951b45a913d2cbf90e514",
      "all_tables_unchanged": true
    },
    {
      "case": "csv_runtime_revoke_denied_catalog_still_metadata",
      "status": 200,
      "before_whole_database_fingerprint": "d0c936bb877541c460250941f9cd945141b0dcd8122951b45a913d2cbf90e514",
      "after_whole_database_fingerprint": "d0c936bb877541c460250941f9cd945141b0dcd8122951b45a913d2cbf90e514",
      "all_tables_unchanged": true
    },
    {
      "case": "report_source_revoke_denied",
      "status": 403,
      "before_whole_database_fingerprint": "b3653f8adb7201f99c6580148ed5dc6c73747565c4b724461793137d1ed5288a",
      "after_whole_database_fingerprint": "b3653f8adb7201f99c6580148ed5dc6c73747565c4b724461793137d1ed5288a",
      "all_tables_unchanged": true
    },
    {
      "case": "report_source_revoke_denied_catalog_still_metadata",
      "status": 200,
      "before_whole_database_fingerprint": "b3653f8adb7201f99c6580148ed5dc6c73747565c4b724461793137d1ed5288a",
      "after_whole_database_fingerprint": "b3653f8adb7201f99c6580148ed5dc6c73747565c4b724461793137d1ed5288a",
      "all_tables_unchanged": true
    },
    {
      "case": "report_source_null_denied_even_hintfalse",
      "status": 409,
      "before_whole_database_fingerprint": "ba5bd9b2ef92ae737b9bb3fcd40cf3959aeccc5537269be1257729879ec8c409",
      "after_whole_database_fingerprint": "ba5bd9b2ef92ae737b9bb3fcd40cf3959aeccc5537269be1257729879ec8c409",
      "all_tables_unchanged": true
    },
    {
      "case": "other_identity_catalog_owner_filter",
      "status": 200,
      "before_whole_database_fingerprint": "8cbf821668efa4d1eb1953ddbaef386a0b2b8407520527a7b1d22fb9d94415e1",
      "after_whole_database_fingerprint": "8cbf821668efa4d1eb1953ddbaef386a0b2b8407520527a7b1d22fb9d94415e1",
      "all_tables_unchanged": true
    },
    {
      "case": "other_identity_csv_denied",
      "status": 403,
      "before_whole_database_fingerprint": "8cbf821668efa4d1eb1953ddbaef386a0b2b8407520527a7b1d22fb9d94415e1",
      "after_whole_database_fingerprint": "8cbf821668efa4d1eb1953ddbaef386a0b2b8407520527a7b1d22fb9d94415e1",
      "all_tables_unchanged": true
    },
    {
      "case": "other_identity_report_denied",
      "status": 403,
      "before_whole_database_fingerprint": "8cbf821668efa4d1eb1953ddbaef386a0b2b8407520527a7b1d22fb9d94415e1",
      "after_whole_database_fingerprint": "8cbf821668efa4d1eb1953ddbaef386a0b2b8407520527a7b1d22fb9d94415e1",
      "all_tables_unchanged": true
    }
  ],
  "runtime_module_path": "/tmp/csv-routing-hint-independent/source-4d/src/sim2act/api.py",
  "runtime_module_sha256": "4b2dc5938f7e018a946501192090831899f815e1146eb63ce9a3f9239553faae",
  "fixture_mock_calls": 3,
  "product_read_provider_calls": 0,
  "scope": "Actual TestClient ownSQLite; rawunknown row is test-only after baseline. No PG/full/LIVE/CI."
}
