/workspace/Sim2Act/.venv/lib/python3.12/site-packages/fastapi/testclient.py:1: StarletteDeprecationWarning: Using `httpx` with `starlette.testclient` is deprecated; install `httpx2` instead.
  from starlette.testclient import TestClient as TestClient  # noqa
business-cold PASS 17
legacy-v1 PASS 2
joint-promotion PASS 4
joint-downgrade PASS 4
Traceback (most recent call last):
  File "/tmp/sim2act-report-dag-reuse-independent-20261010/backend.py", line 58, in <module>
    denied_no_write(e,base)
  File "/tmp/sim2act-report-dag-reuse-independent-20261010/backend.py", line 7, in denied_no_write
    before=fingerprint(snapshot(e));r=e[2].post(path,json=body) if body is not None else e[2].get(path);check(r.status_code in (403,409),f'rejected {r.status_code} {path}');check(fingerprint(snapshot(e))==before,'rejection zero entireDB writes');return r
                                                                                                        ^^^^^^^^^^^^^^^^^^^^^^^^^^^^^^^^^^^^^^^^^^^^^^^^^^^^^^^^^^^^^^^^^^^^
  File "/tmp/sim2act-report-dag-reuse-independent-20261010/backend.py", line 5, in check
    def check(v,label):assert v,label;checks.append(label)
                              ^
AssertionError: rejected 400 /api/internal/instances/iinstance_27f0d6759b1ede4d5b8958db54572d2a

report-self-sign FAIL 0
joint-omission PASS 3
cross-owner PASS 2
same-key-changed PASS 2
source-third-missing PASS 2
budget-two PASS 1
final-deadline-rollback PASS 7
old-fence PASS 3
Traceback (most recent call last):
  File "/tmp/sim2act-report-dag-reuse-independent-20261010/backend.py", line 84, in <module>
    (ROOT/'backend-results.json').write_text(json.dumps(results,indent=2));freeze('backend-after');assert all(r['status']=='PASS' for r in results)
                                                                                                          ^^^^^^^^^^^^^^^^^^^^^^^^^^^^^^^^^^^^^^^^^
AssertionError
