/workspace/Sim2Act/.venv/lib/python3.12/site-packages/fastapi/testclient.py:1: StarletteDeprecationWarning: Using `httpx` with `starlette.testclient` is deprecated; install `httpx2` instead.
  from starlette.testclient import TestClient as TestClient  # noqa
[
  {
    "case": "joint-promotion",
    "status": 409,
    "body": {
      "error": {
        "code": "VERSION_CONFLICT",
        "message": "Internal version no longer matches its actual source receipts",
        "safe_retry": false,
        "effect_known": true,
        "user_action": "Check status, configuration and permissions"
      }
    },
    "zero_allDB_writes": true
  },
  {
    "case": "joint-downgrade",
    "status": 409,
    "body": {
      "error": {
        "code": "VERSION_CONFLICT",
        "message": "Internal version no longer matches its actual source receipts",
        "safe_retry": false,
        "effect_known": true,
        "user_action": "Check status, configuration and permissions"
      }
    },
    "zero_allDB_writes": true
  }
]
