/workspace/Sim2Act/.venv/lib/python3.12/site-packages/fastapi/testclient.py:1: StarletteDeprecationWarning: Using `httpx` with `starlette.testclient` is deprecated; install `httpx2` instead.
  from starlette.testclient import TestClient as TestClient  # noqa
{
  "source_sha": "f13ff8d7661490a7e42a1f7ce3e9179bda54da4b",
  "module_sha256": "1413889964e9d62a5bcfb546fa52244dbf6ce50e095261d9007c2f2c7561c700",
  "actual_original_completed_source": {
    "status": "SUCCEEDED",
    "steps": 3,
    "report": {
      "writeup": {
        "resource_id": "res_5c508d9ef28f4c18b25964bae763f975",
        "column": "amount",
        "count": 2,
        "sum": "1.75",
        "source_hash": "44ee79d063a4da666cf7f94134d27d04583f28dae740ed576bdc280a784c75bc",
        "text": "\u5217 amount\uff1b\u884c\u6570 2\uff1b\u5408\u8ba1 1.75"
      }
    }
  },
  "public_release_response_status": 409,
  "body": {
    "error": {
      "code": "VERSION_CONFLICT",
      "message": "Only unconditional read\u2192sum composition is reusable",
      "safe_retry": false,
      "effect_known": true,
      "user_action": "Check status, configuration and permissions"
    }
  },
  "zero_allDB_writes": true,
  "verdict": "EXPECTED_NEGATIVE_PASS"
}
