/workspace/sim2act-pb-venv/lib/python3.12/site-packages/fastapi/testclient.py:1: StarletteDeprecationWarning: Using `httpx` with `starlette.testclient` is deprecated; install `httpx2` instead.
  from starlette.testclient import TestClient as TestClient  # noqa
{
  "source": "1f96d887e9f9ca06b506afa319892fb220f67c35",
  "queued_via_actual_http": "original protocol/source; not conditional-runs",
  "created_http": 202,
  "run_id": "run_53959948f2b64170b23c0a2989a4236f",
  "outcome": {
    "reply": null,
    "error": "DomainError: PERMISSION_DENIED"
  },
  "before_attempts": 0,
  "after_attempts": 0,
  "before_table_run_fp": "01ee9eddb3ea1badfb97cdd589811d38a852f7c12b7ce17ac489f40ce00d261e",
  "after_table_run_fp": "01ee9eddb3ea1badfb97cdd589811d38a852f7c12b7ce17ac489f40ce00d261e",
  "current_run_status": "QUEUED",
  "current_run_error": null,
  "before_snapshot": {
    "kind": "owned-conditional-native-fixture.v1",
    "action": "snapshot",
    "tables": {
      "principals": "d8f08928f83e27ee251185711839d282f0d2c291b6414f3ab091ca188c5802a3",
      "projects": "bc113357ec34a3cd80fcb1a0aef48e7c85ade949bf66d09eb74021eb103d7d60",
      "resources": "a07e38f890a45424da13155c3add7c11c14db3ef15f66ece74ed06b4d7af4374",
      "grants": "a620cd76a5734bb449282f4b6fab4ad8782a4b70aeb36360bff5380cc72b0fec",
      "runs": "01ee9eddb3ea1badfb97cdd589811d38a852f7c12b7ce17ac489f40ce00d261e",
      "run_contracts": "53d56daeb0fd8491ce5de781c3fff23ae5bb7980d552d2dd0fb7a175048e4410",
      "operation_intents": "4f53cda18c2baa0c0354bb5f9a3ecbe5ed12ab4d8e11ba873c2f11161202b945",
      "local_effects": "4f53cda18c2baa0c0354bb5f9a3ecbe5ed12ab4d8e11ba873c2f11161202b945",
      "events": "3fe979020e18e9babe85b5a7cbb1fab52e551aaf415593446569c8c25df30a95",
      "operations": "4f53cda18c2baa0c0354bb5f9a3ecbe5ed12ab4d8e11ba873c2f11161202b945",
      "attempts": "4f53cda18c2baa0c0354bb5f9a3ecbe5ed12ab4d8e11ba873c2f11161202b945",
      "quotas": "1d51ac086f30079d1bad91c9f2fc562ebe3ec2da8ec42637dec96b69769a6c39",
      "reservations": "4f53cda18c2baa0c0354bb5f9a3ecbe5ed12ab4d8e11ba873c2f11161202b945",
      "heartbeats": "4f53cda18c2baa0c0354bb5f9a3ecbe5ed12ab4d8e11ba873c2f11161202b945",
      "goal_cards": "4f53cda18c2baa0c0354bb5f9a3ecbe5ed12ab4d8e11ba873c2f11161202b945",
      "goal_candidate_requests": "4f53cda18c2baa0c0354bb5f9a3ecbe5ed12ab4d8e11ba873c2f11161202b945",
      "goal_card_versions": "4f53cda18c2baa0c0354bb5f9a3ecbe5ed12ab4d8e11ba873c2f11161202b945",
      "app_drafts": "4f53cda18c2baa0c0354bb5f9a3ecbe5ed12ab4d8e11ba873c2f11161202b945",
      "app_previews": "4f53cda18c2baa0c0354bb5f9a3ecbe5ed12ab4d8e11ba873c2f11161202b945",
      "preview_extractions": "4f53cda18c2baa0c0354bb5f9a3ecbe5ed12ab4d8e11ba873c2f11161202b945",
      "local_csv_tasks": "4f53cda18c2baa0c0354bb5f9a3ecbe5ed12ab4d8e11ba873c2f11161202b945",
      "task_extractions": "4f53cda18c2baa0c0354bb5f9a3ecbe5ed12ab4d8e11ba873c2f11161202b945",
      "resource_retirements": "4f53cda18c2baa0c0354bb5f9a3ecbe5ed12ab4d8e11ba873c2f11161202b945",
      "internal_approvals": "4f53cda18c2baa0c0354bb5f9a3ecbe5ed12ab4d8e11ba873c2f11161202b945",
      "internal_releases": "4f53cda18c2baa0c0354bb5f9a3ecbe5ed12ab4d8e11ba873c2f11161202b945",
      "internal_instances": "4f53cda18c2baa0c0354bb5f9a3ecbe5ed12ab4d8e11ba873c2f11161202b945",
      "internal_app_runs": "4f53cda18c2baa0c0354bb5f9a3ecbe5ed12ab4d8e11ba873c2f11161202b945",
      "internal_instance_data": "4f53cda18c2baa0c0354bb5f9a3ecbe5ed12ab4d8e11ba873c2f11161202b945",
      "internal_run_bindings": "4f53cda18c2baa0c0354bb5f9a3ecbe5ed12ab4d8e11ba873c2f11161202b945",
      "protocol_jobs": "f937ca4a95c474c13f7b2d1b86aaac73896ee4a3d35e0ca5552d22c6229e5d00",
      "protocol_reviews": "4f53cda18c2baa0c0354bb5f9a3ecbe5ed12ab4d8e11ba873c2f11161202b945",
      "protocol_request_pools": "7138266cea273d31aae0354c3af9174e71e13adc12d314772f7d53e0a863b6ab",
      "protocol_request_slots": "4f53cda18c2baa0c0354bb5f9a3ecbe5ed12ab4d8e11ba873c2f11161202b945",
      "spec_checklist_tasks": "4f53cda18c2baa0c0354bb5f9a3ecbe5ed12ab4d8e11ba873c2f11161202b945"
    },
    "grants": [
      "grant_186f8e4412694d588668bb2310ab9aef",
      "grant_23088f4be8054721bb26c1057db19c19",
      "grant_46698cd072de4aedafa3b81c67bd8ab2",
      "grant_79f1a7cb041f4c0d80381b9a148dca97",
      "grant_93f79ee0d04e48079c9c1c18d0edf0bc",
      "grant_97015c55d3f84938b6df50e5dfe476e3",
      "grant_ad43cbd7dfac481eb6b1f531c16cda8f",
      "grant_b2b27b406b234d539c3387f3acbcc572",
      "grant_b6238c27caab430593ecac8d03067849",
      "grant_c8bec7001e914216bbe1c27026465ec7",
      "grant_d1d235cc4ff044c897b894e1c1afc11a",
      "grant_fa91a49d04f94849b6ec8d7f2a483494"
    ],
    "principals": "d8f08928f83e27ee251185711839d282f0d2c291b6414f3ab091ca188c5802a3",
    "real_model_requests": 0,
    "attempts_count": 0,
    "resource_reads_count": 0
  },
  "after_snapshot": {
    "kind": "owned-conditional-native-fixture.v1",
    "action": "snapshot",
    "tables": {
      "principals": "d8f08928f83e27ee251185711839d282f0d2c291b6414f3ab091ca188c5802a3",
      "projects": "bc113357ec34a3cd80fcb1a0aef48e7c85ade949bf66d09eb74021eb103d7d60",
      "resources": "a07e38f890a45424da13155c3add7c11c14db3ef15f66ece74ed06b4d7af4374",
      "grants": "a620cd76a5734bb449282f4b6fab4ad8782a4b70aeb36360bff5380cc72b0fec",
      "runs": "01ee9eddb3ea1badfb97cdd589811d38a852f7c12b7ce17ac489f40ce00d261e",
      "run_contracts": "53d56daeb0fd8491ce5de781c3fff23ae5bb7980d552d2dd0fb7a175048e4410",
      "operation_intents": "4f53cda18c2baa0c0354bb5f9a3ecbe5ed12ab4d8e11ba873c2f11161202b945",
      "local_effects": "4f53cda18c2baa0c0354bb5f9a3ecbe5ed12ab4d8e11ba873c2f11161202b945",
      "events": "3fe979020e18e9babe85b5a7cbb1fab52e551aaf415593446569c8c25df30a95",
      "operations": "4f53cda18c2baa0c0354bb5f9a3ecbe5ed12ab4d8e11ba873c2f11161202b945",
      "attempts": "4f53cda18c2baa0c0354bb5f9a3ecbe5ed12ab4d8e11ba873c2f11161202b945",
      "quotas": "1d51ac086f30079d1bad91c9f2fc562ebe3ec2da8ec42637dec96b69769a6c39",
      "reservations": "4f53cda18c2baa0c0354bb5f9a3ecbe5ed12ab4d8e11ba873c2f11161202b945",
      "heartbeats": "4f53cda18c2baa0c0354bb5f9a3ecbe5ed12ab4d8e11ba873c2f11161202b945",
      "goal_cards": "4f53cda18c2baa0c0354bb5f9a3ecbe5ed12ab4d8e11ba873c2f11161202b945",
      "goal_candidate_requests": "4f53cda18c2baa0c0354bb5f9a3ecbe5ed12ab4d8e11ba873c2f11161202b945",
      "goal_card_versions": "4f53cda18c2baa0c0354bb5f9a3ecbe5ed12ab4d8e11ba873c2f11161202b945",
      "app_drafts": "4f53cda18c2baa0c0354bb5f9a3ecbe5ed12ab4d8e11ba873c2f11161202b945",
      "app_previews": "4f53cda18c2baa0c0354bb5f9a3ecbe5ed12ab4d8e11ba873c2f11161202b945",
      "preview_extractions": "4f53cda18c2baa0c0354bb5f9a3ecbe5ed12ab4d8e11ba873c2f11161202b945",
      "local_csv_tasks": "4f53cda18c2baa0c0354bb5f9a3ecbe5ed12ab4d8e11ba873c2f11161202b945",
      "task_extractions": "4f53cda18c2baa0c0354bb5f9a3ecbe5ed12ab4d8e11ba873c2f11161202b945",
      "resource_retirements": "4f53cda18c2baa0c0354bb5f9a3ecbe5ed12ab4d8e11ba873c2f11161202b945",
      "internal_approvals": "4f53cda18c2baa0c0354bb5f9a3ecbe5ed12ab4d8e11ba873c2f11161202b945",
      "internal_releases": "4f53cda18c2baa0c0354bb5f9a3ecbe5ed12ab4d8e11ba873c2f11161202b945",
      "internal_instances": "4f53cda18c2baa0c0354bb5f9a3ecbe5ed12ab4d8e11ba873c2f11161202b945",
      "internal_app_runs": "4f53cda18c2baa0c0354bb5f9a3ecbe5ed12ab4d8e11ba873c2f11161202b945",
      "internal_instance_data": "4f53cda18c2baa0c0354bb5f9a3ecbe5ed12ab4d8e11ba873c2f11161202b945",
      "internal_run_bindings": "4f53cda18c2baa0c0354bb5f9a3ecbe5ed12ab4d8e11ba873c2f11161202b945",
      "protocol_jobs": "f937ca4a95c474c13f7b2d1b86aaac73896ee4a3d35e0ca5552d22c6229e5d00",
      "protocol_reviews": "4f53cda18c2baa0c0354bb5f9a3ecbe5ed12ab4d8e11ba873c2f11161202b945",
      "protocol_request_pools": "7138266cea273d31aae0354c3af9174e71e13adc12d314772f7d53e0a863b6ab",
      "protocol_request_slots": "4f53cda18c2baa0c0354bb5f9a3ecbe5ed12ab4d8e11ba873c2f11161202b945",
      "spec_checklist_tasks": "4f53cda18c2baa0c0354bb5f9a3ecbe5ed12ab4d8e11ba873c2f11161202b945"
    },
    "grants": [
      "grant_186f8e4412694d588668bb2310ab9aef",
      "grant_23088f4be8054721bb26c1057db19c19",
      "grant_46698cd072de4aedafa3b81c67bd8ab2",
      "grant_79f1a7cb041f4c0d80381b9a148dca97",
      "grant_93f79ee0d04e48079c9c1c18d0edf0bc",
      "grant_97015c55d3f84938b6df50e5dfe476e3",
      "grant_ad43cbd7dfac481eb6b1f531c16cda8f",
      "grant_b2b27b406b234d539c3387f3acbcc572",
      "grant_b6238c27caab430593ecac8d03067849",
      "grant_c8bec7001e914216bbe1c27026465ec7",
      "grant_d1d235cc4ff044c897b894e1c1afc11a",
      "grant_fa91a49d04f94849b6ec8d7f2a483494"
    ],
    "principals": "d8f08928f83e27ee251185711839d282f0d2c291b6414f3ab091ca188c5802a3",
    "real_model_requests": 0,
    "attempts_count": 0,
    "resource_reads_count": 0
  }
}
