
SIM2ACT_CI_DIAGNOSTIC {"event": "session_start", "utc": "2026-10-10T06:19:44.902146+00:00", "elapsed_seconds": 0.017103632002545055, "pid": 136247, "requested_scope": "DIAGNOSTIC_ONLY_REMAINING11", "required_nodes": ["tests/test_csv_dag_instances_ui.py::test_actual_dag_internal_reuse_and_cold_new_column_page[post]", "tests/test_csv_dag_instances_ui.py::test_actual_dag_internal_reuse_and_cold_new_column_page[read]", "tests/test_csv_dag_ui.py::test_fixed_dag_actual_http_dom_exact_confirmation_recovery_and_revocation", "tests/test_csv_wiring_ui.py::test_all_allowed_wire_choices_actual_product_http_dom[0-0-0]", "tests/test_csv_wiring_ui.py::test_all_allowed_wire_choices_actual_product_http_dom[0-0-1]", "tests/test_csv_wiring_ui.py::test_all_allowed_wire_choices_actual_product_http_dom[0-1-0]", "tests/test_csv_wiring_ui.py::test_all_allowed_wire_choices_actual_product_http_dom[0-1-1]", "tests/test_csv_wiring_ui.py::test_all_allowed_wire_choices_actual_product_http_dom[1-0-0]", "tests/test_csv_wiring_ui.py::test_all_allowed_wire_choices_actual_product_http_dom[1-0-1]", "tests/test_csv_wiring_ui.py::test_all_allowed_wire_choices_actual_product_http_dom[1-1-0]", "tests/test_csv_wiring_ui.py::test_all_allowed_wire_choices_actual_product_http_dom[1-1-1]"]}

SIM2ACT_CI_DIAGNOSTIC {"event": "selection", "utc": "2026-10-10T06:19:46.944812+00:00", "elapsed_seconds": 2.0597672920048353, "pid": 136247, "scope": "DIAGNOSTIC_ONLY_REMAINING11", "full_count": 2240, "full_nodes_sha256": "41f4d8d6d8b874689efcb44cd84130bdfabfc4cdbfe3bd7763b7f774e8cb3973", "required_nodes": ["tests/test_csv_dag_instances_ui.py::test_actual_dag_internal_reuse_and_cold_new_column_page[post]", "tests/test_csv_dag_instances_ui.py::test_actual_dag_internal_reuse_and_cold_new_column_page[read]", "tests/test_csv_dag_ui.py::test_fixed_dag_actual_http_dom_exact_confirmation_recovery_and_revocation", "tests/test_csv_wiring_ui.py::test_all_allowed_wire_choices_actual_product_http_dom[0-0-0]", "tests/test_csv_wiring_ui.py::test_all_allowed_wire_choices_actual_product_http_dom[0-0-1]", "tests/test_csv_wiring_ui.py::test_all_allowed_wire_choices_actual_product_http_dom[0-1-0]", "tests/test_csv_wiring_ui.py::test_all_allowed_wire_choices_actual_product_http_dom[0-1-1]", "tests/test_csv_wiring_ui.py::test_all_allowed_wire_choices_actual_product_http_dom[1-0-0]", "tests/test_csv_wiring_ui.py::test_all_allowed_wire_choices_actual_product_http_dom[1-0-1]", "tests/test_csv_wiring_ui.py::test_all_allowed_wire_choices_actual_product_http_dom[1-1-0]", "tests/test_csv_wiring_ui.py::test_all_allowed_wire_choices_actual_product_http_dom[1-1-1]"], "deselected_count": 2229}
tests/test_csv_dag_instances_ui.py::test_actual_dag_internal_reuse_and_cold_new_column_page[post]
tests/test_csv_dag_instances_ui.py::test_actual_dag_internal_reuse_and_cold_new_column_page[read]
tests/test_csv_dag_ui.py::test_fixed_dag_actual_http_dom_exact_confirmation_recovery_and_revocation
tests/test_csv_wiring_ui.py::test_all_allowed_wire_choices_actual_product_http_dom[0-0-0]
tests/test_csv_wiring_ui.py::test_all_allowed_wire_choices_actual_product_http_dom[0-0-1]
tests/test_csv_wiring_ui.py::test_all_allowed_wire_choices_actual_product_http_dom[0-1-0]
tests/test_csv_wiring_ui.py::test_all_allowed_wire_choices_actual_product_http_dom[0-1-1]
tests/test_csv_wiring_ui.py::test_all_allowed_wire_choices_actual_product_http_dom[1-0-0]
tests/test_csv_wiring_ui.py::test_all_allowed_wire_choices_actual_product_http_dom[1-0-1]
tests/test_csv_wiring_ui.py::test_all_allowed_wire_choices_actual_product_http_dom[1-1-0]
tests/test_csv_wiring_ui.py::test_all_allowed_wire_choices_actual_product_http_dom[1-1-1]

SIM2ACT_CI_DIAGNOSTIC {"event": "collection_summary", "utc": "2026-10-10T06:19:46.945730+00:00", "elapsed_seconds": 2.060678845999064, "pid": 136247, "count": 11, "nodes_sha256": "1f2b967e13bf163e1c19e33d9297f185f54d9c872a64295366142ac77021314e"}

SIM2ACT_CI_DIAGNOSTIC {"event": "session_finish", "utc": "2026-10-10T06:19:46.945924+00:00", "elapsed_seconds": 2.0608727560029365, "pid": 136247, "exitstatus": 0}

=============================== warnings summary ===============================
.venv/lib/python3.12/site-packages/fastapi/testclient.py:1
  /workspace/Sim2Act/.venv/lib/python3.12/site-packages/fastapi/testclient.py:1: StarletteDeprecationWarning: Using `httpx` with `starlette.testclient` is deprecated; install `httpx2` instead.
    from starlette.testclient import TestClient as TestClient  # noqa

-- Docs: https://docs.pytest.org/en/stable/how-to/capture-warnings.html
11/2240 tests collected (2229 deselected) in 2.04s
