..........................................................               [100%]
=============================== warnings summary ===============================
.venv/lib/python3.12/site-packages/fastapi/testclient.py:1
  /workspace/Sim2Act/.venv/lib/python3.12/site-packages/fastapi/testclient.py:1: StarletteDeprecationWarning: Using `httpx` with `starlette.testclient` is deprecated; install `httpx2` instead.
    from starlette.testclient import TestClient as TestClient  # noqa

-- Docs: https://docs.pytest.org/en/stable/how-to/capture-warnings.html
============================= slowest 30 durations =============================
5.92s call     tests/test_fixed_goal_acceptance.py::test_ordinary_page_prospective_contract_to_candidate_cold_wrong_input[lost]
5.88s call     tests/test_natural_receipt_candidate.py::test_ordinary_page_actual_receipt_extraction_new_input_cold_and_revocation[wrong_type]
5.82s call     tests/test_natural_receipt_candidate.py::test_ordinary_page_actual_receipt_extraction_new_input_cold_and_revocation[lost]
5.80s call     tests/test_fixed_goal_acceptance.py::test_ordinary_page_prospective_contract_to_candidate_cold_wrong_input[wrong_contract]
5.62s call     tests/test_fixed_goal_acceptance.py::test_accepted_source_reuses_candidate_new_input_cold_result_version_bad_input
5.52s call     tests/test_natural_receipt_candidate.py::test_ordinary_page_actual_receipt_extraction_new_input_cold_and_revocation[wrong_id]
4.20s call     tests/test_natural_receipt_candidate.py::test_existing_durable_candidate_runner_cold_new_result_and_bad_input
3.63s call     tests/test_natural_receipt_candidate.py::test_new_column_cold_store_wrong_inputs_and_no_whole_task_promotion
2.59s call     tests/test_natural_receipt_candidate.py::test_invalidated_source_or_target_denies_cached_read_and_execution_without_writes[target_version]
2.49s call     tests/test_fixed_goal_acceptance.py::test_whole_source_invalidations_reject_read_cache_candidate_and_new_run[partial]
2.48s call     tests/test_fixed_goal_acceptance.py::test_whole_source_invalidations_reject_read_cache_candidate_and_new_run[missing]
2.43s call     tests/test_fixed_goal_acceptance.py::test_whole_source_invalidations_reject_read_cache_candidate_and_new_run[report_type]
2.35s call     tests/test_natural_receipt_candidate.py::test_invalidated_source_or_target_denies_cached_read_and_execution_without_writes[candidate]
2.26s call     tests/test_fixed_goal_acceptance.py::test_whole_source_invalidations_reject_read_cache_candidate_and_new_run[spec]
2.12s call     tests/test_natural_receipt_candidate.py::test_invalidated_source_or_target_denies_cached_read_and_execution_without_writes[target_grant]
2.10s call     tests/test_fixed_goal_acceptance.py::test_whole_source_invalidations_reject_read_cache_candidate_and_new_run[source_grant]
2.06s call     tests/test_natural_receipt_candidate.py::test_coherent_same_value_wrong_type_proof_is_not_a_valid_candidate
2.06s call     tests/test_natural_receipt_candidate.py::test_invalidated_source_or_target_denies_cached_read_and_execution_without_writes[marker]
2.02s call     tests/test_fixed_goal_acceptance.py::test_explicit_whole_fixed_contract_and_cold_read_keep_owner_and_publish_pending[read_preview]
2.01s call     tests/test_fixed_goal_acceptance.py::test_explicit_whole_fixed_contract_and_cold_read_keep_owner_and_publish_pending[sum_quantity_z]
1.98s call     tests/test_natural_receipt_candidate.py::test_preview_goal_foreign_owner_project_versions_and_extra_fields_are_rejected
1.92s call     tests/test_natural_receipt_candidate.py::test_invalidated_source_or_target_denies_cached_read_and_execution_without_writes[source_grant]
1.91s call     tests/test_natural_receipt_candidate.py::test_invalidated_source_or_target_denies_cached_read_and_execution_without_writes[receipt]
1.87s call     tests/test_natural_receipt_candidate.py::test_same_owner_foreign_project_target_rejected_zero_writes
1.85s call     tests/test_natural_receipt_candidate.py::test_invalidated_source_or_target_denies_cached_read_and_execution_without_writes[scope]
1.85s call     tests/test_fixed_goal_acceptance.py::test_old_partial_status_only_upgrade_is_rejected_by_cold_inspection
1.84s call     tests/test_natural_receipt_candidate.py::test_invalidated_source_or_target_denies_cached_read_and_execution_without_writes[UNKNOWN]
1.81s call     tests/test_natural_receipt_candidate.py::test_invalidated_source_or_target_denies_cached_read_and_execution_without_writes[cancel]
1.80s call     tests/test_natural_receipt_candidate.py::test_invalidated_source_or_target_denies_cached_read_and_execution_without_writes[SUCCEEDED]
1.76s call     tests/test_natural_receipt_candidate.py::test_invalidated_source_or_target_denies_cached_read_and_execution_without_writes[FAILED]
58 passed, 1 warning in 116.17s (0:01:56)
