2026-10-08T04:10:18.186221160Z The files belonging to this database system will be owned by user "postgres".
2026-10-08T04:10:18.186377901Z This user must also own the server process.
2026-10-08T04:10:18.186381176Z 
2026-10-08T04:10:18.186382608Z The database cluster will be initialized with locale "en_US.utf8".
2026-10-08T04:10:18.186383940Z The default database encoding has accordingly been set to "UTF8".
2026-10-08T04:10:18.186385182Z The default text search configuration will be set to "english".
2026-10-08T04:10:18.186386283Z 
2026-10-08T04:10:18.186387335Z Data page checksums are disabled.
2026-10-08T04:10:18.186388406Z 
2026-10-08T04:10:18.186389498Z fixing permissions on existing directory /var/lib/postgresql/data ... ok
2026-10-08T04:10:18.186390600Z creating subdirectories ... ok
2026-10-08T04:10:18.186394596Z selecting dynamic shared memory implementation ... posix
2026-10-08T04:10:18.196272403Z selecting default "max_connections" ... 100
2026-10-08T04:10:18.211653557Z selecting default "shared_buffers" ... 128MB
2026-10-08T04:10:18.218316804Z selecting default time zone ... Etc/UTC
2026-10-08T04:10:18.219051217Z creating configuration files ... ok
2026-10-08T04:10:18.354770886Z running bootstrap script ... ok
2026-10-08T04:10:18.655371570Z performing post-bootstrap initialization ... ok
2026-10-08T04:10:18.967505609Z syncing data to disk ... ok
2026-10-08T04:10:18.967523185Z 
2026-10-08T04:10:18.967525127Z 
2026-10-08T04:10:18.967526550Z Success. You can now start the database server using:
2026-10-08T04:10:18.967527952Z 
2026-10-08T04:10:18.967529073Z     pg_ctl -D /var/lib/postgresql/data -l logfile start
2026-10-08T04:10:18.967530185Z 
2026-10-08T04:10:19.013291809Z waiting for server to start....2026-10-08 04:10:19.013 UTC [66] LOG:  starting PostgreSQL 17.11 (Debian 17.11-1.pgdg13+2) on x86_64-pc-linux-gnu, compiled by gcc (Debian 14.2.0-19) 14.2.0, 64-bit
2026-10-08T04:10:19.014488554Z 2026-10-08 04:10:19.014 UTC [66] LOG:  listening on Unix socket "/var/run/postgresql/.s.PGSQL.5432"
2026-10-08T04:10:19.016885098Z 2026-10-08 04:10:19.016 UTC [69] LOG:  database system was shut down at 2026-10-08 04:10:18 UTC
2026-10-08T04:10:19.019524581Z 2026-10-08 04:10:19.019 UTC [66] LOG:  database system is ready to accept connections
2026-10-08T04:10:19.087457423Z  done
2026-10-08T04:10:19.087475400Z server started
2026-10-08T04:10:19.120720079Z 
2026-10-08T04:10:19.120736733Z /usr/local/bin/docker-entrypoint.sh: ignoring /docker-entrypoint-initdb.d/*
2026-10-08T04:10:19.120744655Z 
2026-10-08T04:10:19.121576116Z waiting for server to shut down...2026-10-08 04:10:19.121 UTC [66] LOG:  received fast shutdown request
2026-10-08T04:10:19.122633305Z .2026-10-08 04:10:19.122 UTC [66] LOG:  aborting any active transactions
2026-10-08T04:10:19.123114555Z 2026-10-08 04:10:19.122 UTC [66] LOG:  background worker "logical replication launcher" (PID 72) exited with exit code 1
2026-10-08T04:10:19.123312567Z 2026-10-08 04:10:19.123 UTC [67] LOG:  shutting down
2026-10-08T04:10:19.123810812Z 2026-10-08 04:10:19.123 UTC [67] LOG:  checkpoint starting: shutdown immediate
2026-10-08T04:10:19.127313257Z 2026-10-08 04:10:19.127 UTC [67] LOG:  checkpoint complete: wrote 3 buffers (0.0%); 0 WAL file(s) added, 0 removed, 0 recycled; write=0.001 s, sync=0.001 s, total=0.004 s; sync files=2, longest=0.001 s, average=0.001 s; distance=0 kB, estimate=0 kB; lsn=0/14EF800, redo lsn=0/14EF800
2026-10-08T04:10:19.128917183Z 2026-10-08 04:10:19.128 UTC [66] LOG:  database system is shut down
2026-10-08T04:10:19.221726898Z  done
2026-10-08T04:10:19.221743412Z server stopped
2026-10-08T04:10:19.222571744Z 
2026-10-08T04:10:19.222576251Z PostgreSQL init process complete; ready for start up.
2026-10-08T04:10:19.222578644Z 
