{
  "verdict": "PUBLICATION_EXACT_MATCH",
  "source_sha": "88cb3c64b5dcbaf3df7183ebbf72773547585e15",
  "published_manifest": {
    "count": 207,
    "all_hashes_match": true,
    "manifest_excludes_itself": true
  },
  "copies": {
    "independent-d8-blocked": {
      "whitelisted_files": 39,
      "with_whitelist_file": 40,
      "all_exact": true
    },
    "independent-88cb": {
      "whitelisted_files": 19,
      "with_whitelist_file": 20,
      "all_exact": true
    },
    "author": {
      "whitelisted_files": 144,
      "copied_whitelisted_files": 143,
      "with_whitelist_file": 144,
      "excluded": "ci-6eb-full.log",
      "excluded_private_hash_match": true,
      "all_exact": true
    }
  },
  "checks": {
    "published_manifest_207_exact": true,
    "source_360_git_worktree_exact": true,
    "product_69_same473": true,
    "old_FAIL_and_BLOCK_preserved_exact": true,
    "scope_and_pending_native_status_consistent": true
  },
  "preserved_author_xml_results": {
    "probe.xml": [
      {
        "tests": "1",
        "failures": "0",
        "errors": "1",
        "skipped": "0"
      }
    ],
    "corrected.xml": [
      {
        "tests": "4",
        "failures": "2",
        "errors": "0",
        "skipped": "0"
      }
    ],
    "redaction-fixed.xml": [
      {
        "tests": "9",
        "failures": "2",
        "errors": "0",
        "skipped": "0"
      }
    ],
    "redaction-final.xml": [
      {
        "tests": "9",
        "failures": "0",
        "errors": "0",
        "skipped": "0"
      }
    ],
    "outer88.xml": [
      {
        "tests": "4",
        "failures": "0",
        "errors": "0",
        "skipped": "0"
      }
    ]
  },
  "public_F2_doc_sha256": "bba507ab57b0c4250e01d11ec36f5ea6af89ba8d40786dc0ab02c694d5c0a3d3",
  "published_manifest_sha256": "47ae57ef5a8e63e1c52b2ad4f834fe17cd707a492cc62bbc7294ec3108fd2b74",
  "no_tests_or_CI_run": true,
  "no_repository_or_ref_write": true,
  "scope": "publication integrity only; existing LIMITED_PASS/BLOCK boundaries retained"
}
