...F                                                                     [100%]
=================================== FAILURES ===================================
__________________ test_actual_named_reply_loss_then_retry422 __________________

env = (<sim2act.db.Store object at 0x7ff1a68c8770>, Settings(database_url='sqlite:////tmp/pytest-of-agent/pytest-532/test_ac...6205f4ab904e88b2d6d0b5a7472477', 'user_2d0a51256f9e4c6ba8eb43648ffb5e92', 'proj_c998a0c8252e44f898258bc5f6f175a5', ...)
tmp_path = PosixPath('/tmp/pytest-of-agent/pytest-532/test_actual_named_reply_loss_t0')

    def test_actual_named_reply_loss_then_retry422(env,tmp_path):
     path,draft,_,wires=saved(env,tmp_path);before=authority(env)
     with socket.socket() as sock:sock.bind(('127.0.0.1',0));port=sock.getsockname()[1]
     info={'base':f'http://127.0.0.1:{port}','project':env[5],'draft':draft['id']};(OUT/'ui-info.json').write_text(json.dumps(info))
     server=uvicorn.Server(uvicorn.Config(env[2].app,host='127.0.0.1',port=port,log_level='error'));thread=threading.Thread(target=server.run,daemon=True);thread.start()
     try:
      end=time.time()+10
      while not server.started:
       assert thread.is_alive() and time.time()<end;time.sleep(.01)
      child=subprocess.run(['node',str(OUT/'actual-unknown422.cjs')],env={**os.environ,'NODE_PATH':'/workspace/browser-tools/node_modules'},capture_output=True,text=True,timeout=20);(OUT/'actual-unknown422.log').write_text(child.stdout+child.stderr);assert child.returncode==0,child.stdout+child.stderr
      result=json.loads((OUT/'actual-unknown422-result.json').read_text());assert authority(env)==before and len(wires)==3
>     assert result['afterRetry']['pending'] is True and result['afterRetry']['disabled'] is True,result
E     AssertionError: {'actualModelCalls': 0, 'afterRetry': {'disabled': False, 'pending': False}, 'before': {'disabled': True, 'key': 'repo...g': True}, 'distinctActualRuns': ['run_d9e32a8e529a4857a471e20720c8533a', 'run_9ccf403473824fa1bccac46e70e67281'], ...}
E     assert (False is True)

/tmp/named-report-draft-independent-review/test_focused.py:73: AssertionError
=============================== warnings summary ===============================
../sim2act-pb-venv/lib/python3.12/site-packages/fastapi/testclient.py:1
  /workspace/sim2act-pb-venv/lib/python3.12/site-packages/fastapi/testclient.py:1: StarletteDeprecationWarning: Using `httpx` with `starlette.testclient` is deprecated; install `httpx2` instead.
    from starlette.testclient import TestClient as TestClient  # noqa

-- Docs: https://docs.pytest.org/en/stable/how-to/capture-warnings.html
=========================== short test summary info ============================
FAILED ../../tmp/named-report-draft-independent-review/test_focused.py::test_actual_named_reply_loss_then_retry422
1 failed, 3 passed, 1 warning in 9.09s
