......................s........F
=================================== FAILURES ===================================
_ test_initial_affected_manual_lock_rejects_project_without_ledger_writes[target] _

env = (<sim2act.db.Store object at 0x7fd56e1bf1a0>, Settings(database_url='sqlite:////tmp/pytest-of-agent/pytest-562/test_in...78cc897edb4fa49dc3f6b9bf2ee2fb', 'user_06f9df23977545daa7adae4455676bb2', 'proj_323d690e682a4aac8f4c0717d3480111', ...)
tmp_path = PosixPath('/tmp/pytest-of-agent/pytest-562/test_initial_affected_manual_l0')
which = 'target'

    @pytest.mark.parametrize("which", ["target", "peer"])
    def test_initial_affected_manual_lock_rejects_project_without_ledger_writes(env, tmp_path, which):
        app, peer, peer_fp, peer_graph, graph = report_project(env, tmp_path)
        aid, g, fp = (
            (app["id"], graph, app["fingerprint"]) if which == "target" else (peer, peer_graph, peer_fp)
        )
        lock_node(env, aid, g)
        made = env[2].post(
            path(env, aid) + "/derive",
            json=dict(expected_candidate_fingerprint=fp, request_key="lock-anchor"),
        )
        assert made.status_code == 201, made.text
        if which == "target":
            graph = made.json()
        before = snapshot(env)
        response = env[2].post(path(env, app["id"]) + "/plans", json=change(graph))
>       assert response.status_code == 409 and response.json()["error"]["code"] == "LOCK_CONFLICT", (
            response.text
        )
E       AssertionError: {"error":{"code":"LOCK_CONFLICT","message":"Affected manually locked object; no changes performed","safe_retry":false,"effect_known":true,"user_action":"Check status, configuration and permissions"}}
E       assert (400 == 409)
E        +  where 400 = <Response [400 Bad Request]>.status_code

tests/test_delivery_graph_apps.py:495: AssertionError
=============================== warnings summary ===============================
../../tmp/sim2act-delivery-adapter-venv/lib/python3.12/site-packages/fastapi/testclient.py:1
  /tmp/sim2act-delivery-adapter-venv/lib/python3.12/site-packages/fastapi/testclient.py:1: StarletteDeprecationWarning: Using `httpx` with `starlette.testclient` is deprecated; install `httpx2` instead.
    from starlette.testclient import TestClient as TestClient  # noqa

-- Docs: https://docs.pytest.org/en/stable/how-to/capture-warnings.html
=========================== short test summary info ============================
FAILED tests/test_delivery_graph_apps.py::test_initial_affected_manual_lock_rejects_project_without_ledger_writes[target]
!!!!!!!!!!!!!!!!!!!!!!!!!! stopping after 1 failures !!!!!!!!!!!!!!!!!!!!!!!!!!!
1 failed, 30 passed, 1 skipped, 1 warning in 26.27s
