.....................F
=================================== FAILURES ===================================
________ test_actual_dag_internal_reuse_and_cold_new_column_page[post] _________

env = (<sim2act.db.Store object at 0x7ffb221c4ce0>, Settings(database_url='sqlite:////tmp/sim2act-dag-reuse-20261010/page2/t...106d6588bd44e081ca40ec6e26df03', 'user_1adec84e0d7d4037b719bc152b4bfcd2', 'proj_f92d69a2be164ace8f6a0f3249dadb3e', ...)
tmp_path = PosixPath('/tmp/sim2act-dag-reuse-20261010/page2/test_actual_dag_internal_reuse0')
lost = 'post'

    @pytest.mark.parametrize('lost', ['post','read'])
    def test_actual_dag_internal_reuse_and_cold_new_column_page(env,tmp_path,lost):
        aid,rid,plan,_,source=setup(env)
        app=create_app(env[0],env[1]);worker=Worker(env[0],env[1],NoModel())
        @app.post('/__fixture__/work')
        def work(body:dict,authorization:str=Header()):
            assert authorization=='Bearer synthetic-test-A'
            job=env[0].claim(worker.id,env[1].lease_seconds)
            assert job['id']==body['run_id']
            worker.process(job)
            return {'run_id':job['id']}
        with socket.socket() as sock:
            sock.bind(('127.0.0.1',0));port=sock.getsockname()[1]
        (tmp_path/'info.json').write_text(json.dumps(dict(base=f'http://127.0.0.1:{port}',project=env[5],
            app=aid,resource=rid,source=source['id'],plan=plan,lost=lost)))
        server=uvicorn.Server(uvicorn.Config(app,host='127.0.0.1',port=port,log_level='error'))
        thread=threading.Thread(target=server.run,daemon=True);thread.start()
        try:
            deadline=time.monotonic()+10
            while not server.started:
                assert thread.is_alive() and time.monotonic()<deadline
                time.sleep(.01)
            assert shutil.which('node')
            child=subprocess.run(['node','tests/csv_dag_instances.cjs',str(tmp_path)],capture_output=True,text=True,timeout=90)
            (tmp_path/'driver.log').write_text(child.stdout+child.stderr)
>           assert child.returncode==0,child.stdout+child.stderr
E           AssertionError: Error: VERSION_CONFLICT
E                 at csvDagRead (http://127.0.0.1:44537/:123:80)
E                 at async /workspace/Sim2Act/tests/csv_dag_instances.cjs:14:104
E             
E           assert 1 == 0
E            +  where 1 = CompletedProcess(args=['node', 'tests/csv_dag_instances.cjs', '/tmp/sim2act-dag-reuse-20261010/page2/test_actual_dag_i... at csvDagRead (http://127.0.0.1:44537/:123:80)\n    at async /workspace/Sim2Act/tests/csv_dag_instances.cjs:14:104\n').returncode

tests/test_csv_dag_instances_ui.py:46: AssertionError
=============================== warnings summary ===============================
.venv/lib/python3.12/site-packages/fastapi/testclient.py:1
  /workspace/Sim2Act/.venv/lib/python3.12/site-packages/fastapi/testclient.py:1: StarletteDeprecationWarning: Using `httpx` with `starlette.testclient` is deprecated; install `httpx2` instead.
    from starlette.testclient import TestClient as TestClient  # noqa

-- Docs: https://docs.pytest.org/en/stable/how-to/capture-warnings.html
=========================== short test summary info ============================
FAILED tests/test_csv_dag_instances_ui.py::test_actual_dag_internal_reuse_and_cold_new_column_page[post]
!!!!!!!!!!!!!!!!!!!!!!!!!! stopping after 1 failures !!!!!!!!!!!!!!!!!!!!!!!!!!!
1 failed, 21 passed, 1 warning in 41.33s
