F                                                                        [100%]
=================================== FAILURES ===================================
_______________________ test_application_use_actual_http _______________________

env = (<sim2act.db.Store object at 0x7f1ed8ec3560>, Settings(database_url='sqlite:////tmp/application-use-v1/test_applicatio...6a9b6dfb384cae9cbf1e30af08afc4', 'user_ff5964443c184489bdab968c589397cc', 'proj_00e82846b5ef43b2895afcc5c81f32d0', ...)
tmp_path = PosixPath('/tmp/application-use-v1/test_application_use_actual_ht0')

    def test_application_use_actual_http(env, tmp_path):
        store, settings, client, owner, other_owner, project, _ = env
        if not shutil.which('node'):
            pytest.skip('Developer Node required')
        if subprocess.run(['node', '-e', "require.resolve('jsdom')"], stdout=subprocess.DEVNULL,
                          stderr=subprocess.DEVNULL, timeout=10).returncode:
            pytest.skip('Developer jsdom required')
        resource = client.post(f'/api/projects/{project}/resources', json={
            'name': 'synthetic-use.csv', 'format': 'csv', 'content': 'amount,tax,memo\n5,1,x\n7,2,y\n',
        }).json()['id']
        app_id = client.post(f'/api/projects/{project}/apps/csv-preview', json={
            'name': 'Saved synthetic sum', 'resource_id': resource, 'goal': 'Sum either numeric column',
        }).json()['id']
        with store.tx() as c:
            fp = c.execute(select(app_drafts.c.fingerprint).where(app_drafts.c.id == app_id)).scalar_one()
        from test_internal_lifecycle import limits
        rel = release(env, app_id, fp)
>       instance = create_instance(store, owner, rel['id'], rel['fingerprint'], limits(env), request_key='existing-use-instance')
                                                 ^^^^^^^^^
E       TypeError: tuple indices must be integers or slices, not str

tests/test_application_use.py:37: TypeError
=============================== warnings summary ===============================
../sim2act-pb-venv/lib/python3.12/site-packages/fastapi/testclient.py:1
  /workspace/sim2act-pb-venv/lib/python3.12/site-packages/fastapi/testclient.py:1: StarletteDeprecationWarning: Using `httpx` with `starlette.testclient` is deprecated; install `httpx2` instead.
    from starlette.testclient import TestClient as TestClient  # noqa

-- Docs: https://docs.pytest.org/en/stable/how-to/capture-warnings.html
=========================== short test summary info ============================
FAILED tests/test_application_use.py::test_application_use_actual_http - Type...
1 failed, 1 warning in 0.41s
