2026-10-08T05:55:47.905145882Z The files belonging to this database system will be owned by user "postgres".
2026-10-08T05:55:47.905173052Z This user must also own the server process.
2026-10-08T05:55:47.905175085Z 
2026-10-08T05:55:47.905176357Z The database cluster will be initialized with locale "en_US.utf8".
2026-10-08T05:55:47.905177639Z The default database encoding has accordingly been set to "UTF8".
2026-10-08T05:55:47.905178841Z The default text search configuration will be set to "english".
2026-10-08T05:55:47.905179952Z 
2026-10-08T05:55:47.905181404Z Data page checksums are disabled.
2026-10-08T05:55:47.905182686Z 
2026-10-08T05:55:47.905184068Z fixing permissions on existing directory /var/lib/postgresql/data ... ok
2026-10-08T05:55:47.906226886Z creating subdirectories ... ok
2026-10-08T05:55:47.906301355Z selecting dynamic shared memory implementation ... posix
2026-10-08T05:55:47.915486041Z selecting default "max_connections" ... 100
2026-10-08T05:55:47.927605511Z selecting default "shared_buffers" ... 128MB
2026-10-08T05:55:47.933682079Z selecting default time zone ... Etc/UTC
2026-10-08T05:55:47.934198791Z creating configuration files ... ok
2026-10-08T05:55:48.050917699Z running bootstrap script ... ok
2026-10-08T05:55:48.328116206Z performing post-bootstrap initialization ... ok
2026-10-08T05:55:48.565690645Z syncing data to disk ... ok
2026-10-08T05:55:48.565709062Z 
2026-10-08T05:55:48.565710965Z 
2026-10-08T05:55:48.565712277Z Success. You can now start the database server using:
2026-10-08T05:55:48.565713488Z 
2026-10-08T05:55:48.565714710Z     pg_ctl -D /var/lib/postgresql/data -l logfile start
2026-10-08T05:55:48.565715722Z 
2026-10-08T05:55:48.596716898Z waiting for server to start....2026-10-08 05:55:48.595 UTC [60] LOG:  starting PostgreSQL 17.11 (Debian 17.11-1.pgdg13+2) on x86_64-pc-linux-gnu, compiled by gcc (Debian 14.2.0-19) 14.2.0, 64-bit
2026-10-08T05:55:48.596736276Z 2026-10-08 05:55:48.596 UTC [60] LOG:  listening on Unix socket "/var/run/postgresql/.s.PGSQL.5432"
2026-10-08T05:55:48.598509581Z 2026-10-08 05:55:48.598 UTC [63] LOG:  database system was shut down at 2026-10-08 05:55:48 UTC
2026-10-08T05:55:48.600620332Z 2026-10-08 05:55:48.600 UTC [60] LOG:  database system is ready to accept connections
2026-10-08T05:55:48.682825416Z  done
2026-10-08T05:55:48.682842421Z server started
2026-10-08T05:55:48.710109317Z 
2026-10-08T05:55:48.710133673Z /usr/local/bin/docker-entrypoint.sh: ignoring /docker-entrypoint-initdb.d/*
2026-10-08T05:55:48.710153332Z 
2026-10-08T05:55:48.710972524Z waiting for server to shut down....2026-10-08 05:55:48.710 UTC [60] LOG:  received fast shutdown request
2026-10-08T05:55:48.712435421Z 2026-10-08 05:55:48.711 UTC [60] LOG:  aborting any active transactions
2026-10-08T05:55:48.712454419Z 2026-10-08 05:55:48.712 UTC [60] LOG:  background worker "logical replication launcher" (PID 66) exited with exit code 1
2026-10-08T05:55:48.713283010Z 2026-10-08 05:55:48.713 UTC [61] LOG:  shutting down
2026-10-08T05:55:48.713811580Z 2026-10-08 05:55:48.713 UTC [61] LOG:  checkpoint starting: shutdown immediate
2026-10-08T05:55:48.717918404Z 2026-10-08 05:55:48.716 UTC [61] LOG:  checkpoint complete: wrote 3 buffers (0.0%); 0 WAL file(s) added, 0 removed, 0 recycled; write=0.001 s, sync=0.001 s, total=0.004 s; sync files=2, longest=0.001 s, average=0.001 s; distance=0 kB, estimate=0 kB; lsn=0/14EF800, redo lsn=0/14EF800
2026-10-08T05:55:48.718866046Z 2026-10-08 05:55:48.718 UTC [60] LOG:  database system is shut down
2026-10-08T05:55:48.811379031Z  done
2026-10-08T05:55:48.811398649Z server stopped
2026-10-08T05:55:48.812190582Z 
2026-10-08T05:55:48.812197613Z PostgreSQL init process complete; ready for start up.
2026-10-08T05:55:48.812199405Z 
