The files belonging to this database system will be owned by user "postgres".
This user must also own the server process.

The database cluster will be initialized with locale "en_US.utf8".
The default database encoding has accordingly been set to "UTF8".
The default text search configuration will be set to "english".

Data page checksums are disabled.

fixing permissions on existing directory /var/lib/postgresql/data ... ok
creating subdirectories ... ok
selecting dynamic shared memory implementation ... posix
selecting default "max_connections" ... 100
selecting default "shared_buffers" ... 128MB
selecting default time zone ... Etc/UTC
creating configuration files ... ok
running bootstrap script ... ok
performing post-bootstrap initialization ... ok
syncing data to disk ... ok


Success. You can now start the database server using:

    pg_ctl -D /var/lib/postgresql/data -l logfile start

waiting for server to start....2026-10-08 05:55:48.595 UTC [60] LOG:  starting PostgreSQL 17.11 (Debian 17.11-1.pgdg13+2) on x86_64-pc-linux-gnu, compiled by gcc (Debian 14.2.0-19) 14.2.0, 64-bit
2026-10-08 05:55:48.596 UTC [60] LOG:  listening on Unix socket "/var/run/postgresql/.s.PGSQL.5432"
2026-10-08 05:55:48.598 UTC [63] LOG:  database system was shut down at 2026-10-08 05:55:48 UTC
2026-10-08 05:55:48.600 UTC [60] LOG:  database system is ready to accept connections
 done
server started

/usr/local/bin/docker-entrypoint.sh: ignoring /docker-entrypoint-initdb.d/*

waiting for server to shut down....2026-10-08 05:55:48.710 UTC [60] LOG:  received fast shutdown request
2026-10-08 05:55:48.711 UTC [60] LOG:  aborting any active transactions
2026-10-08 05:55:48.712 UTC [60] LOG:  background worker "logical replication launcher" (PID 66) exited with exit code 1
2026-10-08 05:55:48.713 UTC [61] LOG:  shutting down
2026-10-08 05:55:48.713 UTC [61] LOG:  checkpoint starting: shutdown immediate
2026-10-08 05:55:48.716 UTC [61] LOG:  checkpoint complete: wrote 3 buffers (0.0%); 0 WAL file(s) added, 0 removed, 0 recycled; write=0.001 s, sync=0.001 s, total=0.004 s; sync files=2, longest=0.001 s, average=0.001 s; distance=0 kB, estimate=0 kB; lsn=0/14EF800, redo lsn=0/14EF800
2026-10-08 05:55:48.718 UTC [60] LOG:  database system is shut down
 done
server stopped

PostgreSQL init process complete; ready for start up.

