FFFFFFFFFFFFFFFFF.                                                       [100%]
=================================== FAILURES ===================================
__________ test_actual_service_blackbox_contract[cold_scoped_replay] ___________
tests/test_delivery_graph_service_contract.py:13: in test_actual_service_blackbox_contract
    assert result["status"] == "PASS", result
E   AssertionError: {'contract': 'delivery-graph-adapter-contract.v1', 'driver': 'delivery_graph_service_contract_driver:factory', 'limits...lied driver was checked. No product/Windows/publication verdict is implied.', 'product_acceptance': 'NOT_IMPLIED', ...}
E   assert 'FAIL' == 'PASS'
E     
E     - PASS
E     + FAIL
_____ test_actual_service_blackbox_contract[same_key_different_parameters] _____
tests/test_delivery_graph_service_contract.py:13: in test_actual_service_blackbox_contract
    assert result["status"] == "PASS", result
E   AssertionError: {'contract': 'delivery-graph-adapter-contract.v1', 'driver': 'delivery_graph_service_contract_driver:factory', 'limits...lied driver was checked. No product/Windows/publication verdict is implied.', 'product_acceptance': 'NOT_IMPLIED', ...}
E   assert 'FAIL' == 'PASS'
E     
E     - PASS
E     + FAIL
________ test_actual_service_blackbox_contract[project_switch_same_key] ________
tests/test_delivery_graph_service_contract.py:13: in test_actual_service_blackbox_contract
    assert result["status"] == "PASS", result
E   AssertionError: {'contract': 'delivery-graph-adapter-contract.v1', 'driver': 'delivery_graph_service_contract_driver:factory', 'limits...lied driver was checked. No product/Windows/publication verdict is implied.', 'product_acceptance': 'NOT_IMPLIED', ...}
E   assert 'FAIL' == 'PASS'
E     
E     - PASS
E     + FAIL
_ test_actual_service_blackbox_contract[client_authority_injection_after_revoke] _
tests/test_delivery_graph_service_contract.py:13: in test_actual_service_blackbox_contract
    assert result["status"] == "PASS", result
E   AssertionError: {'contract': 'delivery-graph-adapter-contract.v1', 'driver': 'delivery_graph_service_contract_driver:factory', 'limits...lied driver was checked. No product/Windows/publication verdict is implied.', 'product_acceptance': 'NOT_IMPLIED', ...}
E   assert 'FAIL' == 'PASS'
E     
E     - PASS
E     + FAIL
_____ test_actual_service_blackbox_contract[primary_revoke_before_replay] ______
tests/test_delivery_graph_service_contract.py:13: in test_actual_service_blackbox_contract
    assert result["status"] == "PASS", result
E   AssertionError: {'contract': 'delivery-graph-adapter-contract.v1', 'driver': 'delivery_graph_service_contract_driver:factory', 'limits...lied driver was checked. No product/Windows/publication verdict is implied.', 'product_acceptance': 'NOT_IMPLIED', ...}
E   assert 'FAIL' == 'PASS'
E     
E     - PASS
E     + FAIL
_____ test_actual_service_blackbox_contract[primary_version_before_replay] _____
tests/test_delivery_graph_service_contract.py:13: in test_actual_service_blackbox_contract
    assert result["status"] == "PASS", result
E   AssertionError: {'contract': 'delivery-graph-adapter-contract.v1', 'driver': 'delivery_graph_service_contract_driver:factory', 'limits...lied driver was checked. No product/Windows/publication verdict is implied.', 'product_acceptance': 'NOT_IMPLIED', ...}
E   assert 'FAIL' == 'PASS'
E     
E     - PASS
E     + FAIL
__________ test_actual_service_blackbox_contract[target_initial_lock] __________
tests/test_delivery_graph_service_contract.py:13: in test_actual_service_blackbox_contract
    assert result["status"] == "PASS", result
E   AssertionError: {'contract': 'delivery-graph-adapter-contract.v1', 'driver': 'delivery_graph_service_contract_driver:factory', 'limits...lied driver was checked. No product/Windows/publication verdict is implied.', 'product_acceptance': 'NOT_IMPLIED', ...}
E   assert 'FAIL' == 'PASS'
E     
E     - PASS
E     + FAIL
_______ test_actual_service_blackbox_contract[project_expansion_targets] _______
tests/test_delivery_graph_service_contract.py:13: in test_actual_service_blackbox_contract
    assert result["status"] == "PASS", result
E   AssertionError: {'contract': 'delivery-graph-adapter-contract.v1', 'driver': 'delivery_graph_service_contract_driver:factory', 'limits...lied driver was checked. No product/Windows/publication verdict is implied.', 'product_acceptance': 'NOT_IMPLIED', ...}
E   assert 'FAIL' == 'PASS'
E     
E     - PASS
E     + FAIL
_ test_actual_service_blackbox_contract[related_initial_lock_no_partial_receipt] _
tests/test_delivery_graph_service_contract.py:13: in test_actual_service_blackbox_contract
    assert result["status"] == "PASS", result
E   AssertionError: {'contract': 'delivery-graph-adapter-contract.v1', 'driver': 'delivery_graph_service_contract_driver:factory', 'limits...lied driver was checked. No product/Windows/publication verdict is implied.', 'product_acceptance': 'NOT_IMPLIED', ...}
E   assert 'FAIL' == 'PASS'
E     
E     - PASS
E     + FAIL
_____ test_actual_service_blackbox_contract[related_revoke_before_replay] ______
tests/test_delivery_graph_service_contract.py:13: in test_actual_service_blackbox_contract
    assert result["status"] == "PASS", result
E   AssertionError: {'contract': 'delivery-graph-adapter-contract.v1', 'driver': 'delivery_graph_service_contract_driver:factory', 'limits...lied driver was checked. No product/Windows/publication verdict is implied.', 'product_acceptance': 'NOT_IMPLIED', ...}
E   assert 'FAIL' == 'PASS'
E     
E     - PASS
E     + FAIL
_____ test_actual_service_blackbox_contract[related_version_before_replay] _____
tests/test_delivery_graph_service_contract.py:13: in test_actual_service_blackbox_contract
    assert result["status"] == "PASS", result
E   AssertionError: {'contract': 'delivery-graph-adapter-contract.v1', 'driver': 'delivery_graph_service_contract_driver:factory', 'limits...lied driver was checked. No product/Windows/publication verdict is implied.', 'product_acceptance': 'NOT_IMPLIED', ...}
E   assert 'FAIL' == 'PASS'
E     
E     - PASS
E     + FAIL
___ test_actual_service_blackbox_contract[related_membership_before_replay] ____
tests/test_delivery_graph_service_contract.py:13: in test_actual_service_blackbox_contract
    assert result["status"] == "PASS", result
E   AssertionError: {'contract': 'delivery-graph-adapter-contract.v1', 'driver': 'delivery_graph_service_contract_driver:factory', 'limits...lied driver was checked. No product/Windows/publication verdict is implied.', 'product_acceptance': 'NOT_IMPLIED', ...}
E   assert 'FAIL' == 'PASS'
E     
E     - PASS
E     + FAIL
______ test_actual_service_blackbox_contract[related_lock_before_replay] _______
tests/test_delivery_graph_service_contract.py:13: in test_actual_service_blackbox_contract
    assert result["status"] == "PASS", result
E   AssertionError: {'contract': 'delivery-graph-adapter-contract.v1', 'driver': 'delivery_graph_service_contract_driver:factory', 'limits...lied driver was checked. No product/Windows/publication verdict is implied.', 'product_acceptance': 'NOT_IMPLIED', ...}
E   assert 'FAIL' == 'PASS'
E     
E     - PASS
E     + FAIL
_________ test_actual_service_blackbox_contract[outer_receipt_tamper] __________
tests/test_delivery_graph_service_contract.py:13: in test_actual_service_blackbox_contract
    assert result["status"] == "PASS", result
E   AssertionError: {'contract': 'delivery-graph-adapter-contract.v1', 'driver': 'delivery_graph_service_contract_driver:factory', 'limits...lied driver was checked. No product/Windows/publication verdict is implied.', 'product_acceptance': 'NOT_IMPLIED', ...}
E   assert 'FAIL' == 'PASS'
E     
E     - PASS
E     + FAIL
____ test_actual_service_blackbox_contract[stored_core_receipt_type_tamper] ____
tests/test_delivery_graph_service_contract.py:13: in test_actual_service_blackbox_contract
    assert result["status"] == "PASS", result
E   AssertionError: {'contract': 'delivery-graph-adapter-contract.v1', 'driver': 'delivery_graph_service_contract_driver:factory', 'limits...lied driver was checked. No product/Windows/publication verdict is implied.', 'product_acceptance': 'NOT_IMPLIED', ...}
E   assert 'FAIL' == 'PASS'
E     
E     - PASS
E     + FAIL
___ test_actual_service_blackbox_contract[stored_outer_receipt_type_tamper] ____
tests/test_delivery_graph_service_contract.py:13: in test_actual_service_blackbox_contract
    assert result["status"] == "PASS", result
E   AssertionError: {'contract': 'delivery-graph-adapter-contract.v1', 'driver': 'delivery_graph_service_contract_driver:factory', 'limits...lied driver was checked. No product/Windows/publication verdict is implied.', 'product_acceptance': 'NOT_IMPLIED', ...}
E   assert 'FAIL' == 'PASS'
E     
E     - PASS
E     + FAIL
_____ test_actual_service_blackbox_contract[stored_graph_boolean_revision] _____
tests/test_delivery_graph_service_contract.py:13: in test_actual_service_blackbox_contract
    assert result["status"] == "PASS", result
E   AssertionError: {'contract': 'delivery-graph-adapter-contract.v1', 'driver': 'delivery_graph_service_contract_driver:factory', 'limits...lied driver was checked. No product/Windows/publication verdict is implied.', 'product_acceptance': 'NOT_IMPLIED', ...}
E   assert 'FAIL' == 'PASS'
E     
E     - PASS
E     + FAIL
=============================== warnings summary ===============================
../sim2act-pb-venv/lib/python3.12/site-packages/fastapi/testclient.py:1
  /workspace/sim2act-pb-venv/lib/python3.12/site-packages/fastapi/testclient.py:1: StarletteDeprecationWarning: Using `httpx` with `starlette.testclient` is deprecated; install `httpx2` instead.
    from starlette.testclient import TestClient as TestClient  # noqa

-- Docs: https://docs.pytest.org/en/stable/how-to/capture-warnings.html
=========================== short test summary info ============================
FAILED tests/test_delivery_graph_service_contract.py::test_actual_service_blackbox_contract[cold_scoped_replay]
FAILED tests/test_delivery_graph_service_contract.py::test_actual_service_blackbox_contract[same_key_different_parameters]
FAILED tests/test_delivery_graph_service_contract.py::test_actual_service_blackbox_contract[project_switch_same_key]
FAILED tests/test_delivery_graph_service_contract.py::test_actual_service_blackbox_contract[client_authority_injection_after_revoke]
FAILED tests/test_delivery_graph_service_contract.py::test_actual_service_blackbox_contract[primary_revoke_before_replay]
FAILED tests/test_delivery_graph_service_contract.py::test_actual_service_blackbox_contract[primary_version_before_replay]
FAILED tests/test_delivery_graph_service_contract.py::test_actual_service_blackbox_contract[target_initial_lock]
FAILED tests/test_delivery_graph_service_contract.py::test_actual_service_blackbox_contract[project_expansion_targets]
FAILED tests/test_delivery_graph_service_contract.py::test_actual_service_blackbox_contract[related_initial_lock_no_partial_receipt]
FAILED tests/test_delivery_graph_service_contract.py::test_actual_service_blackbox_contract[related_revoke_before_replay]
FAILED tests/test_delivery_graph_service_contract.py::test_actual_service_blackbox_contract[related_version_before_replay]
FAILED tests/test_delivery_graph_service_contract.py::test_actual_service_blackbox_contract[related_membership_before_replay]
FAILED tests/test_delivery_graph_service_contract.py::test_actual_service_blackbox_contract[related_lock_before_replay]
FAILED tests/test_delivery_graph_service_contract.py::test_actual_service_blackbox_contract[outer_receipt_tamper]
FAILED tests/test_delivery_graph_service_contract.py::test_actual_service_blackbox_contract[stored_core_receipt_type_tamper]
FAILED tests/test_delivery_graph_service_contract.py::test_actual_service_blackbox_contract[stored_outer_receipt_type_tamper]
FAILED tests/test_delivery_graph_service_contract.py::test_actual_service_blackbox_contract[stored_graph_boolean_revision]
17 failed, 1 passed, 1 warning in 15.86s
