Updating 8c57215..f540194
Fast-forward
 README.md                                          |    2 +
 docs/F2/BoundedConditionGroupsPlan.md              |   31 +
 docs/F2/BoundedConditionGroupsQuickstart.md        |   36 +
 .../bounded-condition-groups-20261009/README.md    |   84 +
 .../bounded-condition-groups-20261009/cleanup.json |   21 +
 .../collect_evidence.py                            |   58 +
 .../bounded-condition-groups-20261009/commands.txt |   16 +
 .../development-history/first-regression.log       |    9 +
 .../development-history/first-regression.xml       |    1 +
 .../development-history/group-first.log            |   80 +
 .../development-history/group-first.xml            |   63 +
 .../development-history/second.log                 |  110 +
 .../development-history/second.xml                 |   93 +
 .../test_actual_product_editable_c0/failure.json   |  300 ++
 .../test_actual_product_editable_c1/failure.json   |  300 ++
 .../development-history/sqlite-final-ui.exit       |    1 +
 .../development-history/sqlite-final-ui.log        |  167 ++
 .../development-history/sqlite-final-ui.xml        |  146 +
 .../test_actual_group_controls_wor0/driver.log     |    1 +
 .../test_actual_group_controls_wor0/results.json   | 1861 ++++++++++++
 .../test_actual_group_controls_wor1/driver.log     |    1 +
 .../test_actual_group_controls_wor1/results.json   | 1861 ++++++++++++
 .../test_actual_group_controls_wor2/driver.log     |    1 +
 .../test_actual_group_controls_wor2/results.json   | 3047 ++++++++++++++++++++
 .../test_actual_product_conditions0/driver.log     |    1 +
 .../test_actual_product_conditions0/results.json   | 1666 +++++++++++
 .../test_actual_product_conditions1/driver.log     |    1 +
 .../test_actual_product_conditions1/results.json   | 1628 +++++++++++
 .../test_actual_product_conditions2/driver.log     |    1 +
 .../test_actual_product_conditions2/results.json   | 1650 +++++++++++
 .../test_actual_product_conditions3/driver.log     |    1 +
 .../test_actual_product_conditions3/results.json   | 1331 +++++++++
 .../test_actual_product_conditions4/driver.log     |    1 +
 .../test_actual_product_conditions4/results.json   | 1292 +++++++++
 .../test_actual_product_conditions5/driver.log     |    1 +
 .../test_actual_product_conditions5/results.json   | 1317 +++++++++
 .../test_actual_product_editable_c0/driver.log     |    1 +
 .../test_actual_product_editable_c0/results.json   | 2080 +++++++++++++
 .../test_actual_product_editable_c1/driver.log     |    1 +
 .../test_actual_product_editable_c1/results.json   | 2239 ++++++++++++++
 .../development-history/ui-fix.log                 |  173 ++
 .../development-history/ui-fix.xml                 |  152 +
 .../test_actual_group_controls_wor0/failure.json   |  216 ++
 .../test_actual_group_controls_wor1/failure.json   |  216 ++
 .../test_actual_group_controls_wor2/failure.json   |  420 +++
 .../development-history/ui-replan.log              |    8 +
 .../development-history/ui-replan.xml              |    1 +
 .../final-source-freeze.json                       |  348 +++
 .../independent/FINAL_REVIEW.md                    |   78 +
 .../independent/REVIEW.md                          |   64 +
 .../independent/final/js-result.json               |   34 +
 .../independent/final/source-bytes.json            |  298 ++
 .../independent/fixed-js.log                       |    1 +
 .../independent/fixed-negative.log                 |   17 +
 .../independent/fixed-negative/js-failure.txt      |   10 +
 .../independent/js-result.json                     |   31 +
 .../independent/js.log                             |    1 +
 .../independent/junit-final.xml                    |    1 +
 .../independent/junit-negative.xml                 |  129 +
 .../independent/junit.xml                          |    1 +
 .../independent/pytest-final.log                   |    8 +
 .../independent/pytest-negative.log                |  154 +
 .../independent/pytest.log                         |    8 +
 .../independent/review_fixed_js.cjs                |   35 +
 .../independent/review_js.cjs                      |   45 +
 .../independent/source-bytes.json                  |  298 ++
 .../independent/test_independent.py                |  176 ++
 .../mypy-final.log                                 |    1 +
 .../bounded-condition-groups-20261009/mypy.log     |    1 +
 .../pg-final-ui-source-verification.json           |  200 ++
 .../pg-final-ui.exit                               |    1 +
 .../pg-final-ui.log                                |    8 +
 .../pg-final-ui.xml                                |    1 +
 .../test_actual_group_controls_wor0/driver.log     |    1 +
 .../test_actual_group_controls_wor0/results.json   | 1861 ++++++++++++
 .../test_actual_group_controls_wor1/driver.log     |    1 +
 .../test_actual_group_controls_wor1/results.json   | 1861 ++++++++++++
 .../test_actual_group_controls_wor2/driver.log     |    1 +
 .../test_actual_group_controls_wor2/results.json   | 3047 ++++++++++++++++++++
 .../test_actual_product_conditions0/driver.log     |    1 +
 .../test_actual_product_conditions0/results.json   | 1666 +++++++++++
 .../test_actual_product_conditions1/driver.log     |    1 +
 .../test_actual_product_conditions1/results.json   | 1628 +++++++++++
 .../test_actual_product_conditions2/driver.log     |    1 +
 .../test_actual_product_conditions2/results.json   | 1650 +++++++++++
 .../test_actual_product_conditions3/driver.log     |    1 +
 .../test_actual_product_conditions3/results.json   | 1331 +++++++++
 .../test_actual_product_conditions4/driver.log     |    1 +
 .../test_actual_product_conditions4/results.json   | 1292 +++++++++
 .../test_actual_product_conditions5/driver.log     |    1 +
 .../test_actual_product_conditions5/results.json   | 1317 +++++++++
 .../test_actual_product_editable_c0/driver.log     |    1 +
 .../test_actual_product_editable_c0/results.json   | 2080 +++++++++++++
 .../test_actual_product_editable_c1/driver.log     |    1 +
 .../test_actual_product_editable_c1/results.json   | 2239 ++++++++++++++
 .../pg-frozen-source-verification.json             |  200 ++
 .../pg-frozen.exit                                 |    1 +
 .../pg-frozen.log                                  |   10 +
 .../pg-frozen.xml                                  |    1 +
 .../test_actual_group_controls_wor0/driver.log     |    1 +
 .../test_actual_group_controls_wor0/results.json   | 1859 ++++++++++++
 .../test_actual_group_controls_wor1/driver.log     |    1 +
 .../test_actual_group_controls_wor1/results.json   | 1859 ++++++++++++
 .../test_actual_group_controls_wor2/driver.log     |    1 +
 .../test_actual_group_controls_wor2/results.json   | 3045 +++++++++++++++++++
 .../upgrade-proof.json                             |  399 +++
 .../upgrade-proof.json                             |  399 +++
 .../test_actual_product_conditions0/driver.log     |    1 +
 .../test_actual_product_conditions0/results.json   | 1666 +++++++++++
 .../test_actual_product_conditions1/driver.log     |    1 +
 .../test_actual_product_conditions1/results.json   | 1628 +++++++++++
 .../test_actual_product_conditions2/driver.log     |    1 +
 .../test_actual_product_conditions2/results.json   | 1650 +++++++++++
 .../test_actual_product_conditions3/driver.log     |    1 +
 .../test_actual_product_conditions3/results.json   | 1331 +++++++++
 .../test_actual_product_conditions4/driver.log     |    1 +
 .../test_actual_product_conditions4/results.json   | 1292 +++++++++
 .../test_actual_product_conditions5/driver.log     |    1 +
 .../test_actual_product_conditions5/results.json   | 1317 +++++++++
 .../test_actual_product_editable_c0/driver.log     |    1 +
 .../test_actual_product_editable_c0/results.json   | 2080 +++++++++++++
 .../test_actual_product_editable_c1/driver.log     |    1 +
 .../test_actual_product_editable_c1/results.json   | 2239 ++++++++++++++
 .../raw-evidence-whitespace-check.json             |   55 +
 .../ruff-final.log                                 |    1 +
 .../bounded-condition-groups-20261009/ruff.log     |    1 +
 .../source-freeze.json                             |  342 +++
 .../sqlite-final-ui-v2-source-verification.json    |  200 ++
 .../sqlite-final-ui-v2.exit                        |    1 +
 .../sqlite-final-ui-v2.log                         |    8 +
 .../sqlite-final-ui-v2.xml                         |    1 +
 .../test_actual_group_controls_wor0/driver.log     |    1 +
 .../test_actual_group_controls_wor0/results.json   | 1861 ++++++++++++
 .../test_actual_group_controls_wor1/driver.log     |    1 +
 .../test_actual_group_controls_wor1/results.json   | 1861 ++++++++++++
 .../test_actual_group_controls_wor2/driver.log     |    1 +
 .../test_actual_group_controls_wor2/results.json   | 3047 ++++++++++++++++++++
 .../test_actual_product_conditions0/driver.log     |    1 +
 .../test_actual_product_conditions0/results.json   | 1666 +++++++++++
 .../test_actual_product_conditions1/driver.log     |    1 +
 .../test_actual_product_conditions1/results.json   | 1628 +++++++++++
 .../test_actual_product_conditions2/driver.log     |    1 +
 .../test_actual_product_conditions2/results.json   | 1650 +++++++++++
 .../test_actual_product_conditions3/driver.log     |    1 +
 .../test_actual_product_conditions3/results.json   | 1331 +++++++++
 .../test_actual_product_conditions4/driver.log     |    1 +
 .../test_actual_product_conditions4/results.json   | 1292 +++++++++
 .../test_actual_product_conditions5/driver.log     |    1 +
 .../test_actual_product_conditions5/results.json   | 1317 +++++++++
 .../test_actual_product_editable_c0/driver.log     |    1 +
 .../test_actual_product_editable_c0/results.json   | 2080 +++++++++++++
 .../test_actual_product_editable_c1/driver.log     |    1 +
 .../test_actual_product_editable_c1/results.json   | 2239 ++++++++++++++
 .../sqlite-frozen-source-verification.json         |  200 ++
 .../sqlite-frozen.exit                             |    1 +
 .../sqlite-frozen.log                              |   10 +
 .../sqlite-frozen.xml                              |    1 +
 .../test_actual_group_controls_wor0/driver.log     |    1 +
 .../test_actual_group_controls_wor0/results.json   | 1859 ++++++++++++
 .../test_actual_group_controls_wor1/driver.log     |    1 +
 .../test_actual_group_controls_wor1/results.json   | 1859 ++++++++++++
 .../test_actual_group_controls_wor2/driver.log     |    1 +
 .../test_actual_group_controls_wor2/results.json   | 3045 +++++++++++++++++++
 .../upgrade-proof.json                             |  399 +++
 .../upgrade-proof.json                             |  399 +++
 .../test_actual_product_conditions0/driver.log     |    1 +
 .../test_actual_product_conditions0/results.json   | 1666 +++++++++++
 .../test_actual_product_conditions1/driver.log     |    1 +
 .../test_actual_product_conditions1/results.json   | 1628 +++++++++++
 .../test_actual_product_conditions2/driver.log     |    1 +
 .../test_actual_product_conditions2/results.json   | 1650 +++++++++++
 .../test_actual_product_conditions3/driver.log     |    1 +
 .../test_actual_product_conditions3/results.json   | 1331 +++++++++
 .../test_actual_product_conditions4/driver.log     |    1 +
 .../test_actual_product_conditions4/results.json   | 1292 +++++++++
 .../test_actual_product_conditions5/driver.log     |    1 +
 .../test_actual_product_conditions5/results.json   | 1317 +++++++++
 .../test_actual_product_editable_c0/driver.log     |    1 +
 .../test_actual_product_editable_c0/results.json   | 2080 +++++++++++++
 .../test_actual_product_editable_c1/driver.log     |    1 +
 .../test_actual_product_editable_c1/results.json   | 2239 ++++++++++++++
 .../sqlite-page-source-verification.json           |  211 ++
 .../test-summary.json                              |   54 +
 schemas/AppManifest.json                           |   35 +-
 src/sim2act/contracts.py                           |   12 +-
 src/sim2act/csv_composition.py                     |    4 +-
 src/sim2act/csv_dag.py                             |   48 +-
 src/sim2act/preflight.py                           |   13 +-
 src/sim2act/web/csv-dag.js                         |   81 +-
 tests/condition_groups_ui.cjs                      |   78 +
 tests/test_condition_groups.py                     |  178 ++
 tests/test_condition_groups_ui.py                  |   69 +
 192 files changed, 107924 insertions(+), 44 deletions(-)
 create mode 100644 docs/F2/BoundedConditionGroupsPlan.md
 create mode 100644 docs/F2/BoundedConditionGroupsQuickstart.md
 create mode 100644 docs/evidence/bounded-condition-groups-20261009/README.md
 create mode 100644 docs/evidence/bounded-condition-groups-20261009/cleanup.json
 create mode 100644 docs/evidence/bounded-condition-groups-20261009/collect_evidence.py
 create mode 100644 docs/evidence/bounded-condition-groups-20261009/commands.txt
 create mode 100644 docs/evidence/bounded-condition-groups-20261009/development-history/first-regression.log
 create mode 100644 docs/evidence/bounded-condition-groups-20261009/development-history/first-regression.xml
 create mode 100644 docs/evidence/bounded-condition-groups-20261009/development-history/group-first.log
 create mode 100644 docs/evidence/bounded-condition-groups-20261009/development-history/group-first.xml
 create mode 100644 docs/evidence/bounded-condition-groups-20261009/development-history/second.log
 create mode 100644 docs/evidence/bounded-condition-groups-20261009/development-history/second.xml
 create mode 100644 docs/evidence/bounded-condition-groups-20261009/development-history/second/test_actual_product_editable_c0/failure.json
 create mode 100644 docs/evidence/bounded-condition-groups-20261009/development-history/second/test_actual_product_editable_c1/failure.json
 create mode 100644 docs/evidence/bounded-condition-groups-20261009/development-history/sqlite-final-ui.exit
 create mode 100644 docs/evidence/bounded-condition-groups-20261009/development-history/sqlite-final-ui.log
 create mode 100644 docs/evidence/bounded-condition-groups-20261009/development-history/sqlite-final-ui.xml
 create mode 100644 docs/evidence/bounded-condition-groups-20261009/development-history/sqlite-final-ui/test_actual_group_controls_wor0/driver.log
 create mode 100644 docs/evidence/bounded-condition-groups-20261009/development-history/sqlite-final-ui/test_actual_group_controls_wor0/results.json
 create mode 100644 docs/evidence/bounded-condition-groups-20261009/development-history/sqlite-final-ui/test_actual_group_controls_wor1/driver.log
 create mode 100644 docs/evidence/bounded-condition-groups-20261009/development-history/sqlite-final-ui/test_actual_group_controls_wor1/results.json
 create mode 100644 docs/evidence/bounded-condition-groups-20261009/development-history/sqlite-final-ui/test_actual_group_controls_wor2/driver.log
 create mode 100644 docs/evidence/bounded-condition-groups-20261009/development-history/sqlite-final-ui/test_actual_group_controls_wor2/results.json
 create mode 100644 docs/evidence/bounded-condition-groups-20261009/development-history/sqlite-final-ui/test_actual_product_conditions0/driver.log
 create mode 100644 docs/evidence/bounded-condition-groups-20261009/development-history/sqlite-final-ui/test_actual_product_conditions0/results.json
 create mode 100644 docs/evidence/bounded-condition-groups-20261009/development-history/sqlite-final-ui/test_actual_product_conditions1/driver.log
 create mode 100644 docs/evidence/bounded-condition-groups-20261009/development-history/sqlite-final-ui/test_actual_product_conditions1/results.json
 create mode 100644 docs/evidence/bounded-condition-groups-20261009/development-history/sqlite-final-ui/test_actual_product_conditions2/driver.log
 create mode 100644 docs/evidence/bounded-condition-groups-20261009/development-history/sqlite-final-ui/test_actual_product_conditions2/results.json
 create mode 100644 docs/evidence/bounded-condition-groups-20261009/development-history/sqlite-final-ui/test_actual_product_conditions3/driver.log
 create mode 100644 docs/evidence/bounded-condition-groups-20261009/development-history/sqlite-final-ui/test_actual_product_conditions3/results.json
 create mode 100644 docs/evidence/bounded-condition-groups-20261009/development-history/sqlite-final-ui/test_actual_product_conditions4/driver.log
 create mode 100644 docs/evidence/bounded-condition-groups-20261009/development-history/sqlite-final-ui/test_actual_product_conditions4/results.json
 create mode 100644 docs/evidence/bounded-condition-groups-20261009/development-history/sqlite-final-ui/test_actual_product_conditions5/driver.log
 create mode 100644 docs/evidence/bounded-condition-groups-20261009/development-history/sqlite-final-ui/test_actual_product_conditions5/results.json
 create mode 100644 docs/evidence/bounded-condition-groups-20261009/development-history/sqlite-final-ui/test_actual_product_editable_c0/driver.log
 create mode 100644 docs/evidence/bounded-condition-groups-20261009/development-history/sqlite-final-ui/test_actual_product_editable_c0/results.json
 create mode 100644 docs/evidence/bounded-condition-groups-20261009/development-history/sqlite-final-ui/test_actual_product_editable_c1/driver.log
 create mode 100644 docs/evidence/bounded-condition-groups-20261009/development-history/sqlite-final-ui/test_actual_product_editable_c1/results.json
 create mode 100644 docs/evidence/bounded-condition-groups-20261009/development-history/ui-fix.log
 create mode 100644 docs/evidence/bounded-condition-groups-20261009/development-history/ui-fix.xml
 create mode 100644 docs/evidence/bounded-condition-groups-20261009/development-history/ui-fix/test_actual_group_controls_wor0/failure.json
 create mode 100644 docs/evidence/bounded-condition-groups-20261009/development-history/ui-fix/test_actual_group_controls_wor1/failure.json
 create mode 100644 docs/evidence/bounded-condition-groups-20261009/development-history/ui-fix/test_actual_group_controls_wor2/failure.json
 create mode 100644 docs/evidence/bounded-condition-groups-20261009/development-history/ui-replan.log
 create mode 100644 docs/evidence/bounded-condition-groups-20261009/development-history/ui-replan.xml
 create mode 100644 docs/evidence/bounded-condition-groups-20261009/final-source-freeze.json
 create mode 100644 docs/evidence/bounded-condition-groups-20261009/independent/FINAL_REVIEW.md
 create mode 100644 docs/evidence/bounded-condition-groups-20261009/independent/REVIEW.md
 create mode 100644 docs/evidence/bounded-condition-groups-20261009/independent/final/js-result.json
 create mode 100644 docs/evidence/bounded-condition-groups-20261009/independent/final/source-bytes.json
 create mode 100644 docs/evidence/bounded-condition-groups-20261009/independent/fixed-js.log
 create mode 100644 docs/evidence/bounded-condition-groups-20261009/independent/fixed-negative.log
 create mode 100644 docs/evidence/bounded-condition-groups-20261009/independent/fixed-negative/js-failure.txt
 create mode 100644 docs/evidence/bounded-condition-groups-20261009/independent/js-result.json
 create mode 100644 docs/evidence/bounded-condition-groups-20261009/independent/js.log
 create mode 100644 docs/evidence/bounded-condition-groups-20261009/independent/junit-final.xml
 create mode 100644 docs/evidence/bounded-condition-groups-20261009/independent/junit-negative.xml
 create mode 100644 docs/evidence/bounded-condition-groups-20261009/independent/junit.xml
 create mode 100644 docs/evidence/bounded-condition-groups-20261009/independent/pytest-final.log
 create mode 100644 docs/evidence/bounded-condition-groups-20261009/independent/pytest-negative.log
 create mode 100644 docs/evidence/bounded-condition-groups-20261009/independent/pytest.log
 create mode 100644 docs/evidence/bounded-condition-groups-20261009/independent/review_fixed_js.cjs
 create mode 100644 docs/evidence/bounded-condition-groups-20261009/independent/review_js.cjs
 create mode 100644 docs/evidence/bounded-condition-groups-20261009/independent/source-bytes.json
 create mode 100644 docs/evidence/bounded-condition-groups-20261009/independent/test_independent.py
 create mode 100644 docs/evidence/bounded-condition-groups-20261009/mypy-final.log
 create mode 100644 docs/evidence/bounded-condition-groups-20261009/mypy.log
 create mode 100644 docs/evidence/bounded-condition-groups-20261009/pg-final-ui-source-verification.json
 create mode 100644 docs/evidence/bounded-condition-groups-20261009/pg-final-ui.exit
 create mode 100644 docs/evidence/bounded-condition-groups-20261009/pg-final-ui.log
 create mode 100644 docs/evidence/bounded-condition-groups-20261009/pg-final-ui.xml
 create mode 100644 docs/evidence/bounded-condition-groups-20261009/pg-final-ui/test_actual_group_controls_wor0/driver.log
 create mode 100644 docs/evidence/bounded-condition-groups-20261009/pg-final-ui/test_actual_group_controls_wor0/results.json
 create mode 100644 docs/evidence/bounded-condition-groups-20261009/pg-final-ui/test_actual_group_controls_wor1/driver.log
 create mode 100644 docs/evidence/bounded-condition-groups-20261009/pg-final-ui/test_actual_group_controls_wor1/results.json
 create mode 100644 docs/evidence/bounded-condition-groups-20261009/pg-final-ui/test_actual_group_controls_wor2/driver.log
 create mode 100644 docs/evidence/bounded-condition-groups-20261009/pg-final-ui/test_actual_group_controls_wor2/results.json
 create mode 100644 docs/evidence/bounded-condition-groups-20261009/pg-final-ui/test_actual_product_conditions0/driver.log
 create mode 100644 docs/evidence/bounded-condition-groups-20261009/pg-final-ui/test_actual_product_conditions0/results.json
 create mode 100644 docs/evidence/bounded-condition-groups-20261009/pg-final-ui/test_actual_product_conditions1/driver.log
 create mode 100644 docs/evidence/bounded-condition-groups-20261009/pg-final-ui/test_actual_product_conditions1/results.json
 create mode 100644 docs/evidence/bounded-condition-groups-20261009/pg-final-ui/test_actual_product_conditions2/driver.log
 create mode 100644 docs/evidence/bounded-condition-groups-20261009/pg-final-ui/test_actual_product_conditions2/results.json
 create mode 100644 docs/evidence/bounded-condition-groups-20261009/pg-final-ui/test_actual_product_conditions3/driver.log
 create mode 100644 docs/evidence/bounded-condition-groups-20261009/pg-final-ui/test_actual_product_conditions3/results.json
 create mode 100644 docs/evidence/bounded-condition-groups-20261009/pg-final-ui/test_actual_product_conditions4/driver.log
 create mode 100644 docs/evidence/bounded-condition-groups-20261009/pg-final-ui/test_actual_product_conditions4/results.json
 create mode 100644 docs/evidence/bounded-condition-groups-20261009/pg-final-ui/test_actual_product_conditions5/driver.log
 create mode 100644 docs/evidence/bounded-condition-groups-20261009/pg-final-ui/test_actual_product_conditions5/results.json
 create mode 100644 docs/evidence/bounded-condition-groups-20261009/pg-final-ui/test_actual_product_editable_c0/driver.log
 create mode 100644 docs/evidence/bounded-condition-groups-20261009/pg-final-ui/test_actual_product_editable_c0/results.json
 create mode 100644 docs/evidence/bounded-condition-groups-20261009/pg-final-ui/test_actual_product_editable_c1/driver.log
 create mode 100644 docs/evidence/bounded-condition-groups-20261009/pg-final-ui/test_actual_product_editable_c1/results.json
 create mode 100644 docs/evidence/bounded-condition-groups-20261009/pg-frozen-source-verification.json
 create mode 100644 docs/evidence/bounded-condition-groups-20261009/pg-frozen.exit
 create mode 100644 docs/evidence/bounded-condition-groups-20261009/pg-frozen.log
 create mode 100644 docs/evidence/bounded-condition-groups-20261009/pg-frozen.xml
 create mode 100644 docs/evidence/bounded-condition-groups-20261009/pg-frozen/test_actual_group_controls_wor0/driver.log
 create mode 100644 docs/evidence/bounded-condition-groups-20261009/pg-frozen/test_actual_group_controls_wor0/results.json
 create mode 100644 docs/evidence/bounded-condition-groups-20261009/pg-frozen/test_actual_group_controls_wor1/driver.log
 create mode 100644 docs/evidence/bounded-condition-groups-20261009/pg-frozen/test_actual_group_controls_wor1/results.json
 create mode 100644 docs/evidence/bounded-condition-groups-20261009/pg-frozen/test_actual_group_controls_wor2/driver.log
 create mode 100644 docs/evidence/bounded-condition-groups-20261009/pg-frozen/test_actual_group_controls_wor2/results.json
 create mode 100644 docs/evidence/bounded-condition-groups-20261009/pg-frozen/test_actual_old_source_upgrade0/upgrade-proof.json
 create mode 100644 docs/evidence/bounded-condition-groups-20261009/pg-frozen/test_actual_old_source_upgrade1/upgrade-proof.json
 create mode 100644 docs/evidence/bounded-condition-groups-20261009/pg-frozen/test_actual_product_conditions0/driver.log
 create mode 100644 docs/evidence/bounded-condition-groups-20261009/pg-frozen/test_actual_product_conditions0/results.json
 create mode 100644 docs/evidence/bounded-condition-groups-20261009/pg-frozen/test_actual_product_conditions1/driver.log
 create mode 100644 docs/evidence/bounded-condition-groups-20261009/pg-frozen/test_actual_product_conditions1/results.json
 create mode 100644 docs/evidence/bounded-condition-groups-20261009/pg-frozen/test_actual_product_conditions2/driver.log
 create mode 100644 docs/evidence/bounded-condition-groups-20261009/pg-frozen/test_actual_product_conditions2/results.json
 create mode 100644 docs/evidence/bounded-condition-groups-20261009/pg-frozen/test_actual_product_conditions3/driver.log
 create mode 100644 docs/evidence/bounded-condition-groups-20261009/pg-frozen/test_actual_product_conditions3/results.json
 create mode 100644 docs/evidence/bounded-condition-groups-20261009/pg-frozen/test_actual_product_conditions4/driver.log
 create mode 100644 docs/evidence/bounded-condition-groups-20261009/pg-frozen/test_actual_product_conditions4/results.json
 create mode 100644 docs/evidence/bounded-condition-groups-20261009/pg-frozen/test_actual_product_conditions5/driver.log
 create mode 100644 docs/evidence/bounded-condition-groups-20261009/pg-frozen/test_actual_product_conditions5/results.json
 create mode 100644 docs/evidence/bounded-condition-groups-20261009/pg-frozen/test_actual_product_editable_c0/driver.log
 create mode 100644 docs/evidence/bounded-condition-groups-20261009/pg-frozen/test_actual_product_editable_c0/results.json
 create mode 100644 docs/evidence/bounded-condition-groups-20261009/pg-frozen/test_actual_product_editable_c1/driver.log
 create mode 100644 docs/evidence/bounded-condition-groups-20261009/pg-frozen/test_actual_product_editable_c1/results.json
 create mode 100644 docs/evidence/bounded-condition-groups-20261009/raw-evidence-whitespace-check.json
 create mode 100644 docs/evidence/bounded-condition-groups-20261009/ruff-final.log
 create mode 100644 docs/evidence/bounded-condition-groups-20261009/ruff.log
 create mode 100644 docs/evidence/bounded-condition-groups-20261009/source-freeze.json
 create mode 100644 docs/evidence/bounded-condition-groups-20261009/sqlite-final-ui-v2-source-verification.json
 create mode 100644 docs/evidence/bounded-condition-groups-20261009/sqlite-final-ui-v2.exit
 create mode 100644 docs/evidence/bounded-condition-groups-20261009/sqlite-final-ui-v2.log
 create mode 100644 docs/evidence/bounded-condition-groups-20261009/sqlite-final-ui-v2.xml
 create mode 100644 docs/evidence/bounded-condition-groups-20261009/sqlite-final-ui-v2/test_actual_group_controls_wor0/driver.log
 create mode 100644 docs/evidence/bounded-condition-groups-20261009/sqlite-final-ui-v2/test_actual_group_controls_wor0/results.json
 create mode 100644 docs/evidence/bounded-condition-groups-20261009/sqlite-final-ui-v2/test_actual_group_controls_wor1/driver.log
 create mode 100644 docs/evidence/bounded-condition-groups-20261009/sqlite-final-ui-v2/test_actual_group_controls_wor1/results.json
 create mode 100644 docs/evidence/bounded-condition-groups-20261009/sqlite-final-ui-v2/test_actual_group_controls_wor2/driver.log
 create mode 100644 docs/evidence/bounded-condition-groups-20261009/sqlite-final-ui-v2/test_actual_group_controls_wor2/results.json
 create mode 100644 docs/evidence/bounded-condition-groups-20261009/sqlite-final-ui-v2/test_actual_product_conditions0/driver.log
 create mode 100644 docs/evidence/bounded-condition-groups-20261009/sqlite-final-ui-v2/test_actual_product_conditions0/results.json
 create mode 100644 docs/evidence/bounded-condition-groups-20261009/sqlite-final-ui-v2/test_actual_product_conditions1/driver.log
 create mode 100644 docs/evidence/bounded-condition-groups-20261009/sqlite-final-ui-v2/test_actual_product_conditions1/results.json
 create mode 100644 docs/evidence/bounded-condition-groups-20261009/sqlite-final-ui-v2/test_actual_product_conditions2/driver.log
 create mode 100644 docs/evidence/bounded-condition-groups-20261009/sqlite-final-ui-v2/test_actual_product_conditions2/results.json
 create mode 100644 docs/evidence/bounded-condition-groups-20261009/sqlite-final-ui-v2/test_actual_product_conditions3/driver.log
 create mode 100644 docs/evidence/bounded-condition-groups-20261009/sqlite-final-ui-v2/test_actual_product_conditions3/results.json
 create mode 100644 docs/evidence/bounded-condition-groups-20261009/sqlite-final-ui-v2/test_actual_product_conditions4/driver.log
 create mode 100644 docs/evidence/bounded-condition-groups-20261009/sqlite-final-ui-v2/test_actual_product_conditions4/results.json
 create mode 100644 docs/evidence/bounded-condition-groups-20261009/sqlite-final-ui-v2/test_actual_product_conditions5/driver.log
 create mode 100644 docs/evidence/bounded-condition-groups-20261009/sqlite-final-ui-v2/test_actual_product_conditions5/results.json
 create mode 100644 docs/evidence/bounded-condition-groups-20261009/sqlite-final-ui-v2/test_actual_product_editable_c0/driver.log
 create mode 100644 docs/evidence/bounded-condition-groups-20261009/sqlite-final-ui-v2/test_actual_product_editable_c0/results.json
 create mode 100644 docs/evidence/bounded-condition-groups-20261009/sqlite-final-ui-v2/test_actual_product_editable_c1/driver.log
 create mode 100644 docs/evidence/bounded-condition-groups-20261009/sqlite-final-ui-v2/test_actual_product_editable_c1/results.json
 create mode 100644 docs/evidence/bounded-condition-groups-20261009/sqlite-frozen-source-verification.json
 create mode 100644 docs/evidence/bounded-condition-groups-20261009/sqlite-frozen.exit
 create mode 100644 docs/evidence/bounded-condition-groups-20261009/sqlite-frozen.log
 create mode 100644 docs/evidence/bounded-condition-groups-20261009/sqlite-frozen.xml
 create mode 100644 docs/evidence/bounded-condition-groups-20261009/sqlite-frozen/test_actual_group_controls_wor0/driver.log
 create mode 100644 docs/evidence/bounded-condition-groups-20261009/sqlite-frozen/test_actual_group_controls_wor0/results.json
 create mode 100644 docs/evidence/bounded-condition-groups-20261009/sqlite-frozen/test_actual_group_controls_wor1/driver.log
 create mode 100644 docs/evidence/bounded-condition-groups-20261009/sqlite-frozen/test_actual_group_controls_wor1/results.json
 create mode 100644 docs/evidence/bounded-condition-groups-20261009/sqlite-frozen/test_actual_group_controls_wor2/driver.log
 create mode 100644 docs/evidence/bounded-condition-groups-20261009/sqlite-frozen/test_actual_group_controls_wor2/results.json
 create mode 100644 docs/evidence/bounded-condition-groups-20261009/sqlite-frozen/test_actual_old_source_upgrade0/upgrade-proof.json
 create mode 100644 docs/evidence/bounded-condition-groups-20261009/sqlite-frozen/test_actual_old_source_upgrade1/upgrade-proof.json
 create mode 100644 docs/evidence/bounded-condition-groups-20261009/sqlite-frozen/test_actual_product_conditions0/driver.log
 create mode 100644 docs/evidence/bounded-condition-groups-20261009/sqlite-frozen/test_actual_product_conditions0/results.json
 create mode 100644 docs/evidence/bounded-condition-groups-20261009/sqlite-frozen/test_actual_product_conditions1/driver.log
 create mode 100644 docs/evidence/bounded-condition-groups-20261009/sqlite-frozen/test_actual_product_conditions1/results.json
 create mode 100644 docs/evidence/bounded-condition-groups-20261009/sqlite-frozen/test_actual_product_conditions2/driver.log
 create mode 100644 docs/evidence/bounded-condition-groups-20261009/sqlite-frozen/test_actual_product_conditions2/results.json
 create mode 100644 docs/evidence/bounded-condition-groups-20261009/sqlite-frozen/test_actual_product_conditions3/driver.log
 create mode 100644 docs/evidence/bounded-condition-groups-20261009/sqlite-frozen/test_actual_product_conditions3/results.json
 create mode 100644 docs/evidence/bounded-condition-groups-20261009/sqlite-frozen/test_actual_product_conditions4/driver.log
 create mode 100644 docs/evidence/bounded-condition-groups-20261009/sqlite-frozen/test_actual_product_conditions4/results.json
 create mode 100644 docs/evidence/bounded-condition-groups-20261009/sqlite-frozen/test_actual_product_conditions5/driver.log
 create mode 100644 docs/evidence/bounded-condition-groups-20261009/sqlite-frozen/test_actual_product_conditions5/results.json
 create mode 100644 docs/evidence/bounded-condition-groups-20261009/sqlite-frozen/test_actual_product_editable_c0/driver.log
 create mode 100644 docs/evidence/bounded-condition-groups-20261009/sqlite-frozen/test_actual_product_editable_c0/results.json
 create mode 100644 docs/evidence/bounded-condition-groups-20261009/sqlite-frozen/test_actual_product_editable_c1/driver.log
 create mode 100644 docs/evidence/bounded-condition-groups-20261009/sqlite-frozen/test_actual_product_editable_c1/results.json
 create mode 100644 docs/evidence/bounded-condition-groups-20261009/sqlite-page-source-verification.json
 create mode 100644 docs/evidence/bounded-condition-groups-20261009/test-summary.json
 create mode 100644 tests/condition_groups_ui.cjs
 create mode 100644 tests/test_condition_groups.py
 create mode 100644 tests/test_condition_groups_ui.py
