FFFFFFFFFFFFFFFFFFFFFFFFFFFFFFFFF................F...................... [ 79%]
...................                                                      [100%]
=================================== FAILURES ===================================
____ test_shared_validator_all_ascii_controls_and_read_before_any_sql[\x00] ____

char = '\x00'

    @pytest.mark.parametrize("char", [chr(i) for i in range(32)] + [chr(127)])
    def test_shared_validator_all_ascii_controls_and_read_before_any_sql(char):
        key = "owned" + char + "key"
        with pytest.raises(DomainError, match="INVALID_INPUT"):
>           validate_request_key(key)

tests/test_column_patch_controls.py:41: 
_ _ _ _ _ _ _ _ _ _ _ _ _ _ _ _ _ _ _ _ _ _ _ _ _ _ _ _ _ _ _ _ _ _ _ _ _ _ _ _ 

key = 'owned\x00key'

    def validate_request_key(key):
        """One SQL-before boundary for JSON, decoded path and restored ledger keys."""
        if (not isinstance(key, str) or not 1 <= len(key) <= 128
                or any(ord(ch) < 32 or ord(ch) == 127 for ch in key)):
>           raise DomainError("INVALID_INPUT", "Column patch request key must be bounded text without control characters")
E           sim2act.errors.DomainError: Column patch request key must be bounded text without control characters

src/sim2act/column_patches.py:29: DomainError

During handling of the above exception, another exception occurred:

char = '\x00'

    @pytest.mark.parametrize("char", [chr(i) for i in range(32)] + [chr(127)])
    def test_shared_validator_all_ascii_controls_and_read_before_any_sql(char):
        key = "owned" + char + "key"
>       with pytest.raises(DomainError, match="INVALID_INPUT"):
             ^^^^^^^^^^^^^^^^^^^^^^^^^^^^^^^^^^^^^^^^^^^^^^^^^
E       AssertionError: Regex pattern did not match.
E         Expected regex: 'INVALID_INPUT'
E         Actual message: 'Column patch request key must be bounded text without control characters'

tests/test_column_patch_controls.py:40: AssertionError
____ test_shared_validator_all_ascii_controls_and_read_before_any_sql[\x01] ____

char = '\x01'

    @pytest.mark.parametrize("char", [chr(i) for i in range(32)] + [chr(127)])
    def test_shared_validator_all_ascii_controls_and_read_before_any_sql(char):
        key = "owned" + char + "key"
        with pytest.raises(DomainError, match="INVALID_INPUT"):
>           validate_request_key(key)

tests/test_column_patch_controls.py:41: 
_ _ _ _ _ _ _ _ _ _ _ _ _ _ _ _ _ _ _ _ _ _ _ _ _ _ _ _ _ _ _ _ _ _ _ _ _ _ _ _ 

key = 'owned\x01key'

    def validate_request_key(key):
        """One SQL-before boundary for JSON, decoded path and restored ledger keys."""
        if (not isinstance(key, str) or not 1 <= len(key) <= 128
                or any(ord(ch) < 32 or ord(ch) == 127 for ch in key)):
>           raise DomainError("INVALID_INPUT", "Column patch request key must be bounded text without control characters")
E           sim2act.errors.DomainError: Column patch request key must be bounded text without control characters

src/sim2act/column_patches.py:29: DomainError

During handling of the above exception, another exception occurred:

char = '\x01'

    @pytest.mark.parametrize("char", [chr(i) for i in range(32)] + [chr(127)])
    def test_shared_validator_all_ascii_controls_and_read_before_any_sql(char):
        key = "owned" + char + "key"
>       with pytest.raises(DomainError, match="INVALID_INPUT"):
             ^^^^^^^^^^^^^^^^^^^^^^^^^^^^^^^^^^^^^^^^^^^^^^^^^
E       AssertionError: Regex pattern did not match.
E         Expected regex: 'INVALID_INPUT'
E         Actual message: 'Column patch request key must be bounded text without control characters'

tests/test_column_patch_controls.py:40: AssertionError
____ test_shared_validator_all_ascii_controls_and_read_before_any_sql[\x02] ____

char = '\x02'

    @pytest.mark.parametrize("char", [chr(i) for i in range(32)] + [chr(127)])
    def test_shared_validator_all_ascii_controls_and_read_before_any_sql(char):
        key = "owned" + char + "key"
        with pytest.raises(DomainError, match="INVALID_INPUT"):
>           validate_request_key(key)

tests/test_column_patch_controls.py:41: 
_ _ _ _ _ _ _ _ _ _ _ _ _ _ _ _ _ _ _ _ _ _ _ _ _ _ _ _ _ _ _ _ _ _ _ _ _ _ _ _ 

key = 'owned\x02key'

    def validate_request_key(key):
        """One SQL-before boundary for JSON, decoded path and restored ledger keys."""
        if (not isinstance(key, str) or not 1 <= len(key) <= 128
                or any(ord(ch) < 32 or ord(ch) == 127 for ch in key)):
>           raise DomainError("INVALID_INPUT", "Column patch request key must be bounded text without control characters")
E           sim2act.errors.DomainError: Column patch request key must be bounded text without control characters

src/sim2act/column_patches.py:29: DomainError

During handling of the above exception, another exception occurred:

char = '\x02'

    @pytest.mark.parametrize("char", [chr(i) for i in range(32)] + [chr(127)])
    def test_shared_validator_all_ascii_controls_and_read_before_any_sql(char):
        key = "owned" + char + "key"
>       with pytest.raises(DomainError, match="INVALID_INPUT"):
             ^^^^^^^^^^^^^^^^^^^^^^^^^^^^^^^^^^^^^^^^^^^^^^^^^
E       AssertionError: Regex pattern did not match.
E         Expected regex: 'INVALID_INPUT'
E         Actual message: 'Column patch request key must be bounded text without control characters'

tests/test_column_patch_controls.py:40: AssertionError
____ test_shared_validator_all_ascii_controls_and_read_before_any_sql[\x03] ____

char = '\x03'

    @pytest.mark.parametrize("char", [chr(i) for i in range(32)] + [chr(127)])
    def test_shared_validator_all_ascii_controls_and_read_before_any_sql(char):
        key = "owned" + char + "key"
        with pytest.raises(DomainError, match="INVALID_INPUT"):
>           validate_request_key(key)

tests/test_column_patch_controls.py:41: 
_ _ _ _ _ _ _ _ _ _ _ _ _ _ _ _ _ _ _ _ _ _ _ _ _ _ _ _ _ _ _ _ _ _ _ _ _ _ _ _ 

key = 'owned\x03key'

    def validate_request_key(key):
        """One SQL-before boundary for JSON, decoded path and restored ledger keys."""
        if (not isinstance(key, str) or not 1 <= len(key) <= 128
                or any(ord(ch) < 32 or ord(ch) == 127 for ch in key)):
>           raise DomainError("INVALID_INPUT", "Column patch request key must be bounded text without control characters")
E           sim2act.errors.DomainError: Column patch request key must be bounded text without control characters

src/sim2act/column_patches.py:29: DomainError

During handling of the above exception, another exception occurred:

char = '\x03'

    @pytest.mark.parametrize("char", [chr(i) for i in range(32)] + [chr(127)])
    def test_shared_validator_all_ascii_controls_and_read_before_any_sql(char):
        key = "owned" + char + "key"
>       with pytest.raises(DomainError, match="INVALID_INPUT"):
             ^^^^^^^^^^^^^^^^^^^^^^^^^^^^^^^^^^^^^^^^^^^^^^^^^
E       AssertionError: Regex pattern did not match.
E         Expected regex: 'INVALID_INPUT'
E         Actual message: 'Column patch request key must be bounded text without control characters'

tests/test_column_patch_controls.py:40: AssertionError
____ test_shared_validator_all_ascii_controls_and_read_before_any_sql[\x04] ____

char = '\x04'

    @pytest.mark.parametrize("char", [chr(i) for i in range(32)] + [chr(127)])
    def test_shared_validator_all_ascii_controls_and_read_before_any_sql(char):
        key = "owned" + char + "key"
        with pytest.raises(DomainError, match="INVALID_INPUT"):
>           validate_request_key(key)

tests/test_column_patch_controls.py:41: 
_ _ _ _ _ _ _ _ _ _ _ _ _ _ _ _ _ _ _ _ _ _ _ _ _ _ _ _ _ _ _ _ _ _ _ _ _ _ _ _ 

key = 'owned\x04key'

    def validate_request_key(key):
        """One SQL-before boundary for JSON, decoded path and restored ledger keys."""
        if (not isinstance(key, str) or not 1 <= len(key) <= 128
                or any(ord(ch) < 32 or ord(ch) == 127 for ch in key)):
>           raise DomainError("INVALID_INPUT", "Column patch request key must be bounded text without control characters")
E           sim2act.errors.DomainError: Column patch request key must be bounded text without control characters

src/sim2act/column_patches.py:29: DomainError

During handling of the above exception, another exception occurred:

char = '\x04'

    @pytest.mark.parametrize("char", [chr(i) for i in range(32)] + [chr(127)])
    def test_shared_validator_all_ascii_controls_and_read_before_any_sql(char):
        key = "owned" + char + "key"
>       with pytest.raises(DomainError, match="INVALID_INPUT"):
             ^^^^^^^^^^^^^^^^^^^^^^^^^^^^^^^^^^^^^^^^^^^^^^^^^
E       AssertionError: Regex pattern did not match.
E         Expected regex: 'INVALID_INPUT'
E         Actual message: 'Column patch request key must be bounded text without control characters'

tests/test_column_patch_controls.py:40: AssertionError
____ test_shared_validator_all_ascii_controls_and_read_before_any_sql[\x05] ____

char = '\x05'

    @pytest.mark.parametrize("char", [chr(i) for i in range(32)] + [chr(127)])
    def test_shared_validator_all_ascii_controls_and_read_before_any_sql(char):
        key = "owned" + char + "key"
        with pytest.raises(DomainError, match="INVALID_INPUT"):
>           validate_request_key(key)

tests/test_column_patch_controls.py:41: 
_ _ _ _ _ _ _ _ _ _ _ _ _ _ _ _ _ _ _ _ _ _ _ _ _ _ _ _ _ _ _ _ _ _ _ _ _ _ _ _ 

key = 'owned\x05key'

    def validate_request_key(key):
        """One SQL-before boundary for JSON, decoded path and restored ledger keys."""
        if (not isinstance(key, str) or not 1 <= len(key) <= 128
                or any(ord(ch) < 32 or ord(ch) == 127 for ch in key)):
>           raise DomainError("INVALID_INPUT", "Column patch request key must be bounded text without control characters")
E           sim2act.errors.DomainError: Column patch request key must be bounded text without control characters

src/sim2act/column_patches.py:29: DomainError

During handling of the above exception, another exception occurred:

char = '\x05'

    @pytest.mark.parametrize("char", [chr(i) for i in range(32)] + [chr(127)])
    def test_shared_validator_all_ascii_controls_and_read_before_any_sql(char):
        key = "owned" + char + "key"
>       with pytest.raises(DomainError, match="INVALID_INPUT"):
             ^^^^^^^^^^^^^^^^^^^^^^^^^^^^^^^^^^^^^^^^^^^^^^^^^
E       AssertionError: Regex pattern did not match.
E         Expected regex: 'INVALID_INPUT'
E         Actual message: 'Column patch request key must be bounded text without control characters'

tests/test_column_patch_controls.py:40: AssertionError
____ test_shared_validator_all_ascii_controls_and_read_before_any_sql[\x06] ____

char = '\x06'

    @pytest.mark.parametrize("char", [chr(i) for i in range(32)] + [chr(127)])
    def test_shared_validator_all_ascii_controls_and_read_before_any_sql(char):
        key = "owned" + char + "key"
        with pytest.raises(DomainError, match="INVALID_INPUT"):
>           validate_request_key(key)

tests/test_column_patch_controls.py:41: 
_ _ _ _ _ _ _ _ _ _ _ _ _ _ _ _ _ _ _ _ _ _ _ _ _ _ _ _ _ _ _ _ _ _ _ _ _ _ _ _ 

key = 'owned\x06key'

    def validate_request_key(key):
        """One SQL-before boundary for JSON, decoded path and restored ledger keys."""
        if (not isinstance(key, str) or not 1 <= len(key) <= 128
                or any(ord(ch) < 32 or ord(ch) == 127 for ch in key)):
>           raise DomainError("INVALID_INPUT", "Column patch request key must be bounded text without control characters")
E           sim2act.errors.DomainError: Column patch request key must be bounded text without control characters

src/sim2act/column_patches.py:29: DomainError

During handling of the above exception, another exception occurred:

char = '\x06'

    @pytest.mark.parametrize("char", [chr(i) for i in range(32)] + [chr(127)])
    def test_shared_validator_all_ascii_controls_and_read_before_any_sql(char):
        key = "owned" + char + "key"
>       with pytest.raises(DomainError, match="INVALID_INPUT"):
             ^^^^^^^^^^^^^^^^^^^^^^^^^^^^^^^^^^^^^^^^^^^^^^^^^
E       AssertionError: Regex pattern did not match.
E         Expected regex: 'INVALID_INPUT'
E         Actual message: 'Column patch request key must be bounded text without control characters'

tests/test_column_patch_controls.py:40: AssertionError
____ test_shared_validator_all_ascii_controls_and_read_before_any_sql[\x07] ____

char = '\x07'

    @pytest.mark.parametrize("char", [chr(i) for i in range(32)] + [chr(127)])
    def test_shared_validator_all_ascii_controls_and_read_before_any_sql(char):
        key = "owned" + char + "key"
        with pytest.raises(DomainError, match="INVALID_INPUT"):
>           validate_request_key(key)

tests/test_column_patch_controls.py:41: 
_ _ _ _ _ _ _ _ _ _ _ _ _ _ _ _ _ _ _ _ _ _ _ _ _ _ _ _ _ _ _ _ _ _ _ _ _ _ _ _ 

key = 'owned\x07key'

    def validate_request_key(key):
        """One SQL-before boundary for JSON, decoded path and restored ledger keys."""
        if (not isinstance(key, str) or not 1 <= len(key) <= 128
                or any(ord(ch) < 32 or ord(ch) == 127 for ch in key)):
>           raise DomainError("INVALID_INPUT", "Column patch request key must be bounded text without control characters")
E           sim2act.errors.DomainError: Column patch request key must be bounded text without control characters

src/sim2act/column_patches.py:29: DomainError

During handling of the above exception, another exception occurred:

char = '\x07'

    @pytest.mark.parametrize("char", [chr(i) for i in range(32)] + [chr(127)])
    def test_shared_validator_all_ascii_controls_and_read_before_any_sql(char):
        key = "owned" + char + "key"
>       with pytest.raises(DomainError, match="INVALID_INPUT"):
             ^^^^^^^^^^^^^^^^^^^^^^^^^^^^^^^^^^^^^^^^^^^^^^^^^
E       AssertionError: Regex pattern did not match.
E         Expected regex: 'INVALID_INPUT'
E         Actual message: 'Column patch request key must be bounded text without control characters'

tests/test_column_patch_controls.py:40: AssertionError
____ test_shared_validator_all_ascii_controls_and_read_before_any_sql[\x08] ____

char = '\x08'

    @pytest.mark.parametrize("char", [chr(i) for i in range(32)] + [chr(127)])
    def test_shared_validator_all_ascii_controls_and_read_before_any_sql(char):
        key = "owned" + char + "key"
        with pytest.raises(DomainError, match="INVALID_INPUT"):
>           validate_request_key(key)

tests/test_column_patch_controls.py:41: 
_ _ _ _ _ _ _ _ _ _ _ _ _ _ _ _ _ _ _ _ _ _ _ _ _ _ _ _ _ _ _ _ _ _ _ _ _ _ _ _ 

key = 'owned\x08key'

    def validate_request_key(key):
        """One SQL-before boundary for JSON, decoded path and restored ledger keys."""
        if (not isinstance(key, str) or not 1 <= len(key) <= 128
                or any(ord(ch) < 32 or ord(ch) == 127 for ch in key)):
>           raise DomainError("INVALID_INPUT", "Column patch request key must be bounded text without control characters")
E           sim2act.errors.DomainError: Column patch request key must be bounded text without control characters

src/sim2act/column_patches.py:29: DomainError

During handling of the above exception, another exception occurred:

char = '\x08'

    @pytest.mark.parametrize("char", [chr(i) for i in range(32)] + [chr(127)])
    def test_shared_validator_all_ascii_controls_and_read_before_any_sql(char):
        key = "owned" + char + "key"
>       with pytest.raises(DomainError, match="INVALID_INPUT"):
             ^^^^^^^^^^^^^^^^^^^^^^^^^^^^^^^^^^^^^^^^^^^^^^^^^
E       AssertionError: Regex pattern did not match.
E         Expected regex: 'INVALID_INPUT'
E         Actual message: 'Column patch request key must be bounded text without control characters'

tests/test_column_patch_controls.py:40: AssertionError
_____ test_shared_validator_all_ascii_controls_and_read_before_any_sql[\t] _____

char = '\t'

    @pytest.mark.parametrize("char", [chr(i) for i in range(32)] + [chr(127)])
    def test_shared_validator_all_ascii_controls_and_read_before_any_sql(char):
        key = "owned" + char + "key"
        with pytest.raises(DomainError, match="INVALID_INPUT"):
>           validate_request_key(key)

tests/test_column_patch_controls.py:41: 
_ _ _ _ _ _ _ _ _ _ _ _ _ _ _ _ _ _ _ _ _ _ _ _ _ _ _ _ _ _ _ _ _ _ _ _ _ _ _ _ 

key = 'owned\tkey'

    def validate_request_key(key):
        """One SQL-before boundary for JSON, decoded path and restored ledger keys."""
        if (not isinstance(key, str) or not 1 <= len(key) <= 128
                or any(ord(ch) < 32 or ord(ch) == 127 for ch in key)):
>           raise DomainError("INVALID_INPUT", "Column patch request key must be bounded text without control characters")
E           sim2act.errors.DomainError: Column patch request key must be bounded text without control characters

src/sim2act/column_patches.py:29: DomainError

During handling of the above exception, another exception occurred:

char = '\t'

    @pytest.mark.parametrize("char", [chr(i) for i in range(32)] + [chr(127)])
    def test_shared_validator_all_ascii_controls_and_read_before_any_sql(char):
        key = "owned" + char + "key"
>       with pytest.raises(DomainError, match="INVALID_INPUT"):
             ^^^^^^^^^^^^^^^^^^^^^^^^^^^^^^^^^^^^^^^^^^^^^^^^^
E       AssertionError: Regex pattern did not match.
E         Expected regex: 'INVALID_INPUT'
E         Actual message: 'Column patch request key must be bounded text without control characters'

tests/test_column_patch_controls.py:40: AssertionError
_____ test_shared_validator_all_ascii_controls_and_read_before_any_sql[\n] _____

char = '\n'

    @pytest.mark.parametrize("char", [chr(i) for i in range(32)] + [chr(127)])
    def test_shared_validator_all_ascii_controls_and_read_before_any_sql(char):
        key = "owned" + char + "key"
        with pytest.raises(DomainError, match="INVALID_INPUT"):
>           validate_request_key(key)

tests/test_column_patch_controls.py:41: 
_ _ _ _ _ _ _ _ _ _ _ _ _ _ _ _ _ _ _ _ _ _ _ _ _ _ _ _ _ _ _ _ _ _ _ _ _ _ _ _ 

key = 'owned\nkey'

    def validate_request_key(key):
        """One SQL-before boundary for JSON, decoded path and restored ledger keys."""
        if (not isinstance(key, str) or not 1 <= len(key) <= 128
                or any(ord(ch) < 32 or ord(ch) == 127 for ch in key)):
>           raise DomainError("INVALID_INPUT", "Column patch request key must be bounded text without control characters")
E           sim2act.errors.DomainError: Column patch request key must be bounded text without control characters

src/sim2act/column_patches.py:29: DomainError

During handling of the above exception, another exception occurred:

char = '\n'

    @pytest.mark.parametrize("char", [chr(i) for i in range(32)] + [chr(127)])
    def test_shared_validator_all_ascii_controls_and_read_before_any_sql(char):
        key = "owned" + char + "key"
>       with pytest.raises(DomainError, match="INVALID_INPUT"):
             ^^^^^^^^^^^^^^^^^^^^^^^^^^^^^^^^^^^^^^^^^^^^^^^^^
E       AssertionError: Regex pattern did not match.
E         Expected regex: 'INVALID_INPUT'
E         Actual message: 'Column patch request key must be bounded text without control characters'

tests/test_column_patch_controls.py:40: AssertionError
____ test_shared_validator_all_ascii_controls_and_read_before_any_sql[\x0b] ____

char = '\x0b'

    @pytest.mark.parametrize("char", [chr(i) for i in range(32)] + [chr(127)])
    def test_shared_validator_all_ascii_controls_and_read_before_any_sql(char):
        key = "owned" + char + "key"
        with pytest.raises(DomainError, match="INVALID_INPUT"):
>           validate_request_key(key)

tests/test_column_patch_controls.py:41: 
_ _ _ _ _ _ _ _ _ _ _ _ _ _ _ _ _ _ _ _ _ _ _ _ _ _ _ _ _ _ _ _ _ _ _ _ _ _ _ _ 

key = 'owned\x0bkey'

    def validate_request_key(key):
        """One SQL-before boundary for JSON, decoded path and restored ledger keys."""
        if (not isinstance(key, str) or not 1 <= len(key) <= 128
                or any(ord(ch) < 32 or ord(ch) == 127 for ch in key)):
>           raise DomainError("INVALID_INPUT", "Column patch request key must be bounded text without control characters")
E           sim2act.errors.DomainError: Column patch request key must be bounded text without control characters

src/sim2act/column_patches.py:29: DomainError

During handling of the above exception, another exception occurred:

char = '\x0b'

    @pytest.mark.parametrize("char", [chr(i) for i in range(32)] + [chr(127)])
    def test_shared_validator_all_ascii_controls_and_read_before_any_sql(char):
        key = "owned" + char + "key"
>       with pytest.raises(DomainError, match="INVALID_INPUT"):
             ^^^^^^^^^^^^^^^^^^^^^^^^^^^^^^^^^^^^^^^^^^^^^^^^^
E       AssertionError: Regex pattern did not match.
E         Expected regex: 'INVALID_INPUT'
E         Actual message: 'Column patch request key must be bounded text without control characters'

tests/test_column_patch_controls.py:40: AssertionError
____ test_shared_validator_all_ascii_controls_and_read_before_any_sql[\x0c] ____

char = '\x0c'

    @pytest.mark.parametrize("char", [chr(i) for i in range(32)] + [chr(127)])
    def test_shared_validator_all_ascii_controls_and_read_before_any_sql(char):
        key = "owned" + char + "key"
        with pytest.raises(DomainError, match="INVALID_INPUT"):
>           validate_request_key(key)

tests/test_column_patch_controls.py:41: 
_ _ _ _ _ _ _ _ _ _ _ _ _ _ _ _ _ _ _ _ _ _ _ _ _ _ _ _ _ _ _ _ _ _ _ _ _ _ _ _ 

key = 'owned\x0ckey'

    def validate_request_key(key):
        """One SQL-before boundary for JSON, decoded path and restored ledger keys."""
        if (not isinstance(key, str) or not 1 <= len(key) <= 128
                or any(ord(ch) < 32 or ord(ch) == 127 for ch in key)):
>           raise DomainError("INVALID_INPUT", "Column patch request key must be bounded text without control characters")
E           sim2act.errors.DomainError: Column patch request key must be bounded text without control characters

src/sim2act/column_patches.py:29: DomainError

During handling of the above exception, another exception occurred:

char = '\x0c'

    @pytest.mark.parametrize("char", [chr(i) for i in range(32)] + [chr(127)])
    def test_shared_validator_all_ascii_controls_and_read_before_any_sql(char):
        key = "owned" + char + "key"
>       with pytest.raises(DomainError, match="INVALID_INPUT"):
             ^^^^^^^^^^^^^^^^^^^^^^^^^^^^^^^^^^^^^^^^^^^^^^^^^
E       AssertionError: Regex pattern did not match.
E         Expected regex: 'INVALID_INPUT'
E         Actual message: 'Column patch request key must be bounded text without control characters'

tests/test_column_patch_controls.py:40: AssertionError
_____ test_shared_validator_all_ascii_controls_and_read_before_any_sql[\r] _____

char = '\r'

    @pytest.mark.parametrize("char", [chr(i) for i in range(32)] + [chr(127)])
    def test_shared_validator_all_ascii_controls_and_read_before_any_sql(char):
        key = "owned" + char + "key"
        with pytest.raises(DomainError, match="INVALID_INPUT"):
>           validate_request_key(key)

tests/test_column_patch_controls.py:41: 
_ _ _ _ _ _ _ _ _ _ _ _ _ _ _ _ _ _ _ _ _ _ _ _ _ _ _ _ _ _ _ _ _ _ _ _ _ _ _ _ 

key = 'owned\rkey'

    def validate_request_key(key):
        """One SQL-before boundary for JSON, decoded path and restored ledger keys."""
        if (not isinstance(key, str) or not 1 <= len(key) <= 128
                or any(ord(ch) < 32 or ord(ch) == 127 for ch in key)):
>           raise DomainError("INVALID_INPUT", "Column patch request key must be bounded text without control characters")
E           sim2act.errors.DomainError: Column patch request key must be bounded text without control characters

src/sim2act/column_patches.py:29: DomainError

During handling of the above exception, another exception occurred:

char = '\r'

    @pytest.mark.parametrize("char", [chr(i) for i in range(32)] + [chr(127)])
    def test_shared_validator_all_ascii_controls_and_read_before_any_sql(char):
        key = "owned" + char + "key"
>       with pytest.raises(DomainError, match="INVALID_INPUT"):
             ^^^^^^^^^^^^^^^^^^^^^^^^^^^^^^^^^^^^^^^^^^^^^^^^^
E       AssertionError: Regex pattern did not match.
E         Expected regex: 'INVALID_INPUT'
E         Actual message: 'Column patch request key must be bounded text without control characters'

tests/test_column_patch_controls.py:40: AssertionError
____ test_shared_validator_all_ascii_controls_and_read_before_any_sql[\x0e] ____

char = '\x0e'

    @pytest.mark.parametrize("char", [chr(i) for i in range(32)] + [chr(127)])
    def test_shared_validator_all_ascii_controls_and_read_before_any_sql(char):
        key = "owned" + char + "key"
        with pytest.raises(DomainError, match="INVALID_INPUT"):
>           validate_request_key(key)

tests/test_column_patch_controls.py:41: 
_ _ _ _ _ _ _ _ _ _ _ _ _ _ _ _ _ _ _ _ _ _ _ _ _ _ _ _ _ _ _ _ _ _ _ _ _ _ _ _ 

key = 'owned\x0ekey'

    def validate_request_key(key):
        """One SQL-before boundary for JSON, decoded path and restored ledger keys."""
        if (not isinstance(key, str) or not 1 <= len(key) <= 128
                or any(ord(ch) < 32 or ord(ch) == 127 for ch in key)):
>           raise DomainError("INVALID_INPUT", "Column patch request key must be bounded text without control characters")
E           sim2act.errors.DomainError: Column patch request key must be bounded text without control characters

src/sim2act/column_patches.py:29: DomainError

During handling of the above exception, another exception occurred:

char = '\x0e'

    @pytest.mark.parametrize("char", [chr(i) for i in range(32)] + [chr(127)])
    def test_shared_validator_all_ascii_controls_and_read_before_any_sql(char):
        key = "owned" + char + "key"
>       with pytest.raises(DomainError, match="INVALID_INPUT"):
             ^^^^^^^^^^^^^^^^^^^^^^^^^^^^^^^^^^^^^^^^^^^^^^^^^
E       AssertionError: Regex pattern did not match.
E         Expected regex: 'INVALID_INPUT'
E         Actual message: 'Column patch request key must be bounded text without control characters'

tests/test_column_patch_controls.py:40: AssertionError
____ test_shared_validator_all_ascii_controls_and_read_before_any_sql[\x0f] ____

char = '\x0f'

    @pytest.mark.parametrize("char", [chr(i) for i in range(32)] + [chr(127)])
    def test_shared_validator_all_ascii_controls_and_read_before_any_sql(char):
        key = "owned" + char + "key"
        with pytest.raises(DomainError, match="INVALID_INPUT"):
>           validate_request_key(key)

tests/test_column_patch_controls.py:41: 
_ _ _ _ _ _ _ _ _ _ _ _ _ _ _ _ _ _ _ _ _ _ _ _ _ _ _ _ _ _ _ _ _ _ _ _ _ _ _ _ 

key = 'owned\x0fkey'

    def validate_request_key(key):
        """One SQL-before boundary for JSON, decoded path and restored ledger keys."""
        if (not isinstance(key, str) or not 1 <= len(key) <= 128
                or any(ord(ch) < 32 or ord(ch) == 127 for ch in key)):
>           raise DomainError("INVALID_INPUT", "Column patch request key must be bounded text without control characters")
E           sim2act.errors.DomainError: Column patch request key must be bounded text without control characters

src/sim2act/column_patches.py:29: DomainError

During handling of the above exception, another exception occurred:

char = '\x0f'

    @pytest.mark.parametrize("char", [chr(i) for i in range(32)] + [chr(127)])
    def test_shared_validator_all_ascii_controls_and_read_before_any_sql(char):
        key = "owned" + char + "key"
>       with pytest.raises(DomainError, match="INVALID_INPUT"):
             ^^^^^^^^^^^^^^^^^^^^^^^^^^^^^^^^^^^^^^^^^^^^^^^^^
E       AssertionError: Regex pattern did not match.
E         Expected regex: 'INVALID_INPUT'
E         Actual message: 'Column patch request key must be bounded text without control characters'

tests/test_column_patch_controls.py:40: AssertionError
____ test_shared_validator_all_ascii_controls_and_read_before_any_sql[\x10] ____

char = '\x10'

    @pytest.mark.parametrize("char", [chr(i) for i in range(32)] + [chr(127)])
    def test_shared_validator_all_ascii_controls_and_read_before_any_sql(char):
        key = "owned" + char + "key"
        with pytest.raises(DomainError, match="INVALID_INPUT"):
>           validate_request_key(key)

tests/test_column_patch_controls.py:41: 
_ _ _ _ _ _ _ _ _ _ _ _ _ _ _ _ _ _ _ _ _ _ _ _ _ _ _ _ _ _ _ _ _ _ _ _ _ _ _ _ 

key = 'owned\x10key'

    def validate_request_key(key):
        """One SQL-before boundary for JSON, decoded path and restored ledger keys."""
        if (not isinstance(key, str) or not 1 <= len(key) <= 128
                or any(ord(ch) < 32 or ord(ch) == 127 for ch in key)):
>           raise DomainError("INVALID_INPUT", "Column patch request key must be bounded text without control characters")
E           sim2act.errors.DomainError: Column patch request key must be bounded text without control characters

src/sim2act/column_patches.py:29: DomainError

During handling of the above exception, another exception occurred:

char = '\x10'

    @pytest.mark.parametrize("char", [chr(i) for i in range(32)] + [chr(127)])
    def test_shared_validator_all_ascii_controls_and_read_before_any_sql(char):
        key = "owned" + char + "key"
>       with pytest.raises(DomainError, match="INVALID_INPUT"):
             ^^^^^^^^^^^^^^^^^^^^^^^^^^^^^^^^^^^^^^^^^^^^^^^^^
E       AssertionError: Regex pattern did not match.
E         Expected regex: 'INVALID_INPUT'
E         Actual message: 'Column patch request key must be bounded text without control characters'

tests/test_column_patch_controls.py:40: AssertionError
____ test_shared_validator_all_ascii_controls_and_read_before_any_sql[\x11] ____

char = '\x11'

    @pytest.mark.parametrize("char", [chr(i) for i in range(32)] + [chr(127)])
    def test_shared_validator_all_ascii_controls_and_read_before_any_sql(char):
        key = "owned" + char + "key"
        with pytest.raises(DomainError, match="INVALID_INPUT"):
>           validate_request_key(key)

tests/test_column_patch_controls.py:41: 
_ _ _ _ _ _ _ _ _ _ _ _ _ _ _ _ _ _ _ _ _ _ _ _ _ _ _ _ _ _ _ _ _ _ _ _ _ _ _ _ 

key = 'owned\x11key'

    def validate_request_key(key):
        """One SQL-before boundary for JSON, decoded path and restored ledger keys."""
        if (not isinstance(key, str) or not 1 <= len(key) <= 128
                or any(ord(ch) < 32 or ord(ch) == 127 for ch in key)):
>           raise DomainError("INVALID_INPUT", "Column patch request key must be bounded text without control characters")
E           sim2act.errors.DomainError: Column patch request key must be bounded text without control characters

src/sim2act/column_patches.py:29: DomainError

During handling of the above exception, another exception occurred:

char = '\x11'

    @pytest.mark.parametrize("char", [chr(i) for i in range(32)] + [chr(127)])
    def test_shared_validator_all_ascii_controls_and_read_before_any_sql(char):
        key = "owned" + char + "key"
>       with pytest.raises(DomainError, match="INVALID_INPUT"):
             ^^^^^^^^^^^^^^^^^^^^^^^^^^^^^^^^^^^^^^^^^^^^^^^^^
E       AssertionError: Regex pattern did not match.
E         Expected regex: 'INVALID_INPUT'
E         Actual message: 'Column patch request key must be bounded text without control characters'

tests/test_column_patch_controls.py:40: AssertionError
____ test_shared_validator_all_ascii_controls_and_read_before_any_sql[\x12] ____

char = '\x12'

    @pytest.mark.parametrize("char", [chr(i) for i in range(32)] + [chr(127)])
    def test_shared_validator_all_ascii_controls_and_read_before_any_sql(char):
        key = "owned" + char + "key"
        with pytest.raises(DomainError, match="INVALID_INPUT"):
>           validate_request_key(key)

tests/test_column_patch_controls.py:41: 
_ _ _ _ _ _ _ _ _ _ _ _ _ _ _ _ _ _ _ _ _ _ _ _ _ _ _ _ _ _ _ _ _ _ _ _ _ _ _ _ 

key = 'owned\x12key'

    def validate_request_key(key):
        """One SQL-before boundary for JSON, decoded path and restored ledger keys."""
        if (not isinstance(key, str) or not 1 <= len(key) <= 128
                or any(ord(ch) < 32 or ord(ch) == 127 for ch in key)):
>           raise DomainError("INVALID_INPUT", "Column patch request key must be bounded text without control characters")
E           sim2act.errors.DomainError: Column patch request key must be bounded text without control characters

src/sim2act/column_patches.py:29: DomainError

During handling of the above exception, another exception occurred:

char = '\x12'

    @pytest.mark.parametrize("char", [chr(i) for i in range(32)] + [chr(127)])
    def test_shared_validator_all_ascii_controls_and_read_before_any_sql(char):
        key = "owned" + char + "key"
>       with pytest.raises(DomainError, match="INVALID_INPUT"):
             ^^^^^^^^^^^^^^^^^^^^^^^^^^^^^^^^^^^^^^^^^^^^^^^^^
E       AssertionError: Regex pattern did not match.
E         Expected regex: 'INVALID_INPUT'
E         Actual message: 'Column patch request key must be bounded text without control characters'

tests/test_column_patch_controls.py:40: AssertionError
____ test_shared_validator_all_ascii_controls_and_read_before_any_sql[\x13] ____

char = '\x13'

    @pytest.mark.parametrize("char", [chr(i) for i in range(32)] + [chr(127)])
    def test_shared_validator_all_ascii_controls_and_read_before_any_sql(char):
        key = "owned" + char + "key"
        with pytest.raises(DomainError, match="INVALID_INPUT"):
>           validate_request_key(key)

tests/test_column_patch_controls.py:41: 
_ _ _ _ _ _ _ _ _ _ _ _ _ _ _ _ _ _ _ _ _ _ _ _ _ _ _ _ _ _ _ _ _ _ _ _ _ _ _ _ 

key = 'owned\x13key'

    def validate_request_key(key):
        """One SQL-before boundary for JSON, decoded path and restored ledger keys."""
        if (not isinstance(key, str) or not 1 <= len(key) <= 128
                or any(ord(ch) < 32 or ord(ch) == 127 for ch in key)):
>           raise DomainError("INVALID_INPUT", "Column patch request key must be bounded text without control characters")
E           sim2act.errors.DomainError: Column patch request key must be bounded text without control characters

src/sim2act/column_patches.py:29: DomainError

During handling of the above exception, another exception occurred:

char = '\x13'

    @pytest.mark.parametrize("char", [chr(i) for i in range(32)] + [chr(127)])
    def test_shared_validator_all_ascii_controls_and_read_before_any_sql(char):
        key = "owned" + char + "key"
>       with pytest.raises(DomainError, match="INVALID_INPUT"):
             ^^^^^^^^^^^^^^^^^^^^^^^^^^^^^^^^^^^^^^^^^^^^^^^^^
E       AssertionError: Regex pattern did not match.
E         Expected regex: 'INVALID_INPUT'
E         Actual message: 'Column patch request key must be bounded text without control characters'

tests/test_column_patch_controls.py:40: AssertionError
____ test_shared_validator_all_ascii_controls_and_read_before_any_sql[\x14] ____

char = '\x14'

    @pytest.mark.parametrize("char", [chr(i) for i in range(32)] + [chr(127)])
    def test_shared_validator_all_ascii_controls_and_read_before_any_sql(char):
        key = "owned" + char + "key"
        with pytest.raises(DomainError, match="INVALID_INPUT"):
>           validate_request_key(key)

tests/test_column_patch_controls.py:41: 
_ _ _ _ _ _ _ _ _ _ _ _ _ _ _ _ _ _ _ _ _ _ _ _ _ _ _ _ _ _ _ _ _ _ _ _ _ _ _ _ 

key = 'owned\x14key'

    def validate_request_key(key):
        """One SQL-before boundary for JSON, decoded path and restored ledger keys."""
        if (not isinstance(key, str) or not 1 <= len(key) <= 128
                or any(ord(ch) < 32 or ord(ch) == 127 for ch in key)):
>           raise DomainError("INVALID_INPUT", "Column patch request key must be bounded text without control characters")
E           sim2act.errors.DomainError: Column patch request key must be bounded text without control characters

src/sim2act/column_patches.py:29: DomainError

During handling of the above exception, another exception occurred:

char = '\x14'

    @pytest.mark.parametrize("char", [chr(i) for i in range(32)] + [chr(127)])
    def test_shared_validator_all_ascii_controls_and_read_before_any_sql(char):
        key = "owned" + char + "key"
>       with pytest.raises(DomainError, match="INVALID_INPUT"):
             ^^^^^^^^^^^^^^^^^^^^^^^^^^^^^^^^^^^^^^^^^^^^^^^^^
E       AssertionError: Regex pattern did not match.
E         Expected regex: 'INVALID_INPUT'
E         Actual message: 'Column patch request key must be bounded text without control characters'

tests/test_column_patch_controls.py:40: AssertionError
____ test_shared_validator_all_ascii_controls_and_read_before_any_sql[\x15] ____

char = '\x15'

    @pytest.mark.parametrize("char", [chr(i) for i in range(32)] + [chr(127)])
    def test_shared_validator_all_ascii_controls_and_read_before_any_sql(char):
        key = "owned" + char + "key"
        with pytest.raises(DomainError, match="INVALID_INPUT"):
>           validate_request_key(key)

tests/test_column_patch_controls.py:41: 
_ _ _ _ _ _ _ _ _ _ _ _ _ _ _ _ _ _ _ _ _ _ _ _ _ _ _ _ _ _ _ _ _ _ _ _ _ _ _ _ 

key = 'owned\x15key'

    def validate_request_key(key):
        """One SQL-before boundary for JSON, decoded path and restored ledger keys."""
        if (not isinstance(key, str) or not 1 <= len(key) <= 128
                or any(ord(ch) < 32 or ord(ch) == 127 for ch in key)):
>           raise DomainError("INVALID_INPUT", "Column patch request key must be bounded text without control characters")
E           sim2act.errors.DomainError: Column patch request key must be bounded text without control characters

src/sim2act/column_patches.py:29: DomainError

During handling of the above exception, another exception occurred:

char = '\x15'

    @pytest.mark.parametrize("char", [chr(i) for i in range(32)] + [chr(127)])
    def test_shared_validator_all_ascii_controls_and_read_before_any_sql(char):
        key = "owned" + char + "key"
>       with pytest.raises(DomainError, match="INVALID_INPUT"):
             ^^^^^^^^^^^^^^^^^^^^^^^^^^^^^^^^^^^^^^^^^^^^^^^^^
E       AssertionError: Regex pattern did not match.
E         Expected regex: 'INVALID_INPUT'
E         Actual message: 'Column patch request key must be bounded text without control characters'

tests/test_column_patch_controls.py:40: AssertionError
____ test_shared_validator_all_ascii_controls_and_read_before_any_sql[\x16] ____

char = '\x16'

    @pytest.mark.parametrize("char", [chr(i) for i in range(32)] + [chr(127)])
    def test_shared_validator_all_ascii_controls_and_read_before_any_sql(char):
        key = "owned" + char + "key"
        with pytest.raises(DomainError, match="INVALID_INPUT"):
>           validate_request_key(key)

tests/test_column_patch_controls.py:41: 
_ _ _ _ _ _ _ _ _ _ _ _ _ _ _ _ _ _ _ _ _ _ _ _ _ _ _ _ _ _ _ _ _ _ _ _ _ _ _ _ 

key = 'owned\x16key'

    def validate_request_key(key):
        """One SQL-before boundary for JSON, decoded path and restored ledger keys."""
        if (not isinstance(key, str) or not 1 <= len(key) <= 128
                or any(ord(ch) < 32 or ord(ch) == 127 for ch in key)):
>           raise DomainError("INVALID_INPUT", "Column patch request key must be bounded text without control characters")
E           sim2act.errors.DomainError: Column patch request key must be bounded text without control characters

src/sim2act/column_patches.py:29: DomainError

During handling of the above exception, another exception occurred:

char = '\x16'

    @pytest.mark.parametrize("char", [chr(i) for i in range(32)] + [chr(127)])
    def test_shared_validator_all_ascii_controls_and_read_before_any_sql(char):
        key = "owned" + char + "key"
>       with pytest.raises(DomainError, match="INVALID_INPUT"):
             ^^^^^^^^^^^^^^^^^^^^^^^^^^^^^^^^^^^^^^^^^^^^^^^^^
E       AssertionError: Regex pattern did not match.
E         Expected regex: 'INVALID_INPUT'
E         Actual message: 'Column patch request key must be bounded text without control characters'

tests/test_column_patch_controls.py:40: AssertionError
____ test_shared_validator_all_ascii_controls_and_read_before_any_sql[\x17] ____

char = '\x17'

    @pytest.mark.parametrize("char", [chr(i) for i in range(32)] + [chr(127)])
    def test_shared_validator_all_ascii_controls_and_read_before_any_sql(char):
        key = "owned" + char + "key"
        with pytest.raises(DomainError, match="INVALID_INPUT"):
>           validate_request_key(key)

tests/test_column_patch_controls.py:41: 
_ _ _ _ _ _ _ _ _ _ _ _ _ _ _ _ _ _ _ _ _ _ _ _ _ _ _ _ _ _ _ _ _ _ _ _ _ _ _ _ 

key = 'owned\x17key'

    def validate_request_key(key):
        """One SQL-before boundary for JSON, decoded path and restored ledger keys."""
        if (not isinstance(key, str) or not 1 <= len(key) <= 128
                or any(ord(ch) < 32 or ord(ch) == 127 for ch in key)):
>           raise DomainError("INVALID_INPUT", "Column patch request key must be bounded text without control characters")
E           sim2act.errors.DomainError: Column patch request key must be bounded text without control characters

src/sim2act/column_patches.py:29: DomainError

During handling of the above exception, another exception occurred:

char = '\x17'

    @pytest.mark.parametrize("char", [chr(i) for i in range(32)] + [chr(127)])
    def test_shared_validator_all_ascii_controls_and_read_before_any_sql(char):
        key = "owned" + char + "key"
>       with pytest.raises(DomainError, match="INVALID_INPUT"):
             ^^^^^^^^^^^^^^^^^^^^^^^^^^^^^^^^^^^^^^^^^^^^^^^^^
E       AssertionError: Regex pattern did not match.
E         Expected regex: 'INVALID_INPUT'
E         Actual message: 'Column patch request key must be bounded text without control characters'

tests/test_column_patch_controls.py:40: AssertionError
____ test_shared_validator_all_ascii_controls_and_read_before_any_sql[\x18] ____

char = '\x18'

    @pytest.mark.parametrize("char", [chr(i) for i in range(32)] + [chr(127)])
    def test_shared_validator_all_ascii_controls_and_read_before_any_sql(char):
        key = "owned" + char + "key"
        with pytest.raises(DomainError, match="INVALID_INPUT"):
>           validate_request_key(key)

tests/test_column_patch_controls.py:41: 
_ _ _ _ _ _ _ _ _ _ _ _ _ _ _ _ _ _ _ _ _ _ _ _ _ _ _ _ _ _ _ _ _ _ _ _ _ _ _ _ 

key = 'owned\x18key'

    def validate_request_key(key):
        """One SQL-before boundary for JSON, decoded path and restored ledger keys."""
        if (not isinstance(key, str) or not 1 <= len(key) <= 128
                or any(ord(ch) < 32 or ord(ch) == 127 for ch in key)):
>           raise DomainError("INVALID_INPUT", "Column patch request key must be bounded text without control characters")
E           sim2act.errors.DomainError: Column patch request key must be bounded text without control characters

src/sim2act/column_patches.py:29: DomainError

During handling of the above exception, another exception occurred:

char = '\x18'

    @pytest.mark.parametrize("char", [chr(i) for i in range(32)] + [chr(127)])
    def test_shared_validator_all_ascii_controls_and_read_before_any_sql(char):
        key = "owned" + char + "key"
>       with pytest.raises(DomainError, match="INVALID_INPUT"):
             ^^^^^^^^^^^^^^^^^^^^^^^^^^^^^^^^^^^^^^^^^^^^^^^^^
E       AssertionError: Regex pattern did not match.
E         Expected regex: 'INVALID_INPUT'
E         Actual message: 'Column patch request key must be bounded text without control characters'

tests/test_column_patch_controls.py:40: AssertionError
____ test_shared_validator_all_ascii_controls_and_read_before_any_sql[\x19] ____

char = '\x19'

    @pytest.mark.parametrize("char", [chr(i) for i in range(32)] + [chr(127)])
    def test_shared_validator_all_ascii_controls_and_read_before_any_sql(char):
        key = "owned" + char + "key"
        with pytest.raises(DomainError, match="INVALID_INPUT"):
>           validate_request_key(key)

tests/test_column_patch_controls.py:41: 
_ _ _ _ _ _ _ _ _ _ _ _ _ _ _ _ _ _ _ _ _ _ _ _ _ _ _ _ _ _ _ _ _ _ _ _ _ _ _ _ 

key = 'owned\x19key'

    def validate_request_key(key):
        """One SQL-before boundary for JSON, decoded path and restored ledger keys."""
        if (not isinstance(key, str) or not 1 <= len(key) <= 128
                or any(ord(ch) < 32 or ord(ch) == 127 for ch in key)):
>           raise DomainError("INVALID_INPUT", "Column patch request key must be bounded text without control characters")
E           sim2act.errors.DomainError: Column patch request key must be bounded text without control characters

src/sim2act/column_patches.py:29: DomainError

During handling of the above exception, another exception occurred:

char = '\x19'

    @pytest.mark.parametrize("char", [chr(i) for i in range(32)] + [chr(127)])
    def test_shared_validator_all_ascii_controls_and_read_before_any_sql(char):
        key = "owned" + char + "key"
>       with pytest.raises(DomainError, match="INVALID_INPUT"):
             ^^^^^^^^^^^^^^^^^^^^^^^^^^^^^^^^^^^^^^^^^^^^^^^^^
E       AssertionError: Regex pattern did not match.
E         Expected regex: 'INVALID_INPUT'
E         Actual message: 'Column patch request key must be bounded text without control characters'

tests/test_column_patch_controls.py:40: AssertionError
____ test_shared_validator_all_ascii_controls_and_read_before_any_sql[\x1a] ____

char = '\x1a'

    @pytest.mark.parametrize("char", [chr(i) for i in range(32)] + [chr(127)])
    def test_shared_validator_all_ascii_controls_and_read_before_any_sql(char):
        key = "owned" + char + "key"
        with pytest.raises(DomainError, match="INVALID_INPUT"):
>           validate_request_key(key)

tests/test_column_patch_controls.py:41: 
_ _ _ _ _ _ _ _ _ _ _ _ _ _ _ _ _ _ _ _ _ _ _ _ _ _ _ _ _ _ _ _ _ _ _ _ _ _ _ _ 

key = 'owned\x1akey'

    def validate_request_key(key):
        """One SQL-before boundary for JSON, decoded path and restored ledger keys."""
        if (not isinstance(key, str) or not 1 <= len(key) <= 128
                or any(ord(ch) < 32 or ord(ch) == 127 for ch in key)):
>           raise DomainError("INVALID_INPUT", "Column patch request key must be bounded text without control characters")
E           sim2act.errors.DomainError: Column patch request key must be bounded text without control characters

src/sim2act/column_patches.py:29: DomainError

During handling of the above exception, another exception occurred:

char = '\x1a'

    @pytest.mark.parametrize("char", [chr(i) for i in range(32)] + [chr(127)])
    def test_shared_validator_all_ascii_controls_and_read_before_any_sql(char):
        key = "owned" + char + "key"
>       with pytest.raises(DomainError, match="INVALID_INPUT"):
             ^^^^^^^^^^^^^^^^^^^^^^^^^^^^^^^^^^^^^^^^^^^^^^^^^
E       AssertionError: Regex pattern did not match.
E         Expected regex: 'INVALID_INPUT'
E         Actual message: 'Column patch request key must be bounded text without control characters'

tests/test_column_patch_controls.py:40: AssertionError
____ test_shared_validator_all_ascii_controls_and_read_before_any_sql[\x1b] ____

char = '\x1b'

    @pytest.mark.parametrize("char", [chr(i) for i in range(32)] + [chr(127)])
    def test_shared_validator_all_ascii_controls_and_read_before_any_sql(char):
        key = "owned" + char + "key"
        with pytest.raises(DomainError, match="INVALID_INPUT"):
>           validate_request_key(key)

tests/test_column_patch_controls.py:41: 
_ _ _ _ _ _ _ _ _ _ _ _ _ _ _ _ _ _ _ _ _ _ _ _ _ _ _ _ _ _ _ _ _ _ _ _ _ _ _ _ 

key = 'owned\x1bkey'

    def validate_request_key(key):
        """One SQL-before boundary for JSON, decoded path and restored ledger keys."""
        if (not isinstance(key, str) or not 1 <= len(key) <= 128
                or any(ord(ch) < 32 or ord(ch) == 127 for ch in key)):
>           raise DomainError("INVALID_INPUT", "Column patch request key must be bounded text without control characters")
E           sim2act.errors.DomainError: Column patch request key must be bounded text without control characters

src/sim2act/column_patches.py:29: DomainError

During handling of the above exception, another exception occurred:

char = '\x1b'

    @pytest.mark.parametrize("char", [chr(i) for i in range(32)] + [chr(127)])
    def test_shared_validator_all_ascii_controls_and_read_before_any_sql(char):
        key = "owned" + char + "key"
>       with pytest.raises(DomainError, match="INVALID_INPUT"):
             ^^^^^^^^^^^^^^^^^^^^^^^^^^^^^^^^^^^^^^^^^^^^^^^^^
E       AssertionError: Regex pattern did not match.
E         Expected regex: 'INVALID_INPUT'
E         Actual message: 'Column patch request key must be bounded text without control characters'

tests/test_column_patch_controls.py:40: AssertionError
____ test_shared_validator_all_ascii_controls_and_read_before_any_sql[\x1c] ____

char = '\x1c'

    @pytest.mark.parametrize("char", [chr(i) for i in range(32)] + [chr(127)])
    def test_shared_validator_all_ascii_controls_and_read_before_any_sql(char):
        key = "owned" + char + "key"
        with pytest.raises(DomainError, match="INVALID_INPUT"):
>           validate_request_key(key)

tests/test_column_patch_controls.py:41: 
_ _ _ _ _ _ _ _ _ _ _ _ _ _ _ _ _ _ _ _ _ _ _ _ _ _ _ _ _ _ _ _ _ _ _ _ _ _ _ _ 

key = 'owned\x1ckey'

    def validate_request_key(key):
        """One SQL-before boundary for JSON, decoded path and restored ledger keys."""
        if (not isinstance(key, str) or not 1 <= len(key) <= 128
                or any(ord(ch) < 32 or ord(ch) == 127 for ch in key)):
>           raise DomainError("INVALID_INPUT", "Column patch request key must be bounded text without control characters")
E           sim2act.errors.DomainError: Column patch request key must be bounded text without control characters

src/sim2act/column_patches.py:29: DomainError

During handling of the above exception, another exception occurred:

char = '\x1c'

    @pytest.mark.parametrize("char", [chr(i) for i in range(32)] + [chr(127)])
    def test_shared_validator_all_ascii_controls_and_read_before_any_sql(char):
        key = "owned" + char + "key"
>       with pytest.raises(DomainError, match="INVALID_INPUT"):
             ^^^^^^^^^^^^^^^^^^^^^^^^^^^^^^^^^^^^^^^^^^^^^^^^^
E       AssertionError: Regex pattern did not match.
E         Expected regex: 'INVALID_INPUT'
E         Actual message: 'Column patch request key must be bounded text without control characters'

tests/test_column_patch_controls.py:40: AssertionError
____ test_shared_validator_all_ascii_controls_and_read_before_any_sql[\x1d] ____

char = '\x1d'

    @pytest.mark.parametrize("char", [chr(i) for i in range(32)] + [chr(127)])
    def test_shared_validator_all_ascii_controls_and_read_before_any_sql(char):
        key = "owned" + char + "key"
        with pytest.raises(DomainError, match="INVALID_INPUT"):
>           validate_request_key(key)

tests/test_column_patch_controls.py:41: 
_ _ _ _ _ _ _ _ _ _ _ _ _ _ _ _ _ _ _ _ _ _ _ _ _ _ _ _ _ _ _ _ _ _ _ _ _ _ _ _ 

key = 'owned\x1dkey'

    def validate_request_key(key):
        """One SQL-before boundary for JSON, decoded path and restored ledger keys."""
        if (not isinstance(key, str) or not 1 <= len(key) <= 128
                or any(ord(ch) < 32 or ord(ch) == 127 for ch in key)):
>           raise DomainError("INVALID_INPUT", "Column patch request key must be bounded text without control characters")
E           sim2act.errors.DomainError: Column patch request key must be bounded text without control characters

src/sim2act/column_patches.py:29: DomainError

During handling of the above exception, another exception occurred:

char = '\x1d'

    @pytest.mark.parametrize("char", [chr(i) for i in range(32)] + [chr(127)])
    def test_shared_validator_all_ascii_controls_and_read_before_any_sql(char):
        key = "owned" + char + "key"
>       with pytest.raises(DomainError, match="INVALID_INPUT"):
             ^^^^^^^^^^^^^^^^^^^^^^^^^^^^^^^^^^^^^^^^^^^^^^^^^
E       AssertionError: Regex pattern did not match.
E         Expected regex: 'INVALID_INPUT'
E         Actual message: 'Column patch request key must be bounded text without control characters'

tests/test_column_patch_controls.py:40: AssertionError
____ test_shared_validator_all_ascii_controls_and_read_before_any_sql[\x1e] ____

char = '\x1e'

    @pytest.mark.parametrize("char", [chr(i) for i in range(32)] + [chr(127)])
    def test_shared_validator_all_ascii_controls_and_read_before_any_sql(char):
        key = "owned" + char + "key"
        with pytest.raises(DomainError, match="INVALID_INPUT"):
>           validate_request_key(key)

tests/test_column_patch_controls.py:41: 
_ _ _ _ _ _ _ _ _ _ _ _ _ _ _ _ _ _ _ _ _ _ _ _ _ _ _ _ _ _ _ _ _ _ _ _ _ _ _ _ 

key = 'owned\x1ekey'

    def validate_request_key(key):
        """One SQL-before boundary for JSON, decoded path and restored ledger keys."""
        if (not isinstance(key, str) or not 1 <= len(key) <= 128
                or any(ord(ch) < 32 or ord(ch) == 127 for ch in key)):
>           raise DomainError("INVALID_INPUT", "Column patch request key must be bounded text without control characters")
E           sim2act.errors.DomainError: Column patch request key must be bounded text without control characters

src/sim2act/column_patches.py:29: DomainError

During handling of the above exception, another exception occurred:

char = '\x1e'

    @pytest.mark.parametrize("char", [chr(i) for i in range(32)] + [chr(127)])
    def test_shared_validator_all_ascii_controls_and_read_before_any_sql(char):
        key = "owned" + char + "key"
>       with pytest.raises(DomainError, match="INVALID_INPUT"):
             ^^^^^^^^^^^^^^^^^^^^^^^^^^^^^^^^^^^^^^^^^^^^^^^^^
E       AssertionError: Regex pattern did not match.
E         Expected regex: 'INVALID_INPUT'
E         Actual message: 'Column patch request key must be bounded text without control characters'

tests/test_column_patch_controls.py:40: AssertionError
____ test_shared_validator_all_ascii_controls_and_read_before_any_sql[\x1f] ____

char = '\x1f'

    @pytest.mark.parametrize("char", [chr(i) for i in range(32)] + [chr(127)])
    def test_shared_validator_all_ascii_controls_and_read_before_any_sql(char):
        key = "owned" + char + "key"
        with pytest.raises(DomainError, match="INVALID_INPUT"):
>           validate_request_key(key)

tests/test_column_patch_controls.py:41: 
_ _ _ _ _ _ _ _ _ _ _ _ _ _ _ _ _ _ _ _ _ _ _ _ _ _ _ _ _ _ _ _ _ _ _ _ _ _ _ _ 

key = 'owned\x1fkey'

    def validate_request_key(key):
        """One SQL-before boundary for JSON, decoded path and restored ledger keys."""
        if (not isinstance(key, str) or not 1 <= len(key) <= 128
                or any(ord(ch) < 32 or ord(ch) == 127 for ch in key)):
>           raise DomainError("INVALID_INPUT", "Column patch request key must be bounded text without control characters")
E           sim2act.errors.DomainError: Column patch request key must be bounded text without control characters

src/sim2act/column_patches.py:29: DomainError

During handling of the above exception, another exception occurred:

char = '\x1f'

    @pytest.mark.parametrize("char", [chr(i) for i in range(32)] + [chr(127)])
    def test_shared_validator_all_ascii_controls_and_read_before_any_sql(char):
        key = "owned" + char + "key"
>       with pytest.raises(DomainError, match="INVALID_INPUT"):
             ^^^^^^^^^^^^^^^^^^^^^^^^^^^^^^^^^^^^^^^^^^^^^^^^^
E       AssertionError: Regex pattern did not match.
E         Expected regex: 'INVALID_INPUT'
E         Actual message: 'Column patch request key must be bounded text without control characters'

tests/test_column_patch_controls.py:40: AssertionError
____ test_shared_validator_all_ascii_controls_and_read_before_any_sql[\x7f] ____

char = '\x7f'

    @pytest.mark.parametrize("char", [chr(i) for i in range(32)] + [chr(127)])
    def test_shared_validator_all_ascii_controls_and_read_before_any_sql(char):
        key = "owned" + char + "key"
        with pytest.raises(DomainError, match="INVALID_INPUT"):
>           validate_request_key(key)

tests/test_column_patch_controls.py:41: 
_ _ _ _ _ _ _ _ _ _ _ _ _ _ _ _ _ _ _ _ _ _ _ _ _ _ _ _ _ _ _ _ _ _ _ _ _ _ _ _ 

key = 'owned\x7fkey'

    def validate_request_key(key):
        """One SQL-before boundary for JSON, decoded path and restored ledger keys."""
        if (not isinstance(key, str) or not 1 <= len(key) <= 128
                or any(ord(ch) < 32 or ord(ch) == 127 for ch in key)):
>           raise DomainError("INVALID_INPUT", "Column patch request key must be bounded text without control characters")
E           sim2act.errors.DomainError: Column patch request key must be bounded text without control characters

src/sim2act/column_patches.py:29: DomainError

During handling of the above exception, another exception occurred:

char = '\x7f'

    @pytest.mark.parametrize("char", [chr(i) for i in range(32)] + [chr(127)])
    def test_shared_validator_all_ascii_controls_and_read_before_any_sql(char):
        key = "owned" + char + "key"
>       with pytest.raises(DomainError, match="INVALID_INPUT"):
             ^^^^^^^^^^^^^^^^^^^^^^^^^^^^^^^^^^^^^^^^^^^^^^^^^
E       AssertionError: Regex pattern did not match.
E         Expected regex: 'INVALID_INPUT'
E         Actual message: 'Column patch request key must be bounded text without control characters'

tests/test_column_patch_controls.py:40: AssertionError
______ test_sqlite_legacy_control_receipts_retained_but_not_current_proof ______

self = <sqlalchemy.sql.base.ReadOnlyColumnCollection object at 0x7fae58bbc950>
key = 'id'

    def __getattr__(self, key: str) -> _COL_co:
        try:
>           return self._index[key][1]
                   ^^^^^^^^^^^^^^^^
E           KeyError: 'id'

.venv/lib/python3.12/site-packages/sqlalchemy/sql/base.py:1725: KeyError

The above exception was the direct cause of the following exception:

env = (<sim2act.db.Store object at 0x7fae5681d610>, Settings(database_url='sqlite:////tmp/sim2act-control-stage/test_sqlite_...5892bc95ab4b69aa51e39630050c3e', 'user_86962f7075d246409cb779ea2f93caa6', 'proj_fc582c66b3f141f7bbafa36485d9de6c', ...)
http = <httpx.Client object at 0x7fae5854ee70>

    def test_sqlite_legacy_control_receipts_retained_but_not_current_proof(env, http):
        if not env[0].sqlite:
            pytest.skip("PostgreSQL cannot historically store NUL text; SQLite legacy fixture only")
        aid, _, _, body, _ = setup(env)
        target = url(env, aid)
        patch = http.post(target, json=body).json()
        confirmation = check_body(patch, "old-check")
        assert http.post(target + "/new-definition/checks", json=confirmation).status_code == 201
        with env[0].tx() as c:
            records = c.execute(select(delivery_graph_requests).where(
                delivery_graph_requests.c.app_id == aid,
                delivery_graph_requests.c.kind.in_(["column_check", "column_check_seal"]))).mappings().all()
            for row in records:
                saved = copy.deepcopy(row["snapshot"])
                saved["request"]["request_key"] = "nul\0legacy"
                saved["response"]["request_key"] = "nul\0legacy"
                saved["response"].pop("check_fingerprint")
                saved["response"]["check_fingerprint"] = fingerprint(saved["response"])
>               c.execute(update(delivery_graph_requests).where(delivery_graph_requests.c.id == row["id"]).values(
                                                                ^^^^^^^^^^^^^^^^^^^^^^^^^^^^
                    request_key="nul\0legacy", request_fingerprint=fingerprint(saved["request"]),
                    snapshot=saved, fingerprint=fingerprint(saved)))

tests/test_column_patch_controls.py:123: 
_ _ _ _ _ _ _ _ _ _ _ _ _ _ _ _ _ _ _ _ _ _ _ _ _ _ _ _ _ _ _ _ _ _ _ _ _ _ _ _ 

self = <sqlalchemy.sql.base.ReadOnlyColumnCollection object at 0x7fae58bbc950>
key = 'id'

    def __getattr__(self, key: str) -> _COL_co:
        try:
            return self._index[key][1]
        except KeyError as err:
>           raise AttributeError(key) from err
E           AttributeError: id

.venv/lib/python3.12/site-packages/sqlalchemy/sql/base.py:1727: AttributeError
=============================== warnings summary ===============================
.venv/lib/python3.12/site-packages/fastapi/testclient.py:1
  /workspace/Sim2Act/.venv/lib/python3.12/site-packages/fastapi/testclient.py:1: StarletteDeprecationWarning: Using `httpx` with `starlette.testclient` is deprecated; install `httpx2` instead.
    from starlette.testclient import TestClient as TestClient  # noqa

-- Docs: https://docs.pytest.org/en/stable/how-to/capture-warnings.html
=========================== short test summary info ============================
FAILED tests/test_column_patch_controls.py::test_shared_validator_all_ascii_controls_and_read_before_any_sql[\x00]
FAILED tests/test_column_patch_controls.py::test_shared_validator_all_ascii_controls_and_read_before_any_sql[\x01]
FAILED tests/test_column_patch_controls.py::test_shared_validator_all_ascii_controls_and_read_before_any_sql[\x02]
FAILED tests/test_column_patch_controls.py::test_shared_validator_all_ascii_controls_and_read_before_any_sql[\x03]
FAILED tests/test_column_patch_controls.py::test_shared_validator_all_ascii_controls_and_read_before_any_sql[\x04]
FAILED tests/test_column_patch_controls.py::test_shared_validator_all_ascii_controls_and_read_before_any_sql[\x05]
FAILED tests/test_column_patch_controls.py::test_shared_validator_all_ascii_controls_and_read_before_any_sql[\x06]
FAILED tests/test_column_patch_controls.py::test_shared_validator_all_ascii_controls_and_read_before_any_sql[\x07]
FAILED tests/test_column_patch_controls.py::test_shared_validator_all_ascii_controls_and_read_before_any_sql[\x08]
FAILED tests/test_column_patch_controls.py::test_shared_validator_all_ascii_controls_and_read_before_any_sql[\t]
FAILED tests/test_column_patch_controls.py::test_shared_validator_all_ascii_controls_and_read_before_any_sql[\n]
FAILED tests/test_column_patch_controls.py::test_shared_validator_all_ascii_controls_and_read_before_any_sql[\x0b]
FAILED tests/test_column_patch_controls.py::test_shared_validator_all_ascii_controls_and_read_before_any_sql[\x0c]
FAILED tests/test_column_patch_controls.py::test_shared_validator_all_ascii_controls_and_read_before_any_sql[\r]
FAILED tests/test_column_patch_controls.py::test_shared_validator_all_ascii_controls_and_read_before_any_sql[\x0e]
FAILED tests/test_column_patch_controls.py::test_shared_validator_all_ascii_controls_and_read_before_any_sql[\x0f]
FAILED tests/test_column_patch_controls.py::test_shared_validator_all_ascii_controls_and_read_before_any_sql[\x10]
FAILED tests/test_column_patch_controls.py::test_shared_validator_all_ascii_controls_and_read_before_any_sql[\x11]
FAILED tests/test_column_patch_controls.py::test_shared_validator_all_ascii_controls_and_read_before_any_sql[\x12]
FAILED tests/test_column_patch_controls.py::test_shared_validator_all_ascii_controls_and_read_before_any_sql[\x13]
FAILED tests/test_column_patch_controls.py::test_shared_validator_all_ascii_controls_and_read_before_any_sql[\x14]
FAILED tests/test_column_patch_controls.py::test_shared_validator_all_ascii_controls_and_read_before_any_sql[\x15]
FAILED tests/test_column_patch_controls.py::test_shared_validator_all_ascii_controls_and_read_before_any_sql[\x16]
FAILED tests/test_column_patch_controls.py::test_shared_validator_all_ascii_controls_and_read_before_any_sql[\x17]
FAILED tests/test_column_patch_controls.py::test_shared_validator_all_ascii_controls_and_read_before_any_sql[\x18]
FAILED tests/test_column_patch_controls.py::test_shared_validator_all_ascii_controls_and_read_before_any_sql[\x19]
FAILED tests/test_column_patch_controls.py::test_shared_validator_all_ascii_controls_and_read_before_any_sql[\x1a]
FAILED tests/test_column_patch_controls.py::test_shared_validator_all_ascii_controls_and_read_before_any_sql[\x1b]
FAILED tests/test_column_patch_controls.py::test_shared_validator_all_ascii_controls_and_read_before_any_sql[\x1c]
FAILED tests/test_column_patch_controls.py::test_shared_validator_all_ascii_controls_and_read_before_any_sql[\x1d]
FAILED tests/test_column_patch_controls.py::test_shared_validator_all_ascii_controls_and_read_before_any_sql[\x1e]
FAILED tests/test_column_patch_controls.py::test_shared_validator_all_ascii_controls_and_read_before_any_sql[\x1f]
FAILED tests/test_column_patch_controls.py::test_shared_validator_all_ascii_controls_and_read_before_any_sql[\x7f]
FAILED tests/test_column_patch_controls.py::test_sqlite_legacy_control_receipts_retained_but_not_current_proof
34 failed, 57 passed, 1 warning in 54.47s
