tests/test_manual_locks.py::test_real_lock_conflict_unlock_new_exact_plan_and_read_checks
tests/test_manual_locks.py::test_bad_versions_confirmation_and_keys_zero_writes[expected_graph_revision-True]
tests/test_manual_locks.py::test_bad_versions_confirmation_and_keys_zero_writes[expected_lock_revision-True]
tests/test_manual_locks.py::test_bad_versions_confirmation_and_keys_zero_writes[expected_lock_revision-9]
tests/test_manual_locks.py::test_bad_versions_confirmation_and_keys_zero_writes[expected_graph_revision-9]
tests/test_manual_locks.py::test_bad_versions_confirmation_and_keys_zero_writes[consent-]
tests/test_manual_locks.py::test_bad_versions_confirmation_and_keys_zero_writes[locked-1]
tests/test_manual_locks.py::test_bad_versions_confirmation_and_keys_zero_writes[request_key-bad\x00key]
tests/test_manual_locks.py::test_bad_versions_confirmation_and_keys_zero_writes[expected_graph_fingerprint-0000000000000000000000000000000000000000000000000000000000000000]
tests/test_manual_locks.py::test_current_authority_and_source_gate_precede_recovery[foreign]
tests/test_manual_locks.py::test_current_authority_and_source_gate_precede_recovery[transfer]
tests/test_manual_locks.py::test_current_authority_and_source_gate_precede_recovery[revoke]
tests/test_manual_locks.py::test_current_authority_and_source_gate_precede_recovery[source]
tests/test_manual_locks.py::test_same_key_changed_body_and_aba_cas_preserve_history
tests/test_manual_locks.py::test_actual_concurrent_lock_modify_unlock[lock-lock]
tests/test_manual_locks.py::test_actual_concurrent_lock_modify_unlock[lock-modify]
tests/test_manual_locks.py::test_actual_concurrent_lock_modify_unlock[unlock-unlock]
tests/test_manual_locks.py::test_old_internal_lock_compatible_public_unlock_and_noop_rejected
tests/test_manual_locks.py::test_tampered_accepted_lock_ledger_is_not_current_proof[manual_edit_lock]
tests/test_manual_locks.py::test_tampered_accepted_lock_ledger_is_not_current_proof[manual_edit_lock_seal]
tests/test_manual_locks.py::test_tampered_accepted_lock_ledger_is_not_current_proof[lock]
tests/test_manual_locks.py::test_cold_store_recovery_after_derive_and_source_change_invalidates
tests/test_manual_locks.py::test_pg_minimum_crud_role_manual_lock_and_cold_receipt
tests/test_manual_locks.py::test_non_csv_family_and_client_identity_fields_cannot_expand_lock_scope
tests/test_manual_locks_ui.py::test_manual_lock_actual_http_dom
tests/test_delivery_graph_apps.py::test_csv_real_anchor_restart_idempotency_and_pending_scope_jobs
tests/test_delivery_graph_apps.py::test_client_fields_never_gain_context_or_write[context]
tests/test_delivery_graph_apps.py::test_client_fields_never_gain_context_or_write[graph]
tests/test_delivery_graph_apps.py::test_client_fields_never_gain_context_or_write[previous_receipt]
tests/test_delivery_graph_apps.py::test_client_fields_never_gain_context_or_write[authorized]
tests/test_delivery_graph_apps.py::test_client_fields_never_gain_context_or_write[scope]
tests/test_delivery_graph_apps.py::test_client_fields_never_gain_context_or_write[presentation_only]
tests/test_delivery_graph_apps.py::test_scope_source_and_version_rejections_write_nothing[scope]
tests/test_delivery_graph_apps.py::test_scope_source_and_version_rejections_write_nothing[identity]
tests/test_delivery_graph_apps.py::test_scope_source_and_version_rejections_write_nothing[candidate]
tests/test_delivery_graph_apps.py::test_scope_source_and_version_rejections_write_nothing[resource_hash]
tests/test_delivery_graph_apps.py::test_scope_source_and_version_rejections_write_nothing[resource_content]
tests/test_delivery_graph_apps.py::test_scope_source_and_version_rejections_write_nothing[resource_status]
tests/test_delivery_graph_apps.py::test_scope_source_and_version_rejections_write_nothing[runtime_revoke]
tests/test_delivery_graph_apps.py::test_scope_source_and_version_rejections_write_nothing[stale_node]
tests/test_delivery_graph_apps.py::test_scope_source_and_version_rejections_write_nothing[same_key]
tests/test_delivery_graph_apps.py::test_persistent_coherent_tampering_is_typed_and_zero_write[state_rehash]
tests/test_delivery_graph_apps.py::test_persistent_coherent_tampering_is_typed_and_zero_write[seal_rehash]
tests/test_delivery_graph_apps.py::test_persistent_coherent_tampering_is_typed_and_zero_write[source_bool]
tests/test_delivery_graph_apps.py::test_persistent_coherent_tampering_is_typed_and_zero_write[receipt_bool]
tests/test_delivery_graph_apps.py::test_persistent_coherent_tampering_is_typed_and_zero_write[receipt_int]
tests/test_delivery_graph_apps.py::test_persistent_coherent_tampering_is_typed_and_zero_write[job]
tests/test_delivery_graph_apps.py::test_pg_existing_crud_role_graph_and_plan_never_ddl
tests/test_delivery_graph_apps.py::test_server_registry_version_sequence_stable_slots_and_authorization_generation
tests/test_delivery_graph_apps.py::test_real_report_origin_two_sources_project_pending_jobs_and_unsupported_omission
tests/test_delivery_graph_apps.py::test_competing_same_key_serializes_one_anchor_and_one_pending_job
tests/test_delivery_graph_apps.py::test_project_replay_and_history_bind_current_peer_graph_authority_lock_membership[peer_anchor]
tests/test_delivery_graph_apps.py::test_project_replay_and_history_bind_current_peer_graph_authority_lock_membership[peer_auth]
tests/test_delivery_graph_apps.py::test_project_replay_and_history_bind_current_peer_graph_authority_lock_membership[peer_lock]
tests/test_delivery_graph_apps.py::test_project_replay_and_history_bind_current_peer_graph_authority_lock_membership[membership]
tests/test_delivery_graph_apps.py::test_project_replay_and_history_bind_current_peer_graph_authority_lock_membership[peer_graph_bool]
tests/test_delivery_graph_apps.py::test_initial_affected_manual_lock_rejects_project_without_ledger_writes[target]
tests/test_delivery_graph_apps.py::test_initial_affected_manual_lock_rejects_project_without_ledger_writes[peer]
tests/test_delivery_graph_apps.py::test_internal_lock_owner_and_client_context_are_not_authority
tests/test_delivery_graph_apps.py::test_project_missing_peer_anchor_is_explicit_partial_not_candidate_only_job
tests/test_column_patches.py::test_new_definition_draft_exact_check_cold_history_and_preserved_objects
tests/test_column_patches.py::test_closed_definition_negative_cases_zero_write[column]
tests/test_column_patches.py::test_closed_definition_negative_cases_zero_write[same_column]
tests/test_column_patches.py::test_closed_definition_negative_cases_zero_write[schema]
tests/test_column_patches.py::test_closed_definition_negative_cases_zero_write[scope]
tests/test_column_patches.py::test_closed_definition_negative_cases_zero_write[candidate]
tests/test_column_patches.py::test_closed_definition_negative_cases_zero_write[node]
tests/test_column_patches.py::test_closed_definition_negative_cases_zero_write[bool_revision]
tests/test_column_patches.py::test_closed_definition_negative_cases_zero_write[stale_graph]
tests/test_column_patches.py::test_closed_definition_negative_cases_zero_write[permission]
tests/test_column_patches.py::test_closed_definition_negative_cases_zero_write[code]
tests/test_column_patches.py::test_closed_definition_negative_cases_zero_write[kind]
tests/test_column_patches.py::test_saved_patch_and_check_invalidation_zero_write[owner_revoke]
tests/test_column_patches.py::test_saved_patch_and_check_invalidation_zero_write[runtime_revoke]
tests/test_column_patches.py::test_saved_patch_and_check_invalidation_zero_write[source]
tests/test_column_patches.py::test_saved_patch_and_check_invalidation_zero_write[source_rehash]
tests/test_column_patches.py::test_saved_patch_and_check_invalidation_zero_write[lock]
tests/test_column_patches.py::test_saved_patch_and_check_invalidation_zero_write[identity]
tests/test_column_patches.py::test_saved_patch_and_check_invalidation_zero_write[project]
tests/test_column_patches.py::test_saved_patch_and_check_invalidation_zero_write[definition_tamper]
tests/test_column_patches.py::test_saved_patch_and_check_invalidation_zero_write[check_tamper]
tests/test_column_patches.py::test_saved_patch_and_check_invalidation_zero_write[same_key]
tests/test_column_patches.py::test_duplicate_definition_and_checks_serialized_by_existing_project_lock
tests/test_column_patches.py::test_old_patch_invalidates_after_lock_cycle_without_hiding_new_draft
tests/test_column_patches.py::test_coherently_resigned_saved_check_cannot_promote_false_result
tests/test_column_patches.py::test_history_capacity_rejects_extra_acceptance_but_keeps_original_keys[column_patch]
tests/test_column_patches.py::test_history_capacity_rejects_extra_acceptance_but_keeps_original_keys[column_check]
tests/test_column_patches.py::test_project_unknown_dependencies_block_execution_without_rewriting
tests/test_column_patch_ui.py::test_column_patch_actual_http_dom_recovery_exact_version_and_revocation
tests/test_delivery_graph_apps_ui.py::test_delivery_graph_actual_http_dom[CSV]
tests/test_delivery_graph_apps_ui.py::test_delivery_graph_actual_http_dom[REPORT]
tests/test_csv_dag_upgrade.py::test_actual_old_source_upgrade_retains_history_and_requires_new_exact_confirmation[SIM2ACT_UPGRADE_OLD_ARCHIVE-5a5543c902fbb78dd91c28c98386af51fb24dd67-91efd66bd69498c0aa62eefa285112095383d4f950d6cab0c2fa017de0a02aa5]
tests/test_csv_dag_upgrade.py::test_actual_old_source_upgrade_retains_history_and_requires_new_exact_confirmation[SIM2ACT_UPGRADE_CORE_ARCHIVE-1b65e94ebd81c1e31091b3078b8223328b726294-240c76f358870a9d933f94d129eeda362553092035044d6f306ee4dd7a58b3c0]
tests/test_controlled_branches.py::test_same_exact_plan_distinct_inputs_actual_paths_and_cold_key_recovery
tests/test_controlled_branches.py::test_branch_confirmation_wrong_exact_fingerprint_and_key_change_zero_write
tests/test_run_dispatch_owner.py::test_foreign_store_denied_before_any_ledger_read[dag-inspect]
tests/test_run_dispatch_owner.py::test_foreign_store_denied_before_any_ledger_read[dag-command]
tests/test_run_dispatch_owner.py::test_foreign_store_denied_before_any_ledger_read[dag-reconcile]
tests/test_run_dispatch_owner.py::test_foreign_store_denied_before_any_ledger_read[protocol-inspect]
tests/test_run_dispatch_owner.py::test_foreign_store_denied_before_any_ledger_read[protocol-command]
tests/test_run_dispatch_owner.py::test_foreign_store_denied_before_any_ledger_read[protocol-reconcile]
tests/test_run_dispatch_owner.py::test_foreign_store_denied_before_any_ledger_read[app-inspect]
tests/test_run_dispatch_owner.py::test_foreign_store_denied_before_any_ledger_read[app-command]
tests/test_run_dispatch_owner.py::test_foreign_store_denied_before_any_ledger_read[app-reconcile]
tests/test_run_dispatch_owner.py::test_foreign_store_denied_before_any_ledger_read[ordinary-inspect]
tests/test_run_dispatch_owner.py::test_foreign_store_denied_before_any_ledger_read[ordinary-command]
tests/test_run_dispatch_owner.py::test_foreign_store_denied_before_any_ledger_read[ordinary-reconcile]

=============================== warnings summary ===============================
.venv/lib/python3.12/site-packages/fastapi/testclient.py:1
  /workspace/Sim2Act/.venv/lib/python3.12/site-packages/fastapi/testclient.py:1: StarletteDeprecationWarning: Using `httpx` with `starlette.testclient` is deprecated; install `httpx2` instead.
    from starlette.testclient import TestClient as TestClient  # noqa

-- Docs: https://docs.pytest.org/en/stable/how-to/capture-warnings.html
107 tests collected in 0.29s
