/workspace/Sim2Act/.venv/lib/python3.12/site-packages/fastapi/testclient.py:1: StarletteDeprecationWarning: Using `httpx` with `starlette.testclient` is deprecated; install `httpx2` instead.
  from starlette.testclient import TestClient as TestClient  # noqa
history-oracles PASS 64
write-fresh-scope PASS 8
Traceback (most recent call last):
  File "/tmp/sim2act-read-stability-independent-20261010/backend.py", line 53, in <module>
    r2=client.post(url+'/independent-alpha/checks',json={'expected_patch_fingerprint':cfg['patches']['alpha']['patch_fingerprint'],'request_key':'independent-after-corruption-'+case});ck(r2.status_code in [400,403,409],case+' write-side still refuses bad current scope/proof',checks);ck(fingerprint(state(store))==before,'write-side refusal no durable write',checks);(folder/'write-response.json').write_text(json.dumps({'http':r2.status_code,'body':r2.json()},indent=2));ck(not any(s.lstrip().split()[0].upper() in ['INSERT','UPDATE','DELETE'] for s in sql[n:]),'history/write refusal issue zero SQL mutations',checks)
                                                                                                                                                                                        ^^^^^^^^^^^^^^^^^^^^^^^^^^^^^^^^^^^^^^^^^^^^^^^^^^^^^^^^^^^^^^^^^^^^^^^^^^^^^^^^^^^^^^^^^^^^^^^^^^^
  File "/tmp/sim2act-read-stability-independent-20261010/backend.py", line 3, in ck
    def ck(v,label,checks):assert v,label;checks.append(label)
                                  ^
AssertionError: coherent-text write-side still refuses bad current scope/proof

coherent-text FAIL 2
Traceback (most recent call last):
  File "/tmp/sim2act-read-stability-independent-20261010/backend.py", line 53, in <module>
    r2=client.post(url+'/independent-alpha/checks',json={'expected_patch_fingerprint':cfg['patches']['alpha']['patch_fingerprint'],'request_key':'independent-after-corruption-'+case});ck(r2.status_code in [400,403,409],case+' write-side still refuses bad current scope/proof',checks);ck(fingerprint(state(store))==before,'write-side refusal no durable write',checks);(folder/'write-response.json').write_text(json.dumps({'http':r2.status_code,'body':r2.json()},indent=2));ck(not any(s.lstrip().split()[0].upper() in ['INSERT','UPDATE','DELETE'] for s in sql[n:]),'history/write refusal issue zero SQL mutations',checks)
                                                                                                                                                                                        ^^^^^^^^^^^^^^^^^^^^^^^^^^^^^^^^^^^^^^^^^^^^^^^^^^^^^^^^^^^^^^^^^^^^^^^^^^^^^^^^^^^^^^^^^^^^^^^^^^^
  File "/tmp/sim2act-read-stability-independent-20261010/backend.py", line 3, in ck
    def ck(v,label,checks):assert v,label;checks.append(label)
                                  ^
AssertionError: cross-definition write-side still refuses bad current scope/proof

cross-definition FAIL 2
Traceback (most recent call last):
  File "/tmp/sim2act-read-stability-independent-20261010/backend.py", line 53, in <module>
    r2=client.post(url+'/independent-alpha/checks',json={'expected_patch_fingerprint':cfg['patches']['alpha']['patch_fingerprint'],'request_key':'independent-after-corruption-'+case});ck(r2.status_code in [400,403,409],case+' write-side still refuses bad current scope/proof',checks);ck(fingerprint(state(store))==before,'write-side refusal no durable write',checks);(folder/'write-response.json').write_text(json.dumps({'http':r2.status_code,'body':r2.json()},indent=2));ck(not any(s.lstrip().split()[0].upper() in ['INSERT','UPDATE','DELETE'] for s in sql[n:]),'history/write refusal issue zero SQL mutations',checks)
                                                                                                                                                                                        ^^^^^^^^^^^^^^^^^^^^^^^^^^^^^^^^^^^^^^^^^^^^^^^^^^^^^^^^^^^^^^^^^^^^^^^^^^^^^^^^^^^^^^^^^^^^^^^^^^^
  File "/tmp/sim2act-read-stability-independent-20261010/backend.py", line 3, in ck
    def ck(v,label,checks):assert v,label;checks.append(label)
                                  ^
AssertionError: different-result-binding write-side still refuses bad current scope/proof

different-result-binding FAIL 2
definition-result-binding PASS 5
source-bytes PASS 5
other-owner PASS 5
other-project PASS 5
archived-owner PASS 5
source-grant-revoked PASS 5
source-grant-expired PASS 5
peer-source PASS 5
report-lock PASS 5
peer-lock PASS 5
run-version PASS 5
run-fence PASS 5
Traceback (most recent call last):
  File "/tmp/sim2act-read-stability-independent-20261010/backend.py", line 60, in <module>
    (ROOT/'backend-results.json').write_text(json.dumps(results,indent=2));freeze('backend-after');assert all(r['status']=='PASS' for r in results)
                                                                                                          ^^^^^^^^^^^^^^^^^^^^^^^^^^^^^^^^^^^^^^^^^
AssertionError
