.............F.....................................s.................... [ 80%]
..................                                                       [100%]
=================================== FAILURES ===================================
___________________ test_saved_goal_execution_actual_http_ui ___________________

env = (<sim2act.db.Store object at 0x7f14ba2e42c0>, Settings(database_url='sqlite:////tmp/goal-card-runs-final-fixture/test_...4b56336f0448c89f47f57b16659da5', 'user_dc7e3632c1664da08ad036d5c7b45a46', 'proj_0f67c8a628ec4bd6a1c2647cc6e33daf', ...)
tmp_path = PosixPath('/tmp/goal-card-runs-final-fixture/test_saved_goal_execution_actu0')

    def test_saved_goal_execution_actual_http_ui(env, tmp_path):
        import socket
        import threading
        import time
    
        import uvicorn
        from sqlalchemy import select
        from test_goal_cards import body
    
        from sim2act.api import create_app
        from sim2act.db import grants, principals, runs
        from sim2act.worker import Worker
    
        store, settings, client, _, _, project, resource = env
        card = client.post(f"/api/projects/{project}/goal-cards", json=body(resource)).json()["id"]
        with store.tx() as connection:
            before = {table.name: [dict(row) for row in connection.execute(
                select(table).order_by(table.c.id)
            ).mappings()] for table in (grants, principals)}
        app = create_app(store, settings)
    
        @app.post("/test-only-goal-worker")
        def work():
            assert store.test_only and settings.mode == "mock"
            if not Worker(store, settings).once():
                raise AssertionError("Expected owned queued task")
            return {"test_only": True}
    
        with socket.socket() as sock:
            sock.bind(("127.0.0.1", 0))
            port = sock.getsockname()[1]
        (tmp_path / "info.json").write_text(json.dumps({
            "base": f"http://127.0.0.1:{port}", "project": project, "card": card,
        }))
        server = uvicorn.Server(uvicorn.Config(app, host="127.0.0.1", port=port, log_level="error"))
        thread = threading.Thread(target=server.run, daemon=True)
        thread.start()
        try:
            deadline = time.monotonic() + 10
            while not server.started:
                assert thread.is_alive() and time.monotonic() < deadline
                time.sleep(.01)
            result = subprocess.run(
                ["node", "tests/goal_card_run_ui.cjs", str(tmp_path), "HTTP"],
                capture_output=True, text=True, timeout=30,
            )
            (tmp_path / "driver.log").write_text(result.stdout + result.stderr)
>           assert result.returncode == 0, result.stdout + result.stderr
E           AssertionError: AssertionError [ERR_ASSERTION]: The expression evaluated to a falsy value:
E             
E               assert(worker.ok)
E             
E                 at actualHttp (/workspace/Sim2Act-bounded-product-candidate/tests/goal_card_run_ui.cjs:28:79)
E                 at process.processTicksAndRejections (node:internal/process/task_queues:104:5)
E                 at async /workspace/Sim2Act-bounded-product-candidate/tests/goal_card_run_ui.cjs:33:31
E             
E           assert 1 == 0
E            +  where 1 = CompletedProcess(args=['node', 'tests/goal_card_run_ui.cjs', '/tmp/goal-card-runs-final-fixture/test_saved_goal_execut...cess/task_queues:104:5)\n    at async /workspace/Sim2Act-bounded-product-candidate/tests/goal_card_run_ui.cjs:33:31\n').returncode

tests/test_goal_card_run_ui.py:68: AssertionError
=============================== warnings summary ===============================
../sim2act-pb-venv/lib/python3.12/site-packages/fastapi/testclient.py:1
  /workspace/sim2act-pb-venv/lib/python3.12/site-packages/fastapi/testclient.py:1: StarletteDeprecationWarning: Using `httpx` with `starlette.testclient` is deprecated; install `httpx2` instead.
    from starlette.testclient import TestClient as TestClient  # noqa

-- Docs: https://docs.pytest.org/en/stable/how-to/capture-warnings.html
=========================== short test summary info ============================
FAILED tests/test_goal_card_run_ui.py::test_saved_goal_execution_actual_http_ui
1 failed, 88 passed, 1 skipped, 1 warning in 14.70s
