...........................FF                                            [100%]
=================================== FAILURES ===================================
_______ test_persisted_group_leaf_decision_tampering_fails_closed[True] ________

env = (<sim2act.db.Store object at 0x7fd7954fe8a0>, Settings(database_url='sqlite:////tmp/sim2act-condition-groups-20261009/...5aae476f8d4586b77454a193f3173f', 'user_23e75b2cb5034ff4921f235d02adc115', 'proj_ed3de675a8354d8f9274caf2cf68c09f', ...)
enabled = True

    @pytest.mark.parametrize("enabled", [False, True])
    def test_persisted_group_leaf_decision_tampering_fails_closed(env, enabled):
        _, base, plan, _ = setup(env, group())
        worker, job, _ = start(env, base, plan, {"include_report": enabled})
        worker.process(job)
        with env[0].tx() as c:
            if enabled:
                row = c.execute(select(operations).where(operations.c.run_id == job["id"], operations.c.call_id == "report")).mappings().one()
                data = copy.deepcopy(row["receipt"])
                data["branch_decision"]["observation"]["conditions"][0]["passed"] = False
                c.execute(update(operations).where(operations.c.id == row["id"]).values(receipt=data))
            else:
                row = c.execute(select(events).where(events.c.run_id == job["id"], events.c.kind == "CSV_DAG_STEP_SKIPPED")).mappings().one()
                data = copy.deepcopy(row["data"])
                data["branch_decision"]["observation"]["conditions"][0]["passed"] = True
                c.execute(update(events).where(events.c.id == row["id"]).values(data=data))
        before = snapshot(env)
        reply = env[2].get(f"/api/csv-dag/runs/{job['id']}")
>       assert reply.status_code == 409, reply.text
E       AssertionError: {"error":{"code":"VERIFICATION_FAILED","message":"Actual DAG receipt differs from independent readback","safe_retry":false,"effect_known":true,"user_action":"Check status, configuration and permissions"}}
E       assert 400 == 409
E        +  where 400 = <Response [400 Bad Request]>.status_code

tests/test_condition_groups.py:151: AssertionError
_______________ test_group_skip_still_requires_current_authority _______________

self = <sqlalchemy.sql.base.ReadOnlyColumnCollection object at 0x7fd79738d2b0>
key = 'resource_ref'

    def __getattr__(self, key: str) -> _COL_co:
        try:
>           return self._index[key][1]
                   ^^^^^^^^^^^^^^^^
E           KeyError: 'resource_ref'

.venv/lib/python3.12/site-packages/sqlalchemy/sql/base.py:1725: KeyError

The above exception was the direct cause of the following exception:

env = (<sim2act.db.Store object at 0x7fd796cefd10>, Settings(database_url='sqlite:////tmp/sim2act-condition-groups-20261009/...826ccb03474e1091ca449848480a64', 'user_2d7324abc7e3405cb4f3f72c66f9c8b9', 'proj_efeb976b9e204449ac369732759dcf6d', ...)

    def test_group_skip_still_requires_current_authority(env):
        _, base, plan, _ = setup(env, group())
        worker, job, _ = start(env, base, plan, {"include_report": False})
        assert dag.advance(worker, job) and dag.advance(worker, job)
        with env[0].tx() as c:
>           c.execute(update(grants).where(grants.c.resource_ref.in_(job["resource_refs"])).values(revoked=True))
                                           ^^^^^^^^^^^^^^^^^^^^^

tests/test_condition_groups.py:160: 
_ _ _ _ _ _ _ _ _ _ _ _ _ _ _ _ _ _ _ _ _ _ _ _ _ _ _ _ _ _ _ _ _ _ _ _ _ _ _ _ 

self = <sqlalchemy.sql.base.ReadOnlyColumnCollection object at 0x7fd79738d2b0>
key = 'resource_ref'

    def __getattr__(self, key: str) -> _COL_co:
        try:
            return self._index[key][1]
        except KeyError as err:
>           raise AttributeError(key) from err
E           AttributeError: resource_ref

.venv/lib/python3.12/site-packages/sqlalchemy/sql/base.py:1727: AttributeError
=============================== warnings summary ===============================
.venv/lib/python3.12/site-packages/fastapi/testclient.py:1
  /workspace/Sim2Act/.venv/lib/python3.12/site-packages/fastapi/testclient.py:1: StarletteDeprecationWarning: Using `httpx` with `starlette.testclient` is deprecated; install `httpx2` instead.
    from starlette.testclient import TestClient as TestClient  # noqa

-- Docs: https://docs.pytest.org/en/stable/how-to/capture-warnings.html
=========================== short test summary info ============================
FAILED tests/test_condition_groups.py::test_persisted_group_leaf_decision_tampering_fails_closed[True]
FAILED tests/test_condition_groups.py::test_group_skip_still_requires_current_authority
2 failed, 27 passed, 1 warning in 14.56s
