FFF........                                                              [100%]
=================================== FAILURES ===================================
_ test_actual_group_controls_worker_and_cold_http_page[legacy-all-2-statuses0] _

env = (<sim2act.db.Store object at 0x7f2a3d39a840>, Settings(database_url='sqlite:////tmp/sim2act-condition-groups-20261009/...0440c1340948038b7275b92e171edf', 'user_d41f411588234020b8b62d64065c13b1', 'proj_48106c41307b4946ac2b64abd1679b97', ...)
tmp_path = PosixPath('/tmp/sim2act-condition-groups-20261009/sqlite-final-ui/test_actual_group_controls_wor0')
mode = 'legacy', group = 'all', count = 2, statuses = ['SKIPPED', 'VERIFIED']

    @pytest.mark.parametrize("mode,group,count,statuses", [
        ("legacy", "all", 2, ["SKIPPED", "VERIFIED"]),
        ("legacy", "any", 3, ["SKIPPED", "VERIFIED"]),
        ("composition", "all", 2, ["SKIPPED", "VERIFIED"]),
    ])
    def test_actual_group_controls_worker_and_cold_http_page(env, tmp_path, mode, group, count, statuses):
        _, _, plan, _ = setup(env)
        app = create_app(env[0], env[1])
        worker = Worker(env[0], env[1], NoModel())
    
        @app.post("/__fixture__/work")
        def work(body: dict, authorization: str = Header()):
            assert authorization == "Bearer synthetic-test-A"
            job = env[0].claim(worker.id, env[1].lease_seconds)
            assert job["id"] == body["run_id"]
            worker.process(job)
            return {"run_id": job["id"]}
    
        with socket.socket() as sock:
            sock.bind(("127.0.0.1", 0))
            port = sock.getsockname()[1]
        (tmp_path / "info.json").write_text(json.dumps(dict(base=f"http://127.0.0.1:{port}",
            project=env[5], app=plan["app_id"], target="node_2" if mode=="composition" else "report",
            op="eq", source="input:include_report", value="true", mode=mode, group=group, count=count,
            inputs=["false","true"], statuses=statuses)))
        server = uvicorn.Server(uvicorn.Config(app, host="127.0.0.1", port=port, log_level="error"))
        thread = threading.Thread(target=server.run, daemon=True)
        thread.start()
        try:
            deadline = time.monotonic() + 10
            while not server.started:
                assert thread.is_alive() and time.monotonic() < deadline
                time.sleep(.01)
            assert shutil.which("node")
            result = subprocess.run(["node", "tests/condition_groups_ui.cjs", str(tmp_path)],
                capture_output=True, text=True, timeout=90)
            (tmp_path / "driver.log").write_text(result.stdout + result.stderr)
            assert result.returncode == 0, result.stdout + result.stderr
            proof = json.loads((tmp_path / "results.json").read_text())
            assert proof["status"] == "PASS" and len(proof["jobs"]) == 2
>           assert len(proof["checks"]) == 8 + 2 * 7
E           AssertionError: assert 24 == (8 + (2 * 7))
E            +  where 24 = len(['existing CSV app hosts DAG controls', 'four-leaf group disables add at its exact bound', 'removing a leaf restores b...'condition plan requires explicit confirmation', 'editing a group leaf clears saved proof and exact confirmation', ...])

tests/test_condition_groups_ui.py:62: AssertionError
_ test_actual_group_controls_worker_and_cold_http_page[legacy-any-3-statuses1] _

env = (<sim2act.db.Store object at 0x7f2a3d2efc20>, Settings(database_url='sqlite:////tmp/sim2act-condition-groups-20261009/...ae6af12df8483ca7cffdf2b072ef6d', 'user_530f04cbb3f3444fbf420f5f935a521f', 'proj_ac6c7b9b87fe437190869840c61e8538', ...)
tmp_path = PosixPath('/tmp/sim2act-condition-groups-20261009/sqlite-final-ui/test_actual_group_controls_wor1')
mode = 'legacy', group = 'any', count = 3, statuses = ['SKIPPED', 'VERIFIED']

    @pytest.mark.parametrize("mode,group,count,statuses", [
        ("legacy", "all", 2, ["SKIPPED", "VERIFIED"]),
        ("legacy", "any", 3, ["SKIPPED", "VERIFIED"]),
        ("composition", "all", 2, ["SKIPPED", "VERIFIED"]),
    ])
    def test_actual_group_controls_worker_and_cold_http_page(env, tmp_path, mode, group, count, statuses):
        _, _, plan, _ = setup(env)
        app = create_app(env[0], env[1])
        worker = Worker(env[0], env[1], NoModel())
    
        @app.post("/__fixture__/work")
        def work(body: dict, authorization: str = Header()):
            assert authorization == "Bearer synthetic-test-A"
            job = env[0].claim(worker.id, env[1].lease_seconds)
            assert job["id"] == body["run_id"]
            worker.process(job)
            return {"run_id": job["id"]}
    
        with socket.socket() as sock:
            sock.bind(("127.0.0.1", 0))
            port = sock.getsockname()[1]
        (tmp_path / "info.json").write_text(json.dumps(dict(base=f"http://127.0.0.1:{port}",
            project=env[5], app=plan["app_id"], target="node_2" if mode=="composition" else "report",
            op="eq", source="input:include_report", value="true", mode=mode, group=group, count=count,
            inputs=["false","true"], statuses=statuses)))
        server = uvicorn.Server(uvicorn.Config(app, host="127.0.0.1", port=port, log_level="error"))
        thread = threading.Thread(target=server.run, daemon=True)
        thread.start()
        try:
            deadline = time.monotonic() + 10
            while not server.started:
                assert thread.is_alive() and time.monotonic() < deadline
                time.sleep(.01)
            assert shutil.which("node")
            result = subprocess.run(["node", "tests/condition_groups_ui.cjs", str(tmp_path)],
                capture_output=True, text=True, timeout=90)
            (tmp_path / "driver.log").write_text(result.stdout + result.stderr)
            assert result.returncode == 0, result.stdout + result.stderr
            proof = json.loads((tmp_path / "results.json").read_text())
            assert proof["status"] == "PASS" and len(proof["jobs"]) == 2
>           assert len(proof["checks"]) == 8 + 2 * 7
E           AssertionError: assert 24 == (8 + (2 * 7))
E            +  where 24 = len(['existing CSV app hosts DAG controls', 'four-leaf group disables add at its exact bound', 'removing a leaf restores b...'condition plan requires explicit confirmation', 'editing a group leaf clears saved proof and exact confirmation', ...])

tests/test_condition_groups_ui.py:62: AssertionError
_ test_actual_group_controls_worker_and_cold_http_page[composition-all-2-statuses2] _

env = (<sim2act.db.Store object at 0x7f2a3c0c6b10>, Settings(database_url='sqlite:////tmp/sim2act-condition-groups-20261009/...b04fb9db6e4695aabf8f98687e6833', 'user_dd7032d0801e4b129876cb5ab77503c0', 'proj_df6bc8299bdc4bcc8460fb80e97b04e4', ...)
tmp_path = PosixPath('/tmp/sim2act-condition-groups-20261009/sqlite-final-ui/test_actual_group_controls_wor2')
mode = 'composition', group = 'all', count = 2
statuses = ['SKIPPED', 'VERIFIED']

    @pytest.mark.parametrize("mode,group,count,statuses", [
        ("legacy", "all", 2, ["SKIPPED", "VERIFIED"]),
        ("legacy", "any", 3, ["SKIPPED", "VERIFIED"]),
        ("composition", "all", 2, ["SKIPPED", "VERIFIED"]),
    ])
    def test_actual_group_controls_worker_and_cold_http_page(env, tmp_path, mode, group, count, statuses):
        _, _, plan, _ = setup(env)
        app = create_app(env[0], env[1])
        worker = Worker(env[0], env[1], NoModel())
    
        @app.post("/__fixture__/work")
        def work(body: dict, authorization: str = Header()):
            assert authorization == "Bearer synthetic-test-A"
            job = env[0].claim(worker.id, env[1].lease_seconds)
            assert job["id"] == body["run_id"]
            worker.process(job)
            return {"run_id": job["id"]}
    
        with socket.socket() as sock:
            sock.bind(("127.0.0.1", 0))
            port = sock.getsockname()[1]
        (tmp_path / "info.json").write_text(json.dumps(dict(base=f"http://127.0.0.1:{port}",
            project=env[5], app=plan["app_id"], target="node_2" if mode=="composition" else "report",
            op="eq", source="input:include_report", value="true", mode=mode, group=group, count=count,
            inputs=["false","true"], statuses=statuses)))
        server = uvicorn.Server(uvicorn.Config(app, host="127.0.0.1", port=port, log_level="error"))
        thread = threading.Thread(target=server.run, daemon=True)
        thread.start()
        try:
            deadline = time.monotonic() + 10
            while not server.started:
                assert thread.is_alive() and time.monotonic() < deadline
                time.sleep(.01)
            assert shutil.which("node")
            result = subprocess.run(["node", "tests/condition_groups_ui.cjs", str(tmp_path)],
                capture_output=True, text=True, timeout=90)
            (tmp_path / "driver.log").write_text(result.stdout + result.stderr)
            assert result.returncode == 0, result.stdout + result.stderr
            proof = json.loads((tmp_path / "results.json").read_text())
            assert proof["status"] == "PASS" and len(proof["jobs"]) == 2
>           assert len(proof["checks"]) == 8 + 2 * 7
E           AssertionError: assert 24 == (8 + (2 * 7))
E            +  where 24 = len(['existing CSV app hosts DAG controls', 'four-leaf group disables add at its exact bound', 'removing a leaf restores b...'condition plan requires explicit confirmation', 'editing a group leaf clears saved proof and exact confirmation', ...])

tests/test_condition_groups_ui.py:62: AssertionError
=============================== warnings summary ===============================
.venv/lib/python3.12/site-packages/fastapi/testclient.py:1
  /workspace/Sim2Act/.venv/lib/python3.12/site-packages/fastapi/testclient.py:1: StarletteDeprecationWarning: Using `httpx` with `starlette.testclient` is deprecated; install `httpx2` instead.
    from starlette.testclient import TestClient as TestClient  # noqa

-- Docs: https://docs.pytest.org/en/stable/how-to/capture-warnings.html
=========================== short test summary info ============================
FAILED tests/test_condition_groups_ui.py::test_actual_group_controls_worker_and_cold_http_page[legacy-all-2-statuses0]
FAILED tests/test_condition_groups_ui.py::test_actual_group_controls_worker_and_cold_http_page[legacy-any-3-statuses1]
FAILED tests/test_condition_groups_ui.py::test_actual_group_controls_worker_and_cold_http_page[composition-all-2-statuses2]
3 failed, 8 passed, 1 warning in 34.67s
