..F..                                                                    [100%]
=================================== FAILURES ===================================
____ test_typed_markers_cannot_fall_back_when_context_is_changed[protocol] _____

env = (<sim2act.db.Store object at 0x7f625bf988c0>, Settings(database_url='sqlite:////tmp/sim2act-owner-extra/test_typed_mar...cb9f28c4fd4aefbddc427ca810a2b2', 'user_36fb8373d56940fbb507df9e028b6d17', 'proj_a1c090bd3d5e414788832ef2167bf3d9', ...)
accepted = ('protocol', {'cancel_intent': False, 'context': {'kind': 'protocol_jobs.v1', 'messages': [], 'repairs': 0, 'requests': 0, ...}, 'created_at': 1791462617.172873, 'error': None, ...})

    def test_typed_markers_cannot_fall_back_when_context_is_changed(env, accepted):
        kind, job = accepted
        with env[0].tx() as c:
            context = {**job["context"], "kind": "ordinary" if kind != "ordinary" else "FIXED_CSV_DAG"}
            c.execute(update(runs).where(runs.c.id == job["id"]).values(context=context))
        before = snapshot(env)
>       with pytest.raises(DomainError) as refused:
             ^^^^^^^^^^^^^^^^^^^^^^^^^^
E       Failed: DID NOT RAISE <class 'sim2act.errors.DomainError'>

tests/test_run_dispatch_owner.py:225: Failed
=============================== warnings summary ===============================
.venv/lib/python3.12/site-packages/fastapi/testclient.py:1
  /workspace/Sim2Act/.venv/lib/python3.12/site-packages/fastapi/testclient.py:1: StarletteDeprecationWarning: Using `httpx` with `starlette.testclient` is deprecated; install `httpx2` instead.
    from starlette.testclient import TestClient as TestClient  # noqa

-- Docs: https://docs.pytest.org/en/stable/how-to/capture-warnings.html
=========================== short test summary info ============================
FAILED tests/test_run_dispatch_owner.py::test_typed_markers_cannot_fall_back_when_context_is_changed[protocol]
1 failed, 4 passed, 1 warning in 1.76s
