********************************************************************************
WARNING: POSTGRES_HOST_AUTH_METHOD has been set to "trust". This will allow
         anyone with access to the Postgres port to access your database without
         a password, even if POSTGRES_PASSWORD is set. See PostgreSQL
         documentation about "trust":
         https://www.postgresql.org/docs/current/auth-trust.html
         In Docker's default configuration, this is effectively any other
         container on the same system.

         It is not recommended to use POSTGRES_HOST_AUTH_METHOD=trust. Replace
         it with "-e POSTGRES_PASSWORD=password" instead to set a password in
         "docker run".
********************************************************************************
The files belonging to this database system will be owned by user "postgres".
This user must also own the server process.

The database cluster will be initialized with locale "en_US.utf8".
The default database encoding has accordingly been set to "UTF8".
The default text search configuration will be set to "english".

Data page checksums are disabled.

fixing permissions on existing directory /var/lib/postgresql/data ... ok
creating subdirectories ... ok
selecting dynamic shared memory implementation ... posix
selecting default "max_connections" ... 100
selecting default "shared_buffers" ... 128MB
selecting default time zone ... Etc/UTC
creating configuration files ... ok
running bootstrap script ... ok
performing post-bootstrap initialization ... ok
syncing data to disk ... ok


Success. You can now start the database server using:

    pg_ctl -D /var/lib/postgresql/data -l logfile start

initdb: warning: enabling "trust" authentication for local connections
initdb: hint: You can change this by editing pg_hba.conf or using the option -A, or --auth-local and --auth-host, the next time you run initdb.
waiting for server to start....2026-10-10 08:29:05.937 UTC [50] LOG:  starting PostgreSQL 17.9 (Debian 17.9-1.pgdg13+1) on x86_64-pc-linux-gnu, compiled by gcc (Debian 14.2.0-19) 14.2.0, 64-bit
2026-10-10 08:29:05.937 UTC [50] LOG:  listening on Unix socket "/var/run/postgresql/.s.PGSQL.5432"
2026-10-10 08:29:05.940 UTC [53] LOG:  database system was shut down at 2026-10-10 08:29:05 UTC
2026-10-10 08:29:05.946 UTC [50] LOG:  database system is ready to accept connections
 done
server started
CREATE DATABASE


/usr/local/bin/docker-entrypoint.sh: ignoring /docker-entrypoint-initdb.d/*

waiting for server to shut down....2026-10-10 08:29:06.148 UTC [50] LOG:  received fast shutdown request
2026-10-10 08:29:06.150 UTC [50] LOG:  aborting any active transactions
2026-10-10 08:29:06.154 UTC [50] LOG:  background worker "logical replication launcher" (PID 56) exited with exit code 1
2026-10-10 08:29:06.154 UTC [51] LOG:  shutting down
2026-10-10 08:29:06.155 UTC [51] LOG:  checkpoint starting: shutdown immediate
2026-10-10 08:29:06.349 UTC [51] LOG:  checkpoint complete: wrote 925 buffers (5.6%); 0 WAL file(s) added, 0 removed, 0 recycled; write=0.022 s, sync=0.168 s, total=0.195 s; sync files=301, longest=0.006 s, average=0.001 s; distance=4256 kB, estimate=4256 kB; lsn=0/19158F0, redo lsn=0/19158F0
2026-10-10 08:29:06.354 UTC [50] LOG:  database system is shut down
 done
server stopped

PostgreSQL init process complete; ready for start up.

2026-10-10 08:29:06.467 UTC [1] LOG:  starting PostgreSQL 17.9 (Debian 17.9-1.pgdg13+1) on x86_64-pc-linux-gnu, compiled by gcc (Debian 14.2.0-19) 14.2.0, 64-bit
2026-10-10 08:29:06.467 UTC [1] LOG:  listening on Unix socket "/var/run/postgresql/.s.PGSQL.5432"
2026-10-10 08:29:06.469 UTC [66] LOG:  database system was shut down at 2026-10-10 08:29:06 UTC
2026-10-10 08:29:06.472 UTC [1] LOG:  database system is ready to accept connections
2026-10-10 08:34:06.571 UTC [64] LOG:  checkpoint starting: time
2026-10-10 08:34:54.189 UTC [64] LOG:  checkpoint complete: wrote 336 buffers (2.1%); 0 WAL file(s) added, 0 removed, 1 recycled; write=47.151 s, sync=0.447 s, total=47.619 s; sync files=1529, longest=0.009 s, average=0.001 s; distance=8468 kB, estimate=8468 kB; lsn=0/2340A78, redo lsn=0/215AAE8
2026-10-10 08:39:06.490 UTC [64] LOG:  checkpoint starting: time
2026-10-10 08:40:15.505 UTC [64] LOG:  checkpoint complete: wrote 583 buffers (3.6%); 0 WAL file(s) added, 0 removed, 1 recycled; write=67.984 s, sync=0.969 s, total=69.015 s; sync files=5521, longest=0.012 s, average=0.001 s; distance=22747 kB, estimate=22747 kB; lsn=0/44F45C8, redo lsn=0/3791748
2026-10-10 08:44:06.607 UTC [64] LOG:  checkpoint starting: time
2026-10-10 08:45:06.066 UTC [64] LOG:  checkpoint complete: wrote 460 buffers (2.8%); 0 WAL file(s) added, 0 removed, 1 recycled; write=59.180 s, sync=0.244 s, total=59.460 s; sync files=1699, longest=0.003 s, average=0.001 s; distance=22381 kB, estimate=22710 kB; lsn=0/5074A90, redo lsn=0/4D6CB68
2026-10-10 08:49:06.169 UTC [64] LOG:  checkpoint starting: time
2026-10-10 08:49:28.905 UTC [64] LOG:  checkpoint complete: wrote 226 buffers (1.4%); 0 WAL file(s) added, 0 removed, 1 recycled; write=22.583 s, sync=0.127 s, total=22.737 s; sync files=441, longest=0.005 s, average=0.001 s; distance=6096 kB, estimate=21049 kB; lsn=0/53B76B8, redo lsn=0/5360EF0
2026-10-10 08:54:07.005 UTC [64] LOG:  checkpoint starting: time
2026-10-10 08:54:22.336 UTC [64] LOG:  checkpoint complete: wrote 153 buffers (0.9%); 0 WAL file(s) added, 0 removed, 0 recycled; write=15.260 s, sync=0.057 s, total=15.332 s; sync files=230, longest=0.006 s, average=0.001 s; distance=1689 kB, estimate=19113 kB; lsn=0/55074F8, redo lsn=0/5507468
2026-10-10 08:59:07.436 UTC [64] LOG:  checkpoint starting: time
2026-10-10 08:59:21.335 UTC [64] LOG:  checkpoint complete: wrote 134 buffers (0.8%); 0 WAL file(s) added, 0 removed, 0 recycled; write=13.744 s, sync=0.127 s, total=13.898 s; sync files=230, longest=0.004 s, average=0.001 s; distance=1666 kB, estimate=17368 kB; lsn=0/56A7E08, redo lsn=0/56A7D78
2026-10-10 09:04:07.439 UTC [64] LOG:  checkpoint starting: time
2026-10-10 09:04:33.699 UTC [64] LOG:  checkpoint complete: wrote 127 buffers (0.8%); 0 WAL file(s) added, 0 removed, 0 recycled; write=26.177 s, sync=0.077 s, total=26.261 s; sync files=224, longest=0.006 s, average=0.001 s; distance=1160 kB, estimate=15747 kB; lsn=0/5898F40, redo lsn=0/57C9F60
