.............F
=================================== FAILURES ===================================
_ test_complete_intent_current_authority_and_budget_reject_zero_write[target-version] _

env = (<sim2act.db.Store object at 0x7fccaff812e0>, Settings(database_url='sqlite:////tmp/sim2act-dag-new-csv-20261010/probe...9b40d436df454fbb7bdd48900b6dc0', 'user_0ad4e0e8cf9742489bc0845de9c0fbb9', 'proj_04f475280e0a4a1291e6c16b93a8af2d', ...)
attack = 'target-version'

    @pytest.mark.parametrize(
        "attack", ["column", "target", "source-grant", "target-version", "owner", "budget"]
    )
    def test_complete_intent_current_authority_and_budget_reject_zero_write(env, attack):
        from test_internal_lifecycle import limits
    
        from sim2act.contracts import Limits
        from sim2act.db import app_drafts
        from sim2act.errors import DomainError
    
        rel, old, _, target, body = setup_material(env)
        if attack in {"column", "target"}:
            first = env[2].post(path(rel), json=body)
            assert first.status_code == 201, first.text
            body = copy.deepcopy(body)
            if attack == "column":
                body["column"] = "units"
            else:
                body["target_app_id"] = rel["snapshot"]["draft"]["id"]
        elif attack == "source-grant":
            with env[0].tx() as c:
                c.execute(
                    update(grants)
                    .where(grants.c.principal_id == rel["snapshot"]["draft"]["runtime_id"])
                    .values(revoked=True)
                )
        elif attack == "target-version":
            candidate = copy.deepcopy(target["candidate"])
>           candidate["goal"] += " changed"
E           TypeError: unsupported operand type(s) for +=: 'dict' and 'str'

tests/test_csv_material_reuse.py:299: TypeError
=============================== warnings summary ===============================
.venv/lib/python3.12/site-packages/fastapi/testclient.py:1
  /workspace/Sim2Act/.venv/lib/python3.12/site-packages/fastapi/testclient.py:1: StarletteDeprecationWarning: Using `httpx` with `starlette.testclient` is deprecated; install `httpx2` instead.
    from starlette.testclient import TestClient as TestClient  # noqa

-- Docs: https://docs.pytest.org/en/stable/how-to/capture-warnings.html
=========================== short test summary info ============================
FAILED tests/test_csv_material_reuse.py::test_complete_intent_current_authority_and_budget_reject_zero_write[target-version]
!!!!!!!!!!!!!!!!!!!!!!!!!! stopping after 1 failures !!!!!!!!!!!!!!!!!!!!!!!!!!!
1 failed, 13 passed, 1 warning in 88.79s (0:01:28)
