F
=================================== FAILURES ===================================
_ test_cold_new_material_actual_new_source_release_instance_and_preserved_old_rows[False] _

env = (<sim2act.db.Store object at 0x7f2199530800>, Settings(database_url='sqlite:////tmp/sim2act-dag-new-csv-20261010/probe...a93ca42f824085bc3b00ade69617e1', 'user_a21977e495d54966897a06ef577d2e5c', 'proj_c818acdeba5146cbba8c7ffa6aae494e', ...)
with_report = False

    @pytest.mark.parametrize("with_report", [False, True])
    def test_cold_new_material_actual_new_source_release_instance_and_preserved_old_rows(env, with_report):
        from fastapi.testclient import TestClient
        from sim2act.api import create_app
        rel, old, old_rid, target, body = setup_material(env, with_report)
        before = snapshot(env)
        options = env[2].get(f"/api/internal/releases/{rel['id']}/csv-materials")
        assert options.status_code == 200 and [v["resource_id"] for v in options.json()["items"]] == [body["expected_resource_id"]]
        assert fingerprint(snapshot(env)) == fingerprint(before)
>       value, accepted, url, confirm = accepted_target(env, rel, body)
                                        ^^^^^^^^^^^^^^^^^^^^^^^^^^^^^^^

tests/test_csv_material_reuse.py:63: 
_ _ _ _ _ _ _ _ _ _ _ _ _ _ _ _ _ _ _ _ _ _ _ _ _ _ _ _ _ _ _ _ _ _ _ _ _ _ _ _ 

env = (<sim2act.db.Store object at 0x7f2199530800>, Settings(database_url='sqlite:////tmp/sim2act-dag-new-csv-20261010/probe...a93ca42f824085bc3b00ade69617e1', 'user_a21977e495d54966897a06ef577d2e5c', 'proj_c818acdeba5146cbba8c7ffa6aae494e', ...)
rel = {'approval_id': 'iapproval_0dbafbd8f6384f2a9cd24949296a9270', 'fingerprint': '7df9fc567c15a7b7a10b802bfbf66bcb1b7ccc37966008cdd3f8ca176adc7cee', 'formal_publication_enabled': False, 'id': 'irelease_33f28631ecff40a9920eb080f039e060', ...}
body = {'column': 'price', 'expected_candidate_fingerprint': '073843aac69e8678d5cdb4816c6292ba006f5656ce467a8aac247f83c08c0fd...b72808d87139', 'expected_release_fingerprint': '7df9fc567c15a7b7a10b802bfbf66bcb1b7ccc37966008cdd3f8ca176adc7cee', ...}

    def accepted_target(env, rel, body):
        reply = env[2].post(path(rel), json=body)
>       assert reply.status_code == 201, reply.text
E       AssertionError: {"error":{"code":"VERSION_CONFLICT","message":"Column patch accepted parameters changed","safe_retry":false,"effect_known":true,"user_action":"Check status, configuration and permissions"}}
E       assert 409 == 201
E        +  where 409 = <Response [409 Conflict]>.status_code

tests/test_csv_material_reuse.py:43: AssertionError
=============================== warnings summary ===============================
.venv/lib/python3.12/site-packages/fastapi/testclient.py:1
  /workspace/Sim2Act/.venv/lib/python3.12/site-packages/fastapi/testclient.py:1: StarletteDeprecationWarning: Using `httpx` with `starlette.testclient` is deprecated; install `httpx2` instead.
    from starlette.testclient import TestClient as TestClient  # noqa

-- Docs: https://docs.pytest.org/en/stable/how-to/capture-warnings.html
=========================== short test summary info ============================
FAILED tests/test_csv_material_reuse.py::test_cold_new_material_actual_new_source_release_instance_and_preserved_old_rows[False]
!!!!!!!!!!!!!!!!!!!!!!!!!! stopping after 1 failures !!!!!!!!!!!!!!!!!!!!!!!!!!!
1 failed, 1 warning in 3.16s
