.F
=================================== FAILURES ===================================
_ test_cold_new_material_actual_new_source_release_instance_and_preserved_old_rows[True] _

env = (<sim2act.db.Store object at 0x7fba9176edb0>, Settings(database_url='sqlite:////tmp/sim2act-dag-new-csv-20261010/probe...5f93b498b243118f410ca0ba4a7f7e', 'user_1ea1002a2e42435d8d894c1631647cf2', 'proj_8eb047d8ff5f45d6b953d7a25448882e', ...)
with_report = True

    @pytest.mark.parametrize("with_report", [False, True])
    def test_cold_new_material_actual_new_source_release_instance_and_preserved_old_rows(
        env, with_report
    ):
        from fastapi.testclient import TestClient
    
        from sim2act.api import create_app
    
        rel, old, old_rid, target, body = setup_material(env, with_report)
        before = snapshot(env)
        options = env[2].get(f"/api/internal/releases/{rel['id']}/csv-materials")
        assert options.status_code == 200 and [v["resource_id"] for v in options.json()["items"]] == [
            body["expected_resource_id"]
        ]
        assert fingerprint(snapshot(env)) == fingerprint(before)
        value, accepted, url, confirm = accepted_target(env, rel, body)
        assert value["binding"]["limits"] == rel["snapshot"]["execution_source"]["limits"]
        assert (
            value["plan"]["definition"]["manifest"]["data_bindings"][0]["resource_ref"]
            == body["expected_resource_id"]
        )
        assert (
            env[2].post(path(rel), json=body).json()["plan"]["plan_fingerprint"]
            == value["plan"]["plan_fingerprint"]
        )
        assert env[2].post(url, json=confirm).json()["run_id"] == accepted["run_id"]
        w = Worker(env[0], env[1], NoModel())
        job = env[0].claim(w.id, env[1].lease_seconds)
        assert job["id"] == accepted["run_id"]
        w.process(job)
        proof = env[2].get(f"/api/csv-dag/runs/{job['id']}")
        assert proof.status_code == 200, proof.text
        proof = proof.json()
        assert proof["status"] == "SUCCEEDED" and len(proof["steps"]) == (3 if with_report else 2)
        output = next(iter(proof["result"]["output_by_step"].values()))
        assert output["resource_id"] == body["expected_resource_id"] != old_rid
        assert (
            output["source_hash"] == body["expected_source_hash"]
            and output["count"] == 3
            and output["sum"] == "40"
        )
        if with_report:
            assert output["text"] == "列 price；行数 3；合计 40"
        p = env[2].post(
            f"/api/csv-dag/runs/{job['id']}/release-approvals",
            json=dict(
                expected_plan_fingerprint=value["plan"]["plan_fingerprint"],
                request_key="target-release",
            ),
        )
        assert p.status_code == 201, p.text
        a = p.json()
        new = (
            env[2]
            .post(f"/api/internal/approvals/{a['id']}/commit", json=dict(fingerprint=a["fingerprint"]))
            .json()
        )
        i = create(env, new)
        cold = Store(env[1].database_url, test_only=True)
        if not cold.sqlite:
            cold.engine = cold.engine.execution_options(**env[0].engine.get_execution_options())
        try:
            client = TestClient(create_app(cold, env[1]))
            client.headers["Authorization"] = "Bearer synthetic-test-A"
            assert client.get(f"/api/internal/instances/{i['id']}").status_code == 200
            accepted = client.post(
                f"/api/internal/instances/{i['id']}/runs",
                json=dict(
                    expected_revision=1,
                    expected_release_fingerprint=new["fingerprint"],
                    input={"column": "units"},
                    request_key="cold-new-result",
                ),
            )
>           assert accepted.status_code == 202, accepted.text
E           AssertionError: {"error":{"code":"VERSION_CONFLICT","message":"Current graph baseline changed; explicitly derive a new anchor","safe_retry":false,"effect_known":true,"user_action":"Check status, configuration and permissions"}}
E           assert 409 == 202
E            +  where 409 = <Response [409 Conflict]>.status_code

tests/test_csv_material_reuse.py:157: AssertionError
=============================== warnings summary ===============================
.venv/lib/python3.12/site-packages/fastapi/testclient.py:1
  /workspace/Sim2Act/.venv/lib/python3.12/site-packages/fastapi/testclient.py:1: StarletteDeprecationWarning: Using `httpx` with `starlette.testclient` is deprecated; install `httpx2` instead.
    from starlette.testclient import TestClient as TestClient  # noqa

-- Docs: https://docs.pytest.org/en/stable/how-to/capture-warnings.html
=========================== short test summary info ============================
FAILED tests/test_csv_material_reuse.py::test_cold_new_material_actual_new_source_release_instance_and_preserved_old_rows[True]
!!!!!!!!!!!!!!!!!!!!!!!!!! stopping after 1 failures !!!!!!!!!!!!!!!!!!!!!!!!!!!
1 failed, 1 passed, 1 warning in 25.88s
