tests/test_csv_composition.py::test_four_actual_nodes_two_new_outputs_original_objects_unchanged
tests/test_csv_composition.py::test_branch_skip_does_not_block_independent_branch[False]
tests/test_csv_composition.py::test_branch_skip_does_not_block_independent_branch[True]
tests/test_csv_composition.py::test_cold_four_node_receipts_and_old_fence[1]
tests/test_csv_composition.py::test_cold_four_node_receipts_and_old_fence[2]
tests/test_csv_composition.py::test_cold_four_node_receipts_and_old_fence[3]
tests/test_csv_composition.py::test_cold_four_node_receipts_and_old_fence[4]
tests/test_csv_composition.py::test_closed_schema_topology_rejection_writes_nothing[fifth]
tests/test_csv_composition.py::test_closed_schema_topology_rejection_writes_nothing[cycle]
tests/test_csv_composition.py::test_closed_schema_topology_rejection_writes_nothing[unknown]
tests/test_csv_composition.py::test_closed_schema_topology_rejection_writes_nothing[self]
tests/test_csv_composition.py::test_closed_schema_topology_rejection_writes_nothing[duplicate]
tests/test_csv_composition.py::test_closed_schema_topology_rejection_writes_nothing[port]
tests/test_csv_composition.py::test_closed_schema_topology_rejection_writes_nothing[semantic]
tests/test_csv_composition.py::test_closed_schema_topology_rejection_writes_nothing[column]
tests/test_csv_composition.py::test_closed_schema_topology_rejection_writes_nothing[mixed]
tests/test_csv_composition.py::test_closed_schema_topology_rejection_writes_nothing[action]
tests/test_csv_composition.py::test_closed_schema_topology_rejection_writes_nothing[source]
tests/test_csv_composition.py::test_closed_schema_topology_rejection_writes_nothing[when]
tests/test_csv_composition.py::test_closed_schema_topology_rejection_writes_nothing[code]
tests/test_csv_composition.py::test_closed_schema_topology_rejection_writes_nothing[legacy]
tests/test_csv_composition.py::test_four_node_conservative_budget_and_exact_confirmation
tests/test_csv_composition.py::test_composition_controls_and_invalidation_keep_prefix[pause]
tests/test_csv_composition.py::test_composition_controls_and_invalidation_keep_prefix[cancel]
tests/test_csv_composition.py::test_composition_controls_and_invalidation_keep_prefix[grant]
tests/test_csv_composition.py::test_composition_controls_and_invalidation_keep_prefix[source]
tests/test_csv_composition.py::test_editable_one_to_three_node_composition[1]
tests/test_csv_composition.py::test_editable_one_to_three_node_composition[2]
tests/test_csv_composition.py::test_editable_one_to_three_node_composition[3]
tests/test_csv_composition.py::test_concurrent_repeat_is_one_acceptance_and_four_operations
tests/test_csv_composition.py::test_actual_pg_crud_role_four_node_composition[False]
tests/test_csv_composition.py::test_actual_pg_crud_role_four_node_composition[True]
tests/test_csv_composition.py::test_four_node_persisted_proof_tamper_is_never_certified[input]
tests/test_csv_composition.py::test_four_node_persisted_proof_tamper_is_never_certified[receipt]
tests/test_csv_composition.py::test_four_node_persisted_proof_tamper_is_never_certified[missing]
tests/test_csv_composition.py::test_four_node_persisted_proof_tamper_is_never_certified[status]
tests/test_csv_composition.py::test_four_node_persisted_proof_tamper_is_never_certified[counter]
tests/test_csv_composition.py::test_four_node_persisted_proof_tamper_is_never_certified[acceptance]
tests/test_csv_composition.py::test_composition_same_key_different_unused_legacy_column_rejected
tests/test_csv_composition.py::test_composition_rejects_absent_or_non_numeric_columns_before_save[missing]
tests/test_csv_composition.py::test_composition_rejects_absent_or_non_numeric_columns_before_save[item]
tests/test_csv_composition.py::test_input_node_order_is_compiled_topologically
tests/test_csv_composition_ui.py::test_actual_product_editable_composition[False]
tests/test_csv_composition_ui.py::test_actual_product_editable_composition[True]
tests/test_csv_dag.py::test_three_actual_receipts_exact_report_and_old_request_recovery
tests/test_csv_dag.py::test_preview_or_sum_failure_blocks_downstream[item,amount,amount\nA,10,7\n-amount-preview-kept0]
tests/test_csv_dag.py::test_preview_or_sum_failure_blocks_downstream[item,amount,quantity\nA,10,7\nB,20,8\n-missing-aggregate-kept1]
tests/test_csv_dag.py::test_invalidation_between_preview_and_sum_preserves_only_preview[source]
tests/test_csv_dag.py::test_invalidation_between_preview_and_sum_preserves_only_preview[grant]
tests/test_csv_dag.py::test_cold_worker_lease_recovery_retains_committed_receipt_ids[1]
tests/test_csv_dag.py::test_cold_worker_lease_recovery_retains_committed_receipt_ids[2]
tests/test_csv_dag.py::test_cold_worker_lease_recovery_retains_committed_receipt_ids[3]
tests/test_csv_dag.py::test_uncommitted_step_rolls_back_and_retries_without_duplicate_operation
tests/test_csv_dag.py::test_pause_at_step_boundary_and_explicit_resume_preserves_receipt
tests/test_csv_dag.py::test_frozen_independent_arithmetic_cases[amount-item,amount,quantity\nA,10,7\nB,20,8\n-30]
tests/test_csv_dag.py::test_frozen_independent_arithmetic_cases[amount-item,amount,quantity\nC,1.25,2\nD,2.75,3\n-4.00]
tests/test_csv_dag.py::test_frozen_independent_arithmetic_cases[quantity-item,amount,quantity\nC,1.25,2\nD,2.75,3\n-5]
tests/test_csv_dag.py::test_frozen_independent_arithmetic_cases[amount-item,amount,quantity\nE,-2.5,0\nF,2,0\n--0.5]
tests/test_csv_dag.py::test_frozen_independent_arithmetic_cases[amount-item,amount,quantity\nG,0.1,1\nH,0.2,2\n-0.3]
tests/test_csv_dag.py::test_static_contract_rejects_bad_edges_and_preserves_other_permission_checks[cycle]
tests/test_csv_dag.py::test_static_contract_rejects_bad_edges_and_preserves_other_permission_checks[hidden_edge]
tests/test_csv_dag.py::test_static_contract_rejects_bad_edges_and_preserves_other_permission_checks[type]
tests/test_csv_dag.py::test_static_contract_rejects_bad_edges_and_preserves_other_permission_checks[read_permission]
tests/test_csv_dag.py::test_static_contract_rejects_bad_edges_and_preserves_other_permission_checks[write]
tests/test_csv_dag.py::test_static_contract_rejects_bad_edges_and_preserves_other_permission_checks[model_tool]
tests/test_csv_dag.py::test_closed_api_confirmation_and_request_key_conflicts[fingerprint]
tests/test_csv_dag.py::test_closed_api_confirmation_and_request_key_conflicts[consent]
tests/test_csv_dag.py::test_closed_api_confirmation_and_request_key_conflicts[key]
tests/test_csv_dag.py::test_closed_api_confirmation_and_request_key_conflicts[definition]
tests/test_csv_dag.py::test_closed_api_confirmation_and_request_key_conflicts[run_key]
tests/test_csv_dag.py::test_coordinated_receipt_and_output_resigning_cannot_replace_actual_sum
tests/test_csv_dag.py::test_failed_report_preserves_upstream_receipts_and_is_not_success
tests/test_csv_dag.py::test_completed_result_becomes_inaccessible_after_revoke_and_foreign_user_denied
tests/test_csv_dag_boundaries.py::test_source_authority_rechecked_before_report_and_finalization[source-2]
tests/test_csv_dag_boundaries.py::test_source_authority_rechecked_before_report_and_finalization[source-3]
tests/test_csv_dag_boundaries.py::test_source_authority_rechecked_before_report_and_finalization[owner-2]
tests/test_csv_dag_boundaries.py::test_source_authority_rechecked_before_report_and_finalization[owner-3]
tests/test_csv_dag_boundaries.py::test_source_authority_rechecked_before_report_and_finalization[runtime-2]
tests/test_csv_dag_boundaries.py::test_source_authority_rechecked_before_report_and_finalization[runtime-3]
tests/test_csv_dag_boundaries.py::test_counter_or_dispatch_tampering_never_executes_or_certifies[requests-1]
tests/test_csv_dag_boundaries.py::test_counter_or_dispatch_tampering_never_executes_or_certifies[tools-True]
tests/test_csv_dag_boundaries.py::test_counter_or_dispatch_tampering_never_executes_or_certifies[tools-3]
tests/test_csv_dag_boundaries.py::test_counter_or_dispatch_tampering_never_executes_or_certifies[repairs-1]
tests/test_csv_dag_boundaries.py::test_counter_or_dispatch_tampering_never_executes_or_certifies[reserved_tokens-1]
tests/test_csv_dag_boundaries.py::test_counter_or_dispatch_tampering_never_executes_or_certifies[kind-OTHER]
tests/test_csv_dag_boundaries.py::test_expired_local_execution_rolls_back_receipt[deadline]
tests/test_csv_dag_boundaries.py::test_expired_local_execution_rolls_back_receipt[lease]
tests/test_csv_dag_boundaries.py::test_conservative_three_node_budget_fails_before_plan_write[max_requests]
tests/test_csv_dag_boundaries.py::test_conservative_three_node_budget_fails_before_plan_write[max_tools]
tests/test_csv_dag_boundaries.py::test_conservative_three_node_budget_fails_before_plan_write[max_total_tokens]
tests/test_csv_dag_boundaries.py::test_conservative_three_node_budget_fails_before_plan_write[run_seconds]
tests/test_csv_dag_boundaries.py::test_new_dag_keys_share_control_validator_before_sql_and_framework_encoding[plan-x\x00y]
tests/test_csv_dag_boundaries.py::test_new_dag_keys_share_control_validator_before_sql_and_framework_encoding[plan-x\r\ny]
tests/test_csv_dag_boundaries.py::test_new_dag_keys_share_control_validator_before_sql_and_framework_encoding[plan-x\x7fy]
tests/test_csv_dag_boundaries.py::test_new_dag_keys_share_control_validator_before_sql_and_framework_encoding[plan-x\x85y]
tests/test_csv_dag_boundaries.py::test_new_dag_keys_share_control_validator_before_sql_and_framework_encoding[plan-x\ud800y]
tests/test_csv_dag_boundaries.py::test_new_dag_keys_share_control_validator_before_sql_and_framework_encoding[run-x\x00y]
tests/test_csv_dag_boundaries.py::test_new_dag_keys_share_control_validator_before_sql_and_framework_encoding[run-x\r\ny]
tests/test_csv_dag_boundaries.py::test_new_dag_keys_share_control_validator_before_sql_and_framework_encoding[run-x\x7fy]
tests/test_csv_dag_boundaries.py::test_new_dag_keys_share_control_validator_before_sql_and_framework_encoding[run-x\x85y]
tests/test_csv_dag_boundaries.py::test_new_dag_keys_share_control_validator_before_sql_and_framework_encoding[run-x\ud800y]
tests/test_csv_dag_boundaries.py::test_lock_and_unknown_project_dependencies_prevent_new_plan_and_old_replay
tests/test_csv_dag_boundaries.py::test_unchanged_domain_objects_and_full_final_receipt_not_just_sum
tests/test_csv_dag_boundaries.py::test_unknown_operation_blocks_resume_and_generic_reconciliation
tests/test_csv_dag_boundaries.py::test_actual_application_role_child_recovery_after_committed_step[1]
tests/test_csv_dag_boundaries.py::test_actual_application_role_child_recovery_after_committed_step[2]
tests/test_csv_dag_boundaries.py::test_actual_application_role_child_recovery_after_committed_step[3]
tests/test_csv_dag_proof_guards.py::test_final_readback_crosses_boundary_and_cannot_commit_success[deadline]
tests/test_csv_dag_proof_guards.py::test_final_readback_crosses_boundary_and_cannot_commit_success[exact_deadline]
tests/test_csv_dag_proof_guards.py::test_final_readback_crosses_boundary_and_cannot_commit_success[lease]
tests/test_csv_dag_proof_guards.py::test_final_readback_crosses_boundary_and_cannot_commit_success[budget]
tests/test_csv_dag_proof_guards.py::test_persisted_count_wrong_json_type_rejected_without_resigning[True-aggregate]
tests/test_csv_dag_proof_guards.py::test_persisted_count_wrong_json_type_rejected_without_resigning[True-report]
tests/test_csv_dag_proof_guards.py::test_persisted_count_wrong_json_type_rejected_without_resigning[1.0-aggregate]
tests/test_csv_dag_proof_guards.py::test_persisted_count_wrong_json_type_rejected_without_resigning[1.0-report]
tests/test_csv_dag_proof_guards.py::test_persisted_count_wrong_json_type_rejected_without_resigning[1-aggregate]
tests/test_csv_dag_proof_guards.py::test_persisted_count_wrong_json_type_rejected_without_resigning[1-report]
tests/test_csv_dag_proof_guards.py::test_equal_python_values_are_not_equal_persisted_json_proofs[action_revision]
tests/test_csv_dag_proof_guards.py::test_equal_python_values_are_not_equal_persisted_json_proofs[final_count]
tests/test_csv_dag_proof_guards.py::test_equal_python_values_are_not_equal_persisted_json_proofs[model_requests]
tests/test_csv_dag_proof_guards.py::test_equal_python_values_are_not_equal_persisted_json_proofs[business_writes]
tests/test_csv_dag_proof_guards.py::test_equal_python_values_are_not_equal_persisted_json_proofs[accepted_budget]
tests/test_csv_dag_proof_guards.py::test_equal_python_values_are_not_equal_persisted_json_proofs[accepted_revision]
tests/test_csv_dag_proof_guards.py::test_equal_python_values_are_not_equal_persisted_json_proofs[accepted_envelope]
tests/test_csv_dag_proof_guards.py::test_equal_python_values_are_not_equal_persisted_json_proofs[cached_version]
tests/test_csv_dag_proof_guards.py::test_equal_python_values_are_not_equal_persisted_json_proofs[plan_revision]
tests/test_csv_dag_proof_guards.py::test_bad_type_cold_recovery_never_reexecutes_or_commits_final_result[partial]
tests/test_csv_dag_proof_guards.py::test_bad_type_cold_recovery_never_reexecutes_or_commits_final_result[complete]
tests/test_csv_dag_proof_guards.py::test_actual_wall_deadline_crossing_after_final_readback_rolls_back
tests/test_csv_dag_proof_guards.py::test_mid_step_budget_tightening_counts_the_pending_operation_and_rolls_back
tests/test_csv_dag_proof_guards.py::test_legal_old_receipts_and_cached_acceptance_unchanged
tests/test_csv_dag_upgrade.py::test_actual_old_source_upgrade_retains_history_and_requires_new_exact_confirmation[SIM2ACT_UPGRADE_OLD_ARCHIVE-5a5543c902fbb78dd91c28c98386af51fb24dd67-91efd66bd69498c0aa62eefa285112095383d4f950d6cab0c2fa017de0a02aa5]
tests/test_csv_dag_upgrade.py::test_actual_old_source_upgrade_retains_history_and_requires_new_exact_confirmation[SIM2ACT_UPGRADE_CORE_ARCHIVE-1b65e94ebd81c1e31091b3078b8223328b726294-240c76f358870a9d933f94d129eeda362553092035044d6f306ee4dd7a58b3c0]
tests/test_csv_dag_ui.py::test_fixed_dag_actual_http_dom_exact_confirmation_recovery_and_revocation
tests/test_controlled_branches.py::test_same_exact_plan_distinct_inputs_actual_paths_and_cold_key_recovery
tests/test_controlled_branches.py::test_missing_and_boolean_membership_semantics[eq-inputs0-FAILED]
tests/test_controlled_branches.py::test_missing_and_boolean_membership_semantics[in-inputs1-FAILED]
tests/test_controlled_branches.py::test_missing_and_boolean_membership_semantics[exists-inputs2-SKIPPED]
tests/test_controlled_branches.py::test_missing_and_boolean_membership_semantics[exists-inputs3-VERIFIED]
tests/test_controlled_branches.py::test_missing_and_boolean_membership_semantics[in-inputs4-SKIPPED]
tests/test_controlled_branches.py::test_missing_and_boolean_membership_semantics[in-inputs5-VERIFIED]
tests/test_controlled_branches.py::test_run_boolean_type_rejects_before_writes[0]
tests/test_controlled_branches.py::test_run_boolean_type_rejects_before_writes[1]
tests/test_controlled_branches.py::test_run_boolean_type_rejects_before_writes[1.0]
tests/test_controlled_branches.py::test_run_boolean_type_rejects_before_writes[true]
tests/test_controlled_branches.py::test_run_boolean_type_rejects_before_writes[None]
tests/test_controlled_branches.py::test_run_boolean_type_rejects_before_writes[value5]
tests/test_controlled_branches.py::test_run_boolean_type_rejects_before_writes[value6]
tests/test_controlled_branches.py::test_condition_plan_rejects_unsafe_or_mistyped_references[future]
tests/test_controlled_branches.py::test_condition_plan_rejects_unsafe_or_mistyped_references[self]
tests/test_controlled_branches.py::test_condition_plan_rejects_unsafe_or_mistyped_references[data]
tests/test_controlled_branches.py::test_condition_plan_rejects_unsafe_or_mistyped_references[unknown]
tests/test_controlled_branches.py::test_condition_plan_rejects_unsafe_or_mistyped_references[numeric_bool]
tests/test_controlled_branches.py::test_condition_plan_rejects_unsafe_or_mistyped_references[float_int]
tests/test_controlled_branches.py::test_condition_plan_rejects_unsafe_or_mistyped_references[null]
tests/test_controlled_branches.py::test_condition_plan_rejects_unsafe_or_mistyped_references[empty_in]
tests/test_controlled_branches.py::test_condition_plan_rejects_unsafe_or_mistyped_references[big_in]
tests/test_controlled_branches.py::test_condition_plan_rejects_unsafe_or_mistyped_references[exists_value]
tests/test_controlled_branches.py::test_condition_plan_rejects_unsafe_or_mistyped_references[expression]
tests/test_controlled_branches.py::test_condition_plan_rejects_unsafe_or_mistyped_references[duplicate]
tests/test_controlled_branches.py::test_condition_plan_rejects_unsafe_or_mistyped_references[preview]
tests/test_controlled_branches.py::test_skipped_parent_cascades_without_resolving_missing_outputs
tests/test_controlled_branches.py::test_verified_predecessor_value_drives_actual_branch[eq-2-VERIFIED]
tests/test_controlled_branches.py::test_verified_predecessor_value_drives_actual_branch[in-value1-SKIPPED]
tests/test_controlled_branches.py::test_verified_predecessor_value_drives_actual_branch[exists-None-VERIFIED]
tests/test_controlled_branches.py::test_invalidation_or_decision_tamper_preserves_existing_prefix[grant]
tests/test_controlled_branches.py::test_invalidation_or_decision_tamper_preserves_existing_prefix[source]
tests/test_controlled_branches.py::test_invalidation_or_decision_tamper_preserves_existing_prefix[input]
tests/test_controlled_branches.py::test_invalidation_or_decision_tamper_preserves_existing_prefix[skip]
tests/test_controlled_branches.py::test_invalidation_or_decision_tamper_preserves_existing_prefix[duplicate_skip]
tests/test_controlled_branches.py::test_skip_commit_rechecks_fence_deadline_and_effective_budget[lease]
tests/test_controlled_branches.py::test_skip_commit_rechecks_fence_deadline_and_effective_budget[deadline]
tests/test_controlled_branches.py::test_skip_commit_rechecks_fence_deadline_and_effective_budget[budget]
tests/test_controlled_branches.py::test_concurrent_workers_do_not_duplicate_skip_or_operations
tests/test_controlled_branches.py::test_manifest_dependency_cycle_is_rejected
tests/test_controlled_branches.py::test_completed_skip_cannot_be_promoted_or_retyped[promote_success]
tests/test_controlled_branches.py::test_completed_skip_cannot_be_promoted_or_retyped[invent_output]
tests/test_controlled_branches.py::test_completed_skip_cannot_be_promoted_or_retyped[reason_type]
tests/test_controlled_branches.py::test_completed_skip_cannot_be_promoted_or_retyped[input_type]
tests/test_controlled_branches.py::test_branch_confirmation_wrong_exact_fingerprint_and_key_change_zero_write
tests/test_controlled_branches.py::test_conditional_manifest_is_not_silently_ignored_by_agent_preview
tests/test_controlled_branches.py::test_actual_pg_crud_role_conditional_plan_run_and_cold_proof[False]
tests/test_controlled_branches.py::test_actual_pg_crud_role_conditional_plan_run_and_cold_proof[True]
tests/test_controlled_branches.py::test_skip_cannot_commit_after_ownership_or_effective_capacity_changes[fence]
tests/test_controlled_branches.py::test_skip_cannot_commit_after_ownership_or_effective_capacity_changes[cancel]
tests/test_controlled_branches.py::test_skip_cannot_commit_after_ownership_or_effective_capacity_changes[budget]
tests/test_controlled_branches.py::test_conditional_candidate_cross_owner_denied_zero_write
tests/test_controlled_branches_ui.py::test_actual_product_conditions_http_dom[report-eq-input:include_report-true-inputs0-statuses0]
tests/test_controlled_branches_ui.py::test_actual_product_conditions_http_dom[aggregate-eq-input:include_report-true-inputs1-statuses1]
tests/test_controlled_branches_ui.py::test_actual_product_conditions_http_dom[report-exists-input:include_report--inputs2-statuses2]
tests/test_controlled_branches_ui.py::test_actual_product_conditions_http_dom[report-in-aggregate:count-[2]-inputs3-statuses3]
tests/test_controlled_branches_ui.py::test_actual_product_conditions_http_dom[report-in-aggregate:count-[3]-inputs4-statuses4]
tests/test_controlled_branches_ui.py::test_actual_product_conditions_http_dom[report-eq-input:column-"quantity"-inputs5-statuses5]
tests/test_csv_wiring.py::test_server_options_authority_seal_exact_ports_and_no_write
tests/test_csv_wiring.py::test_old_legal_wiring_options_request_key_remains_readable
tests/test_csv_wiring.py::test_wired_new_definition_and_exact_replay_respect_existing_blockers[lock]
tests/test_csv_wiring.py::test_wired_new_definition_and_exact_replay_respect_existing_blockers[unknown]
tests/test_csv_wiring.py::test_different_legal_wires_same_independent_answer_and_unchanged_objects
tests/test_csv_wiring.py::test_all_eight_allowed_port_combinations_actual_execution[0-0-0]
tests/test_csv_wiring.py::test_all_eight_allowed_port_combinations_actual_execution[0-0-1]
tests/test_csv_wiring.py::test_all_eight_allowed_port_combinations_actual_execution[0-1-0]
tests/test_csv_wiring.py::test_all_eight_allowed_port_combinations_actual_execution[0-1-1]
tests/test_csv_wiring.py::test_all_eight_allowed_port_combinations_actual_execution[1-0-0]
tests/test_csv_wiring.py::test_all_eight_allowed_port_combinations_actual_execution[1-0-1]
tests/test_csv_wiring.py::test_all_eight_allowed_port_combinations_actual_execution[1-1-0]
tests/test_csv_wiring.py::test_all_eight_allowed_port_combinations_actual_execution[1-1-1]
tests/test_csv_wiring.py::test_closed_wire_payload_rejects_semantic_string_confusion_and_unknowns_before_write[resource_from_hash]
tests/test_csv_wiring.py::test_closed_wire_payload_rejects_semantic_string_confusion_and_unknowns_before_write[hash_from_resource]
tests/test_csv_wiring.py::test_closed_wire_payload_rejects_semantic_string_confusion_and_unknowns_before_write[aggregate_hash_port]
tests/test_csv_wiring.py::test_closed_wire_payload_rejects_semantic_string_confusion_and_unknowns_before_write[resource_ref]
tests/test_csv_wiring.py::test_closed_wire_payload_rejects_semantic_string_confusion_and_unknowns_before_write[unknown_step]
tests/test_csv_wiring.py::test_closed_wire_payload_rejects_semantic_string_confusion_and_unknowns_before_write[unknown_port]
tests/test_csv_wiring.py::test_closed_wire_payload_rejects_semantic_string_confusion_and_unknowns_before_write[unknown_source]
tests/test_csv_wiring.py::test_closed_wire_payload_rejects_semantic_string_confusion_and_unknowns_before_write[unknown_dependency]
tests/test_csv_wiring.py::test_closed_wire_payload_rejects_semantic_string_confusion_and_unknowns_before_write[cycle]
tests/test_csv_wiring.py::test_closed_wire_payload_rejects_semantic_string_confusion_and_unknowns_before_write[executor]
tests/test_csv_wiring.py::test_closed_wire_payload_rejects_semantic_string_confusion_and_unknowns_before_write[schema]
tests/test_csv_wiring.py::test_closed_wire_payload_rejects_semantic_string_confusion_and_unknowns_before_write[nodes]
tests/test_csv_wiring.py::test_closed_wire_payload_rejects_semantic_string_confusion_and_unknowns_before_write[duplicate]
tests/test_csv_wiring.py::test_closed_wire_payload_rejects_semantic_string_confusion_and_unknowns_before_write[oversize]
tests/test_csv_wiring.py::test_closed_wire_payload_rejects_semantic_string_confusion_and_unknowns_before_write[surrogate]
tests/test_csv_wiring.py::test_same_key_changed_wires_and_old_fingerprint_confirmation_are_rejected
tests/test_csv_wiring.py::test_cold_recovery_verifies_wires_and_both_predecessors_without_reexecution[1]
tests/test_csv_wiring.py::test_cold_recovery_verifies_wires_and_both_predecessors_without_reexecution[2]
tests/test_csv_wiring.py::test_cold_recovery_verifies_wires_and_both_predecessors_without_reexecution[3]
tests/test_csv_wiring.py::test_lineage_tamper_rejected_even_when_ordinary_scalar_values_still_match[receipt_sources]
tests/test_csv_wiring.py::test_lineage_tamper_rejected_even_when_ordinary_scalar_values_still_match[intent_sources]
tests/test_csv_wiring.py::test_lineage_tamper_rejected_even_when_ordinary_scalar_values_still_match[parents]
tests/test_csv_wiring.py::test_lineage_tamper_rejected_even_when_ordinary_scalar_values_still_match[plan_sources]
tests/test_csv_wiring.py::test_lineage_tamper_rejected_even_when_ordinary_scalar_values_still_match[final]
tests/test_csv_wiring.py::test_wired_report_rechecks_source_and_authority_and_keeps_upstream[source]
tests/test_csv_wiring.py::test_wired_report_rechecks_source_and_authority_and_keeps_upstream[owner]
tests/test_csv_wiring.py::test_wired_report_rechecks_source_and_authority_and_keeps_upstream[runtime]
tests/test_csv_wiring.py::test_wired_actual_count_type_tamper_keeps_fingerprint_but_is_denied[True-aggregate]
tests/test_csv_wiring.py::test_wired_actual_count_type_tamper_keeps_fingerprint_but_is_denied[True-report]
tests/test_csv_wiring.py::test_wired_actual_count_type_tamper_keeps_fingerprint_but_is_denied[1.0-aggregate]
tests/test_csv_wiring.py::test_wired_actual_count_type_tamper_keeps_fingerprint_but_is_denied[1.0-report]
tests/test_csv_wiring.py::test_wired_actual_wall_deadline_cannot_commit_after_readback
tests/test_csv_wiring.py::test_wired_unknown_outcome_never_executes_report_or_reconciles_as_generic
tests/test_csv_wiring_ui.py::test_all_allowed_wire_choices_actual_product_http_dom[0-0-0]
tests/test_csv_wiring_ui.py::test_all_allowed_wire_choices_actual_product_http_dom[0-0-1]
tests/test_csv_wiring_ui.py::test_all_allowed_wire_choices_actual_product_http_dom[0-1-0]
tests/test_csv_wiring_ui.py::test_all_allowed_wire_choices_actual_product_http_dom[0-1-1]
tests/test_csv_wiring_ui.py::test_all_allowed_wire_choices_actual_product_http_dom[1-0-0]
tests/test_csv_wiring_ui.py::test_all_allowed_wire_choices_actual_product_http_dom[1-0-1]
tests/test_csv_wiring_ui.py::test_all_allowed_wire_choices_actual_product_http_dom[1-1-0]
tests/test_csv_wiring_ui.py::test_all_allowed_wire_choices_actual_product_http_dom[1-1-1]
tests/test_manual_locks.py::test_real_lock_conflict_unlock_new_exact_plan_and_read_checks

=============================== warnings summary ===============================
.venv/lib/python3.12/site-packages/fastapi/testclient.py:1
  /workspace/Sim2Act/.venv/lib/python3.12/site-packages/fastapi/testclient.py:1: StarletteDeprecationWarning: Using `httpx` with `starlette.testclient` is deprecated; install `httpx2` instead.
    from starlette.testclient import TestClient as TestClient  # noqa

-- Docs: https://docs.pytest.org/en/stable/how-to/capture-warnings.html
248 tests collected in 0.48s
