........................................................................ [  3%]
...s.................................................................... [  7%]
........................................................................ [ 10%]
...............................................................s........ [ 14%]
..........................................s............................. [ 17%]
.....................................................ss................. [ 21%]
.......................ss............................................... [ 24%]
.........................sss............................................ [ 28%]
........................................................................ [ 31%]
....sssssssssssssssssssssss............................................. [ 35%]
........................................................................ [ 38%]
...s.................................................................... [ 42%]
........................................................................ [ 45%]
.......ssssssss............................s............................ [ 49%]
..........................................s..........................s.. [ 52%]
...............s................................s....................... [ 56%]
..s..................................................................... [ 59%]
........................................................................ [ 63%]
..........sssssss....................................................... [ 66%]
........................................................................ [ 70%]
.........................ssss....s.................................s.... [ 73%]
...........ss........................................................s.. [ 77%]
........................................................................ [ 80%]
.....................ssssss............................................. [ 84%]
s..................................................ss..................s [ 87%]
...........................................................s............ [ 91%]
..........s........................ssssssssssssss....................... [ 94%]
.......................ssss............................................. [ 98%]
....s.........s...s................                                      [100%]
=============================== warnings summary ===============================
.venv/lib/python3.12/site-packages/fastapi/testclient.py:1
  /workspace/Sim2Act/.venv/lib/python3.12/site-packages/fastapi/testclient.py:1: StarletteDeprecationWarning: Using `httpx` with `starlette.testclient` is deprecated; install `httpx2` instead.
    from starlette.testclient import TestClient as TestClient  # noqa

-- Docs: https://docs.pytest.org/en/stable/how-to/capture-warnings.html
=========================== short test summary info ============================
SKIPPED [1] tests/test_bounded_agent_apps.py:652: Application-role subprocess regression requires explicit isolated PostgreSQL
SKIPPED [1] tests/test_conditional_checks_pg_role.py:14: Application-role subprocess regression requires explicit isolated PostgreSQL
SKIPPED [1] tests/test_conditional_run_bindings.py:624: Application-role subprocess regression requires explicit isolated PostgreSQL
SKIPPED [2] tests/test_controlled_branches.py:329: Application-role subprocess regression requires explicit isolated PostgreSQL
SKIPPED [2] tests/test_csv_composition.py:267: Application-role subprocess regression requires explicit isolated PostgreSQL
SKIPPED [3] tests/test_csv_dag_boundaries.py:159: Application-role subprocess regression requires explicit isolated PostgreSQL
SKIPPED [23] tests/test_db_readiness_pg_oracle.py:55: R0 PostgreSQL oracle waits for parent GO and private owned fixture
SKIPPED [1] tests/test_delivery_graph_apps.py:223: Application-role subprocess regression requires explicit isolated PostgreSQL
SKIPPED [8] tests/test_fresh_schema_initialization.py:16: Requires explicit isolated PostgreSQL
SKIPPED [1] tests/test_goal_candidates.py:226: Application-role subprocess regression requires explicit isolated PostgreSQL
SKIPPED [1] tests/test_internal_api.py:292: Application-role subprocess regression requires explicit isolated PostgreSQL
SKIPPED [1] tests/test_internal_lifecycle.py:364: Application-role subprocess regression requires explicit isolated PostgreSQL
SKIPPED [1] tests/test_lifecycle.py:15: PostgreSQL subprocess check needs explicit test URL
SKIPPED [1] tests/test_local_task_retirement.py:391: Application-role subprocess regression requires explicit isolated PostgreSQL
SKIPPED [1] tests/test_manual_locks.py:238: Application-role subprocess regression requires explicit isolated PostgreSQL
SKIPPED [6] tests/test_natural_activation_pg.py:23: Distinct PostgreSQL connections required; SQLite is not evidence
SKIPPED [1] tests/test_natural_activation_pg.py:219: Application-role subprocess regression requires explicit isolated PostgreSQL
SKIPPED [2] tests/test_persistent_app_runs.py:473: Application-role subprocess regression requires explicit isolated PostgreSQL
SKIPPED [2] tests/test_persistent_app_runs.py:532: Application-role subprocess regression requires explicit isolated PostgreSQL
SKIPPED [1] tests/test_persistent_app_runs.py:669: Application-role subprocess regression requires explicit isolated PostgreSQL
SKIPPED [1] tests/test_preview_extraction.py:436: Application-role subprocess regression requires explicit isolated PostgreSQL
SKIPPED [1] tests/test_process_environment.py:73: Actual Windows PowerShell native launch required
SKIPPED [1] tests/test_process_environment.py:93: Application-role subprocess regression requires explicit isolated PostgreSQL
SKIPPED [1] tests/test_protocol_gated_execution.py:51: Explicit isolated PostgreSQL required for full gated controller package
SKIPPED [1] tests/test_protocol_pool_process.py:66: Actual independent PostgreSQL process regression
SKIPPED [5] tests/test_protocol_pool_process.py:120: Actual independent PostgreSQL process regression
SKIPPED [1] tests/test_protocol_recovery_concurrency.py:38: Actual recovery lock ordering requires isolated PostgreSQL
SKIPPED [1] tests/test_protocol_schema.py:29: Application-role subprocess regression requires explicit isolated PostgreSQL
SKIPPED [1] tests/test_protocol_schema.py:87: Application-role subprocess regression requires explicit isolated PostgreSQL
SKIPPED [1] tests/test_protocol_ui.py:122: BLOCKED_SANDBOX: installed Chromium SUID helper requires root ownership/mode4755; security policy unchanged
SKIPPED [1] tests/test_registered_run_generation_pg_role.py:41: Application-role subprocess regression requires explicit isolated PostgreSQL
SKIPPED [1] tests/test_report_manifest_apps.py:273: Application-role subprocess regression requires explicit isolated PostgreSQL
SKIPPED [4] tests/test_resources_project_lock.py:32: Real PG multi-resource lock ordering regression
SKIPPED [1] tests/test_resources_project_lock.py:269: Application-role subprocess regression requires explicit isolated PostgreSQL
SKIPPED [8] tests/test_retirement_race.py:22: Real PostgreSQL transaction lock/barrier regression
SKIPPED [1] tests/test_retirement_race.py:206: PG completed-task/fresh Store retirement subitems
SKIPPED [4] tests/test_run_dispatch_owner.py:172: Application-role subprocess regression requires explicit isolated PostgreSQL
SKIPPED [1] tests/test_spec_checklists.py:357: Application-role subprocess regression requires explicit isolated PostgreSQL
SKIPPED [1] tests/test_task_history.py:57: Application-role subprocess regression requires explicit isolated PostgreSQL
SKIPPED [1] tests/test_task_submission_recovery.py:64: Protected Chromium sandbox startup blocked; actual stderr retained in driver.log
1954 passed, 97 skipped, 1 warning in 1525.21s (0:25:25)
