{
  "compatibility": "PASS",
  "graph_nodes": 17,
  "graph_edges": 39,
  "view_impact": [
    "check:source.conditional_report.v1",
    "manifest:app_22222222222222222222222222222222",
    "view:text:decision"
  ],
  "cases": [
    {
      "name": "patch_bool_to_int",
      "result": "ACCEPTED_TAMPERED_STORED_RECEIPT",
      "returned_original": true
    },
    {
      "name": "retained_revision_int_to_bool",
      "result": "ACCEPTED_TAMPERED_STORED_RECEIPT",
      "returned_original": true
    },
    {
      "name": "authorization_revision",
      "result": "REJECTED",
      "code": "PERMISSION_DENIED"
    },
    {
      "name": "current_source_hash",
      "result": "REJECTED",
      "code": "VERSION_CONFLICT"
    },
    {
      "name": "missing_saved_anchor",
      "result": "REJECTED",
      "code": "VERSION_CONFLICT"
    }
  ]
}
