tests/test_csv_dag_upgrade.py::test_actual_old_source_upgrade_retains_history_and_requires_new_exact_confirmation[SIM2ACT_UPGRADE_OLD_ARCHIVE-5a5543c902fbb78dd91c28c98386af51fb24dd67-91efd66bd69498c0aa62eefa285112095383d4f950d6cab0c2fa017de0a02aa5]
tests/test_csv_dag_upgrade.py::test_actual_old_source_upgrade_retains_history_and_requires_new_exact_confirmation[SIM2ACT_UPGRADE_CORE_ARCHIVE-1b65e94ebd81c1e31091b3078b8223328b726294-240c76f358870a9d933f94d129eeda362553092035044d6f306ee4dd7a58b3c0]
docs/evidence/controlled-owner-integration-20261008/test_dev_upgrade.py::test_actual_previous_dev_upgrade
tests/test_controlled_branches.py::test_same_exact_plan_distinct_inputs_actual_paths_and_cold_key_recovery
tests/test_controlled_branches.py::test_invalidation_or_decision_tamper_preserves_existing_prefix[grant]
tests/test_controlled_branches.py::test_invalidation_or_decision_tamper_preserves_existing_prefix[source]
tests/test_controlled_branches.py::test_invalidation_or_decision_tamper_preserves_existing_prefix[input]
tests/test_controlled_branches.py::test_invalidation_or_decision_tamper_preserves_existing_prefix[skip]
tests/test_controlled_branches.py::test_invalidation_or_decision_tamper_preserves_existing_prefix[duplicate_skip]
tests/test_controlled_branches.py::test_branch_confirmation_wrong_exact_fingerprint_and_key_change_zero_write
tests/test_controlled_branches.py::test_conditional_candidate_cross_owner_denied_zero_write
tests/test_run_dispatch_owner.py::test_foreign_http_denied_before_any_ledger_read[dag-inspect]
tests/test_run_dispatch_owner.py::test_foreign_http_denied_before_any_ledger_read[dag-command]
tests/test_run_dispatch_owner.py::test_foreign_http_denied_before_any_ledger_read[dag-reconcile]
tests/test_run_dispatch_owner.py::test_foreign_http_denied_before_any_ledger_read[protocol-inspect]
tests/test_run_dispatch_owner.py::test_foreign_http_denied_before_any_ledger_read[protocol-command]
tests/test_run_dispatch_owner.py::test_foreign_http_denied_before_any_ledger_read[protocol-reconcile]
tests/test_run_dispatch_owner.py::test_foreign_http_denied_before_any_ledger_read[app-inspect]
tests/test_run_dispatch_owner.py::test_foreign_http_denied_before_any_ledger_read[app-command]
tests/test_run_dispatch_owner.py::test_foreign_http_denied_before_any_ledger_read[app-reconcile]
tests/test_run_dispatch_owner.py::test_foreign_http_denied_before_any_ledger_read[ordinary-inspect]
tests/test_run_dispatch_owner.py::test_foreign_http_denied_before_any_ledger_read[ordinary-command]
tests/test_run_dispatch_owner.py::test_foreign_http_denied_before_any_ledger_read[ordinary-reconcile]
tests/test_run_dispatch_owner.py::test_matching_run_principal_still_requires_current_project_owner[dag-inspect]
tests/test_run_dispatch_owner.py::test_matching_run_principal_still_requires_current_project_owner[dag-command]
tests/test_run_dispatch_owner.py::test_matching_run_principal_still_requires_current_project_owner[dag-reconcile]
tests/test_run_dispatch_owner.py::test_matching_run_principal_still_requires_current_project_owner[protocol-inspect]
tests/test_run_dispatch_owner.py::test_matching_run_principal_still_requires_current_project_owner[protocol-command]
tests/test_run_dispatch_owner.py::test_matching_run_principal_still_requires_current_project_owner[protocol-reconcile]
tests/test_run_dispatch_owner.py::test_matching_run_principal_still_requires_current_project_owner[app-inspect]
tests/test_run_dispatch_owner.py::test_matching_run_principal_still_requires_current_project_owner[app-command]
tests/test_run_dispatch_owner.py::test_matching_run_principal_still_requires_current_project_owner[app-reconcile]
tests/test_run_dispatch_owner.py::test_matching_run_principal_still_requires_current_project_owner[ordinary-inspect]
tests/test_run_dispatch_owner.py::test_matching_run_principal_still_requires_current_project_owner[ordinary-command]
tests/test_run_dispatch_owner.py::test_matching_run_principal_still_requires_current_project_owner[ordinary-reconcile]
tests/test_run_dispatch_owner.py::test_authorized_real_jobs_keep_family_inspect_commands_and_reconcile[dag]
tests/test_run_dispatch_owner.py::test_authorized_real_jobs_keep_family_inspect_commands_and_reconcile[protocol]
tests/test_run_dispatch_owner.py::test_authorized_real_jobs_keep_family_inspect_commands_and_reconcile[app]
tests/test_run_dispatch_owner.py::test_authorized_real_jobs_keep_family_inspect_commands_and_reconcile[ordinary]
tests/test_run_dispatch_owner.py::test_owned_generic_read_reconciliation_and_duplicate_are_not_regressed

=============================== warnings summary ===============================
.venv/lib/python3.12/site-packages/fastapi/testclient.py:1
  /workspace/Sim2Act/.venv/lib/python3.12/site-packages/fastapi/testclient.py:1: StarletteDeprecationWarning: Using `httpx` with `starlette.testclient` is deprecated; install `httpx2` instead.
    from starlette.testclient import TestClient as TestClient  # noqa

-- Docs: https://docs.pytest.org/en/stable/how-to/capture-warnings.html
40 tests collected in 0.09s
