........................................................................ [  5%]
..s....................................................................s [ 11%]
..................................................s..................... [ 16%]
........................................................................ [ 22%]
..............................................................s......... [ 28%]
........................................................................ [ 33%]
........................................................................ [ 39%]
.....s.............................................s.................... [ 44%]
......s.................s................................s.............. [ 50%]
........................................................................ [ 56%]
.................................................................ssss... [ 61%]
.s.................................s...............ss................... [ 67%]
.....................................s.................................. [ 72%]
.............................................................ssssss..... [ 78%]
........................................s............................... [ 84%]
...................ss..................s................................ [ 89%]
...........................s......................s.sssssssss........... [ 95%]
.................................s.........s...s...........              [100%]
=============================== warnings summary ===============================
../sim2act-pb-venv/lib/python3.12/site-packages/fastapi/testclient.py:1
  /workspace/sim2act-pb-venv/lib/python3.12/site-packages/fastapi/testclient.py:1: StarletteDeprecationWarning: Using `httpx` with `starlette.testclient` is deprecated; install `httpx2` instead.
    from starlette.testclient import TestClient as TestClient  # noqa

tests/test_preview_extraction.py::test_idempotency_stale_version_and_concurrent_single_authority
  /workspace/sim2act-pb-venv/lib/python3.12/site-packages/pydantic/_internal/_generate_schema.py:2249: UnsupportedFieldAttributeWarning: The 'alias' attribute with value 'authorization' was provided to the `Field()` function, which has no effect in the context it was used. 'alias' is field-specific metadata, and can only be attached to a model field using `Annotated` metadata or by assignment. This may have happened because an `Annotated` type alias using the `type` statement was used, or if the `Field()` function was attached to a single member of a union type.
    warnings.warn(

-- Docs: https://docs.pytest.org/en/stable/how-to/capture-warnings.html
============================= slowest 30 durations =============================
36.18s call     tests/test_delivery_graph_apps_ui.py::test_delivery_graph_actual_http_dom[REPORT]
24.39s call     tests/test_report_manifest_apps_ui.py::test_report_manifest_real_http_dom
23.12s call     tests/test_conditional_runs_native.py::test_conditional_bound_native_shared_actual_http[True]
19.23s call     tests/test_conditional_runs_native.py::test_conditional_bound_native_shared_actual_http[False]
15.49s call     tests/test_protocol_ui.py::test_protocol_user_entry_actual_http[chromium]
15.09s call     tests/test_registered_generation_native_dom.py::test_registered_generation_direct_actual_http_dom[normal]
14.62s call     tests/test_registered_generation_native_dom.py::test_registered_generation_direct_actual_http_dom[poll-refresh-order]
12.08s call     tests/test_protocol_gated_execution.py::test_whole_package_zero_network[None-8]
11.51s call     tests/test_protocol_ui.py::test_protocol_user_entry_actual_http[dom]
9.98s call     tests/test_conditional_native_oracle.py::test_conditional_native_shared_module_existing_fixture
8.95s call     tests/test_protocol_store_dryrun.py::test_two_forms_share_actual_database_pool_and_independent_reviews
8.72s call     tests/test_conditional_apps_ui.py::test_named_report_draft_real_http_dom
8.43s call     tests/test_protocol_experiment.py::test_two_forms_real_worker_review_sequence_global_clock_and_shared_pool[False]
7.47s call     tests/test_conditional_native_oracle.py::test_conditional_capture_optional_and_failure[omit]
5.69s call     tests/test_delivery_graph_apps_ui.py::test_delivery_graph_actual_http_dom[CSV]
5.31s call     tests/test_protocol_edge_fixture.py::test_edge_fixture_gated_actual_http_and_metadata_recovery
5.21s call     tests/test_delivery_graph_apps.py::test_project_replay_and_history_bind_current_peer_graph_authority_lock_membership[peer_auth]
5.08s call     tests/test_conditional_run_product.py::test_source_bound_product_actual_http_dom
5.02s call     tests/test_protocol_gated_execution.py::test_whole_package_zero_network[b-6]
4.98s call     tests/test_delivery_graph_apps.py::test_project_replay_and_history_bind_current_peer_graph_authority_lock_membership[peer_lock]
4.78s setup    tests/test_global_experiment_gate.py::test_actual_global_seal_refuses_both_projects_under_optimized_python[False-original]
4.70s call     tests/test_delivery_graph_apps.py::test_project_replay_and_history_bind_current_peer_graph_authority_lock_membership[membership]
4.63s call     tests/test_protocol_store_dryrun.py::test_failed_registered_source_review_stops_before_candidate_sending[b-6-counts1]
4.53s call     tests/test_report_manifest_apps.py::test_real_common_manifest_compiler_catalog_and_two_actual_cold_scenarios
4.52s call     tests/test_conditional_checks_ui.py::test_conditional_checks_actual_http_dom
4.52s call     tests/test_product_integration.py::test_integrated_same_session_source_and_recovery
4.44s call     tests/test_task_submission_recovery.py::test_task_submission_recovery_real_http[dom]
4.15s call     tests/test_conditional_fixture_session.py::test_actual_owned_session_closed_exception_is_safe_and_preserves_tables
3.99s call     tests/test_conditional_apps.py::test_named_draft_two_actual_new_scenarios_history_and_recovery
3.86s call     tests/test_application_use.py::test_application_use_actual_http
=========================== short test summary info ============================
SKIPPED [1] tests/test_bounded_agent_apps.py:652: Application-role subprocess regression requires explicit isolated PostgreSQL
SKIPPED [1] tests/test_conditional_checks_pg_role.py:14: Application-role subprocess regression requires explicit isolated PostgreSQL
SKIPPED [1] tests/test_conditional_run_bindings.py:624: Application-role subprocess regression requires explicit isolated PostgreSQL
SKIPPED [1] tests/test_delivery_graph_apps.py:223: Application-role subprocess regression requires explicit isolated PostgreSQL
SKIPPED [1] tests/test_goal_candidates.py:226: Application-role subprocess regression requires explicit isolated PostgreSQL
SKIPPED [1] tests/test_internal_api.py:292: Application-role subprocess regression requires explicit isolated PostgreSQL
SKIPPED [1] tests/test_internal_lifecycle.py:364: Application-role subprocess regression requires explicit isolated PostgreSQL
SKIPPED [1] tests/test_lifecycle.py:15: PostgreSQL subprocess check needs explicit test URL
SKIPPED [1] tests/test_local_task_retirement.py:391: Application-role subprocess regression requires explicit isolated PostgreSQL
SKIPPED [2] tests/test_persistent_app_runs.py:473: Application-role subprocess regression requires explicit isolated PostgreSQL
SKIPPED [2] tests/test_persistent_app_runs.py:532: Application-role subprocess regression requires explicit isolated PostgreSQL
SKIPPED [1] tests/test_persistent_app_runs.py:669: Application-role subprocess regression requires explicit isolated PostgreSQL
SKIPPED [1] tests/test_preview_extraction.py:436: Application-role subprocess regression requires explicit isolated PostgreSQL
SKIPPED [1] tests/test_process_environment.py:73: Actual Windows PowerShell native launch required
SKIPPED [1] tests/test_process_environment.py:93: Application-role subprocess regression requires explicit isolated PostgreSQL
SKIPPED [1] tests/test_protocol_gated_execution.py:51: Explicit isolated PostgreSQL required for full gated controller package
SKIPPED [1] tests/test_protocol_pool_process.py:66: Actual independent PostgreSQL process regression
SKIPPED [5] tests/test_protocol_pool_process.py:120: Actual independent PostgreSQL process regression
SKIPPED [1] tests/test_protocol_recovery_concurrency.py:38: Actual recovery lock ordering requires isolated PostgreSQL
SKIPPED [1] tests/test_protocol_schema.py:29: Application-role subprocess regression requires explicit isolated PostgreSQL
SKIPPED [1] tests/test_protocol_schema.py:87: Application-role subprocess regression requires explicit isolated PostgreSQL
SKIPPED [1] tests/test_protocol_ui.py:122: BLOCKED_SANDBOX: installed Chromium SUID helper requires root ownership/mode4755; security policy unchanged
SKIPPED [1] tests/test_registered_run_generation_pg_role.py:41: Application-role subprocess regression requires explicit isolated PostgreSQL
SKIPPED [1] tests/test_report_manifest_apps.py:273: Application-role subprocess regression requires explicit isolated PostgreSQL
SKIPPED [8] tests/test_retirement_race.py:22: Real PostgreSQL transaction lock/barrier regression
SKIPPED [1] tests/test_retirement_race.py:206: PG completed-task/fresh Store retirement subitems
SKIPPED [1] tests/test_spec_checklists.py:357: Application-role subprocess regression requires explicit isolated PostgreSQL
SKIPPED [1] tests/test_task_history.py:57: Application-role subprocess regression requires explicit isolated PostgreSQL
SKIPPED [1] tests/test_task_submission_recovery.py:64: Protected Chromium sandbox startup blocked; actual stderr retained in driver.log
1241 passed, 42 skipped, 2 warnings in 698.42s (0:11:38)
