/workspace/Sim2Act/.venv/lib/python3.12/site-packages/fastapi/testclient.py:1: StarletteDeprecationWarning: Using `httpx` with `starlette.testclient` is deprecated; install `httpx2` instead.
  from starlette.testclient import TestClient as TestClient  # noqa
Traceback (most recent call last):
  File "/tmp/sim2act-dag-reuse-independent-039-20261010/incremental.py", line 16, in <module>
    before=fingerprint(snapshot(e));r=e[2].get('/api/internal/instances/'+iid);(folder/'instance-response.json').write_text(json.dumps({'http':r.status_code,'body':r.json()},indent=2));r0=e[2].get('/api/runs/'+source);check(r0.status_code==200 and r0.json()['status']=='SUCCEEDED','prototype same-source unbound Run remains readable',checks)
                                                                                                                                                                                                                          ^^^^^^^^^^^^^^^^^^^^^^^^^^^^^^^^^^^^^^^^^^^^^^^^^^^^^^^^^^^^^^^^^^^^^^^^^^^^^^^^^^^^^^^^^^^^^^^^^^^^^^^^^^^^^^^^^^^^^^^^^^^
  File "/tmp/sim2act-dag-reuse-independent-039-20261010/incremental.py", line 5, in check
    def check(v,label,checks):assert v,label;checks.append(label)
                                     ^
AssertionError: prototype same-source unbound Run remains readable

cold-original-positive FAIL 0
Traceback (most recent call last):
  File "/tmp/sim2act-dag-reuse-independent-039-20261010/incremental.py", line 16, in <module>
    before=fingerprint(snapshot(e));r=e[2].get('/api/internal/instances/'+iid);(folder/'instance-response.json').write_text(json.dumps({'http':r.status_code,'body':r.json()},indent=2));r0=e[2].get('/api/runs/'+source);check(r0.status_code==200 and r0.json()['status']=='SUCCEEDED','prototype same-source unbound Run remains readable',checks)
                                                                                                                                                                                                                          ^^^^^^^^^^^^^^^^^^^^^^^^^^^^^^^^^^^^^^^^^^^^^^^^^^^^^^^^^^^^^^^^^^^^^^^^^^^^^^^^^^^^^^^^^^^^^^^^^^^^^^^^^^^^^^^^^^^^^^^^^^^
  File "/tmp/sim2act-dag-reuse-independent-039-20261010/incremental.py", line 5, in check
    def check(v,label,checks):assert v,label;checks.append(label)
                                     ^
AssertionError: prototype same-source unbound Run remains readable

cold-original-block FAIL 0
joint-new PASS 2
duplicate-event PASS 2
Traceback (most recent call last):
  File "/tmp/sim2act-dag-reuse-independent-039-20261010/incremental.py", line 39, in <module>
    (ROOT/'results.json').write_text(json.dumps(results,indent=2));freeze('after');assert all(r['status']=='PASS' for r in results)
                                                                                          ^^^^^^^^^^^^^^^^^^^^^^^^^^^^^^^^^^^^^^^^^
AssertionError
