2026-10-10T05:46:10.6390002Z PASS: owned locked engineering jsdom30.1.2 before pytest
2026-10-10T05:46:10.8696890Z All checks passed!
2026-10-10T05:46:22.6661670Z Success: no issues found in 55 source files
2026-10-10T05:46:27.6053398Z SIM2ACT_CI_DIAGNOSTIC {"event": "collection_summary", "utc": "2026-10-10T05:46:27.603348+00:00", "elapsed_seconds": 3.75, "pid": 9208, "count": 2234, "nodes_sha256": "526cc83108256db6b9670d64c83187b6527830fc21f488ed0aa01809ebff6a07"}
2026-10-10T05:46:54.9622886Z SIM2ACT_CI_DIAGNOSTIC {"event": "node_start", "utc": "2026-10-10T05:46:54.959602+00:00", "elapsed_seconds": 31.09399999999914, "pid": 9208, "nodeid": "tests/test_background_poll.py::test_background_poll_synthesized_api"}
2026-10-10T05:46:56.6966613Z .
2026-10-10T05:47:53.4656586Z SIM2ACT_CI_DIAGNOSTIC {"event": "node_start", "utc": "2026-10-10T05:47:53.463765+00:00", "elapsed_seconds": 89.61000000000058, "pid": 9208, "nodeid": "tests/test_catalog_use_routing_ui.py::test_catalog_use_routing_synthesized_api"}
2026-10-10T05:47:55.3835443Z .
2026-10-10T05:49:02.7874088Z SIM2ACT_CI_DIAGNOSTIC {"event": "node_start", "utc": "2026-10-10T05:49:02.786585+00:00", "elapsed_seconds": 158.92200000000048, "pid": 9208, "nodeid": "tests/test_column_patch_ui.py::test_column_patch_actual_http_dom_recovery_exact_version_and_revocation"}
2026-10-10T05:49:12.2325741Z .
2026-10-10T05:50:16.2191983Z SIM2ACT_CI_DIAGNOSTIC {"event": "node_start", "utc": "2026-10-10T05:50:16.218358+00:00", "elapsed_seconds": 232.36000000000058, "pid": 9208, "nodeid": "tests/test_condition_groups_ui.py::test_actual_group_controls_worker_and_cold_http_page[legacy-all-2-statuses0]"}
2026-10-10T05:50:22.2119819Z .
2026-10-10T05:50:22.2121747Z SIM2ACT_CI_DIAGNOSTIC {"event": "node_start", "utc": "2026-10-10T05:50:22.210990+00:00", "elapsed_seconds": 238.34399999999914, "pid": 9208, "nodeid": "tests/test_condition_groups_ui.py::test_actual_group_controls_worker_and_cold_http_page[legacy-any-3-statuses1]"}
2026-10-10T05:50:28.2094093Z .
2026-10-10T05:50:28.2100560Z SIM2ACT_CI_DIAGNOSTIC {"event": "node_start", "utc": "2026-10-10T05:50:28.208736+00:00", "elapsed_seconds": 244.34399999999914, "pid": 9208, "nodeid": "tests/test_condition_groups_ui.py::test_actual_group_controls_worker_and_cold_http_page[composition-all-2-statuses2]"}
2026-10-10T05:50:34.7783606Z .
2026-10-10T05:55:14.7882008Z SIM2ACT_CI_DIAGNOSTIC {"event": "node_start", "utc": "2026-10-10T05:55:14.787369+00:00", "elapsed_seconds": 530.9220000000005, "pid": 9208, "nodeid": "tests/test_controlled_branches_ui.py::test_actual_product_conditions_http_dom[report-eq-input:include_report-true-inputs0-statuses0]"}
2026-10-10T05:55:20.5146551Z .
2026-10-10T05:55:20.5149143Z SIM2ACT_CI_DIAGNOSTIC {"event": "node_start", "utc": "2026-10-10T05:55:20.513711+00:00", "elapsed_seconds": 536.6569999999992, "pid": 9208, "nodeid": "tests/test_controlled_branches_ui.py::test_actual_product_conditions_http_dom[aggregate-eq-input:include_report-true-inputs1-statuses1]"}
2026-10-10T05:55:26.2162061Z .
2026-10-10T05:55:26.2164582Z SIM2ACT_CI_DIAGNOSTIC {"event": "node_start", "utc": "2026-10-10T05:55:26.214372+00:00", "elapsed_seconds": 542.3439999999991, "pid": 9208, "nodeid": "tests/test_controlled_branches_ui.py::test_actual_product_conditions_http_dom[report-exists-input:include_report--inputs2-statuses2]"}
2026-10-10T05:55:31.9396921Z .
2026-10-10T05:55:31.9401441Z SIM2ACT_CI_DIAGNOSTIC {"event": "node_start", "utc": "2026-10-10T05:55:31.938717+00:00", "elapsed_seconds": 548.0789999999997, "pid": 9208, "nodeid": "tests/test_controlled_branches_ui.py::test_actual_product_conditions_http_dom[report-in-aggregate:count-[2]-inputs3-statuses3]"}
2026-10-10T05:55:36.3668649Z .
2026-10-10T05:55:36.3671889Z SIM2ACT_CI_DIAGNOSTIC {"event": "node_start", "utc": "2026-10-10T05:55:36.365496+00:00", "elapsed_seconds": 552.5, "pid": 9208, "nodeid": "tests/test_controlled_branches_ui.py::test_actual_product_conditions_http_dom[report-in-aggregate:count-[3]-inputs4-statuses4]"}
2026-10-10T05:55:40.6355443Z .
2026-10-10T05:55:40.6360591Z SIM2ACT_CI_DIAGNOSTIC {"event": "node_start", "utc": "2026-10-10T05:55:40.633278+00:00", "elapsed_seconds": 556.7659999999996, "pid": 9208, "nodeid": "tests/test_controlled_branches_ui.py::test_actual_product_conditions_http_dom[report-eq-input:column-\"quantity\"-inputs5-statuses5]"}
2026-10-10T05:55:45.1552484Z .
2026-10-10T05:56:36.9364288Z SIM2ACT_CI_DIAGNOSTIC {"event": "node_start", "utc": "2026-10-10T05:56:36.934877+00:00", "elapsed_seconds": 613.0630000000001, "pid": 9208, "nodeid": "tests/test_csv_composition_ui.py::test_actual_product_editable_composition[False]"}
2026-10-10T05:56:42.2046126Z .
2026-10-10T05:56:42.2047985Z SIM2ACT_CI_DIAGNOSTIC {"event": "node_start", "utc": "2026-10-10T05:56:42.201967+00:00", "elapsed_seconds": 618.3439999999991, "pid": 9208, "nodeid": "tests/test_csv_composition_ui.py::test_actual_product_editable_composition[True]"}
2026-10-10T05:56:47.4817120Z .
2026-10-10T05:56:47.4818938Z SIM2ACT_CI_DIAGNOSTIC {"event": "node_start", "utc": "2026-10-10T05:56:47.480890+00:00", "elapsed_seconds": 623.6100000000006, "pid": 9208, "nodeid": "tests/test_csv_dag.py::test_three_actual_receipts_exact_report_and_old_request_recovery"}
2026-10-10T05:56:48.9418368Z .
2026-10-10T05:59:48.7231044Z SIM2ACT_CI_DIAGNOSTIC {"event": "node_start", "utc": "2026-10-10T05:59:48.721438+00:00", "elapsed_seconds": 804.8600000000006, "pid": 9208, "nodeid": "tests/test_csv_dag_instances_ui.py::test_actual_dag_internal_reuse_and_cold_new_column_page[post]"}
2026-10-10T05:59:59.6993638Z 
2026-10-10T05:59:59.6995211Z SIM2ACT_CI_DIAGNOSTIC {"event": "interrupted", "utc": "2026-10-10T05:59:59.697996+00:00", "elapsed_seconds": 815.8289999999997, "pid": 9208, "reason": "KeyboardInterrupt"}
2026-10-10T05:59:59.7038361Z SIM2ACT_CI_DIAGNOSTIC {"event": "session_finish", "utc": "2026-10-10T05:59:59.703038+00:00", "elapsed_seconds": 815.8289999999997, "pid": 9208, "exitstatus": 2}
2026-10-10T06:00:01.7562883Z Engineering diagnostics: {"evidence_present": true, "collected": 2234, "started": 592, "finished": 591, "active_nodes": ["tests/test_csv_dag_instances_ui.py::test_actual_dag_internal_reuse_and_cold_new_column_page[post]"], "not_started_count": 1642, "exitstatuses": [2], "incomplete_tail": false, "suite_complete": false, "failure_reports": 0, "junit": [{"name": "pytest", "errors": "0", "failures": "0", "skipped": "2", "tests": "591", "time": "815.798", "timestamp": "2026-10-10T05:46:23.892722+00:00", "hostname": "runnervmfi6oq"}]}
