I001 [*] Import block is un-sorted or un-formatted
  --> tests/test_report_manifest_apps_ui.py:2:1
   |
 1 |   """Actual HTTP/jsdom evidence; native browser NOT_RUN, offline Intern transport only."""
 2 | / import json
 3 | | import shutil
 4 | | import socket
 5 | | import subprocess
 6 | | import threading
 7 | | import time
 8 | |
 9 | | import pytest
10 | | import uvicorn
11 | | from test_conditional_apps import authority, independent_report, saved
12 | | from test_conditional_run_bindings import env as bounded_env
13 | | from test_conditional_run_bindings import envelope, factory
14 | | from sim2act.api import create_app
15 | | from sim2act.worker import Worker
   | |_________________________________^
   |
help: Organize imports

Found 1 error.
[*] 1 fixable with the `--fix` option.
