Updating 754f0c6..cfc3637
Fast-forward
 docs/F2/DeliveryCriticalPath20261009.md            |     5 +
 docs/F2/ReadbackStability20261010.md               |    30 +
 .../readback-stability-20261010/.gitattributes     |     3 +
 .../readback-stability-20261010/FailureLedger.md   |    12 +
 .../evidence/readback-stability-20261010/README.md |    27 +
 .../test_actual_late_receipt_curre0/driver.log     |     0
 .../test_actual_late_receipt_curre0/info.json      |     1 +
 .../test_actual_late_receipt_curre0/results.json   |   205 +
 .../resources-graph-pg-lock.json                   |  3260 +++
 .../test_actual_late_receipt_curre0/driver.log     |     0
 .../test_actual_late_receipt_curre0/info.json      |     1 +
 .../test_actual_late_receipt_curre0/results.json   |   205 +
 .../pg/test_actual_late_receipt_curre0/driver.log  |     0
 .../pg/test_actual_late_receipt_curre0/info.json   |     1 +
 .../test_actual_late_receipt_curre0/results.json   |   205 +
 .../pg/test_actual_late_receipt_curre1/driver.log  |     0
 .../pg/test_actual_late_receipt_curre1/info.json   |     1 +
 .../test_actual_late_receipt_curre1/results.json   |   205 +
 .../pg/test_actual_late_receipt_curre10/driver.log |     0
 .../pg/test_actual_late_receipt_curre10/info.json  |     1 +
 .../test_actual_late_receipt_curre10/results.json  |   205 +
 .../pg/test_actual_late_receipt_curre11/driver.log |     0
 .../pg/test_actual_late_receipt_curre11/info.json  |     1 +
 .../test_actual_late_receipt_curre11/results.json  |   205 +
 .../pg/test_actual_late_receipt_curre12/driver.log |     0
 .../pg/test_actual_late_receipt_curre12/info.json  |     1 +
 .../test_actual_late_receipt_curre12/results.json  |   200 +
 .../pg/test_actual_late_receipt_curre13/driver.log |     0
 .../pg/test_actual_late_receipt_curre13/info.json  |     1 +
 .../test_actual_late_receipt_curre13/results.json  |   200 +
 .../pg/test_actual_late_receipt_curre2/driver.log  |     0
 .../pg/test_actual_late_receipt_curre2/info.json   |     1 +
 .../test_actual_late_receipt_curre2/results.json   |   199 +
 .../pg/test_actual_late_receipt_curre3/driver.log  |     0
 .../pg/test_actual_late_receipt_curre3/info.json   |     1 +
 .../test_actual_late_receipt_curre3/results.json   |   189 +
 .../pg/test_actual_late_receipt_curre4/driver.log  |     0
 .../pg/test_actual_late_receipt_curre4/info.json   |     1 +
 .../test_actual_late_receipt_curre4/results.json   |   305 +
 .../pg/test_actual_late_receipt_curre5/driver.log  |     0
 .../pg/test_actual_late_receipt_curre5/info.json   |     1 +
 .../test_actual_late_receipt_curre5/results.json   |   295 +
 .../pg/test_actual_late_receipt_curre6/driver.log  |     0
 .../pg/test_actual_late_receipt_curre6/info.json   |     1 +
 .../test_actual_late_receipt_curre6/results.json   |   199 +
 .../pg/test_actual_late_receipt_curre7/driver.log  |     0
 .../pg/test_actual_late_receipt_curre7/info.json   |     1 +
 .../test_actual_late_receipt_curre7/results.json   |   189 +
 .../pg/test_actual_late_receipt_curre8/driver.log  |     0
 .../pg/test_actual_late_receipt_curre8/info.json   |     1 +
 .../test_actual_late_receipt_curre8/results.json   |   223 +
 .../pg/test_actual_late_receipt_curre9/driver.log  |     0
 .../pg/test_actual_late_receipt_curre9/info.json   |     1 +
 .../test_actual_late_receipt_curre9/results.json   |   223 +
 .../old-report-lock-proof.json                     | 18011 +++++++++++++
 .../upgrade-proof.json                             |    52 +
 .../old-source-proof.json                          | 15029 +++++++++++
 .../upgrade-proof.json                             |   399 +
 .../old-source-proof.json                          | 15029 +++++++++++
 .../upgrade-proof.json                             |   399 +
 .../old-67-proof.json                              |  6474 +++++
 .../upgrade-proof.json                             |    10 +
 .../pg/test_application_use_actual_ht0/driver.log  |     1 +
 .../pg/test_application_use_actual_ht0/info.json   |     1 +
 .../test_application_use_actual_ht0/results.json   |    52 +
 .../pg/test_damaged_history_current_f0/driver.log  |     0
 .../pg/test_damaged_history_current_f0/info.json   |     1 +
 .../test_damaged_history_current_f0/results.json   |   227 +
 .../pg/test_damaged_history_current_f1/driver.log  |     0
 .../pg/test_damaged_history_current_f1/info.json   |     1 +
 .../test_damaged_history_current_f1/results.json   |   227 +
 .../resources-graph-pg-lock.json                   |  2660 ++
 .../resources-graph-pg-lock.json                   |  3260 +++
 .../resources-graph-pg-lock.json                   |  2660 ++
 .../resources-graph-pg-lock.json                   |  3260 +++
 .../driver-progress.jsonl                          |   586 +
 .../pg/test_report_manifest_real_http0/driver.log  |     1 +
 .../pg/test_report_manifest_real_http0/info.json   |     1 +
 .../test_report_manifest_real_http0/results.json   |  1268 +
 .../test_actual_late_receipt_curre0/driver.log     |     0
 .../test_actual_late_receipt_curre0/info.json      |     1 +
 .../test_actual_late_receipt_curre0/results.json   |   205 +
 .../test_actual_late_receipt_curre0/driver.log     |     0
 .../test_actual_late_receipt_curre0/info.json      |     1 +
 .../test_actual_late_receipt_curre0/results.json   |   205 +
 .../test_actual_late_receipt_curre1/driver.log     |     0
 .../test_actual_late_receipt_curre1/info.json      |     1 +
 .../test_actual_late_receipt_curre1/results.json   |   205 +
 .../test_actual_late_receipt_curre10/driver.log    |     0
 .../test_actual_late_receipt_curre10/info.json     |     1 +
 .../test_actual_late_receipt_curre10/results.json  |   205 +
 .../test_actual_late_receipt_curre11/driver.log    |     0
 .../test_actual_late_receipt_curre11/info.json     |     1 +
 .../test_actual_late_receipt_curre11/results.json  |   205 +
 .../test_actual_late_receipt_curre12/driver.log    |     0
 .../test_actual_late_receipt_curre12/info.json     |     1 +
 .../test_actual_late_receipt_curre12/results.json  |   200 +
 .../test_actual_late_receipt_curre13/driver.log    |     0
 .../test_actual_late_receipt_curre13/info.json     |     1 +
 .../test_actual_late_receipt_curre13/results.json  |   200 +
 .../test_actual_late_receipt_curre2/driver.log     |     0
 .../test_actual_late_receipt_curre2/info.json      |     1 +
 .../test_actual_late_receipt_curre2/results.json   |   199 +
 .../test_actual_late_receipt_curre3/driver.log     |     0
 .../test_actual_late_receipt_curre3/info.json      |     1 +
 .../test_actual_late_receipt_curre3/results.json   |   189 +
 .../test_actual_late_receipt_curre4/driver.log     |     0
 .../test_actual_late_receipt_curre4/info.json      |     1 +
 .../test_actual_late_receipt_curre4/results.json   |   305 +
 .../test_actual_late_receipt_curre5/driver.log     |     0
 .../test_actual_late_receipt_curre5/info.json      |     1 +
 .../test_actual_late_receipt_curre5/results.json   |   295 +
 .../test_actual_late_receipt_curre6/driver.log     |     0
 .../test_actual_late_receipt_curre6/info.json      |     1 +
 .../test_actual_late_receipt_curre6/results.json   |   199 +
 .../test_actual_late_receipt_curre7/driver.log     |     0
 .../test_actual_late_receipt_curre7/info.json      |     1 +
 .../test_actual_late_receipt_curre7/results.json   |   189 +
 .../test_actual_late_receipt_curre8/driver.log     |     0
 .../test_actual_late_receipt_curre8/info.json      |     1 +
 .../test_actual_late_receipt_curre8/results.json   |   223 +
 .../test_actual_late_receipt_curre9/driver.log     |     0
 .../test_actual_late_receipt_curre9/info.json      |     1 +
 .../test_actual_late_receipt_curre9/results.json   |   223 +
 .../old-report-lock-proof.json                     | 18011 +++++++++++++
 .../upgrade-proof.json                             |    52 +
 .../old-source-proof.json                          | 15029 +++++++++++
 .../upgrade-proof.json                             |   399 +
 .../old-source-proof.json                          | 15029 +++++++++++
 .../upgrade-proof.json                             |   399 +
 .../old-67-proof.json                              |  6474 +++++
 .../upgrade-proof.json                             |    10 +
 .../test_application_use_actual_ht0/driver.log     |     1 +
 .../test_application_use_actual_ht0/info.json      |     1 +
 .../test_application_use_actual_ht0/results.json   |    52 +
 .../test_damaged_history_current_f0/driver.log     |     0
 .../test_damaged_history_current_f0/info.json      |     1 +
 .../test_damaged_history_current_f0/results.json   |   227 +
 .../test_damaged_history_current_f1/driver.log     |     0
 .../test_damaged_history_current_f1/info.json      |     1 +
 .../test_damaged_history_current_f1/results.json   |   227 +
 .../driver-progress.jsonl                          |   436 +
 .../test_report_manifest_real_http0/driver.log     |     1 +
 .../test_report_manifest_real_http0/info.json      |     1 +
 .../test_report_manifest_real_http0/results.json   |   968 +
 .../readback-stability-20261010/ast-proof.py       |     9 +
 .../author-export-manifest.json                    |   846 +
 .../author-summary.json                            |    86 +
 .../baseline-freeze.json                           |   363 +
 .../readback-stability-20261010/baseline-pg.log    |     8 +
 .../readback-stability-20261010/baseline-pg.xml    |     1 +
 .../baseline-sqlite.log                            |     8 +
 .../baseline-sqlite.xml                            |     1 +
 .../readback-stability-20261010/ci-5427-steps.json |    76 +
 .../ci-5427-summary.json                           |    82 +
 .../readback-stability-20261010/ci-754-full.log    |   651 +
 .../ci-754-summary.json                            |    92 +
 .../ci-754-verification-excerpt.log                |     9 +
 .../ci-754-verification.json                       |    30 +
 .../readback-stability-20261010/ci-mypy-before.log |     1 +
 .../readback-stability-20261010/ci-ruff-after.log  |     1 +
 .../ci-ruff-before.json                            |  1322 +
 .../readback-stability-20261010/ci-ruff-fix.log    |   708 +
 .../readback-stability-20261010/ci-ruff-format.log |     1 +
 .../ci-style-ast-proof.json                        |    17 +
 .../readback-stability-20261010/ci-style-push.log  |     2 +
 .../readback-stability-20261010/cleanup.py         |    30 +
 .../readback-stability-20261010/final_run.py       |    31 +
 .../independent/5427-product-bridge.json           |     9 +
 .../independent/COPY_WHITELIST.json                |   514 +
 .../independent/FINAL_REVIEW.json                  |   397 +
 .../independent/FINAL_REVIEW.md                    |    27 +
 .../api-archived-owner/database-evidence.json      | 25066 ++++++++++++++++++
 .../api-archived-owner/history-response.json       |    12 +
 .../independent/api-archived-owner/sql.json        |  7165 ++++++
 .../api-archived-owner/write-response.json         |    12 +
 .../api-coherent-text/database-evidence.json       | 25160 +++++++++++++++++++
 .../independent/api-coherent-text/failure.log      |     8 +
 .../api-coherent-text/history-response.json        |    12 +
 .../independent/api-coherent-text/sql.json         |  9838 ++++++++
 .../database-evidence.json                         | 25066 ++++++++++++++++++
 .../history-response.json                          |    12 +
 .../api-corrected-coherent-text/sql.json           |  9878 ++++++++
 .../write-response.json                            |    12 +
 .../database-evidence.json                         | 25066 ++++++++++++++++++
 .../history-response.json                          |    12 +
 .../api-corrected-cross-definition/sql.json        | 13002 ++++++++++
 .../write-response.json                            |    12 +
 .../database-evidence.json                         | 25066 ++++++++++++++++++
 .../history-response.json                          |    12 +
 .../sql.json                                       |  9878 ++++++++
 .../write-response.json                            |    12 +
 .../api-cross-definition/database-evidence.json    | 25160 +++++++++++++++++++
 .../independent/api-cross-definition/failure.log   |     8 +
 .../api-cross-definition/history-response.json     |    12 +
 .../independent/api-cross-definition/sql.json      | 12962 ++++++++++
 .../database-evidence.json                         | 25066 ++++++++++++++++++
 .../history-response.json                          |    12 +
 .../api-definition-result-binding/sql.json         |  7515 ++++++
 .../write-response.json                            |    12 +
 .../database-evidence.json                         | 25160 +++++++++++++++++++
 .../api-different-result-binding/failure.log       |     8 +
 .../history-response.json                          |    12 +
 .../api-different-result-binding/sql.json          |  9838 ++++++++
 .../api-history-oracles/database-evidence.json     | 25066 ++++++++++++++++++
 .../api-history-oracles/scope-proof.json           |   405 +
 .../independent/api-history-oracles/sql.json       | 21141 ++++++++++++++++
 .../api-other-owner/database-evidence.json         | 25066 ++++++++++++++++++
 .../api-other-owner/history-response.json          |    12 +
 .../independent/api-other-owner/sql.json           |   132 +
 .../api-other-owner/write-response.json            |    12 +
 .../api-other-project/database-evidence.json       | 25077 ++++++++++++++++++
 .../api-other-project/history-response.json        |    12 +
 .../independent/api-other-project/sql.json         |   137 +
 .../api-other-project/write-response.json          |    12 +
 .../api-peer-lock/database-evidence.json           | 25120 ++++++++++++++++++
 .../api-peer-lock/history-response.json            |    12 +
 .../independent/api-peer-lock/sql.json             |  7033 ++++++
 .../independent/api-peer-lock/write-response.json  |    12 +
 .../api-peer-source/database-evidence.json         | 25066 ++++++++++++++++++
 .../api-peer-source/history-response.json          |    12 +
 .../independent/api-peer-source/sql.json           |  6654 +++++
 .../api-peer-source/write-response.json            |    12 +
 .../api-report-lock/database-evidence.json         | 25120 ++++++++++++++++++
 .../api-report-lock/history-response.json          |    12 +
 .../independent/api-report-lock/sql.json           |  3187 +++
 .../api-report-lock/write-response.json            |    12 +
 .../api-run-fence/database-evidence.json           | 25066 ++++++++++++++++++
 .../api-run-fence/history-response.json            |    12 +
 .../independent/api-run-fence/sql.json             |  7201 ++++++
 .../independent/api-run-fence/write-response.json  |    12 +
 .../api-run-version/database-evidence.json         | 25066 ++++++++++++++++++
 .../api-run-version/history-response.json          |    12 +
 .../independent/api-run-version/sql.json           |  7513 ++++++
 .../api-run-version/write-response.json            |    12 +
 .../api-source-bytes/database-evidence.json        | 25066 ++++++++++++++++++
 .../api-source-bytes/history-response.json         |    12 +
 .../independent/api-source-bytes/sql.json          |   616 +
 .../api-source-bytes/write-response.json           |    12 +
 .../database-evidence.json                         | 25066 ++++++++++++++++++
 .../api-source-grant-expired/history-response.json |    12 +
 .../independent/api-source-grant-expired/sql.json  |   175 +
 .../api-source-grant-expired/write-response.json   |    12 +
 .../database-evidence.json                         | 25066 ++++++++++++++++++
 .../api-source-grant-revoked/history-response.json |    12 +
 .../independent/api-source-grant-revoked/sql.json  |   175 +
 .../api-source-grant-revoked/write-response.json   |    12 +
 .../api-write-fresh-scope/database-evidence.json   | 25160 +++++++++++++++++++
 .../api-write-fresh-scope/scope-proof.json         |   123 +
 .../independent/api-write-fresh-scope/sql.json     |  5574 ++++
 .../independent/backend-corrected-results.json     |    38 +
 .../independent/backend-corrected.log              |     5 +
 .../independent/backend-corrected.py               |    60 +
 .../independent/backend-results.json               |   259 +
 .../independent/backend.log                        |    51 +
 .../independent/backend.py                         |    60 +
 .../independent/body-capture.log                   |     3 +
 .../independent/body_capture.py                    |     5 +
 .../independent/common.py                          |    20 +
 .../independent/corrected-exact-body-capture.json  |    59 +
 .../independent/independent-ui.cjs                 |    11 +
 .../independent/product-freeze.json                |    75 +
 .../independent/seed-state.json                    | 25066 ++++++++++++++++++
 .../independent/seed.json                          |  6738 +++++
 .../seed/run_30521605d0564b0c86fa4ccc6fcd63c0.json |     1 +
 .../seed/run_94860ef208804b4d8908d29232631268.json |     1 +
 .../seed/run_aec93a9b02d9468caf183fdb085834b7.json |     1 +
 .../seed/run_c270bdbdaff1404ca17ed2a0bf650a5b.json |     1 +
 .../independent/setup.log                          |     3 +
 .../independent/setup_seed.py                      |    19 +
 .../independent/source-backend-after.json          |   366 +
 .../source-backend-corrected-after.json            |   366 +
 .../independent/source-before.json                 |   366 +
 .../independent/source-final-after.json            |   366 +
 .../independent/source-ui-after.json               |   366 +
 .../independent/static-source-bridge.json          |    34 +
 .../independent/ui-late-check/config.json          |     1 +
 .../ui-late-check/database-evidence.json           | 19159 ++++++++++++++
 .../independent/ui-late-check/driver.log           |     1 +
 .../independent/ui-late-check/mutations.json       |    65 +
 .../independent/ui-late-check/result.json          |   352 +
 .../run_0b9bee33cbfe4ae4917991383f36b3df.json      |     1 +
 .../run_1d1599bff5d44f99af2ef6b20ac0f510.json      |     1 +
 .../run_a4bd07e55bda4c4c81fbfaf90e4b2f96.json      |     1 +
 .../independent/ui-lost-check/config.json          |     1 +
 .../ui-lost-check/database-evidence.json           | 19159 ++++++++++++++
 .../independent/ui-lost-check/driver.log           |     1 +
 .../independent/ui-lost-check/mutations.json       |    65 +
 .../independent/ui-lost-check/result.json          |   352 +
 .../run_5e8a9aac266140e8819de3ff63ee77e3.json      |     1 +
 .../run_694483ebadde4146b8ed8d9f1c5a70d0.json      |     1 +
 .../run_ce84fbfd92514b52af0a837af32c1859.json      |     1 +
 .../independent/ui-results.json                    |    18 +
 .../readback-stability-20261010/independent/ui.log |     4 +
 .../readback-stability-20261010/independent/ui.py  |    32 +
 .../independent/write_review.py                    |    36 +
 .../integration/pre-integration-remote.json        |    24 +
 .../integration/pre-push-byte-verification.json    |    12 +
 .../readback-stability-20261010/lock-summary.json  |   104 +
 .../readback-stability-20261010/mypy-final.log     |     1 +
 .../readback-stability-20261010/pg-after.json      |     5 +
 .../readback-stability-20261010/pg-before.json     |     4 +
 .../readback-stability-20261010/pg-cleanup.json    |    37 +
 .../pg-collection-error-command.json               |    30 +
 .../pg-collection-error-run.json                   |     7 +
 .../pg-collection-error.log                        |    11 +
 .../pg-collection-error.xml                        |     1 +
 .../readback-stability-20261010/pg-command.json    |    30 +
 .../readback-stability-20261010/pg-ready.json      |    28 +
 .../readback-stability-20261010/pg-run.json        |     7 +
 .../readback-stability-20261010/pg-shutdown.log    |     6 +
 docs/evidence/readback-stability-20261010/pg.log   |     8 +
 docs/evidence/readback-stability-20261010/pg.xml   |     1 +
 .../readback-stability-20261010/probe-sqlite.log   |   117 +
 .../readback-stability-20261010/probe-sqlite.xml   |   104 +
 .../product-byte-proof.json                        |    20 +
 .../profile-summary.json                           |  1455 ++
 .../readback-stability-20261010/profile_plugin.py  |    67 +
 .../profile_plugin_baseline.py                     |    61 +
 .../baseline-pg-profile/0bf3fd82f4f3.json.gz       |   Bin 0 -> 353706 bytes
 .../baseline-pg-profile/a88c4a26fe80.json.gz       |   Bin 0 -> 51861 bytes
 .../baseline-sqlite-profile/0bf3fd82f4f3.json.gz   |   Bin 0 -> 350138 bytes
 .../profiles/pg-profile/0bf3fd82f4f3.json.gz       |   Bin 0 -> 296303 bytes
 .../profiles/pg-profile/a88c4a26fe80.json.gz       |   Bin 0 -> 51442 bytes
 .../probe-sqlite-profile/0bf3fd82f4f3.json.gz      |   Bin 0 -> 230219 bytes
 .../probe-sqlite-profile/204857331fc6.json.gz      |   Bin 0 -> 174293 bytes
 .../probe-sqlite-profile/63e951758de0.json.gz      |   Bin 0 -> 172479 bytes
 .../probe-sqlite-profile/d018c1ad8954.json.gz      |   Bin 0 -> 100830 bytes
 .../profiles/sqlite-profile/0bf3fd82f4f3.json.gz   |   Bin 0 -> 293281 bytes
 .../profiles/sqlite-profile/a88c4a26fe80.json.gz   |   Bin 0 -> 221 bytes
 .../readback-stability-20261010/ruff-final.log     |     1 +
 .../scope-ast-proof.json                           |    10 +
 .../readback-stability-20261010/source-freeze.json |   364 +
 .../sqlite-collection-error-command.json           |    30 +
 .../sqlite-collection-error-run.json               |     7 +
 .../sqlite-collection-error.log                    |    11 +
 .../sqlite-collection-error.xml                    |     1 +
 .../sqlite-command.json                            |    30 +
 .../readback-stability-20261010/sqlite-run.json    |     7 +
 .../readback-stability-20261010/sqlite.log         |     8 +
 .../readback-stability-20261010/sqlite.xml         |     1 +
 .../summarize-author.py                            |     8 +
 .../summarize-profile.py                           |    14 +
 .../evidence/readback-stability-20261010/verify.py |    16 +
 src/sim2act/report_presentations.py                |    34 +-
 tests/test_report_history_scoped_readback.py       |   111 +
 346 files changed, 861071 insertions(+), 8 deletions(-)
 create mode 100644 docs/F2/ReadbackStability20261010.md
 create mode 100644 docs/evidence/readback-stability-20261010/.gitattributes
 create mode 100644 docs/evidence/readback-stability-20261010/FailureLedger.md
 create mode 100644 docs/evidence/readback-stability-20261010/README.md
 create mode 100644 docs/evidence/readback-stability-20261010/actual-proofs/baseline-pg/test_actual_late_receipt_curre0/driver.log
 create mode 100644 docs/evidence/readback-stability-20261010/actual-proofs/baseline-pg/test_actual_late_receipt_curre0/info.json
 create mode 100644 docs/evidence/readback-stability-20261010/actual-proofs/baseline-pg/test_actual_late_receipt_curre0/results.json
 create mode 100644 docs/evidence/readback-stability-20261010/actual-proofs/baseline-pg/test_pg_resources_graph_share_0/resources-graph-pg-lock.json
 create mode 100644 docs/evidence/readback-stability-20261010/actual-proofs/baseline-sqlite/test_actual_late_receipt_curre0/driver.log
 create mode 100644 docs/evidence/readback-stability-20261010/actual-proofs/baseline-sqlite/test_actual_late_receipt_curre0/info.json
 create mode 100644 docs/evidence/readback-stability-20261010/actual-proofs/baseline-sqlite/test_actual_late_receipt_curre0/results.json
 create mode 100644 docs/evidence/readback-stability-20261010/actual-proofs/pg/test_actual_late_receipt_curre0/driver.log
 create mode 100644 docs/evidence/readback-stability-20261010/actual-proofs/pg/test_actual_late_receipt_curre0/info.json
 create mode 100644 docs/evidence/readback-stability-20261010/actual-proofs/pg/test_actual_late_receipt_curre0/results.json
 create mode 100644 docs/evidence/readback-stability-20261010/actual-proofs/pg/test_actual_late_receipt_curre1/driver.log
 create mode 100644 docs/evidence/readback-stability-20261010/actual-proofs/pg/test_actual_late_receipt_curre1/info.json
 create mode 100644 docs/evidence/readback-stability-20261010/actual-proofs/pg/test_actual_late_receipt_curre1/results.json
 create mode 100644 docs/evidence/readback-stability-20261010/actual-proofs/pg/test_actual_late_receipt_curre10/driver.log
 create mode 100644 docs/evidence/readback-stability-20261010/actual-proofs/pg/test_actual_late_receipt_curre10/info.json
 create mode 100644 docs/evidence/readback-stability-20261010/actual-proofs/pg/test_actual_late_receipt_curre10/results.json
 create mode 100644 docs/evidence/readback-stability-20261010/actual-proofs/pg/test_actual_late_receipt_curre11/driver.log
 create mode 100644 docs/evidence/readback-stability-20261010/actual-proofs/pg/test_actual_late_receipt_curre11/info.json
 create mode 100644 docs/evidence/readback-stability-20261010/actual-proofs/pg/test_actual_late_receipt_curre11/results.json
 create mode 100644 docs/evidence/readback-stability-20261010/actual-proofs/pg/test_actual_late_receipt_curre12/driver.log
 create mode 100644 docs/evidence/readback-stability-20261010/actual-proofs/pg/test_actual_late_receipt_curre12/info.json
 create mode 100644 docs/evidence/readback-stability-20261010/actual-proofs/pg/test_actual_late_receipt_curre12/results.json
 create mode 100644 docs/evidence/readback-stability-20261010/actual-proofs/pg/test_actual_late_receipt_curre13/driver.log
 create mode 100644 docs/evidence/readback-stability-20261010/actual-proofs/pg/test_actual_late_receipt_curre13/info.json
 create mode 100644 docs/evidence/readback-stability-20261010/actual-proofs/pg/test_actual_late_receipt_curre13/results.json
 create mode 100644 docs/evidence/readback-stability-20261010/actual-proofs/pg/test_actual_late_receipt_curre2/driver.log
 create mode 100644 docs/evidence/readback-stability-20261010/actual-proofs/pg/test_actual_late_receipt_curre2/info.json
 create mode 100644 docs/evidence/readback-stability-20261010/actual-proofs/pg/test_actual_late_receipt_curre2/results.json
 create mode 100644 docs/evidence/readback-stability-20261010/actual-proofs/pg/test_actual_late_receipt_curre3/driver.log
 create mode 100644 docs/evidence/readback-stability-20261010/actual-proofs/pg/test_actual_late_receipt_curre3/info.json
 create mode 100644 docs/evidence/readback-stability-20261010/actual-proofs/pg/test_actual_late_receipt_curre3/results.json
 create mode 100644 docs/evidence/readback-stability-20261010/actual-proofs/pg/test_actual_late_receipt_curre4/driver.log
 create mode 100644 docs/evidence/readback-stability-20261010/actual-proofs/pg/test_actual_late_receipt_curre4/info.json
 create mode 100644 docs/evidence/readback-stability-20261010/actual-proofs/pg/test_actual_late_receipt_curre4/results.json
 create mode 100644 docs/evidence/readback-stability-20261010/actual-proofs/pg/test_actual_late_receipt_curre5/driver.log
 create mode 100644 docs/evidence/readback-stability-20261010/actual-proofs/pg/test_actual_late_receipt_curre5/info.json
 create mode 100644 docs/evidence/readback-stability-20261010/actual-proofs/pg/test_actual_late_receipt_curre5/results.json
 create mode 100644 docs/evidence/readback-stability-20261010/actual-proofs/pg/test_actual_late_receipt_curre6/driver.log
 create mode 100644 docs/evidence/readback-stability-20261010/actual-proofs/pg/test_actual_late_receipt_curre6/info.json
 create mode 100644 docs/evidence/readback-stability-20261010/actual-proofs/pg/test_actual_late_receipt_curre6/results.json
 create mode 100644 docs/evidence/readback-stability-20261010/actual-proofs/pg/test_actual_late_receipt_curre7/driver.log
 create mode 100644 docs/evidence/readback-stability-20261010/actual-proofs/pg/test_actual_late_receipt_curre7/info.json
 create mode 100644 docs/evidence/readback-stability-20261010/actual-proofs/pg/test_actual_late_receipt_curre7/results.json
 create mode 100644 docs/evidence/readback-stability-20261010/actual-proofs/pg/test_actual_late_receipt_curre8/driver.log
 create mode 100644 docs/evidence/readback-stability-20261010/actual-proofs/pg/test_actual_late_receipt_curre8/info.json
 create mode 100644 docs/evidence/readback-stability-20261010/actual-proofs/pg/test_actual_late_receipt_curre8/results.json
 create mode 100644 docs/evidence/readback-stability-20261010/actual-proofs/pg/test_actual_late_receipt_curre9/driver.log
 create mode 100644 docs/evidence/readback-stability-20261010/actual-proofs/pg/test_actual_late_receipt_curre9/info.json
 create mode 100644 docs/evidence/readback-stability-20261010/actual-proofs/pg/test_actual_late_receipt_curre9/results.json
 create mode 100644 docs/evidence/readback-stability-20261010/actual-proofs/pg/test_actual_old_report_upgrade0/old-report-lock-proof.json
 create mode 100644 docs/evidence/readback-stability-20261010/actual-proofs/pg/test_actual_old_report_upgrade0/upgrade-proof.json
 create mode 100644 docs/evidence/readback-stability-20261010/actual-proofs/pg/test_actual_old_source_upgrade0/old-source-proof.json
 create mode 100644 docs/evidence/readback-stability-20261010/actual-proofs/pg/test_actual_old_source_upgrade0/upgrade-proof.json
 create mode 100644 docs/evidence/readback-stability-20261010/actual-proofs/pg/test_actual_old_source_upgrade1/old-source-proof.json
 create mode 100644 docs/evidence/readback-stability-20261010/actual-proofs/pg/test_actual_old_source_upgrade1/upgrade-proof.json
 create mode 100644 docs/evidence/readback-stability-20261010/actual-proofs/pg/test_actual_previous_dev_sourc0/old-67-proof.json
 create mode 100644 docs/evidence/readback-stability-20261010/actual-proofs/pg/test_actual_previous_dev_sourc0/upgrade-proof.json
 create mode 100644 docs/evidence/readback-stability-20261010/actual-proofs/pg/test_application_use_actual_ht0/driver.log
 create mode 100644 docs/evidence/readback-stability-20261010/actual-proofs/pg/test_application_use_actual_ht0/info.json
 create mode 100644 docs/evidence/readback-stability-20261010/actual-proofs/pg/test_application_use_actual_ht0/results.json
 create mode 100644 docs/evidence/readback-stability-20261010/actual-proofs/pg/test_damaged_history_current_f0/driver.log
 create mode 100644 docs/evidence/readback-stability-20261010/actual-proofs/pg/test_damaged_history_current_f0/info.json
 create mode 100644 docs/evidence/readback-stability-20261010/actual-proofs/pg/test_damaged_history_current_f0/results.json
 create mode 100644 docs/evidence/readback-stability-20261010/actual-proofs/pg/test_damaged_history_current_f1/driver.log
 create mode 100644 docs/evidence/readback-stability-20261010/actual-proofs/pg/test_damaged_history_current_f1/info.json
 create mode 100644 docs/evidence/readback-stability-20261010/actual-proofs/pg/test_damaged_history_current_f1/results.json
 create mode 100644 docs/evidence/readback-stability-20261010/actual-proofs/pg/test_pg_resources_graph_share_0/resources-graph-pg-lock.json
 create mode 100644 docs/evidence/readback-stability-20261010/actual-proofs/pg/test_pg_resources_graph_share_1/resources-graph-pg-lock.json
 create mode 100644 docs/evidence/readback-stability-20261010/actual-proofs/pg/test_pg_resources_graph_share_2/resources-graph-pg-lock.json
 create mode 100644 docs/evidence/readback-stability-20261010/actual-proofs/pg/test_pg_resources_graph_share_3/resources-graph-pg-lock.json
 create mode 100644 docs/evidence/readback-stability-20261010/actual-proofs/pg/test_report_manifest_real_http0/driver-progress.jsonl
 create mode 100644 docs/evidence/readback-stability-20261010/actual-proofs/pg/test_report_manifest_real_http0/driver.log
 create mode 100644 docs/evidence/readback-stability-20261010/actual-proofs/pg/test_report_manifest_real_http0/info.json
 create mode 100644 docs/evidence/readback-stability-20261010/actual-proofs/pg/test_report_manifest_real_http0/results.json
 create mode 100644 docs/evidence/readback-stability-20261010/actual-proofs/probe-sqlite/test_actual_late_receipt_curre0/driver.log
 create mode 100644 docs/evidence/readback-stability-20261010/actual-proofs/probe-sqlite/test_actual_late_receipt_curre0/info.json
 create mode 100644 docs/evidence/readback-stability-20261010/actual-proofs/probe-sqlite/test_actual_late_receipt_curre0/results.json
 create mode 100644 docs/evidence/readback-stability-20261010/actual-proofs/sqlite/test_actual_late_receipt_curre0/driver.log
 create mode 100644 docs/evidence/readback-stability-20261010/actual-proofs/sqlite/test_actual_late_receipt_curre0/info.json
 create mode 100644 docs/evidence/readback-stability-20261010/actual-proofs/sqlite/test_actual_late_receipt_curre0/results.json
 create mode 100644 docs/evidence/readback-stability-20261010/actual-proofs/sqlite/test_actual_late_receipt_curre1/driver.log
 create mode 100644 docs/evidence/readback-stability-20261010/actual-proofs/sqlite/test_actual_late_receipt_curre1/info.json
 create mode 100644 docs/evidence/readback-stability-20261010/actual-proofs/sqlite/test_actual_late_receipt_curre1/results.json
 create mode 100644 docs/evidence/readback-stability-20261010/actual-proofs/sqlite/test_actual_late_receipt_curre10/driver.log
 create mode 100644 docs/evidence/readback-stability-20261010/actual-proofs/sqlite/test_actual_late_receipt_curre10/info.json
 create mode 100644 docs/evidence/readback-stability-20261010/actual-proofs/sqlite/test_actual_late_receipt_curre10/results.json
 create mode 100644 docs/evidence/readback-stability-20261010/actual-proofs/sqlite/test_actual_late_receipt_curre11/driver.log
 create mode 100644 docs/evidence/readback-stability-20261010/actual-proofs/sqlite/test_actual_late_receipt_curre11/info.json
 create mode 100644 docs/evidence/readback-stability-20261010/actual-proofs/sqlite/test_actual_late_receipt_curre11/results.json
 create mode 100644 docs/evidence/readback-stability-20261010/actual-proofs/sqlite/test_actual_late_receipt_curre12/driver.log
 create mode 100644 docs/evidence/readback-stability-20261010/actual-proofs/sqlite/test_actual_late_receipt_curre12/info.json
 create mode 100644 docs/evidence/readback-stability-20261010/actual-proofs/sqlite/test_actual_late_receipt_curre12/results.json
 create mode 100644 docs/evidence/readback-stability-20261010/actual-proofs/sqlite/test_actual_late_receipt_curre13/driver.log
 create mode 100644 docs/evidence/readback-stability-20261010/actual-proofs/sqlite/test_actual_late_receipt_curre13/info.json
 create mode 100644 docs/evidence/readback-stability-20261010/actual-proofs/sqlite/test_actual_late_receipt_curre13/results.json
 create mode 100644 docs/evidence/readback-stability-20261010/actual-proofs/sqlite/test_actual_late_receipt_curre2/driver.log
 create mode 100644 docs/evidence/readback-stability-20261010/actual-proofs/sqlite/test_actual_late_receipt_curre2/info.json
 create mode 100644 docs/evidence/readback-stability-20261010/actual-proofs/sqlite/test_actual_late_receipt_curre2/results.json
 create mode 100644 docs/evidence/readback-stability-20261010/actual-proofs/sqlite/test_actual_late_receipt_curre3/driver.log
 create mode 100644 docs/evidence/readback-stability-20261010/actual-proofs/sqlite/test_actual_late_receipt_curre3/info.json
 create mode 100644 docs/evidence/readback-stability-20261010/actual-proofs/sqlite/test_actual_late_receipt_curre3/results.json
 create mode 100644 docs/evidence/readback-stability-20261010/actual-proofs/sqlite/test_actual_late_receipt_curre4/driver.log
 create mode 100644 docs/evidence/readback-stability-20261010/actual-proofs/sqlite/test_actual_late_receipt_curre4/info.json
 create mode 100644 docs/evidence/readback-stability-20261010/actual-proofs/sqlite/test_actual_late_receipt_curre4/results.json
 create mode 100644 docs/evidence/readback-stability-20261010/actual-proofs/sqlite/test_actual_late_receipt_curre5/driver.log
 create mode 100644 docs/evidence/readback-stability-20261010/actual-proofs/sqlite/test_actual_late_receipt_curre5/info.json
 create mode 100644 docs/evidence/readback-stability-20261010/actual-proofs/sqlite/test_actual_late_receipt_curre5/results.json
 create mode 100644 docs/evidence/readback-stability-20261010/actual-proofs/sqlite/test_actual_late_receipt_curre6/driver.log
 create mode 100644 docs/evidence/readback-stability-20261010/actual-proofs/sqlite/test_actual_late_receipt_curre6/info.json
 create mode 100644 docs/evidence/readback-stability-20261010/actual-proofs/sqlite/test_actual_late_receipt_curre6/results.json
 create mode 100644 docs/evidence/readback-stability-20261010/actual-proofs/sqlite/test_actual_late_receipt_curre7/driver.log
 create mode 100644 docs/evidence/readback-stability-20261010/actual-proofs/sqlite/test_actual_late_receipt_curre7/info.json
 create mode 100644 docs/evidence/readback-stability-20261010/actual-proofs/sqlite/test_actual_late_receipt_curre7/results.json
 create mode 100644 docs/evidence/readback-stability-20261010/actual-proofs/sqlite/test_actual_late_receipt_curre8/driver.log
 create mode 100644 docs/evidence/readback-stability-20261010/actual-proofs/sqlite/test_actual_late_receipt_curre8/info.json
 create mode 100644 docs/evidence/readback-stability-20261010/actual-proofs/sqlite/test_actual_late_receipt_curre8/results.json
 create mode 100644 docs/evidence/readback-stability-20261010/actual-proofs/sqlite/test_actual_late_receipt_curre9/driver.log
 create mode 100644 docs/evidence/readback-stability-20261010/actual-proofs/sqlite/test_actual_late_receipt_curre9/info.json
 create mode 100644 docs/evidence/readback-stability-20261010/actual-proofs/sqlite/test_actual_late_receipt_curre9/results.json
 create mode 100644 docs/evidence/readback-stability-20261010/actual-proofs/sqlite/test_actual_old_report_upgrade0/old-report-lock-proof.json
 create mode 100644 docs/evidence/readback-stability-20261010/actual-proofs/sqlite/test_actual_old_report_upgrade0/upgrade-proof.json
 create mode 100644 docs/evidence/readback-stability-20261010/actual-proofs/sqlite/test_actual_old_source_upgrade0/old-source-proof.json
 create mode 100644 docs/evidence/readback-stability-20261010/actual-proofs/sqlite/test_actual_old_source_upgrade0/upgrade-proof.json
 create mode 100644 docs/evidence/readback-stability-20261010/actual-proofs/sqlite/test_actual_old_source_upgrade1/old-source-proof.json
 create mode 100644 docs/evidence/readback-stability-20261010/actual-proofs/sqlite/test_actual_old_source_upgrade1/upgrade-proof.json
 create mode 100644 docs/evidence/readback-stability-20261010/actual-proofs/sqlite/test_actual_previous_dev_sourc0/old-67-proof.json
 create mode 100644 docs/evidence/readback-stability-20261010/actual-proofs/sqlite/test_actual_previous_dev_sourc0/upgrade-proof.json
 create mode 100644 docs/evidence/readback-stability-20261010/actual-proofs/sqlite/test_application_use_actual_ht0/driver.log
 create mode 100644 docs/evidence/readback-stability-20261010/actual-proofs/sqlite/test_application_use_actual_ht0/info.json
 create mode 100644 docs/evidence/readback-stability-20261010/actual-proofs/sqlite/test_application_use_actual_ht0/results.json
 create mode 100644 docs/evidence/readback-stability-20261010/actual-proofs/sqlite/test_damaged_history_current_f0/driver.log
 create mode 100644 docs/evidence/readback-stability-20261010/actual-proofs/sqlite/test_damaged_history_current_f0/info.json
 create mode 100644 docs/evidence/readback-stability-20261010/actual-proofs/sqlite/test_damaged_history_current_f0/results.json
 create mode 100644 docs/evidence/readback-stability-20261010/actual-proofs/sqlite/test_damaged_history_current_f1/driver.log
 create mode 100644 docs/evidence/readback-stability-20261010/actual-proofs/sqlite/test_damaged_history_current_f1/info.json
 create mode 100644 docs/evidence/readback-stability-20261010/actual-proofs/sqlite/test_damaged_history_current_f1/results.json
 create mode 100644 docs/evidence/readback-stability-20261010/actual-proofs/sqlite/test_report_manifest_real_http0/driver-progress.jsonl
 create mode 100644 docs/evidence/readback-stability-20261010/actual-proofs/sqlite/test_report_manifest_real_http0/driver.log
 create mode 100644 docs/evidence/readback-stability-20261010/actual-proofs/sqlite/test_report_manifest_real_http0/info.json
 create mode 100644 docs/evidence/readback-stability-20261010/actual-proofs/sqlite/test_report_manifest_real_http0/results.json
 create mode 100644 docs/evidence/readback-stability-20261010/ast-proof.py
 create mode 100644 docs/evidence/readback-stability-20261010/author-export-manifest.json
 create mode 100644 docs/evidence/readback-stability-20261010/author-summary.json
 create mode 100644 docs/evidence/readback-stability-20261010/baseline-freeze.json
 create mode 100644 docs/evidence/readback-stability-20261010/baseline-pg.log
 create mode 100644 docs/evidence/readback-stability-20261010/baseline-pg.xml
 create mode 100644 docs/evidence/readback-stability-20261010/baseline-sqlite.log
 create mode 100644 docs/evidence/readback-stability-20261010/baseline-sqlite.xml
 create mode 100644 docs/evidence/readback-stability-20261010/ci-5427-steps.json
 create mode 100644 docs/evidence/readback-stability-20261010/ci-5427-summary.json
 create mode 100644 docs/evidence/readback-stability-20261010/ci-754-full.log
 create mode 100644 docs/evidence/readback-stability-20261010/ci-754-summary.json
 create mode 100644 docs/evidence/readback-stability-20261010/ci-754-verification-excerpt.log
 create mode 100644 docs/evidence/readback-stability-20261010/ci-754-verification.json
 create mode 100644 docs/evidence/readback-stability-20261010/ci-mypy-before.log
 create mode 100644 docs/evidence/readback-stability-20261010/ci-ruff-after.log
 create mode 100644 docs/evidence/readback-stability-20261010/ci-ruff-before.json
 create mode 100644 docs/evidence/readback-stability-20261010/ci-ruff-fix.log
 create mode 100644 docs/evidence/readback-stability-20261010/ci-ruff-format.log
 create mode 100644 docs/evidence/readback-stability-20261010/ci-style-ast-proof.json
 create mode 100644 docs/evidence/readback-stability-20261010/ci-style-push.log
 create mode 100644 docs/evidence/readback-stability-20261010/cleanup.py
 create mode 100644 docs/evidence/readback-stability-20261010/final_run.py
 create mode 100644 docs/evidence/readback-stability-20261010/independent/5427-product-bridge.json
 create mode 100644 docs/evidence/readback-stability-20261010/independent/COPY_WHITELIST.json
 create mode 100644 docs/evidence/readback-stability-20261010/independent/FINAL_REVIEW.json
 create mode 100644 docs/evidence/readback-stability-20261010/independent/FINAL_REVIEW.md
 create mode 100644 docs/evidence/readback-stability-20261010/independent/api-archived-owner/database-evidence.json
 create mode 100644 docs/evidence/readback-stability-20261010/independent/api-archived-owner/history-response.json
 create mode 100644 docs/evidence/readback-stability-20261010/independent/api-archived-owner/sql.json
 create mode 100644 docs/evidence/readback-stability-20261010/independent/api-archived-owner/write-response.json
 create mode 100644 docs/evidence/readback-stability-20261010/independent/api-coherent-text/database-evidence.json
 create mode 100644 docs/evidence/readback-stability-20261010/independent/api-coherent-text/failure.log
 create mode 100644 docs/evidence/readback-stability-20261010/independent/api-coherent-text/history-response.json
 create mode 100644 docs/evidence/readback-stability-20261010/independent/api-coherent-text/sql.json
 create mode 100644 docs/evidence/readback-stability-20261010/independent/api-corrected-coherent-text/database-evidence.json
 create mode 100644 docs/evidence/readback-stability-20261010/independent/api-corrected-coherent-text/history-response.json
 create mode 100644 docs/evidence/readback-stability-20261010/independent/api-corrected-coherent-text/sql.json
 create mode 100644 docs/evidence/readback-stability-20261010/independent/api-corrected-coherent-text/write-response.json
 create mode 100644 docs/evidence/readback-stability-20261010/independent/api-corrected-cross-definition/database-evidence.json
 create mode 100644 docs/evidence/readback-stability-20261010/independent/api-corrected-cross-definition/history-response.json
 create mode 100644 docs/evidence/readback-stability-20261010/independent/api-corrected-cross-definition/sql.json
 create mode 100644 docs/evidence/readback-stability-20261010/independent/api-corrected-cross-definition/write-response.json
 create mode 100644 docs/evidence/readback-stability-20261010/independent/api-corrected-different-result-binding/database-evidence.json
 create mode 100644 docs/evidence/readback-stability-20261010/independent/api-corrected-different-result-binding/history-response.json
 create mode 100644 docs/evidence/readback-stability-20261010/independent/api-corrected-different-result-binding/sql.json
 create mode 100644 docs/evidence/readback-stability-20261010/independent/api-corrected-different-result-binding/write-response.json
 create mode 100644 docs/evidence/readback-stability-20261010/independent/api-cross-definition/database-evidence.json
 create mode 100644 docs/evidence/readback-stability-20261010/independent/api-cross-definition/failure.log
 create mode 100644 docs/evidence/readback-stability-20261010/independent/api-cross-definition/history-response.json
 create mode 100644 docs/evidence/readback-stability-20261010/independent/api-cross-definition/sql.json
 create mode 100644 docs/evidence/readback-stability-20261010/independent/api-definition-result-binding/database-evidence.json
 create mode 100644 docs/evidence/readback-stability-20261010/independent/api-definition-result-binding/history-response.json
 create mode 100644 docs/evidence/readback-stability-20261010/independent/api-definition-result-binding/sql.json
 create mode 100644 docs/evidence/readback-stability-20261010/independent/api-definition-result-binding/write-response.json
 create mode 100644 docs/evidence/readback-stability-20261010/independent/api-different-result-binding/database-evidence.json
 create mode 100644 docs/evidence/readback-stability-20261010/independent/api-different-result-binding/failure.log
 create mode 100644 docs/evidence/readback-stability-20261010/independent/api-different-result-binding/history-response.json
 create mode 100644 docs/evidence/readback-stability-20261010/independent/api-different-result-binding/sql.json
 create mode 100644 docs/evidence/readback-stability-20261010/independent/api-history-oracles/database-evidence.json
 create mode 100644 docs/evidence/readback-stability-20261010/independent/api-history-oracles/scope-proof.json
 create mode 100644 docs/evidence/readback-stability-20261010/independent/api-history-oracles/sql.json
 create mode 100644 docs/evidence/readback-stability-20261010/independent/api-other-owner/database-evidence.json
 create mode 100644 docs/evidence/readback-stability-20261010/independent/api-other-owner/history-response.json
 create mode 100644 docs/evidence/readback-stability-20261010/independent/api-other-owner/sql.json
 create mode 100644 docs/evidence/readback-stability-20261010/independent/api-other-owner/write-response.json
 create mode 100644 docs/evidence/readback-stability-20261010/independent/api-other-project/database-evidence.json
 create mode 100644 docs/evidence/readback-stability-20261010/independent/api-other-project/history-response.json
 create mode 100644 docs/evidence/readback-stability-20261010/independent/api-other-project/sql.json
 create mode 100644 docs/evidence/readback-stability-20261010/independent/api-other-project/write-response.json
 create mode 100644 docs/evidence/readback-stability-20261010/independent/api-peer-lock/database-evidence.json
 create mode 100644 docs/evidence/readback-stability-20261010/independent/api-peer-lock/history-response.json
 create mode 100644 docs/evidence/readback-stability-20261010/independent/api-peer-lock/sql.json
 create mode 100644 docs/evidence/readback-stability-20261010/independent/api-peer-lock/write-response.json
 create mode 100644 docs/evidence/readback-stability-20261010/independent/api-peer-source/database-evidence.json
 create mode 100644 docs/evidence/readback-stability-20261010/independent/api-peer-source/history-response.json
 create mode 100644 docs/evidence/readback-stability-20261010/independent/api-peer-source/sql.json
 create mode 100644 docs/evidence/readback-stability-20261010/independent/api-peer-source/write-response.json
 create mode 100644 docs/evidence/readback-stability-20261010/independent/api-report-lock/database-evidence.json
 create mode 100644 docs/evidence/readback-stability-20261010/independent/api-report-lock/history-response.json
 create mode 100644 docs/evidence/readback-stability-20261010/independent/api-report-lock/sql.json
 create mode 100644 docs/evidence/readback-stability-20261010/independent/api-report-lock/write-response.json
 create mode 100644 docs/evidence/readback-stability-20261010/independent/api-run-fence/database-evidence.json
 create mode 100644 docs/evidence/readback-stability-20261010/independent/api-run-fence/history-response.json
 create mode 100644 docs/evidence/readback-stability-20261010/independent/api-run-fence/sql.json
 create mode 100644 docs/evidence/readback-stability-20261010/independent/api-run-fence/write-response.json
 create mode 100644 docs/evidence/readback-stability-20261010/independent/api-run-version/database-evidence.json
 create mode 100644 docs/evidence/readback-stability-20261010/independent/api-run-version/history-response.json
 create mode 100644 docs/evidence/readback-stability-20261010/independent/api-run-version/sql.json
 create mode 100644 docs/evidence/readback-stability-20261010/independent/api-run-version/write-response.json
 create mode 100644 docs/evidence/readback-stability-20261010/independent/api-source-bytes/database-evidence.json
 create mode 100644 docs/evidence/readback-stability-20261010/independent/api-source-bytes/history-response.json
 create mode 100644 docs/evidence/readback-stability-20261010/independent/api-source-bytes/sql.json
 create mode 100644 docs/evidence/readback-stability-20261010/independent/api-source-bytes/write-response.json
 create mode 100644 docs/evidence/readback-stability-20261010/independent/api-source-grant-expired/database-evidence.json
 create mode 100644 docs/evidence/readback-stability-20261010/independent/api-source-grant-expired/history-response.json
 create mode 100644 docs/evidence/readback-stability-20261010/independent/api-source-grant-expired/sql.json
 create mode 100644 docs/evidence/readback-stability-20261010/independent/api-source-grant-expired/write-response.json
 create mode 100644 docs/evidence/readback-stability-20261010/independent/api-source-grant-revoked/database-evidence.json
 create mode 100644 docs/evidence/readback-stability-20261010/independent/api-source-grant-revoked/history-response.json
 create mode 100644 docs/evidence/readback-stability-20261010/independent/api-source-grant-revoked/sql.json
 create mode 100644 docs/evidence/readback-stability-20261010/independent/api-source-grant-revoked/write-response.json
 create mode 100644 docs/evidence/readback-stability-20261010/independent/api-write-fresh-scope/database-evidence.json
 create mode 100644 docs/evidence/readback-stability-20261010/independent/api-write-fresh-scope/scope-proof.json
 create mode 100644 docs/evidence/readback-stability-20261010/independent/api-write-fresh-scope/sql.json
 create mode 100644 docs/evidence/readback-stability-20261010/independent/backend-corrected-results.json
 create mode 100644 docs/evidence/readback-stability-20261010/independent/backend-corrected.log
 create mode 100644 docs/evidence/readback-stability-20261010/independent/backend-corrected.py
 create mode 100644 docs/evidence/readback-stability-20261010/independent/backend-results.json
 create mode 100644 docs/evidence/readback-stability-20261010/independent/backend.log
 create mode 100644 docs/evidence/readback-stability-20261010/independent/backend.py
 create mode 100644 docs/evidence/readback-stability-20261010/independent/body-capture.log
 create mode 100644 docs/evidence/readback-stability-20261010/independent/body_capture.py
 create mode 100644 docs/evidence/readback-stability-20261010/independent/common.py
 create mode 100644 docs/evidence/readback-stability-20261010/independent/corrected-exact-body-capture.json
 create mode 100644 docs/evidence/readback-stability-20261010/independent/independent-ui.cjs
 create mode 100644 docs/evidence/readback-stability-20261010/independent/product-freeze.json
 create mode 100644 docs/evidence/readback-stability-20261010/independent/seed-state.json
 create mode 100644 docs/evidence/readback-stability-20261010/independent/seed.json
 create mode 100644 docs/evidence/readback-stability-20261010/independent/seed/run_30521605d0564b0c86fa4ccc6fcd63c0.json
 create mode 100644 docs/evidence/readback-stability-20261010/independent/seed/run_94860ef208804b4d8908d29232631268.json
 create mode 100644 docs/evidence/readback-stability-20261010/independent/seed/run_aec93a9b02d9468caf183fdb085834b7.json
 create mode 100644 docs/evidence/readback-stability-20261010/independent/seed/run_c270bdbdaff1404ca17ed2a0bf650a5b.json
 create mode 100644 docs/evidence/readback-stability-20261010/independent/setup.log
 create mode 100644 docs/evidence/readback-stability-20261010/independent/setup_seed.py
 create mode 100644 docs/evidence/readback-stability-20261010/independent/source-backend-after.json
 create mode 100644 docs/evidence/readback-stability-20261010/independent/source-backend-corrected-after.json
 create mode 100644 docs/evidence/readback-stability-20261010/independent/source-before.json
 create mode 100644 docs/evidence/readback-stability-20261010/independent/source-final-after.json
 create mode 100644 docs/evidence/readback-stability-20261010/independent/source-ui-after.json
 create mode 100644 docs/evidence/readback-stability-20261010/independent/static-source-bridge.json
 create mode 100644 docs/evidence/readback-stability-20261010/independent/ui-late-check/config.json
 create mode 100644 docs/evidence/readback-stability-20261010/independent/ui-late-check/database-evidence.json
 create mode 100644 docs/evidence/readback-stability-20261010/independent/ui-late-check/driver.log
 create mode 100644 docs/evidence/readback-stability-20261010/independent/ui-late-check/mutations.json
 create mode 100644 docs/evidence/readback-stability-20261010/independent/ui-late-check/result.json
 create mode 100644 docs/evidence/readback-stability-20261010/independent/ui-late-check/run_0b9bee33cbfe4ae4917991383f36b3df.json
 create mode 100644 docs/evidence/readback-stability-20261010/independent/ui-late-check/run_1d1599bff5d44f99af2ef6b20ac0f510.json
 create mode 100644 docs/evidence/readback-stability-20261010/independent/ui-late-check/run_a4bd07e55bda4c4c81fbfaf90e4b2f96.json
 create mode 100644 docs/evidence/readback-stability-20261010/independent/ui-lost-check/config.json
 create mode 100644 docs/evidence/readback-stability-20261010/independent/ui-lost-check/database-evidence.json
 create mode 100644 docs/evidence/readback-stability-20261010/independent/ui-lost-check/driver.log
 create mode 100644 docs/evidence/readback-stability-20261010/independent/ui-lost-check/mutations.json
 create mode 100644 docs/evidence/readback-stability-20261010/independent/ui-lost-check/result.json
 create mode 100644 docs/evidence/readback-stability-20261010/independent/ui-lost-check/run_5e8a9aac266140e8819de3ff63ee77e3.json
 create mode 100644 docs/evidence/readback-stability-20261010/independent/ui-lost-check/run_694483ebadde4146b8ed8d9f1c5a70d0.json
 create mode 100644 docs/evidence/readback-stability-20261010/independent/ui-lost-check/run_ce84fbfd92514b52af0a837af32c1859.json
 create mode 100644 docs/evidence/readback-stability-20261010/independent/ui-results.json
 create mode 100644 docs/evidence/readback-stability-20261010/independent/ui.log
 create mode 100644 docs/evidence/readback-stability-20261010/independent/ui.py
 create mode 100644 docs/evidence/readback-stability-20261010/independent/write_review.py
 create mode 100644 docs/evidence/readback-stability-20261010/integration/pre-integration-remote.json
 create mode 100644 docs/evidence/readback-stability-20261010/integration/pre-push-byte-verification.json
 create mode 100644 docs/evidence/readback-stability-20261010/lock-summary.json
 create mode 100644 docs/evidence/readback-stability-20261010/mypy-final.log
 create mode 100644 docs/evidence/readback-stability-20261010/pg-after.json
 create mode 100644 docs/evidence/readback-stability-20261010/pg-before.json
 create mode 100644 docs/evidence/readback-stability-20261010/pg-cleanup.json
 create mode 100644 docs/evidence/readback-stability-20261010/pg-collection-error-command.json
 create mode 100644 docs/evidence/readback-stability-20261010/pg-collection-error-run.json
 create mode 100644 docs/evidence/readback-stability-20261010/pg-collection-error.log
 create mode 100644 docs/evidence/readback-stability-20261010/pg-collection-error.xml
 create mode 100644 docs/evidence/readback-stability-20261010/pg-command.json
 create mode 100644 docs/evidence/readback-stability-20261010/pg-ready.json
 create mode 100644 docs/evidence/readback-stability-20261010/pg-run.json
 create mode 100644 docs/evidence/readback-stability-20261010/pg-shutdown.log
 create mode 100644 docs/evidence/readback-stability-20261010/pg.log
 create mode 100644 docs/evidence/readback-stability-20261010/pg.xml
 create mode 100644 docs/evidence/readback-stability-20261010/probe-sqlite.log
 create mode 100644 docs/evidence/readback-stability-20261010/probe-sqlite.xml
 create mode 100644 docs/evidence/readback-stability-20261010/product-byte-proof.json
 create mode 100644 docs/evidence/readback-stability-20261010/profile-summary.json
 create mode 100644 docs/evidence/readback-stability-20261010/profile_plugin.py
 create mode 100644 docs/evidence/readback-stability-20261010/profile_plugin_baseline.py
 create mode 100644 docs/evidence/readback-stability-20261010/profiles/baseline-pg-profile/0bf3fd82f4f3.json.gz
 create mode 100644 docs/evidence/readback-stability-20261010/profiles/baseline-pg-profile/a88c4a26fe80.json.gz
 create mode 100644 docs/evidence/readback-stability-20261010/profiles/baseline-sqlite-profile/0bf3fd82f4f3.json.gz
 create mode 100644 docs/evidence/readback-stability-20261010/profiles/pg-profile/0bf3fd82f4f3.json.gz
 create mode 100644 docs/evidence/readback-stability-20261010/profiles/pg-profile/a88c4a26fe80.json.gz
 create mode 100644 docs/evidence/readback-stability-20261010/profiles/probe-sqlite-profile/0bf3fd82f4f3.json.gz
 create mode 100644 docs/evidence/readback-stability-20261010/profiles/probe-sqlite-profile/204857331fc6.json.gz
 create mode 100644 docs/evidence/readback-stability-20261010/profiles/probe-sqlite-profile/63e951758de0.json.gz
 create mode 100644 docs/evidence/readback-stability-20261010/profiles/probe-sqlite-profile/d018c1ad8954.json.gz
 create mode 100644 docs/evidence/readback-stability-20261010/profiles/sqlite-profile/0bf3fd82f4f3.json.gz
 create mode 100644 docs/evidence/readback-stability-20261010/profiles/sqlite-profile/a88c4a26fe80.json.gz
 create mode 100644 docs/evidence/readback-stability-20261010/ruff-final.log
 create mode 100644 docs/evidence/readback-stability-20261010/scope-ast-proof.json
 create mode 100644 docs/evidence/readback-stability-20261010/source-freeze.json
 create mode 100644 docs/evidence/readback-stability-20261010/sqlite-collection-error-command.json
 create mode 100644 docs/evidence/readback-stability-20261010/sqlite-collection-error-run.json
 create mode 100644 docs/evidence/readback-stability-20261010/sqlite-collection-error.log
 create mode 100644 docs/evidence/readback-stability-20261010/sqlite-collection-error.xml
 create mode 100644 docs/evidence/readback-stability-20261010/sqlite-command.json
 create mode 100644 docs/evidence/readback-stability-20261010/sqlite-run.json
 create mode 100644 docs/evidence/readback-stability-20261010/sqlite.log
 create mode 100644 docs/evidence/readback-stability-20261010/sqlite.xml
 create mode 100644 docs/evidence/readback-stability-20261010/summarize-author.py
 create mode 100644 docs/evidence/readback-stability-20261010/summarize-profile.py
 create mode 100644 docs/evidence/readback-stability-20261010/verify.py
 create mode 100644 tests/test_report_history_scoped_readback.py
