{
  "staged_index": {
    "paths": 471,
    "all_docs_only": true,
    "all_blob_worktree_hashes_match": true,
    "scoped_four_CSV_minus_text": true,
    "root_gitattributes_unchanged": true
  },
  "verdict": "FINAL_PUBLICATION_EXACT_MATCH",
  "source_sha": "9002bf958f79972e576e831ebdf5e0d90fc44ea5",
  "manifests": {
    "observer": {
      "count": 219,
      "all_hashes_match": true,
      "excludes_only_own_root_manifest": true,
      "manifest_sha256": "fe58d7d6871cb42b679c3ee2cf93e8adc690a71f3c28f46d2ac580f780e48daf"
    },
    "prerequisites": {
      "count": 248,
      "all_hashes_match": true,
      "excludes_only_own_root_manifest": true,
      "manifest_sha256": "96d6056da183e875ed00a7b09ae4c75903b3b589ac85f2bbf3f7717cf7938e7b"
    }
  },
  "sealed_exports": {
    "docs/evidence/native-interruption-diagnostics-20261010/author": {
      "copied_entries": 143,
      "exact": true,
      "no_unlisted_files": true,
      "excluded": [
        "ci-6eb-full.log"
      ]
    },
    "docs/evidence/native-interruption-diagnostics-20261010/independent-d8-blocked": {
      "copied_entries": 39,
      "exact": true,
      "no_unlisted_files": true,
      "excluded": []
    },
    "docs/evidence/native-interruption-diagnostics-20261010/independent-88cb": {
      "copied_entries": 19,
      "exact": true,
      "no_unlisted_files": true,
      "excluded": []
    },
    "docs/evidence/native-engineering-prerequisites-20261010/author": {
      "copied_entries": 189,
      "exact": true,
      "no_unlisted_files": true,
      "excluded": []
    },
    "docs/evidence/native-engineering-prerequisites-20261010/independent": {
      "copied_entries": 45,
      "exact": true,
      "no_unlisted_files": true,
      "excluded": []
    }
  },
  "byte_provenance": {
    "ci-88": {
      "normalized_sha256": "390602f636ba25078f53cd03d4d5764df4773247a90da31c991f9e5ce443372a",
      "transport_sha256": "809a470b143d4be54c67b4e740cfa3aa034d654d73f080d0abe85e2ee91dca50",
      "normalized_bytes": 561571,
      "transport_bytes": 564017,
      "exact_CRLF_to_LF_plus_one_trailing_LF_equivalence": true
    },
    "ci-6eb": {
      "normalized_sha256": "546c78eb9b00d945ad32b4954d6864a47c51b1e6a4f8a6f3684f4258bad30ba7",
      "transport_sha256": "62766118cebd9b4e6cc6f32c1a435849bc5723f8836a04dc7b33f18c56c443d2",
      "normalized_bytes": 42029,
      "transport_bytes": 42515,
      "exact_CRLF_to_LF_plus_one_trailing_LF_equivalence": true
    }
  },
  "initial_207_manifest_exact_original": true,
  "native9002": {
    "transport_sha256": "0bd574e394dacaa693b3311fe878e38f653195b5be7af909b136faa8cce249ed",
    "counts": {
      ".": 589,
      "s": 2
    },
    "collected": 2234,
    "started": 592,
    "finished": 591,
    "active": 1,
    "unstarted": 1642,
    "failure_reports": 0,
    "visible_records": 596,
    "target_pass": 15,
    "target_interrupted": 1,
    "target_not_run": 10,
    "suite_complete": false
  },
  "native88": {
    "started": 856,
    "finished": 855,
    "failure_reports": 26,
    "missing_jsdom": 25,
    "CSV_hash": 1,
    "suite_complete": false
  },
  "freeze362_and_products69_same473": true,
  "doc_scope_consistent": true,
  "actual_tests_or_CI_or_PG_operations": 0,
  "repo_or_ref_writes": 0,
  "no_acceptance_inferred": true
}
