============================= test session starts ==============================
platform linux -- Python 3.12.14, pytest-9.0.2, pluggy-1.6.0 -- /workspace/Sim2Act/.venv/bin/python
cachedir: .pytest_cache
rootdir: /workspace/Sim2Act
configfile: pyproject.toml
plugins: anyio-4.15.1
collecting ... collected 103 items

tests/test_csv_dag_instances.py::test_actual_two_nodes_two_cold_columns_instances_and_read_only_recovery PASSED [  0%]
tests/test_csv_dag_instances.py::test_unfinished_source_cannot_prepare_release PASSED [  1%]
tests/test_csv_dag_instances.py::test_invalid_new_input_and_request_replay_write_nothing[missing] PASSED [  2%]
tests/test_csv_dag_instances.py::test_invalid_new_input_and_request_replay_write_nothing[text] PASSED [  3%]
tests/test_csv_dag_instances.py::test_invalid_new_input_and_request_replay_write_nothing[override] PASSED [  4%]
tests/test_csv_dag_instances.py::test_invalid_new_input_and_request_replay_write_nothing[same-key] PASSED [  5%]
tests/test_csv_dag_instances.py::test_invalid_new_input_and_request_replay_write_nothing[release] PASSED [  6%]
tests/test_csv_dag_instances.py::test_invalid_new_input_and_request_replay_write_nothing[revision] PASSED [  7%]
tests/test_csv_dag_instances.py::test_invalid_new_input_and_request_replay_write_nothing[replay] PASSED [  8%]
tests/test_csv_dag_instances.py::test_changed_authority_provenance_or_cas_never_appends_result[grant] PASSED [  9%]
tests/test_csv_dag_instances.py::test_changed_authority_provenance_or_cas_never_appends_result[source] PASSED [ 10%]
tests/test_csv_dag_instances.py::test_changed_authority_provenance_or_cas_never_appends_result[instance-aba] PASSED [ 11%]
tests/test_csv_dag_instances.py::test_changed_authority_provenance_or_cas_never_appends_result[binding-delete] PASSED [ 12%]
tests/test_csv_dag_instances.py::test_changed_authority_provenance_or_cas_never_appends_result[binding-input] PASSED [ 13%]
tests/test_csv_dag_instances.py::test_changed_authority_provenance_or_cas_never_appends_result[receipt] PASSED [ 14%]
tests/test_csv_dag_instances.py::test_cold_lease_reclaim_and_old_fence_no_duplicate_operations PASSED [ 15%]
tests/test_csv_dag_instances.py::test_cross_owner_control_metadata_and_other_instance_rejected PASSED [ 16%]
tests/test_csv_dag_instances.py::test_coherent_typed_output_tamper_cannot_replace_actual_operations PASSED [ 17%]
tests/test_csv_dag_instances.py::test_release_origin_seal_rejects_family_downgrade[False] PASSED [ 18%]
tests/test_csv_dag_instances.py::test_release_origin_seal_rejects_family_downgrade[True] PASSED [ 19%]
tests/test_csv_dag_instances.py::test_atomic_final_transaction_rolls_back_typed_append_on_terminal_write_failure PASSED [ 20%]
tests/test_csv_dag_instances.py::test_preparation_and_commit_recover_exact_intent_without_duplicate_version PASSED [ 21%]
tests/test_csv_dag_instances.py::test_actual_previous_dev_source_upgrade_preserves_old_proofs_and_requires_fresh_source PASSED [ 22%]
tests/test_csv_dag_instances.py::test_independent_acceptance_detects_shared_join_or_result_deletion[False] PASSED [ 23%]
tests/test_csv_dag_instances.py::test_independent_acceptance_detects_shared_join_or_result_deletion[True] PASSED [ 24%]
tests/test_csv_dag_instances.py::test_dag_instance_application_role_and_no_new_principal_or_grant PASSED [ 25%]
tests/test_csv_dag_instances.py::test_joint_pair_marker_and_join_deletion_cannot_hide_actual_accepted_event PASSED [ 26%]
tests/test_csv_report_dag_instances.py::test_completed_report_flow_reexecutes_two_cold_columns_and_preserves_full_proofs PASSED [ 27%]
tests/test_csv_report_dag_instances.py::test_changed_authority_or_third_receipt_never_appends_typed_result[grant] PASSED [ 28%]
tests/test_csv_report_dag_instances.py::test_changed_authority_or_third_receipt_never_appends_typed_result[source] PASSED [ 29%]
tests/test_csv_report_dag_instances.py::test_changed_authority_or_third_receipt_never_appends_typed_result[instance-aba] PASSED [ 30%]
tests/test_csv_report_dag_instances.py::test_changed_authority_or_third_receipt_never_appends_typed_result[binding-delete] PASSED [ 31%]
tests/test_csv_report_dag_instances.py::test_changed_authority_or_third_receipt_never_appends_typed_result[report-receipt] PASSED [ 32%]
tests/test_csv_report_dag_instances.py::test_report_terminal_failure_rolls_back_the_actual_typed_append PASSED [ 33%]
tests/test_csv_report_dag_instances.py::test_source_shape_cannot_be_relabelled_or_partially_frozen[old-version] PASSED [ 33%]
tests/test_csv_report_dag_instances.py::test_source_shape_cannot_be_relabelled_or_partially_frozen[unknown-version] PASSED [ 34%]
tests/test_csv_report_dag_instances.py::test_source_shape_cannot_be_relabelled_or_partially_frozen[missing-report-step] PASSED [ 35%]
tests/test_csv_report_dag_instances.py::test_source_shape_cannot_be_relabelled_or_partially_frozen[missing-third-receipt] PASSED [ 36%]
tests/test_csv_report_dag_instances.py::test_successful_broader_composition_cannot_acquire_the_closed_report_version[extra-edge] PASSED [ 37%]
tests/test_csv_report_dag_instances.py::test_successful_broader_composition_cannot_acquire_the_closed_report_version[conditional] PASSED [ 38%]
tests/test_csv_report_dag_instances.py::test_actual_f13_upgrade_preserves_old_rows_and_requires_fresh_source PASSED [ 39%]
tests/test_csv_dag_instances_ui.py::test_actual_dag_internal_reuse_and_cold_new_column_page[post] PASSED [ 40%]
tests/test_csv_dag_instances_ui.py::test_actual_dag_internal_reuse_and_cold_new_column_page[read] PASSED [ 41%]
tests/test_csv_dag_instances_ui.py::test_actual_report_dag_internal_reuse_and_cold_new_column_page[post] PASSED [ 42%]
tests/test_csv_dag_instances_ui.py::test_actual_report_dag_internal_reuse_and_cold_new_column_page[read] PASSED [ 43%]
tests/test_csv_composition.py::test_four_actual_nodes_two_new_outputs_original_objects_unchanged PASSED [ 44%]
tests/test_csv_composition.py::test_branch_skip_does_not_block_independent_branch[False] PASSED [ 45%]
tests/test_csv_composition.py::test_branch_skip_does_not_block_independent_branch[True] PASSED [ 46%]
tests/test_csv_composition.py::test_cold_four_node_receipts_and_old_fence[1] PASSED [ 47%]
tests/test_csv_composition.py::test_cold_four_node_receipts_and_old_fence[2] PASSED [ 48%]
tests/test_csv_composition.py::test_cold_four_node_receipts_and_old_fence[3] PASSED [ 49%]
tests/test_csv_composition.py::test_cold_four_node_receipts_and_old_fence[4] PASSED [ 50%]
tests/test_csv_composition.py::test_closed_schema_topology_rejection_writes_nothing[fifth] PASSED [ 51%]
tests/test_csv_composition.py::test_closed_schema_topology_rejection_writes_nothing[cycle] PASSED [ 52%]
tests/test_csv_composition.py::test_closed_schema_topology_rejection_writes_nothing[unknown] PASSED [ 53%]
tests/test_csv_composition.py::test_closed_schema_topology_rejection_writes_nothing[self] PASSED [ 54%]
tests/test_csv_composition.py::test_closed_schema_topology_rejection_writes_nothing[duplicate] PASSED [ 55%]
tests/test_csv_composition.py::test_closed_schema_topology_rejection_writes_nothing[port] PASSED [ 56%]
tests/test_csv_composition.py::test_closed_schema_topology_rejection_writes_nothing[semantic] PASSED [ 57%]
tests/test_csv_composition.py::test_closed_schema_topology_rejection_writes_nothing[column] PASSED [ 58%]
tests/test_csv_composition.py::test_closed_schema_topology_rejection_writes_nothing[mixed] PASSED [ 59%]
tests/test_csv_composition.py::test_closed_schema_topology_rejection_writes_nothing[action] PASSED [ 60%]
tests/test_csv_composition.py::test_closed_schema_topology_rejection_writes_nothing[source] PASSED [ 61%]
tests/test_csv_composition.py::test_closed_schema_topology_rejection_writes_nothing[when] PASSED [ 62%]
tests/test_csv_composition.py::test_closed_schema_topology_rejection_writes_nothing[code] PASSED [ 63%]
tests/test_csv_composition.py::test_closed_schema_topology_rejection_writes_nothing[legacy] PASSED [ 64%]
tests/test_csv_composition.py::test_four_node_conservative_budget_and_exact_confirmation PASSED [ 65%]
tests/test_csv_composition.py::test_composition_controls_and_invalidation_keep_prefix[pause] PASSED [ 66%]
tests/test_csv_composition.py::test_composition_controls_and_invalidation_keep_prefix[cancel] PASSED [ 66%]
tests/test_csv_composition.py::test_composition_controls_and_invalidation_keep_prefix[grant] PASSED [ 67%]
tests/test_csv_composition.py::test_composition_controls_and_invalidation_keep_prefix[source] PASSED [ 68%]
tests/test_csv_composition.py::test_editable_one_to_three_node_composition[1] PASSED [ 69%]
tests/test_csv_composition.py::test_editable_one_to_three_node_composition[2] PASSED [ 70%]
tests/test_csv_composition.py::test_editable_one_to_three_node_composition[3] PASSED [ 71%]
tests/test_csv_composition.py::test_concurrent_repeat_is_one_acceptance_and_four_operations PASSED [ 72%]
tests/test_csv_composition.py::test_actual_pg_crud_role_four_node_composition[False] PASSED [ 73%]
tests/test_csv_composition.py::test_actual_pg_crud_role_four_node_composition[True] PASSED [ 74%]
tests/test_csv_composition.py::test_four_node_persisted_proof_tamper_is_never_certified[input] PASSED [ 75%]
tests/test_csv_composition.py::test_four_node_persisted_proof_tamper_is_never_certified[receipt] PASSED [ 76%]
tests/test_csv_composition.py::test_four_node_persisted_proof_tamper_is_never_certified[missing] PASSED [ 77%]
tests/test_csv_composition.py::test_four_node_persisted_proof_tamper_is_never_certified[status] PASSED [ 78%]
tests/test_csv_composition.py::test_four_node_persisted_proof_tamper_is_never_certified[counter] PASSED [ 79%]
tests/test_csv_composition.py::test_four_node_persisted_proof_tamper_is_never_certified[acceptance] PASSED [ 80%]
tests/test_csv_composition.py::test_composition_same_key_different_unused_legacy_column_rejected PASSED [ 81%]
tests/test_csv_composition.py::test_composition_rejects_absent_or_non_numeric_columns_before_save[missing] PASSED [ 82%]
tests/test_csv_composition.py::test_composition_rejects_absent_or_non_numeric_columns_before_save[item] PASSED [ 83%]
tests/test_csv_composition.py::test_input_node_order_is_compiled_topologically PASSED [ 84%]
tests/test_csv_composition_ui.py::test_actual_product_editable_composition[False] PASSED [ 85%]
tests/test_csv_composition_ui.py::test_actual_product_editable_composition[True] PASSED [ 86%]
tests/test_report_presentation_late_ui.py::test_actual_late_receipt_current_page_readback[same-checks] PASSED [ 87%]
tests/test_report_presentation_late_ui.py::test_actual_late_receipt_current_page_readback[same-definition] PASSED [ 88%]
tests/test_report_presentation_late_ui.py::test_actual_late_receipt_current_page_readback[other_app-checks] PASSED [ 89%]
tests/test_report_presentation_late_ui.py::test_actual_late_receipt_current_page_readback[other_app-definition] PASSED [ 90%]
tests/test_report_presentation_late_ui.py::test_actual_late_receipt_current_page_readback[identity-checks] PASSED [ 91%]
tests/test_report_presentation_late_ui.py::test_actual_late_receipt_current_page_readback[identity-definition] PASSED [ 92%]
tests/test_report_presentation_late_ui.py::test_actual_late_receipt_current_page_readback[revoke-checks] PASSED [ 93%]
tests/test_report_presentation_late_ui.py::test_actual_late_receipt_current_page_readback[revoke-definition] PASSED [ 94%]
tests/test_report_presentation_late_ui.py::test_actual_late_receipt_current_page_readback[history_failure-checks] PASSED [ 95%]
tests/test_report_presentation_late_ui.py::test_actual_late_receipt_current_page_readback[history_failure-definition] PASSED [ 96%]
tests/test_report_presentation_late_ui.py::test_actual_late_receipt_current_page_readback[lost_response-checks] PASSED [ 97%]
tests/test_report_presentation_late_ui.py::test_actual_late_receipt_current_page_readback[lost_response-definition] PASSED [ 98%]
tests/test_report_presentation_late_ui.py::test_actual_late_receipt_current_page_readback[refresh-checks] PASSED [ 99%]
tests/test_report_presentation_late_ui.py::test_actual_late_receipt_current_page_readback[refresh-definition] PASSED [100%]

=============================== warnings summary ===============================
.venv/lib/python3.12/site-packages/fastapi/testclient.py:1
  /workspace/Sim2Act/.venv/lib/python3.12/site-packages/fastapi/testclient.py:1: StarletteDeprecationWarning: Using `httpx` with `starlette.testclient` is deprecated; install `httpx2` instead.
    from starlette.testclient import TestClient as TestClient  # noqa

-- Docs: https://docs.pytest.org/en/stable/how-to/capture-warnings.html
--- generated xml file: /tmp/sim2act-report-dag-reuse-20261010/pg-final.xml ----
============================= slowest 15 durations =============================
26.20s call     tests/test_csv_dag_instances_ui.py::test_actual_report_dag_internal_reuse_and_cold_new_column_page[post]
24.69s call     tests/test_csv_dag_instances_ui.py::test_actual_report_dag_internal_reuse_and_cold_new_column_page[read]
24.05s call     tests/test_csv_dag_instances_ui.py::test_actual_dag_internal_reuse_and_cold_new_column_page[read]
23.18s call     tests/test_csv_dag_instances_ui.py::test_actual_dag_internal_reuse_and_cold_new_column_page[post]
17.65s call     tests/test_csv_dag_instances.py::test_actual_two_nodes_two_cold_columns_instances_and_read_only_recovery
17.35s call     tests/test_report_presentation_late_ui.py::test_actual_late_receipt_current_page_readback[history_failure-checks]
16.67s call     tests/test_report_presentation_late_ui.py::test_actual_late_receipt_current_page_readback[history_failure-definition]
16.08s call     tests/test_report_presentation_late_ui.py::test_actual_late_receipt_current_page_readback[lost_response-checks]
15.88s call     tests/test_report_presentation_late_ui.py::test_actual_late_receipt_current_page_readback[refresh-checks]
14.98s call     tests/test_report_presentation_late_ui.py::test_actual_late_receipt_current_page_readback[same-definition]
14.75s call     tests/test_report_presentation_late_ui.py::test_actual_late_receipt_current_page_readback[refresh-definition]
14.75s call     tests/test_report_presentation_late_ui.py::test_actual_late_receipt_current_page_readback[same-checks]
14.44s call     tests/test_csv_report_dag_instances.py::test_completed_report_flow_reexecutes_two_cold_columns_and_preserves_full_proofs
14.09s call     tests/test_report_presentation_late_ui.py::test_actual_late_receipt_current_page_readback[lost_response-definition]
13.18s call     tests/test_report_presentation_late_ui.py::test_actual_late_receipt_current_page_readback[revoke-checks]
================== 103 passed, 1 warning in 506.54s (0:08:26) ==================
