F
=================================== FAILURES ===================================
_____ test_actual_f13_two_node_version_and_history_survive_source_upgrade ______

env = (<sim2act.db.Store object at 0x7f43b47b0530>, Settings(database_url='sqlite:////tmp/sim2act-report-dag-reuse-20261010/...fdb2a76df143b2b5bb8ba4553e3c5f', 'user_7bb81c7e149840949cb701d9fd23d8bc', 'proj_995be6d227f5489ba476460fe2fdfae0', ...)
tmp_path = PosixPath('/tmp/sim2act-report-dag-reuse-20261010/upgrade-probe/test_actual_f13_two_node_versi0')

    def test_actual_f13_two_node_version_and_history_survive_source_upgrade(env, tmp_path):
        import json
        import os
        import subprocess
        import sys
        from pathlib import Path
    
        from test_csv_dag_upgrade import raw_history_hashes
    
        value = os.environ.get("SIM2ACT_REPORT_DAG_OLD_ARCHIVE")
        if not value:
            pytest.skip("Requires explicitly prepared actual f13 source archive")
        archive = Path(value)
        old_module = archive / "src/sim2act/csv_dag_instances.py"
        assert hashlib.sha256(old_module.read_bytes()).hexdigest() == os.environ["SIM2ACT_REPORT_DAG_OLD_MODULE_SHA256"]
        assert old_module.read_bytes() != Path(adapter.__file__).read_bytes()
        output = tmp_path / "old-f13-result.json"
        body = dict(database_url=env[1].database_url,
            schema=env[0].engine.get_execution_options().get("schema_translate_map", {}).get(None),
            data_root=str(tmp_path), owner=env[3], other=env[4], project=env[5],
            resource=env[6], output=str(output))
        driver = Path(__file__).with_name("fixtures") / "csv_report_dag_upgrade.py"
        child = subprocess.run([sys.executable, str(driver.resolve())], cwd=archive,
            env={**os.environ, "PYTHONPATH": str(archive / "src") + os.pathsep + str(archive / "tests"), "LIVE": "0"},
            input=json.dumps(body), text=True, capture_output=True, timeout=60)
        (tmp_path / "old-f13-driver.log").write_text(child.stdout + child.stderr)
        assert child.returncode == 0, child.stdout + child.stderr
        old = json.loads(output.read_text())
        assert Path(old["module_path"]).resolve() == old_module.resolve()
        assert old["module_sha256"] == os.environ["SIM2ACT_REPORT_DAG_OLD_MODULE_SHA256"]
        assert old["result"]["execution_version"] == adapter.VERSION and old["result"]["output"]["sum"] == "15"
        names = list(snapshot(env))
        before = raw_history_hashes(env[0], names)
        i, rel, a = old["instance"], old["release"], old["accepted"]
        read = env[2].get(f"/api/internal/instances/{i['id']}/runs/{a['run_id']}")
>       assert read.status_code == 200, read.text
E       AssertionError: {"error":{"code":"VERSION_CONFLICT","message":"Current graph baseline changed; explicitly derive a new anchor","safe_retry":false,"effect_known":true,"user_action":"Check status, configuration and permissions"}}
E       assert 409 == 200
E        +  where 409 = <Response [409 Conflict]>.status_code

tests/test_csv_report_dag_instances.py:188: AssertionError
=============================== warnings summary ===============================
.venv/lib/python3.12/site-packages/fastapi/testclient.py:1
  /workspace/Sim2Act/.venv/lib/python3.12/site-packages/fastapi/testclient.py:1: StarletteDeprecationWarning: Using `httpx` with `starlette.testclient` is deprecated; install `httpx2` instead.
    from starlette.testclient import TestClient as TestClient  # noqa

-- Docs: https://docs.pytest.org/en/stable/how-to/capture-warnings.html
=========================== short test summary info ============================
FAILED tests/test_csv_report_dag_instances.py::test_actual_f13_two_node_version_and_history_survive_source_upgrade
!!!!!!!!!!!!!!!!!!!!!!!!!! stopping after 1 failures !!!!!!!!!!!!!!!!!!!!!!!!!!!
1 failed, 1 warning in 3.71s
