F..........                                                              [100%]
=================================== FAILURES ===================================
_______________ test_conditional_bound_native_shared_actual_http _______________

tmp_path = PosixPath('/tmp/pytest-of-agent/pytest-515/test_conditional_bound_native_0')

    def test_conditional_bound_native_shared_actual_http(tmp_path):
        if (
            not shutil.which("node")
            or subprocess.run(
                ["node", "-e", "require.resolve('jsdom')"],
                stdout=subprocess.DEVNULL,
                stderr=subprocess.DEVNULL,
                timeout=10,
            ).returncode
        ):
            pytest.skip("Developer Node/jsdom required")
        repo = Path(__file__).resolve().parents[1]
        with socket.socket() as sock:
            sock.bind(("127.0.0.1", 0))
            port = sock.getsockname()[1]
        child = {**os.environ, "PYTHONPATH": "src"}
        seed = subprocess.run(
            [
                sys.executable,
                "scripts/protocol-ui/fixture.py",
                "--root",
                str(tmp_path),
                "--port",
                str(port),
                "--action",
                "seed",
            ],
            env=child,
            cwd=repo,
            capture_output=True,
            text=True,
            timeout=30,
        )
        assert seed.returncode == 0, seed.stdout + seed.stderr
        with (tmp_path / "api.log").open("wb") as log:
            server = subprocess.Popen(
                [
                    sys.executable,
                    "scripts/protocol-ui/fixture.py",
                    "--root",
                    str(tmp_path),
                    "--action",
                    "serve",
                ],
                env=child,
                cwd=repo,
                stdout=log,
                stderr=log,
            )
        try:
            end = time.monotonic() + 10
            while time.monotonic() < end:
                assert server.poll() is None
                try:
                    if httpx.get(f"http://127.0.0.1:{port}/health", timeout=0.5).status_code == 200:
                        break
                except httpx.HTTPError:
                    pass
                time.sleep(0.05)
            else:
                pytest.fail("Owned fixture API not ready")
            out = subprocess.run(
                ["node", "tests/conditional_runs_native.cjs", str(tmp_path), sys.executable],
                env=child,
                cwd=repo,
                capture_output=True,
                text=True,
                timeout=60,
            )
            (tmp_path / "driver.log").write_text(out.stdout + out.stderr)
>           assert out.returncode == 0, out.stdout + out.stderr
E           AssertionError: AssertionError [ERR_ASSERTION]: durable bound chain records exactly four attempts and two successful resource reads
E                 at check (/workspace/Sim2Act-native-bounded-candidate/scripts/browser-ci/conditional-runs-ui.cjs:6:33)
E                 at boundedRuns (/workspace/Sim2Act-native-bounded-candidate/scripts/browser-ci/conditional-runs-ui.cjs:45:2)
E                 at process.processTicksAndRejections (node:internal/process/task_queues:104:5)
E                 at async /workspace/Sim2Act-native-bounded-candidate/tests/conditional_runs_native.cjs:11:14
E             
E           assert 1 == 0
E            +  where 1 = CompletedProcess(args=['node', 'tests/conditional_runs_native.cjs', '/tmp/pytest-of-agent/pytest-515/test_conditional_...ask_queues:104:5)\n    at async /workspace/Sim2Act-native-bounded-candidate/tests/conditional_runs_native.cjs:11:14\n').returncode

tests/test_conditional_runs_native.py:86: AssertionError
=============================== warnings summary ===============================
../../tmp/native-bounded-venv/lib/python3.12/site-packages/fastapi/testclient.py:1
  /tmp/native-bounded-venv/lib/python3.12/site-packages/fastapi/testclient.py:1: StarletteDeprecationWarning: Using `httpx` with `starlette.testclient` is deprecated; install `httpx2` instead.
    from starlette.testclient import TestClient as TestClient  # noqa

-- Docs: https://docs.pytest.org/en/stable/how-to/capture-warnings.html
============================= slowest 15 durations =============================
6.60s call     tests/test_conditional_runs_native.py::test_conditional_bound_native_shared_actual_http
1.47s call     tests/test_bounded_native_guards.py::test_owned_worker_without_queued_run_refuses_without_preparation
0.34s call     tests/test_conditional_fixture_session.py::test_protocol_is_closed_under_optimized_python
0.15s call     tests/test_conditional_fixture_session.py::test_owned_session_child_failures_and_timeout
0.05s call     tests/test_conditional_fixture_session.py::test_fixture_session_eof_exits_without_preparation
0.02s call     tests/test_bounded_native_guards.py::test_buffered_emission_preserves_every_line_and_bound
0.01s setup    tests/test_conditional_runs_native.py::test_conditional_bound_native_shared_actual_http

(8 durations < 0.005s hidden.  Use -vv to show these durations.)
=========================== short test summary info ============================
FAILED tests/test_conditional_runs_native.py::test_conditional_bound_native_shared_actual_http
1 failed, 10 passed, 1 warning in 8.74s
