........................................................................ [ 12%]
.s...................................................................... [ 25%]
...........................................................s............ [ 38%]
....................s..........................s.................s...... [ 51%]
..........................s............................................. [ 64%]
...............ssss....s.................................s.............. [ 77%]
.ss.....................................................Fssssssssss..... [ 90%]
.......................................s................                 [100%]
=================================== FAILURES ===================================
_____________ test_real_http_dom_generation_entry_and_lost_receipt _____________

env = (<sim2act.db.Store object at 0x7f944c764fb0>, Settings(database_url='sqlite:////tmp/pytest-of-agent/pytest-165/test_re...829e643cb541f89dbdfdc8ed76af6e', 'user_f0a67d7c23ee4508940e707bea010226', 'proj_686dbc3effa24adb94ca76a6201f5059', ...)

    def test_real_http_dom_generation_entry_and_lost_receipt(env):
        import json
        import shutil
        import socket
        import subprocess
        import threading
        import time
    
        import uvicorn
    
        if not shutil.which("node"):
            pytest.skip("Optional HTTP-backed DOM check requires Node; not a native browser check")
        dependency = subprocess.run(
            ["node", "-e", "require.resolve('jsdom')"],
            capture_output=True,
            timeout=10,
            check=False,
        )
        if dependency.returncode:
            pytest.skip(
                "Optional HTTP-backed DOM check requires developer jsdom via module path or NODE_PATH"
            )
        url, body, _ = source_and_target(env)
        instance_id, run_id = url.split("/")[4], url.split("/")[6]
        source_app = env[2].get("/api/internal/instances/" + instance_id).json()["source_app_id"]
        with socket.socket() as listener:
            listener.bind(("127.0.0.1", 0))
            port = listener.getsockname()[1]
        server = uvicorn.Server(
            uvicorn.Config(create_app(env[0], env[1]), host="127.0.0.1", port=port, log_level="error")
        )
        thread = threading.Thread(target=server.run, daemon=True)
        thread.start()
        try:
            deadline = time.time() + 10
            while not server.started:
                assert thread.is_alive() and time.time() < deadline
                time.sleep(0.02)
            before = counts(env)
            result = subprocess.run(
                [
                    "node",
                    "tests/registered_run_generation_dom.cjs",
                    json.dumps(
                        {
                            "base": f"http://127.0.0.1:{port}",
                            "pid": env[5],
                            "sourceApp": source_app,
                            "iid": instance_id,
                            "rid": run_id,
                            "target": body["target_app_id"],
                        }
                    ),
                ],
                capture_output=True,
                text=True,
                timeout=45,
                check=False,
            )
            assert result.returncode == 0, result.stdout + result.stderr
            checked = json.loads(result.stdout.strip())
>           assert len(checked["checks"]) == 16 and checked["browser"] == "NOT_RUN"
E           AssertionError: assert (16 == 14)
E            +  where 16 = len(['real successful registered Run exposes generation entry', 'server verified proof and target selection render', 'exis...nds no candidate wire or privilege fields', 'changed accepted configuration does not reuse original pending body', ...])

tests/test_registered_run_generation_http.py:210: AssertionError
=============================== warnings summary ===============================
../sim2act-pb-venv/lib/python3.12/site-packages/fastapi/testclient.py:1
  /workspace/sim2act-pb-venv/lib/python3.12/site-packages/fastapi/testclient.py:1: StarletteDeprecationWarning: Using `httpx` with `starlette.testclient` is deprecated; install `httpx2` instead.
    from starlette.testclient import TestClient as TestClient  # noqa

tests/test_preview_extraction.py::test_idempotency_stale_version_and_concurrent_single_authority
  /workspace/sim2act-pb-venv/lib/python3.12/site-packages/pydantic/_internal/_generate_schema.py:2249: UnsupportedFieldAttributeWarning: The 'alias' attribute with value 'authorization' was provided to the `Field()` function, which has no effect in the context it was used. 'alias' is field-specific metadata, and can only be attached to a model field using `Annotated` metadata or by assignment. This may have happened because an `Annotated` type alias using the `type` statement was used, or if the `Field()` function was attached to a single member of a union type.
    warnings.warn(

-- Docs: https://docs.pytest.org/en/stable/how-to/capture-warnings.html
=========================== short test summary info ============================
FAILED tests/test_registered_run_generation_http.py::test_real_http_dom_generation_entry_and_lost_receipt
1 failed, 534 passed, 25 skipped, 2 warnings in 244.83s (0:04:04)
