....................F................................................... [ 98%]
F                                                                        [100%]
=================================== FAILURES ===================================
_ test_atomic_final_transaction_rolls_back_typed_append_on_terminal_write_failure _

env = (<sim2act.db.Store object at 0x7fea545f8d40>, Settings(database_url='postgresql+psycopg://postgres@/dag_reuse_fixture?...161ead1b3b41c1a29d9b7b5c52f1cf', 'user_162f87c66c904019b3dbb321b19c0553', 'proj_2a9005fcc5c045678cbb56ef43aebfec', ...)

    def test_atomic_final_transaction_rolls_back_typed_append_on_terminal_write_failure(env):
        from sqlalchemy import event
        _, _, _, _, rel=release(env);i=create(env,rel);a,_=enqueue(env,i,rel)
        w=Worker(env[0],env[1],NoModel());job=env[0].claim(w.id,env[1].lease_seconds)
        assert dag.advance(w,job) and dag.advance(w,job)
        def reject_terminal(conn,cursor,statement,parameters,context,executemany):
            if statement.startswith('UPDATE runs SET status='):
                raise RuntimeError('owned fixture injects failure after typed append, before terminal state')
        event.listen(env[0].engine,'before_cursor_execute',reject_terminal)
        try:
>           with pytest.raises(RuntimeError,match='owned fixture'): dag.advance(w,job)
                 ^^^^^^^^^^^^^^^^^^^^^^^^^^^^^^^^^^^^^^^^^^^^^^^^^
E           Failed: DID NOT RAISE <class 'RuntimeError'>

tests/test_csv_dag_instances.py:250: Failed
_________ test_actual_late_receipt_current_page_readback[same-checks] __________

env = (<sim2act.db.Store object at 0x7fea5459d220>, Settings(database_url='postgresql+psycopg://postgres@/dag_reuse_fixture?...f7535405524cf9b1d8dd873fc49f2b', 'user_0006d6502e044aeda1821720787937f4', 'proj_f7411942d039476caca837aa2149e32c', ...)
tmp_path = PosixPath('/tmp/sim2act-dag-reuse-20261010/pg/test_actual_late_receipt_curre0')
phase = 'checks', action = 'same'

    @pytest.mark.parametrize("phase", ["checks", "definition"])
    @pytest.mark.parametrize("action", ["same", "other_app", "identity", "revoke", "history_failure", "lost_response", "refresh"])
    def test_actual_late_receipt_current_page_readback(env, tmp_path, phase, action):
        app, _, _, _, output, _ = prepared(env, tmp_path)
        with env[0].tx() as c:
            csv_id = c.execute(select(resources.c.id).where(resources.c.project_id == env[5], resources.c.format == "csv")).scalar_one()
        peer, _ = setup_draft((*env[:6], csv_id))
        env[0].project(env[4], "Other isolated identity project")
        before = snapshot(env)
        baseline = os.environ.get("SIM2ACT_PRESENTATION_JS_BASELINE")
        if baseline:
            code = Path(baseline).read_text()
            route = next(r for r in env[2].app.routes if getattr(r, "path", None) == "/report-manifest.js")
            route.dependant.call = lambda: Response(code, media_type="application/javascript")
    
        @env[2].app.post("/test-only-revoke")
        def revoke():
            with env[0].tx() as c:
                c.execute(update(grants).where(grants.c.project_id == env[5]).values(revoked=True))
            return {"test_only": True}
    
        with socket.socket() as sock:
            sock.bind(("127.0.0.1", 0))
            port = sock.getsockname()[1]
        (tmp_path / "info.json").write_text(json.dumps(dict(
            base=f"http://127.0.0.1:{port}", app=app["id"], peer=peer, project=env[5],
            explanation=output["explanation"], phase=phase, action=action)))
        server = uvicorn.Server(uvicorn.Config(env[2].app, host="127.0.0.1", port=port, log_level="error"))
        thread = threading.Thread(target=server.run, daemon=True)
        thread.start()
        try:
            deadline = time.monotonic() + 10
            while not server.started:
                assert thread.is_alive() and time.monotonic() < deadline
                time.sleep(.01)
            completed = subprocess.run(["node", "tests/report_presentation_late_ui.cjs", str(tmp_path)],
                                       capture_output=True, text=True, timeout=90)
            (tmp_path / "driver.log").write_text(completed.stdout + completed.stderr)
>           assert completed.returncode == 0, completed.stdout + completed.stderr
E           AssertionError: Error: Timeout HTTP and actions drained
E                 at wait (/workspace/Sim2Act/tests/report_presentation_late_ui.cjs:6:139)
E                 at async idle (/workspace/Sim2Act/tests/report_presentation_late_ui.cjs:7:22)
E                 at async /workspace/Sim2Act/tests/report_presentation_late_ui.cjs:29:25
E             
E           assert 1 == 0
E            +  where 1 = CompletedProcess(args=['node', 'tests/report_presentation_late_ui.cjs', '/tmp/sim2act-dag-reuse-20261010/pg/test_actua.../report_presentation_late_ui.cjs:7:22)\n    at async /workspace/Sim2Act/tests/report_presentation_late_ui.cjs:29:25\n').returncode

tests/test_report_presentation_late_ui.py:67: AssertionError
=============================== warnings summary ===============================
.venv/lib/python3.12/site-packages/fastapi/testclient.py:1
  /workspace/Sim2Act/.venv/lib/python3.12/site-packages/fastapi/testclient.py:1: StarletteDeprecationWarning: Using `httpx` with `starlette.testclient` is deprecated; install `httpx2` instead.
    from starlette.testclient import TestClient as TestClient  # noqa

-- Docs: https://docs.pytest.org/en/stable/how-to/capture-warnings.html
=========================== short test summary info ============================
FAILED tests/test_csv_dag_instances.py::test_atomic_final_transaction_rolls_back_typed_append_on_terminal_write_failure
FAILED tests/test_report_presentation_late_ui.py::test_actual_late_receipt_current_page_readback[same-checks]
2 failed, 71 passed, 1 warning in 277.16s (0:04:37)
