.........................F                                               [100%]
=================================== FAILURES ===================================
_______ test_changed_source_bytes_cannot_match_registered_rule_contract ________

env = (<sim2act.db.Store object at 0x7f80f93f2450>, Settings(database_url='sqlite:////tmp/pytest-of-agent/pytest-460/test_ch...9ade2a60e345519c44ce775330d0b9', 'user_30f4ec8b5490442493426daed28a5075', 'proj_545a440e18634f6db83f80d617d5d205', ...)

    def test_changed_source_bytes_cannot_match_registered_rule_contract(env):
        body = request(env)
        with env[0].tx() as c:
            c.execute(
                update(resources)
                .where(resources.c.id == body["resource_id"])
                .values(content="Changed rule")
            )
>       assert env[2].post(f"/api/projects/{env[5]}/conditional-checks", json=body).status_code in (
            409,
            422,
        )
E       AssertionError: assert 400 in (409, 422)
E        +  where 400 = <Response [400 Bad Request]>.status_code
E        +    where <Response [400 Bad Request]> = post('/api/projects/proj_545a440e18634f6db83f80d617d5d205/conditional-checks', json={'expected_contract_fingerprint': '5097f01004506ef3597dbef47e959b95aaad3c4816054a3ce4bf45a48390dee9', 'expected_source...thored proposal; prose is not independently graded.', ...}, 'resource_id': 'res_61a2774fce954e41914d3dde3bfc1b11', ...})
E        +      where post = <starlette.testclient.TestClient object at 0x7f80f944df10>.post

tests/test_conditional_checks.py:245: AssertionError
=============================== warnings summary ===============================
../sim2act-pb-venv/lib/python3.12/site-packages/fastapi/testclient.py:1
  /workspace/sim2act-pb-venv/lib/python3.12/site-packages/fastapi/testclient.py:1: StarletteDeprecationWarning: Using `httpx` with `starlette.testclient` is deprecated; install `httpx2` instead.
    from starlette.testclient import TestClient as TestClient  # noqa

-- Docs: https://docs.pytest.org/en/stable/how-to/capture-warnings.html
=========================== short test summary info ============================
FAILED tests/test_conditional_checks.py::test_changed_source_bytes_cannot_match_registered_rule_contract
1 failed, 25 passed, 1 warning in 2.84s
