::test_frozen_age_never_executes[aged_before_claim]
::test_frozen_age_never_executes[aged_before_guard]
::test_frozen_age_never_executes[aged_after_response]
::test_account_cooldown_blocks_ordinary_sender
::test_both_cooperative_closers_bounded
tests/test_natural_activation_limits.py::test_created_run_121_seconds_old_never_reserves_or_sends
tests/test_natural_activation_limits.py::test_default_rpm30_cannot_send_two_activated_goals_in_one_minute
tests/test_natural_activation_limits.py::test_model_request_has_total_deadline_not_repeated_phase_timeout
tests/test_natural_activation_limits.py::test_stalled_body_and_slow_cleanup_are_bounded
tests/test_natural_activation_limits.py::test_aged_other_account_attempt_blocks_final_activated_send
tests/test_natural_activation_pg.py::test_pg_two_workers_same_kind_charge_once
tests/test_natural_activation_pg.py::test_pg_confirmation_control_transactions_are_linearized[cancel]
tests/test_natural_activation_pg.py::test_pg_confirmation_control_transactions_are_linearized[revoke]
tests/test_natural_activation_pg.py::test_pg_confirmation_control_transactions_are_linearized[expire]
tests/test_natural_activation_pg.py::test_pg_confirmation_control_transactions_are_linearized[confirm-again]
tests/test_natural_activation_pg.py::test_pg_actual_worker_reservation_failure_is_not_half_committed
tests/test_natural_activation_pg.py::test_pg_application_role_activation_crud_without_ddl

=============================== warnings summary ===============================
../../../../workspace/sim2act-pb-venv/lib/python3.12/site-packages/fastapi/testclient.py:1
  /workspace/sim2act-pb-venv/lib/python3.12/site-packages/fastapi/testclient.py:1: StarletteDeprecationWarning: Using `httpx` with `starlette.testclient` is deprecated; install `httpx2` instead.
    from starlette.testclient import TestClient as TestClient  # noqa

-- Docs: https://docs.pytest.org/en/stable/how-to/capture-warnings.html
17 tests collected in 0.23s
