/workspace/sim2act-pb-venv/lib/python3.12/site-packages/fastapi/testclient.py:1: StarletteDeprecationWarning: Using `httpx` with `starlette.testclient` is deprecated; install `httpx2` instead.
  from starlette.testclient import TestClient as TestClient  # noqa
{"case": "peer_anchor", "decision": "PASS", "replay_status": 409, "history_status": 409, "replay_history_all_tables_unchanged": true, "fresh_status": 201, "fresh_outcome": "EXPLICIT_BLOCKED_PARTIAL", "mock_count": 3, "whole_native_outer_seal_checked": true, "authority_unchanged_by_graph_operations": true}
{"case": "peer_auth", "decision": "PASS", "replay_status": 409, "history_status": 409, "replay_history_all_tables_unchanged": true, "fresh_status": 201, "fresh_outcome": "EXPLICIT_BLOCKED_PARTIAL", "mock_count": 3, "whole_native_outer_seal_checked": true, "authority_unchanged_by_graph_operations": true}
{"case": "peer_graph_bool", "decision": "PASS", "replay_status": 409, "history_status": 409, "replay_history_all_tables_unchanged": true, "fresh_status": 409, "fresh_outcome": "REJECTED_ZERO_WRITE", "mock_count": 3, "whole_native_outer_seal_checked": true, "authority_unchanged_by_graph_operations": true}
{"case": "membership", "decision": "PASS", "replay_status": 409, "history_status": 409, "replay_history_all_tables_unchanged": true, "fresh_status": 201, "fresh_outcome": "EXPLICIT_BLOCKED_PARTIAL", "mock_count": 3, "whole_native_outer_seal_checked": true, "authority_unchanged_by_graph_operations": true}
{"case": "peer_lock", "decision": "PASS", "replay_status": 400, "history_status": 400, "replay_history_all_tables_unchanged": true, "fresh_status": 400, "fresh_outcome": "REJECTED_ZERO_WRITE", "mock_count": 3, "whole_native_outer_seal_checked": true, "authority_unchanged_by_graph_operations": true}
{"case": "target_lock", "decision": "PASS", "replay_status": 409, "history_status": 400, "replay_history_all_tables_unchanged": true, "fresh_status": 400, "fresh_outcome": "REJECTED_ZERO_WRITE", "mock_count": 3, "whole_native_outer_seal_checked": true, "authority_unchanged_by_graph_operations": true}
{"case": "wrong_lock_owner", "decision": "PASS", "code": "PERMISSION_DENIED", "all_tables_unchanged": true, "mock_count": 3}
Traceback (most recent call last):
  File "/workspace/sim2act-pb-venv/lib/python3.12/site-packages/sqlalchemy/sql/base.py", line 1725, in __getattr__
    return self._index[key][1]
           ~~~~~~~~~~~^^^^^
KeyError: 'id'

The above exception was the direct cause of the following exception:

Traceback (most recent call last):
  File "/tmp/delivery-graph-adapter-independent/fixed_probe.py", line 67, in <module>
    case(attack);print(json.dumps(RESULTS[-1]),flush=True)
    ^^^^^^^^^^^^
  File "/tmp/delivery-graph-adapter-independent/fixed_probe.py", line 55, in case
    ans['scope_expansion']['snapshot_fingerprint']=fingerprint(ans['scope_expansion']['applications']);ans['scope_expansion']['membership_fingerprint']=fingerprint(ans['scope_expansion']['membership']);ans.pop('expansion');ans.pop('outer_fingerprint');ans.pop('native_outer_fingerprint');seal_outer(ans);c.execute(update(requests).where(requests.c.id==row['id']).values(snapshot=data,fingerprint=fingerprint(data)))
                                                                                                                                                                                                                                                                                                                                                 ^^^^^^^^^^^^^
  File "/workspace/sim2act-pb-venv/lib/python3.12/site-packages/sqlalchemy/sql/base.py", line 1727, in __getattr__
    raise AttributeError(key) from err
AttributeError: id
