F                                                                        [100%]
=================================== FAILURES ===================================
________________ test_protocol_user_entry_actual_http[chromium] ________________

env = (<sim2act.db.Store object at 0x7f31376b7200>, Settings(database_url='sqlite:////tmp/pytest-of-agent/pytest-344/test_pr...846bf8531440f6b039914a3a42337d', 'user_fc59e5df03ce467a9d116438f521c7f6', 'proj_3d92b9061f3c4564bbc9f0c77c89be43', ...)
tmp_path = PosixPath('/tmp/pytest-of-agent/pytest-344/test_protocol_user_entry_actua0')
engine = 'chromium'

    @pytest.mark.parametrize("engine", ["dom", "chromium"])
    def test_protocol_user_entry_actual_http(env, tmp_path, engine):
        store, settings, client, user, other_user, project, _ = env
        if not store.sqlite:
            pytest.skip("Owned subprocess fixture currently SQLite only; no PG UI coverage claimed")
        if not shutil.which("node") or engine == "chromium" and not shutil.which("chromium"):
            pytest.skip("Installed developer Node/Chromium required")
        if (
            engine == "dom"
            and subprocess.run(
                ["node", "-e", "require.resolve('jsdom')"], capture_output=True
            ).returncode
        ):
            pytest.skip("Developer jsdom via NODE_PATH required")
        initialize_pools(store, offline_limit=14)
        repo = Path(__file__).resolve().parents[1]
        materials = repo / "docs/evidence/model-protocol-preparation-20261006/materials"
        resources = {}
        for phase in ["source", "cold"]:
            response = client.post(
                f"/api/projects/{project}/resources",
                json={
                    "name": phase + "-policy.txt",
                    "format": "txt",
                    "content": (materials / ("a-" + phase) / "policy.txt").read_text(),
                },
            )
            assert response.status_code == 201
            resources[phase] = response.json()["id"]
        other_project = client.post("/api/projects", json={"name": "Other owned project"}).json()["id"]
        with socket.socket() as listener:
            listener.bind(("127.0.0.1", 0))
            port = listener.getsockname()[1]
        info = {
            "base": f"http://127.0.0.1:{port}",
            "database": settings.database_url,
            "user": user,
            "other_user": other_user,
            "project": project,
            "other_project": other_project,
            **resources,
        }
        (tmp_path / "info.json").write_text(json.dumps(info))
        server = uvicorn.Server(
            uvicorn.Config(create_app(store, settings), host="127.0.0.1", port=port, log_level="error")
        )
        thread = threading.Thread(target=server.run, daemon=True)
        thread.start()
        try:
            deadline = time.monotonic() + 10
            while not server.started:
                assert thread.is_alive() and time.monotonic() < deadline
                time.sleep(0.02)
            result = subprocess.run(
                ["node", "tests/protocol_ui_driver.cjs", str(tmp_path), os.sys.executable, engine],
                cwd=repo,
                capture_output=True,
                text=True,
                timeout=100,
            )
>           assert result.returncode == 0, result.stdout + result.stderr
E           AssertionError: Error: Wait failed: secure Chromium startup [334182:334182:1006/181036.088477:ERROR:third_party/crashpad/crashpad/util/file/filesystem_posix.cc:63] mkdir : No such file or directory (2)
E             [334182:334182:1006/181036.091464:FATAL:sandbox/linux/suid/client/setuid_sandbox_host.cc:166] The SUID sandbox helper binary was found, but is not configured correctly. Rather than run without sandboxing I'm aborting now. You need to make sure that /usr/lib/chromium/chrome-sandbox is owned by root and has mode 4755.
E             chrome_crashpad_handler: --database is required
E             Try 'chrome_crashpad_handler --help' for more information.
E             
E                 at /workspace/Sim2Act-pb/tests/protocol_ui_driver.cjs:20:263
E                 at async setup (/workspace/Sim2Act-pb/tests/protocol_ui_driver.cjs:20:56)
E                 at async /workspace/Sim2Act-pb/tests/protocol_ui_driver.cjs:36:2
E             
E           assert 1 == 0
E            +  where 1 = CompletedProcess(args=['node', 'tests/protocol_ui_driver.cjs', '/tmp/pytest-of-agent/pytest-344/test_protocol_user_ent...im2Act-pb/tests/protocol_ui_driver.cjs:20:56)\n    at async /workspace/Sim2Act-pb/tests/protocol_ui_driver.cjs:36:2\n").returncode

tests/test_protocol_ui.py:81: AssertionError
=============================== warnings summary ===============================
../sim2act-pb-venv/lib/python3.12/site-packages/fastapi/testclient.py:1
  /workspace/sim2act-pb-venv/lib/python3.12/site-packages/fastapi/testclient.py:1: StarletteDeprecationWarning: Using `httpx` with `starlette.testclient` is deprecated; install `httpx2` instead.
    from starlette.testclient import TestClient as TestClient  # noqa

-- Docs: https://docs.pytest.org/en/stable/how-to/capture-warnings.html
=========================== short test summary info ============================
FAILED tests/test_protocol_ui.py::test_protocol_user_entry_actual_http[chromium]
1 failed, 1 deselected, 1 warning in 16.03s
