
SIM2ACT_CI_DIAGNOSTIC {"event": "session_start", "utc": "2026-10-10T05:10:18.567162+00:00", "elapsed_seconds": 0.01788746300007915, "pid": 120322}

SIM2ACT_CI_DIAGNOSTIC {"event": "collection_summary", "utc": "2026-10-10T05:10:18.572414+00:00", "elapsed_seconds": 0.023132267997425515, "pid": 120322, "count": 3, "nodes_sha256": "92fa529d198cc3b5e34a19b03db542aa21c39f06af1d33abba9598aa97d10e76"}

SIM2ACT_CI_DIAGNOSTIC {"event": "node_start", "utc": "2026-10-10T05:10:18.572802+00:00", "elapsed_seconds": 0.023521207993326243, "pid": 120322, "nodeid": "test_fixture.py::test_selected_pass"}
.
SIM2ACT_CI_DIAGNOSTIC {"event": "node_start", "utc": "2026-10-10T05:10:18.577698+00:00", "elapsed_seconds": 0.028415278997272253, "pid": 120322, "nodeid": "test_fixture.py::test_selected_fail"}
F
SIM2ACT_CI_DIAGNOSTIC {"event": "node_report", "utc": "2026-10-10T05:10:18.586297+00:00", "elapsed_seconds": 0.03702008599793771, "pid": 120322, "nodeid": "test_fixture.py::test_selected_fail", "phase": "call", "outcome": "failed", "duration": 0.00015229499695124105, "failure": ">   def test_selected_fail():assert False, 'own bounded failure'\n                             ^^^^^^^^^^^^^^^^^^^^^^^^^^^^^^^^^^^\nE   AssertionError: own bounded failure\nE   assert False\n\ntest_fixture.py:3: AssertionError"}

SIM2ACT_CI_DIAGNOSTIC {"event": "node_start", "utc": "2026-10-10T05:10:18.586972+00:00", "elapsed_seconds": 0.0376893829961773, "pid": 120322, "nodeid": "test_fixture.py::test_selected_skip"}
s                                                                      [100%]
SIM2ACT_CI_DIAGNOSTIC {"event": "session_finish", "utc": "2026-10-10T05:10:18.587940+00:00", "elapsed_seconds": 0.03865715799474856, "pid": 120322, "exitstatus": 1}

=================================== FAILURES ===================================
______________________________ test_selected_fail ______________________________

>   def test_selected_fail():assert False, 'own bounded failure'
                             ^^^^^^^^^^^^^^^^^^^^^^^^^^^^^^^^^^^
E   AssertionError: own bounded failure
E   assert False

test_fixture.py:3: AssertionError
=========================== short test summary info ============================
FAILED test_fixture.py::test_selected_fail - AssertionError: own bounded failure
1 failed, 1 passed, 1 skipped, 1 deselected in 0.02s
