tests/test_csv_composition.py::test_four_actual_nodes_two_new_outputs_original_objects_unchanged
tests/test_csv_composition.py::test_branch_skip_does_not_block_independent_branch[False]
tests/test_csv_composition.py::test_branch_skip_does_not_block_independent_branch[True]
tests/test_csv_composition.py::test_cold_four_node_receipts_and_old_fence[4]
tests/test_csv_composition.py::test_actual_pg_crud_role_four_node_composition[False]
tests/test_csv_composition.py::test_actual_pg_crud_role_four_node_composition[True]
tests/test_csv_composition.py::test_concurrent_repeat_is_one_acceptance_and_four_operations
tests/test_csv_composition.py::test_four_node_conservative_budget_and_exact_confirmation
tests/test_csv_dag.py::test_three_actual_receipts_exact_report_and_old_request_recovery
tests/test_csv_dag_upgrade.py::test_actual_old_source_upgrade_retains_history_and_requires_new_exact_confirmation[SIM2ACT_UPGRADE_OLD_ARCHIVE-5a5543c902fbb78dd91c28c98386af51fb24dd67-91efd66bd69498c0aa62eefa285112095383d4f950d6cab0c2fa017de0a02aa5]
tests/test_csv_dag_upgrade.py::test_actual_old_source_upgrade_retains_history_and_requires_new_exact_confirmation[SIM2ACT_UPGRADE_CORE_ARCHIVE-1b65e94ebd81c1e31091b3078b8223328b726294-240c76f358870a9d933f94d129eeda362553092035044d6f306ee4dd7a58b3c0]
tests/test_csv_composition_ui.py::test_actual_product_editable_composition[False]
tests/test_csv_composition_ui.py::test_actual_product_editable_composition[True]
tests/test_manual_locks.py::test_real_lock_conflict_unlock_new_exact_plan_and_read_checks
docs/evidence/bounded-readonly-dag-integration-20261008/upgrade_integration.py::test_latest_dev_actual_source_upgrade_then_exact_four_node_composition

=============================== warnings summary ===============================
.venv/lib/python3.12/site-packages/fastapi/testclient.py:1
  /workspace/Sim2Act/.venv/lib/python3.12/site-packages/fastapi/testclient.py:1: StarletteDeprecationWarning: Using `httpx` with `starlette.testclient` is deprecated; install `httpx2` instead.
    from starlette.testclient import TestClient as TestClient  # noqa

-- Docs: https://docs.pytest.org/en/stable/how-to/capture-warnings.html
15 tests collected in 0.42s
