Traceback (most recent call last):
  File "/tmp/sim2act-resource-file-independent-20261010/runner.py", line 50, in <module>
    outcome=json.loads((folder/'result.json').read_text());assert result.returncode==0 and outcome['status']=='PASS',(result.returncode,result.stdout,result.stderr)
                                                                  ^^^^^^^^^^^^^^^^^^^^^^^^^^^^^^^^^^^^^^^^^^^^^^^^^^
AssertionError: (1, '', 'AssertionError [ERR_ASSERTION]: real independent worker executes queued run\n    at ok (/tmp/sim2act-resource-file-independent-20261010/independent.cjs:5:18)\n    at tick (/tmp/sim2act-resource-file-independent-20261010/independent.cjs:43:90)\n    at process.processTicksAndRejections (node:internal/process/task_queues:104:5)\n    at async /tmp/sim2act-resource-file-independent-20261010/independent.cjs:56:124\n')

{'case': 'business', 'status': 'FAIL', 'seconds': 2.1474547699981485}
{'case': 'limits', 'status': 'PASS', 'checks': 33, 'pages': 1, 'seconds': 1.570199091998802}
{'case': 'file-context', 'status': 'PASS', 'checks': 20, 'pages': 1, 'seconds': 1.3844038020033622}
{'case': 'lost', 'status': 'PASS', 'checks': 19, 'pages': 1, 'seconds': 2.518765179993352}
{'case': 'uncertain', 'status': 'PASS', 'checks': 30, 'pages': 1, 'seconds': 1.6600907949978136}
Traceback (most recent call last):
  File "/tmp/sim2act-resource-file-independent-20261010/runner.py", line 50, in <module>
    outcome=json.loads((folder/'result.json').read_text());assert result.returncode==0 and outcome['status']=='PASS',(result.returncode,result.stdout,result.stderr)
                                                                  ^^^^^^^^^^^^^^^^^^^^^^^^^^^^^^^^^^^^^^^^^^^^^^^^^^
AssertionError: (1, '', 'AssertionError [ERR_ASSERTION]: timeout network drain\n    at until (/tmp/sim2act-resource-file-independent-20261010/independent.cjs:6:71)\n    at async idle (/tmp/sim2act-resource-file-independent-20261010/independent.cjs:7:23)\n    at async switchProject (/tmp/sim2act-resource-file-independent-20261010/independent.cjs:41:100)\n    at async /tmp/sim2act-resource-file-independent-20261010/independent.cjs:71:174\n')

{'case': 'accepted-aba', 'status': 'FAIL', 'seconds': 7.092704148002667}
Traceback (most recent call last):
  File "/tmp/sim2act-resource-file-independent-20261010/runner.py", line 50, in <module>
    outcome=json.loads((folder/'result.json').read_text());assert result.returncode==0 and outcome['status']=='PASS',(result.returncode,result.stdout,result.stderr)
                                                                  ^^^^^^^^^^^^^^^^^^^^^^^^^^^^^^^^^^^^^^^^^^^^^^^^^^
AssertionError: (1, '', 'AssertionError [ERR_ASSERTION]: timeout network drain\n    at until (/tmp/sim2act-resource-file-independent-20261010/independent.cjs:6:71)\n    at async idle (/tmp/sim2act-resource-file-independent-20261010/independent.cjs:7:23)\n    at async switchProject (/tmp/sim2act-resource-file-independent-20261010/independent.cjs:41:100)\n    at async /tmp/sim2act-resource-file-independent-20261010/independent.cjs:73:134\n')

{'case': 'read-aba', 'status': 'FAIL', 'seconds': 8.236275179995573}
{'case': 'manual', 'status': 'PASS', 'checks': 17, 'pages': 1, 'seconds': 1.4918381040042732}
{'case': 'old-negative', 'status': 'PASS', 'checks': 17, 'pages': 1, 'seconds': 1.1552203879982699}
Traceback (most recent call last):
  File "/tmp/sim2act-resource-file-independent-20261010/runner.py", line 69, in <module>
    (ROOT/'summary.json').write_text(json.dumps(summary,indent=2));freeze('after');assert all(x['status']=='PASS' for x in summary)
                                                                                          ^^^^^^^^^^^^^^^^^^^^^^^^^^^^^^^^^^^^^^^^^
AssertionError
