FFFFFFFFFF.                                                              [100%]
=================================== FAILURES ===================================
_________ test_complete_source_recovery_only_preserves_waiting_review __________

env = (<sim2act.db.Store object at 0x7f7b14255df0>, Settings(database_url='sqlite:////tmp/pytest-of-agent/pytest-264/test_co...bd5b0216ac41a789219692428844ca', 'user_78393d19e1ea4b118673081344a81a75', 'proj_83314c76deee4832b3347f44a4179c10', ...)
tmp_path = PosixPath('/tmp/pytest-of-agent/pytest-264/test_complete_source_recovery_0')

    def test_complete_source_recovery_only_preserves_waiting_review(env, tmp_path):
>       rid, seen, worker = prepared(env, tmp_path)
        ^^^^^^^^^^^^^^^^^
E       ValueError: too many values to unpack (expected 3)

tests/test_protocol_recovery.py:50: ValueError
_____________ test_expired_unsent_claim_is_paused_not_auto_queued ______________

env = (<sim2act.db.Store object at 0x7f7b13e60b60>, Settings(database_url='sqlite:////tmp/pytest-of-agent/pytest-264/test_ex...15590d60a1407e857c51e0cd69d4d9', 'user_d10c5cae792b4066b00e0e6374576693', 'proj_4602626b1deb4b4387c3cf5c6a9d6a6e', ...)

    def test_expired_unsent_claim_is_paused_not_auto_queued(env):
>       rid = created(env)
              ^^^^^^^^^^^^

tests/test_protocol_recovery.py:77:
_ _ _ _ _ _ _ _ _ _ _ _ _ _ _ _ _ _ _ _ _ _ _ _ _ _ _ _ _ _ _ _ _ _ _ _ _ _ _ _

env = (<sim2act.db.Store object at 0x7f7b13e60b60>, Settings(database_url='sqlite:////tmp/pytest-of-agent/pytest-264/test_ex...15590d60a1407e857c51e0cd69d4d9', 'user_d10c5cae792b4066b00e0e6374576693', 'proj_4602626b1deb4b4387c3cf5c6a9d6a6e', ...)

    def created(env):
        response = env[2].post(f"/api/projects/{env[5]}/protocol/source", json=body(env))
>       assert response.status_code == 202, response.text
E       AssertionError: {"error":{"code":"PERMISSION_DENIED","message":"Input is outside the frozen evaluation contract","safe_retry":false,"effect_known":true,"user_action":"Check status, configuration and permissions"}}
E       assert 403 == 202
E        +  where 403 = <Response [403 Forbidden]>.status_code

tests/test_protocol_recovery.py:27: AssertionError
_______ test_started_claim_recovery_preserves_attempt_and_globally_stops _______

env = (<sim2act.db.Store object at 0x7f7b141b43e0>, Settings(database_url='sqlite:////tmp/pytest-of-agent/pytest-264/test_st...e8ff65d3c649f9bc3302098defdb3e', 'user_661755e704bd4abaabdc6335dfb62f83', 'proj_8acc4bbe6d2a4108bba1f830d88661f7', ...)

    def test_started_claim_recovery_preserves_attempt_and_globally_stops(env):
>       rid = created(env)
              ^^^^^^^^^^^^

tests/test_protocol_recovery.py:98:
_ _ _ _ _ _ _ _ _ _ _ _ _ _ _ _ _ _ _ _ _ _ _ _ _ _ _ _ _ _ _ _ _ _ _ _ _ _ _ _

env = (<sim2act.db.Store object at 0x7f7b141b43e0>, Settings(database_url='sqlite:////tmp/pytest-of-agent/pytest-264/test_st...e8ff65d3c649f9bc3302098defdb3e', 'user_661755e704bd4abaabdc6335dfb62f83', 'proj_8acc4bbe6d2a4108bba1f830d88661f7', ...)

    def created(env):
        response = env[2].post(f"/api/projects/{env[5]}/protocol/source", json=body(env))
>       assert response.status_code == 202, response.text
E       AssertionError: {"error":{"code":"PERMISSION_DENIED","message":"Input is outside the frozen evaluation contract","safe_retry":false,"effect_known":true,"user_action":"Check status, configuration and permissions"}}
E       assert 403 == 202
E        +  where 403 = <Response [403 Forbidden]>.status_code

tests/test_protocol_recovery.py:27: AssertionError
_ test_recovery_rejects_bool_versions_and_caller_evidence[expected_version-True] _

env = (<sim2act.db.Store object at 0x7f7b12c54b90>, Settings(database_url='sqlite:////tmp/pytest-of-agent/pytest-264/test_re...081561dfab493ea9c5dd3a5a3a93a4', 'user_96de47e7a42f451db2c4c17ea6ce9cbf', 'proj_fbea47b90e8f4dc6be54cf96d3fefd4c', ...)
field = 'expected_version', value = True

    @pytest.mark.parametrize(
        "field,value",
        [("expected_version", True), ("expected_fence", False), ("PASS", True), ("response", {})],
    )
    def test_recovery_rejects_bool_versions_and_caller_evidence(env, field, value):
>       rid = created(env)
              ^^^^^^^^^^^^

tests/test_protocol_recovery.py:148:
_ _ _ _ _ _ _ _ _ _ _ _ _ _ _ _ _ _ _ _ _ _ _ _ _ _ _ _ _ _ _ _ _ _ _ _ _ _ _ _

env = (<sim2act.db.Store object at 0x7f7b12c54b90>, Settings(database_url='sqlite:////tmp/pytest-of-agent/pytest-264/test_re...081561dfab493ea9c5dd3a5a3a93a4', 'user_96de47e7a42f451db2c4c17ea6ce9cbf', 'proj_fbea47b90e8f4dc6be54cf96d3fefd4c', ...)

    def created(env):
        response = env[2].post(f"/api/projects/{env[5]}/protocol/source", json=body(env))
>       assert response.status_code == 202, response.text
E       AssertionError: {"error":{"code":"PERMISSION_DENIED","message":"Input is outside the frozen evaluation contract","safe_retry":false,"effect_known":true,"user_action":"Check status, configuration and permissions"}}
E       assert 403 == 202
E        +  where 403 = <Response [403 Forbidden]>.status_code

tests/test_protocol_recovery.py:27: AssertionError
_ test_recovery_rejects_bool_versions_and_caller_evidence[expected_fence-False] _

env = (<sim2act.db.Store object at 0x7f7b12b63560>, Settings(database_url='sqlite:////tmp/pytest-of-agent/pytest-264/test_re...08412363f7496e83a9dee71f8d5d7f', 'user_00bf88021d2f476482686df810edd07e', 'proj_cd1cfe08da39413fb786b98acf2453d5', ...)
field = 'expected_fence', value = False

    @pytest.mark.parametrize(
        "field,value",
        [("expected_version", True), ("expected_fence", False), ("PASS", True), ("response", {})],
    )
    def test_recovery_rejects_bool_versions_and_caller_evidence(env, field, value):
>       rid = created(env)
              ^^^^^^^^^^^^

tests/test_protocol_recovery.py:148:
_ _ _ _ _ _ _ _ _ _ _ _ _ _ _ _ _ _ _ _ _ _ _ _ _ _ _ _ _ _ _ _ _ _ _ _ _ _ _ _

env = (<sim2act.db.Store object at 0x7f7b12b63560>, Settings(database_url='sqlite:////tmp/pytest-of-agent/pytest-264/test_re...08412363f7496e83a9dee71f8d5d7f', 'user_00bf88021d2f476482686df810edd07e', 'proj_cd1cfe08da39413fb786b98acf2453d5', ...)

    def created(env):
        response = env[2].post(f"/api/projects/{env[5]}/protocol/source", json=body(env))
>       assert response.status_code == 202, response.text
E       AssertionError: {"error":{"code":"PERMISSION_DENIED","message":"Input is outside the frozen evaluation contract","safe_retry":false,"effect_known":true,"user_action":"Check status, configuration and permissions"}}
E       assert 403 == 202
E        +  where 403 = <Response [403 Forbidden]>.status_code

tests/test_protocol_recovery.py:27: AssertionError
______ test_recovery_rejects_bool_versions_and_caller_evidence[PASS-True] ______

env = (<sim2act.db.Store object at 0x7f7b12a9be60>, Settings(database_url='sqlite:////tmp/pytest-of-agent/pytest-264/test_re...6ec84f610d46779bbb78749291e5b2', 'user_8a653ad709a0405b93c7a51f37dabb10', 'proj_613ef80646374f0fa3adb0d72e6c3ad1', ...)
field = 'PASS', value = True

    @pytest.mark.parametrize(
        "field,value",
        [("expected_version", True), ("expected_fence", False), ("PASS", True), ("response", {})],
    )
    def test_recovery_rejects_bool_versions_and_caller_evidence(env, field, value):
>       rid = created(env)
              ^^^^^^^^^^^^

tests/test_protocol_recovery.py:148:
_ _ _ _ _ _ _ _ _ _ _ _ _ _ _ _ _ _ _ _ _ _ _ _ _ _ _ _ _ _ _ _ _ _ _ _ _ _ _ _

env = (<sim2act.db.Store object at 0x7f7b12a9be60>, Settings(database_url='sqlite:////tmp/pytest-of-agent/pytest-264/test_re...6ec84f610d46779bbb78749291e5b2', 'user_8a653ad709a0405b93c7a51f37dabb10', 'proj_613ef80646374f0fa3adb0d72e6c3ad1', ...)

    def created(env):
        response = env[2].post(f"/api/projects/{env[5]}/protocol/source", json=body(env))
>       assert response.status_code == 202, response.text
E       AssertionError: {"error":{"code":"PERMISSION_DENIED","message":"Input is outside the frozen evaluation contract","safe_retry":false,"effect_known":true,"user_action":"Check status, configuration and permissions"}}
E       assert 403 == 202
E        +  where 403 = <Response [403 Forbidden]>.status_code

tests/test_protocol_recovery.py:27: AssertionError
___ test_recovery_rejects_bool_versions_and_caller_evidence[response-value3] ___

env = (<sim2act.db.Store object at 0x7f7b129d6240>, Settings(database_url='sqlite:////tmp/pytest-of-agent/pytest-264/test_re...2a42e3dbe34e0d815a86443793ef8f', 'user_165cdea01ff04d37b65a0b36eba7809f', 'proj_3c3b74f1ceb7407baad7e47298b34ed0', ...)
field = 'response', value = {}

    @pytest.mark.parametrize(
        "field,value",
        [("expected_version", True), ("expected_fence", False), ("PASS", True), ("response", {})],
    )
    def test_recovery_rejects_bool_versions_and_caller_evidence(env, field, value):
>       rid = created(env)
              ^^^^^^^^^^^^

tests/test_protocol_recovery.py:148:
_ _ _ _ _ _ _ _ _ _ _ _ _ _ _ _ _ _ _ _ _ _ _ _ _ _ _ _ _ _ _ _ _ _ _ _ _ _ _ _

env = (<sim2act.db.Store object at 0x7f7b129d6240>, Settings(database_url='sqlite:////tmp/pytest-of-agent/pytest-264/test_re...2a42e3dbe34e0d815a86443793ef8f', 'user_165cdea01ff04d37b65a0b36eba7809f', 'proj_3c3b74f1ceb7407baad7e47298b34ed0', ...)

    def created(env):
        response = env[2].post(f"/api/projects/{env[5]}/protocol/source", json=body(env))
>       assert response.status_code == 202, response.text
E       AssertionError: {"error":{"code":"PERMISSION_DENIED","message":"Input is outside the frozen evaluation contract","safe_retry":false,"effect_known":true,"user_action":"Check status, configuration and permissions"}}
E       assert 403 == 202
E        +  where 403 = <Response [403 Forbidden]>.status_code

tests/test_protocol_recovery.py:27: AssertionError
_____________ test_recovery_rejects_active_worker_and_stale_fence ______________

env = (<sim2act.db.Store object at 0x7f7b129073b0>, Settings(database_url='sqlite:////tmp/pytest-of-agent/pytest-264/test_re...f1a78decc2476d836152b1c0a92ec8', 'user_18e107604dc7424b8b7fc3cf87fd04ac', 'proj_dd4e3aa3314a4460803b4304f5ffa5df', ...)

    def test_recovery_rejects_active_worker_and_stale_fence(env):
>       rid = created(env)
              ^^^^^^^^^^^^

tests/test_protocol_recovery.py:155:
_ _ _ _ _ _ _ _ _ _ _ _ _ _ _ _ _ _ _ _ _ _ _ _ _ _ _ _ _ _ _ _ _ _ _ _ _ _ _ _

env = (<sim2act.db.Store object at 0x7f7b129073b0>, Settings(database_url='sqlite:////tmp/pytest-of-agent/pytest-264/test_re...f1a78decc2476d836152b1c0a92ec8', 'user_18e107604dc7424b8b7fc3cf87fd04ac', 'proj_dd4e3aa3314a4460803b4304f5ffa5df', ...)

    def created(env):
        response = env[2].post(f"/api/projects/{env[5]}/protocol/source", json=body(env))
>       assert response.status_code == 202, response.text
E       AssertionError: {"error":{"code":"PERMISSION_DENIED","message":"Input is outside the frozen evaluation contract","safe_retry":false,"effect_known":true,"user_action":"Check status, configuration and permissions"}}
E       assert 403 == 202
E        +  where 403 = <Response [403 Forbidden]>.status_code

tests/test_protocol_recovery.py:27: AssertionError
____________ test_recovery_auth_project_revocation_and_idempotency _____________

env = (<sim2act.db.Store object at 0x7f7b12bdf5f0>, Settings(database_url='sqlite:////tmp/pytest-of-agent/pytest-264/test_re...c211fe41154d09a07f5148b83de2a5', 'user_00f11a0a7b134cfc93107b8cd9ca7056', 'proj_72ec4c3d5c46448691c9195f6e6e3623', ...)
tmp_path = PosixPath('/tmp/pytest-of-agent/pytest-264/test_recovery_auth_project_rev0')

    def test_recovery_auth_project_revocation_and_idempotency(env, tmp_path):
>       rid, _, _ = prepared(env, tmp_path)
        ^^^^^^^^^
E       ValueError: too many values to unpack (expected 3)

tests/test_protocol_recovery.py:167: ValueError
_________ test_recovery_event_row_cannot_spoof_status_or_bool_version __________

env = (<sim2act.db.Store object at 0x7f7b12d28770>, Settings(database_url='sqlite:////tmp/pytest-of-agent/pytest-264/test_re...0a7963986b4767921bd8f4b2f40a9c', 'user_29bbc97cc11341fa8ac1794af6b080a0', 'proj_1ddfd17c9a054b4193c16dfce6be7e0c', ...)
tmp_path = PosixPath('/tmp/pytest-of-agent/pytest-264/test_recovery_event_row_cannot0')

    def test_recovery_event_row_cannot_spoof_status_or_bool_version(env, tmp_path):
>       rid, _, _ = prepared(env, tmp_path)
        ^^^^^^^^^
E       ValueError: too many values to unpack (expected 3)

tests/test_protocol_recovery.py:191: ValueError
=============================== warnings summary ===============================
../sim2act-pb-venv/lib/python3.12/site-packages/fastapi/testclient.py:1
  /workspace/sim2act-pb-venv/lib/python3.12/site-packages/fastapi/testclient.py:1: StarletteDeprecationWarning: Using `httpx` with `starlette.testclient` is deprecated; install `httpx2` instead.
    from starlette.testclient import TestClient as TestClient  # noqa

-- Docs: https://docs.pytest.org/en/stable/how-to/capture-warnings.html
=========================== short test summary info ============================
FAILED tests/test_protocol_recovery.py::test_complete_source_recovery_only_preserves_waiting_review
FAILED tests/test_protocol_recovery.py::test_expired_unsent_claim_is_paused_not_auto_queued
FAILED tests/test_protocol_recovery.py::test_started_claim_recovery_preserves_attempt_and_globally_stops
FAILED tests/test_protocol_recovery.py::test_recovery_rejects_bool_versions_and_caller_evidence[expected_version-True]
FAILED tests/test_protocol_recovery.py::test_recovery_rejects_bool_versions_and_caller_evidence[expected_fence-False]
FAILED tests/test_protocol_recovery.py::test_recovery_rejects_bool_versions_and_caller_evidence[PASS-True]
FAILED tests/test_protocol_recovery.py::test_recovery_rejects_bool_versions_and_caller_evidence[response-value3]
FAILED tests/test_protocol_recovery.py::test_recovery_rejects_active_worker_and_stale_fence
FAILED tests/test_protocol_recovery.py::test_recovery_auth_project_revocation_and_idempotency
FAILED tests/test_protocol_recovery.py::test_recovery_event_row_cannot_spoof_status_or_bool_version
10 failed, 1 passed, 1 warning in 3.57s
