{"check":1,"label":"opening generic app does not derive or plan","elapsed_ms":463}
{"check":2,"label":"exact no-anchor read is empty without fake failure evidence","elapsed_ms":523}
{"check":3,"label":"lost accepted anchor retains immutable key","elapsed_ms":588}
{"check":4,"label":"malformed accepted anchor binding preserves key and clears evidence","elapsed_ms":663}
{"check":5,"label":"later422 cannot discard earlier unknown acceptance","elapsed_ms":681}
{"check":6,"label":"derive recovery uses exact same body/key","elapsed_ms":821}
{"check":7,"label":"derive accepted only after full saved graph readback","elapsed_ms":822}
{"check":8,"label":"graph is planning UNKNOWN/PENDING without execution claim","elapsed_ms":822}
{"check":9,"label":"actual first422 rejection frees first unaccepted intent","elapsed_ms":879}
{"check":10,"label":"crossproject receipt clears evidence and retains key","elapsed_ms":1156}
{"check":11,"label":"samekey recovery reads persisted scope plan","elapsed_ms":1374}
{"check":12,"label":"actual expansion clearly distinguishes missing peer graph from pending scope","elapsed_ms":1374}
{"check":13,"label":"planning retry preserves selected node revisions and fingerprints","elapsed_ms":1374}
{"check":14,"label":"actual stale node version is rejected without plan","elapsed_ms":1409}
{"check":15,"label":"samekey different node fingerprint is rejected","elapsed_ms":1451}
{"check":16,"label":"actual scope receipt explicitly disables patch/publication","elapsed_ms":1452}
{"check":17,"label":"tampered history cannot leave prior protected graph evidence","elapsed_ms":1630}
{"check":18,"label":"altered graph node revision without canonical seal is rejected","elapsed_ms":1912}
{"check":19,"label":"project ABA late graph read cannot restore old evidence","elapsed_ms":2220}
{"check":20,"label":"fresh explicit graph read works after ABA","elapsed_ms":2456}
{"check":21,"label":"actual identity ABA cannot revive late graph evidence","elapsed_ms":2615}
http://127.0.0.1:54471/:18
const $ = (id) => document.getElementById(id);
                           ^

TypeError: Cannot read properties of undefined (reading 'getElementById')
    at $ (http://127.0.0.1:54471/:18:28)
    at HTMLButtonElement.<anonymous> (http://127.0.0.1:54471/:28:129)
    at process.processTicksAndRejections (node:internal/process/task_queues:104:5)

Node.js v24.19.0
