........................................................................ [  8%]
........................................................................ [ 16%]
........................................................................ [ 24%]
........................................................................ [ 32%]
........................................................................ [ 40%]
........................................................Traceback (most recent call last):
  File "<frozen runpy>", line 198, in _run_module_as_main
  File "<frozen runpy>", line 88, in _run_code
  File "/workspace/sim2act-pb-venv/lib/python3.12/site-packages/pytest/__main__.py", line 9, in <module>
    raise SystemExit(pytest.console_main())
                     ^^^^^^^^^^^^^^^^^^^^^
  File "/workspace/sim2act-pb-venv/lib/python3.12/site-packages/_pytest/config/__init__.py", line 223, in console_main
    code = main()
           ^^^^^^
  File "/workspace/sim2act-pb-venv/lib/python3.12/site-packages/_pytest/config/__init__.py", line 199, in main
    ret: ExitCode | int = config.hook.pytest_cmdline_main(config=config)
                          ^^^^^^^^^^^^^^^^^^^^^^^^^^^^^^^^^^^^^^^^^^^^^^
  File "/workspace/sim2act-pb-venv/lib/python3.12/site-packages/pluggy/_hooks.py", line 512, in __call__
    return self._hookexec(self.name, self._hookimpls.copy(), kwargs, firstresult)
           ^^^^^^^^^^^^^^^^^^^^^^^^^^^^^^^^^^^^^^^^^^^^^^^^^^^^^^^^^^^^^^^^^^^^^^
  File "/workspace/sim2act-pb-venv/lib/python3.12/site-packages/pluggy/_manager.py", line 120, in _hookexec
    return self._inner_hookexec(hook_name, methods, kwargs, firstresult)
           ^^^^^^^^^^^^^^^^^^^^^^^^^^^^^^^^^^^^^^^^^^^^^^^^^^^^^^^^^^^^^
  File "/workspace/sim2act-pb-venv/lib/python3.12/site-packages/pluggy/_callers.py", line 167, in _multicall
    raise exception
  File "/workspace/sim2act-pb-venv/lib/python3.12/site-packages/pluggy/_callers.py", line 121, in _multicall
    res = hook_impl.function(*args)
          ^^^^^^^^^^^^^^^^^^^^^^^^^
  File "/workspace/sim2act-pb-venv/lib/python3.12/site-packages/_pytest/main.py", line 365, in pytest_cmdline_main
    return wrap_session(config, _main)
           ^^^^^^^^^^^^^^^^^^^^^^^^^^^
  File "/workspace/sim2act-pb-venv/lib/python3.12/site-packages/_pytest/main.py", line 353, in wrap_session
    config.hook.pytest_sessionfinish(
  File "/workspace/sim2act-pb-venv/lib/python3.12/site-packages/pluggy/_hooks.py", line 512, in __call__
    return self._hookexec(self.name, self._hookimpls.copy(), kwargs, firstresult)
           ^^^^^^^^^^^^^^^^^^^^^^^^^^^^^^^^^^^^^^^^^^^^^^^^^^^^^^^^^^^^^^^^^^^^^^
  File "/workspace/sim2act-pb-venv/lib/python3.12/site-packages/pluggy/_manager.py", line 120, in _hookexec
    return self._inner_hookexec(hook_name, methods, kwargs, firstresult)
           ^^^^^^^^^^^^^^^^^^^^^^^^^^^^^^^^^^^^^^^^^^^^^^^^^^^^^^^^^^^^^
  File "/workspace/sim2act-pb-venv/lib/python3.12/site-packages/pluggy/_callers.py", line 167, in _multicall
    raise exception
  File "/workspace/sim2act-pb-venv/lib/python3.12/site-packages/pluggy/_callers.py", line 139, in _multicall
    teardown.throw(exception)
  File "/workspace/sim2act-pb-venv/lib/python3.12/site-packages/_pytest/logging.py", line 873, in pytest_sessionfinish
    return (yield)
            ^^^^^
  File "/workspace/sim2act-pb-venv/lib/python3.12/site-packages/pluggy/_callers.py", line 139, in _multicall
    teardown.throw(exception)
  File "/workspace/sim2act-pb-venv/lib/python3.12/site-packages/_pytest/terminal.py", line 960, in pytest_sessionfinish
    result = yield
             ^^^^^
  File "/workspace/sim2act-pb-venv/lib/python3.12/site-packages/pluggy/_callers.py", line 139, in _multicall
    teardown.throw(exception)
  File "/workspace/sim2act-pb-venv/lib/python3.12/site-packages/_pytest/warnings.py", line 118, in pytest_sessionfinish
    return (yield)
            ^^^^^
  File "/workspace/sim2act-pb-venv/lib/python3.12/site-packages/pluggy/_callers.py", line 121, in _multicall
    res = hook_impl.function(*args)
          ^^^^^^^^^^^^^^^^^^^^^^^^^
  File "/workspace/sim2act-pb-venv/lib/python3.12/site-packages/_pytest/runner.py", line 112, in pytest_sessionfinish
    session._setupstate.teardown_exact(None)
  File "/workspace/sim2act-pb-venv/lib/python3.12/site-packages/_pytest/runner.py", line 566, in teardown_exact
    raise exceptions[0]
  File "/workspace/sim2act-pb-venv/lib/python3.12/site-packages/_pytest/runner.py", line 555, in teardown_exact
    fin()
  File "/workspace/sim2act-pb-venv/lib/python3.12/site-packages/_pytest/fixtures.py", line 1053, in finish
    raise exceptions[0]
  File "/workspace/sim2act-pb-venv/lib/python3.12/site-packages/_pytest/fixtures.py", line 1042, in finish
    fin()
  File "/workspace/sim2act-pb-venv/lib/python3.12/site-packages/_pytest/fixtures.py", line 924, in _teardown_yield_fixture
    next(it)
  File "/workspace/sim2act-pb-venv/lib/python3.12/site-packages/_pytest/tmpdir.py", line 272, in tmp_path
    result_dict = request.node.stash[tmppath_result_key]
                  ~~~~~~~~~~~~~~~~~~^^^^^^^^^^^^^^^^^^^^
  File "/workspace/sim2act-pb-venv/lib/python3.12/site-packages/_pytest/stash.py", line 84, in __getitem__
    return cast(T, self._storage[key])
                   ~~~~~~~~~~~~~^^^^^
KeyError: <_pytest.stash.StashKey object at 0x7f686f388700>
!!!!!!!!!!!!!!!!!!!!!!!!!!!!!! KeyboardInterrupt !!!!!!!!!!!!!!!!!!!!!!!!!!!!!!!
/workspace/sim2act-pb-venv/lib/python3.12/site-packages/psycopg/cursor.py:117: KeyboardInterrupt
(to show a full traceback on KeyboardInterrupt use --full-trace)
