........................................................................ [  8%]
........................................................................ [ 16%]
........................................................................ [ 24%]
........................................................................ [ 32%]
........................................................................ [ 40%]
........................................................................ [ 48%]
.....................................................................s.. [ 56%]
........................................................................ [ 64%]
........................................................................ [ 72%]
........................................................................ [ 80%]
..........................................ss............................ [ 88%]
........................................................................ [ 96%]
..............................                                           [100%]
=============================== warnings summary ===============================
../sim2act-pb-venv/lib/python3.12/site-packages/fastapi/testclient.py:1
  /workspace/sim2act-pb-venv/lib/python3.12/site-packages/fastapi/testclient.py:1: StarletteDeprecationWarning: Using `httpx` with `starlette.testclient` is deprecated; install `httpx2` instead.
    from starlette.testclient import TestClient as TestClient  # noqa

tests/test_local_task_retirement.py::test_concurrent_task_extraction_and_retirement_retry_do_not_duplicate
  /workspace/sim2act-pb-venv/lib/python3.12/site-packages/pydantic/_internal/_generate_schema.py:2249: UnsupportedFieldAttributeWarning: The 'alias' attribute with value 'body' was provided to the `Field()` function, which has no effect in the context it was used. 'alias' is field-specific metadata, and can only be attached to a model field using `Annotated` metadata or by assignment. This may have happened because an `Annotated` type alias using the `type` statement was used, or if the `Field()` function was attached to a single member of a union type.
    warnings.warn(

-- Docs: https://docs.pytest.org/en/stable/how-to/capture-warnings.html
=========================== short test summary info ============================
SKIPPED [1] tests/test_process_environment.py:73: Actual Windows PowerShell native launch required
SKIPPED [2] tests/test_protocol_ui.py:25: Owned subprocess fixture currently SQLite only; no PG UI coverage claimed
891 passed, 3 skipped, 2 warnings in 738.98s (0:12:18)
