........................................................................ [  8%]
........................................................................ [ 16%]
........................................................................ [ 24%]
.................................................................F...... [ 32%]
........................................................................ [ 40%]
........................................................................ [ 48%]
.....................................................................s.. [ 56%]
........................................................................ [ 64%]
........................................................................ [ 72%]
........................................................................ [ 80%]
......................................ss................................ [ 88%]
........................................................................ [ 97%]
..........................                                               [100%]
=================================== FAILURES ===================================
______________ test_AT05_real_process_stop_accept_restart_reopen _______________

env = (<sim2act.db.Store object at 0x7f9b4ff48560>, Settings(database_url='[REDACTED_TEST_DATABASE_URL]', 'user_165f36af4225400d820e20555708094f', 'proj_c763e04b8943419d8a6880f9143edbcd', ...)
runtime_role = '[REDACTED_TEST_DATABASE_URL]'
tmp_path = PosixPath('/tmp/pytest-of-agent/pytest-397/test_AT05_real_process_stop_ac0')

    @pytest.mark.skipif(
        not os.environ.get("SIM2ACT_TEST_DATABASE_URL"),
        reason="PostgreSQL subprocess check needs explicit test URL",
    )
    def test_AT05_real_process_stop_accept_restart_reopen(env, runtime_role, tmp_path):
        store, s, client, a, b, pid, res = env
        root = Path(__file__).parents[1]
        data = tmp_path / "中文 空格数据"
        # Supply only synthetic configuration; do not read dotenv or pass a live token.
        child_env = {
            "PATH": str(Path(sys.executable).parent),
            "SIM2ACT_DATABASE_URL": runtime_role,
            "SIM2ACT_DATA_DIR": str(data),
            "SIM2ACT_MODEL_MODE": "mock",
            "SIM2ACT_LIVE_ENABLED": "false",
            # Deliberately poison the launcher parent. These must never reach API/worker.
            "SIM2ACT_TEST_DATABASE_URL": "SYNTHETIC owner sentinel",
            "PGPASSWORD": "SYNTHETIC owner sentinel",
            "GH_TOKEN": "SYNTHETIC CI sentinel",
            "CI_PRIVATE_SENTINEL": "SYNTHETIC private sentinel",
        }
        if os.name == "nt":
            # Windows subprocesses require their system/temp paths; never inherit credentials.
            child_env.update(
                {
                    key: os.environ[key]
                    for key in ("SystemRoot", "WINDIR", "COMSPEC", "TEMP", "TMP")
                    if key in os.environ
                }
            )
        with socket.socket() as sock:
            sock.bind(("127.0.0.1", 0))
            port = sock.getsockname()[1]
        base = f"http://127.0.0.1:{port}"
    
        def manage(command):
            p = subprocess.run(
                [sys.executable, "scripts/manage.py", command, "--port", str(port)],
                cwd=root,
                env=child_env,
                capture_output=True,
                text=True,
                timeout=30,
            )
            assert p.returncode == 0, "Lifecycle subprocess failed (configuration values suppressed)"
            return p.stdout
    
        try:
            started = json.loads(manage("start"))
            assert len({p["pid"] for p in started["processes"]}) == 2
            import psutil
    
            for record in started["processes"]:
                names = set(psutil.Process(record["pid"]).environ())
                assert not names & {
                    "SIM2ACT_TEST_DATABASE_URL", "PGPASSWORD", "GH_TOKEN", "CI_PRIVATE_SENTINEL"
                }, "Privileged environment name visible in actual API/worker"
            assert httpx.get(base + "/health").json()["worker"] == "UP"
            # Port conflict must not launch a second process pair.
            duplicate = subprocess.run(
                [sys.executable, "scripts/manage.py", "start", "--port", str(port)],
                cwd=root,
                env=child_env,
                capture_output=True,
                text=True,
                timeout=10,
            )
            assert duplicate.returncode != 0
            wp = next(x for x in started["processes"] if x["kind"] == "worker")
            psutil.Process(wp["pid"]).terminate()
            for _ in range(100):
                try:
                    if psutil.Process(wp["pid"]).status() in {psutil.STATUS_ZOMBIE, psutil.STATUS_DEAD}:
                        break
                except psutil.NoSuchProcess:
                    break
                time.sleep(0.1)
            else:
                raise AssertionError("Worker did not stop")
            with httpx.Client(
                base_url=base, headers={"Authorization": "Bearer synthetic-test-A"}
            ) as browser:
                response = browser.post(
                    f"/api/projects/{pid}/runs",
                    json={
                        "goal": "process disconnect test",
                        "resource_refs": [res],
                        "request_key": "real-process",
                    },
                )
                assert response.status_code == 202
                rid = response.json()["run_id"]
                assert browser.get(f"/api/runs/{rid}").json()["status"] == "QUEUED"
            # Client disconnected. Database owns accepted task; restart both independent processes.
            manage("stop")
            assert data.exists() and not (data / "processes.json").exists()
            manage("start")
            with httpx.Client(
                base_url=base, headers={"Authorization": "Bearer synthetic-test-A"}
            ) as browser:
                for _ in range(50):
                    result = browser.get(f"/api/runs/{rid}").json()
                    if result["status"] == "PARTIAL":
                        break
                    time.sleep(0.1)
                assert result["status"] == "PARTIAL"
                assert result["result"]["mode"] == "MOCK"
                assert result["result"]["receipts"][0]["status"] == "VERIFIED"
            manage("stop")
            offline = json.loads(manage("status"))
            assert offline["health"] == "OFFLINE"
            # Final restart confirms a completed result survives service shutdown.
>           manage("start")

tests/test_lifecycle.py:127: 
_ _ _ _ _ _ _ _ _ _ _ _ _ _ _ _ _ _ _ _ _ _ _ _ _ _ _ _ _ _ _ _ _ _ _ _ _ _ _ _ 

command = 'start'

    def manage(command):
        p = subprocess.run(
            [sys.executable, "scripts/manage.py", command, "--port", str(port)],
            cwd=root,
            env=child_env,
            capture_output=True,
            text=True,
            timeout=30,
        )
>       assert p.returncode == 0, "Lifecycle subprocess failed (configuration values suppressed)"
E       AssertionError: Lifecycle subprocess failed (configuration values suppressed)
E       assert 1 == 0
E        +  where 1 = CompletedProcess(args=['/workspace/sim2act-pb-venv/bin/python', 'scripts/manage.py', 'start', '--port', '48407'], retu...   raise RuntimeError("API/worker exited; inspect local logs")\nRuntimeError: API/worker exited; inspect local logs\n').returncode

tests/test_lifecycle.py:59: AssertionError
=============================== warnings summary ===============================
../sim2act-pb-venv/lib/python3.12/site-packages/fastapi/testclient.py:1
  /workspace/sim2act-pb-venv/lib/python3.12/site-packages/fastapi/testclient.py:1: StarletteDeprecationWarning: Using `httpx` with `starlette.testclient` is deprecated; install `httpx2` instead.
    from starlette.testclient import TestClient as TestClient  # noqa

tests/test_local_task_retirement.py::test_concurrent_task_extraction_and_retirement_retry_do_not_duplicate
  /workspace/sim2act-pb-venv/lib/python3.12/site-packages/pydantic/_internal/_generate_schema.py:2249: UnsupportedFieldAttributeWarning: The 'alias' attribute with value 'cid' was provided to the `Field()` function, which has no effect in the context it was used. 'alias' is field-specific metadata, and can only be attached to a model field using `Annotated` metadata or by assignment. This may have happened because an `Annotated` type alias using the `type` statement was used, or if the `Field()` function was attached to a single member of a union type.
    warnings.warn(

-- Docs: https://docs.pytest.org/en/stable/how-to/capture-warnings.html
=========================== short test summary info ============================
SKIPPED [1] tests/test_process_environment.py:73: Actual Windows PowerShell native launch required
SKIPPED [2] tests/test_protocol_ui.py:25: Owned subprocess fixture currently SQLite only; no PG UI coverage claimed
FAILED tests/test_lifecycle.py::test_AT05_real_process_stop_accept_restart_reopen
1 failed, 886 passed, 3 skipped, 2 warnings in 835.95s (0:13:55)
