........................................................................ [  8%]
.s...................................................................... [ 16%]
...........................................................s............ [ 24%]
....................s..........................s.................s...... [ 32%]
..........................s............................................. [ 40%]
........................................................................ [ 48%]
...........ssss....s.................................s...............ss. [ 56%]
................................................s....................... [ 64%]
........................................................................ [ 72%]
ssssss.............................................s.................... [ 80%]
........................ss.............s................................ [ 88%]
...........................ssssssssss................................... [ 97%]
.........s................                                               [100%]
=============================== warnings summary ===============================
../sim2act-pb-venv/lib/python3.12/site-packages/fastapi/testclient.py:1
  /workspace/sim2act-pb-venv/lib/python3.12/site-packages/fastapi/testclient.py:1: StarletteDeprecationWarning: Using `httpx` with `starlette.testclient` is deprecated; install `httpx2` instead.
    from starlette.testclient import TestClient as TestClient  # noqa

tests/test_local_task_retirement.py::test_concurrent_task_extraction_and_retirement_retry_do_not_duplicate
tests/test_preview_extraction.py::test_idempotency_stale_version_and_concurrent_single_authority
  /workspace/sim2act-pb-venv/lib/python3.12/site-packages/pydantic/_internal/_generate_schema.py:2249: UnsupportedFieldAttributeWarning: The 'alias' attribute with value 'authorization' was provided to the `Field()` function, which has no effect in the context it was used. 'alias' is field-specific metadata, and can only be attached to a model field using `Annotated` metadata or by assignment. This may have happened because an `Annotated` type alias using the `type` statement was used, or if the `Field()` function was attached to a single member of a union type.
    warnings.warn(

-- Docs: https://docs.pytest.org/en/stable/how-to/capture-warnings.html
=========================== short test summary info ============================
SKIPPED [1] tests/test_bounded_agent_apps.py:652: Application-role subprocess regression requires explicit isolated PostgreSQL
SKIPPED [1] tests/test_goal_candidates.py:226: Application-role subprocess regression requires explicit isolated PostgreSQL
SKIPPED [1] tests/test_internal_api.py:292: Application-role subprocess regression requires explicit isolated PostgreSQL
SKIPPED [1] tests/test_internal_lifecycle.py:364: Application-role subprocess regression requires explicit isolated PostgreSQL
SKIPPED [1] tests/test_lifecycle.py:15: PostgreSQL subprocess check needs explicit test URL
SKIPPED [1] tests/test_local_task_retirement.py:391: Application-role subprocess regression requires explicit isolated PostgreSQL
SKIPPED [2] tests/test_persistent_app_runs.py:473: Application-role subprocess regression requires explicit isolated PostgreSQL
SKIPPED [2] tests/test_persistent_app_runs.py:532: Application-role subprocess regression requires explicit isolated PostgreSQL
SKIPPED [1] tests/test_persistent_app_runs.py:669: Application-role subprocess regression requires explicit isolated PostgreSQL
SKIPPED [1] tests/test_preview_extraction.py:436: Application-role subprocess regression requires explicit isolated PostgreSQL
SKIPPED [1] tests/test_process_environment.py:73: Actual Windows PowerShell native launch required
SKIPPED [1] tests/test_process_environment.py:93: Application-role subprocess regression requires explicit isolated PostgreSQL
SKIPPED [1] tests/test_protocol_gated_execution.py:56: Explicit isolated PostgreSQL required for full gated controller package
SKIPPED [1] tests/test_protocol_pool_process.py:66: Actual independent PostgreSQL process regression
SKIPPED [5] tests/test_protocol_pool_process.py:120: Actual independent PostgreSQL process regression
SKIPPED [1] tests/test_protocol_recovery_concurrency.py:38: Actual recovery lock ordering requires isolated PostgreSQL
SKIPPED [1] tests/test_protocol_schema.py:29: Application-role subprocess regression requires explicit isolated PostgreSQL
SKIPPED [1] tests/test_protocol_schema.py:87: Application-role subprocess regression requires explicit isolated PostgreSQL
SKIPPED [1] tests/test_protocol_ui.py:122: BLOCKED_SANDBOX: installed Chromium SUID helper requires root ownership/mode4755; security policy unchanged
SKIPPED [1] tests/test_registered_run_generation_pg_role.py:41: Application-role subprocess regression requires explicit isolated PostgreSQL
SKIPPED [8] tests/test_retirement_race.py:22: Real PostgreSQL transaction lock/barrier regression
SKIPPED [1] tests/test_retirement_race.py:206: PG completed-task/fresh Store retirement subitems
SKIPPED [1] tests/test_spec_checklists.py:357: Application-role subprocess regression requires explicit isolated PostgreSQL
854 passed, 36 skipped, 3 warnings in 441.25s (0:07:21)
