/workspace/Sim2Act/.venv/lib/python3.12/site-packages/fastapi/testclient.py:1: StarletteDeprecationWarning: Using `httpx` with `starlette.testclient` is deprecated; install `httpx2` instead.
  from starlette.testclient import TestClient as TestClient  # noqa
{
  "verdict": "PASS",
  "checks": 42,
  "cases": [
    {
      "newline": "lf",
      "version": "old",
      "status": "PASS",
      "hashes": {
        "raw": "d5851306dd3ce833d82bced0abef12728f3e64e1ef1266ee8a9fef209a59619f",
        "uploaded_utf8": "d5851306dd3ce833d82bced0abef12728f3e64e1ef1266ee8a9fef209a59619f"
      }
    },
    {
      "newline": "lf",
      "version": "new",
      "status": "PASS",
      "hashes": {
        "raw": "d5851306dd3ce833d82bced0abef12728f3e64e1ef1266ee8a9fef209a59619f",
        "uploaded_utf8": "d5851306dd3ce833d82bced0abef12728f3e64e1ef1266ee8a9fef209a59619f"
      }
    },
    {
      "newline": "crlf",
      "version": "old",
      "status": "EXPECTED_FAIL",
      "hashes": {
        "raw": "a2b7f0dbc76768404782e4198149caeb404f9b0d20b1ba675c5bbfda1d954559",
        "uploaded_utf8": "d5851306dd3ce833d82bced0abef12728f3e64e1ef1266ee8a9fef209a59619f"
      }
    },
    {
      "newline": "crlf",
      "version": "new",
      "status": "PASS",
      "hashes": {
        "raw": "a2b7f0dbc76768404782e4198149caeb404f9b0d20b1ba675c5bbfda1d954559",
        "uploaded_utf8": "d5851306dd3ce833d82bced0abef12728f3e64e1ef1266ee8a9fef209a59619f"
      }
    }
  ]
}
