{
  "verdict": "LIMITED_PASS_TERMINAL_PUBLICATION",
  "source_sha": "50b10417a99a070f6bcd614471cc00ec102b7836",
  "run": 38035830928,
  "job": 114165927573,
  "attempt": 1,
  "exact17private_copy": true,
  "raw_utf8_bytes": 4811976,
  "raw_sha256": "9f4951d31759eb99f710b80c6370e4f969d4b15f7c0cb66f06421c4789355cc7",
  "full_nodes": 2270,
  "selected": 11,
  "deselected": 2259,
  "passed_phases": 33,
  "semantic_order_events": 59,
  "full_collection_chunks": 114,
  "browser_files9_exact_reassembled": true,
  "browser_check_layers": [
    {
      "name": "browser-results.json",
      "checks": 69,
      "visualReview": "author not reviewed"
    },
    {
      "name": "agent-results.json",
      "checks": 33,
      "visualReview": "NOT_REVIEWED"
    },
    {
      "name": "protocol-results.json",
      "checks": 26,
      "visualReview": "NOT_REVIEWED"
    }
  ],
  "job_seconds": 312,
  "engineering_seconds": 103,
  "Edge_seconds": 127,
  "JUnit_seconds": 91.405,
  "source365_unchanged": true,
  "newfeature20_notselected": true,
  "full_Windows_Win11_owner_semantic_acceptance": false,
  "historical_timeouts": "OPEN",
  "tests_CI_PG_executed_in_audit": 0,
  "rootmanifest": "awaiting_final_snapshot"
}
