........................................................................ [  6%]
........................................................................ [ 13%]
........................................................................ [ 20%]
........................................................................ [ 27%]
........................................................................ [ 34%]
........................................................................ [ 41%]
........................................................................ [ 48%]
........................................................................ [ 55%]
.................................................s...................... [ 62%]
........................................................................ [ 69%]
........................................................................ [ 76%]
........................................................................ [ 83%]
..............................ss........................................ [ 90%]
........................................................................ [ 97%]
...............s...........                                              [100%]
=============================== warnings summary ===============================
../sim2act-pb-venv/lib/python3.12/site-packages/fastapi/testclient.py:1
  /workspace/sim2act-pb-venv/lib/python3.12/site-packages/fastapi/testclient.py:1: StarletteDeprecationWarning: Using `httpx` with `starlette.testclient` is deprecated; install `httpx2` instead.
    from starlette.testclient import TestClient as TestClient  # noqa

tests/test_local_task_retirement.py::test_concurrent_task_extraction_and_retirement_retry_do_not_duplicate
tests/test_preview_extraction.py::test_idempotency_stale_version_and_concurrent_single_authority
  /workspace/sim2act-pb-venv/lib/python3.12/site-packages/pydantic/_internal/_generate_schema.py:2249: UnsupportedFieldAttributeWarning: The 'alias' attribute with value 'authorization' was provided to the `Field()` function, which has no effect in the context it was used. 'alias' is field-specific metadata, and can only be attached to a model field using `Annotated` metadata or by assignment. This may have happened because an `Annotated` type alias using the `type` statement was used, or if the `Field()` function was attached to a single member of a union type.
    warnings.warn(

-- Docs: https://docs.pytest.org/en/stable/how-to/capture-warnings.html
============================= slowest 30 durations =============================
25.91s call     tests/test_protocol_gated_execution.py::test_whole_package_actual_postgresql_two_forms
20.52s call     tests/test_protocol_experiment.py::test_two_forms_real_worker_review_sequence_global_clock_and_shared_pool[False]
17.64s call     tests/test_registered_generation_native_dom.py::test_registered_generation_direct_actual_http_dom[normal]
17.18s call     tests/test_registered_generation_native_dom.py::test_registered_generation_direct_actual_http_dom[poll-refresh-order]
12.21s call     tests/test_conditional_runs_native.py::test_conditional_bound_native_shared_actual_http[True]
10.70s call     tests/test_conditional_runs_native.py::test_conditional_bound_native_shared_actual_http[False]
9.81s call     tests/test_product_integration.py::test_integrated_same_session_source_and_recovery
8.90s call     tests/test_conditional_run_product.py::test_source_bound_product_actual_http_dom
8.27s call     tests/test_lifecycle.py::test_AT05_real_process_stop_accept_restart_reopen
8.26s call     tests/test_protocol_store_dryrun.py::test_two_forms_share_actual_database_pool_and_independent_reviews
8.24s call     tests/test_protocol_gated_execution.py::test_whole_package_zero_network[None-8]
8.01s call     tests/test_conditional_native_oracle.py::test_conditional_native_shared_module_existing_fixture
7.76s call     tests/test_registered_run_generation_http.py::test_real_http_dom_generation_entry_and_lost_receipt
7.41s call     tests/test_conditional_native_oracle.py::test_conditional_capture_optional_and_failure[omit]
6.76s call     tests/test_application_use.py::test_application_use_actual_http
6.69s call     tests/test_protocol_jobs.py::test_reviewed_source_model_extract_compiles_and_cold_reads_unseen_material[None]
5.85s call     tests/test_protocol_http.py::test_complete_authenticated_http_source_review_extract_cold_and_independent_review[False]
5.61s call     tests/test_conditional_checks_ui.py::test_conditional_checks_actual_http_dom
5.55s call     tests/test_protocol_jobs.py::test_reviewed_source_model_extract_compiles_and_cold_reads_unseen_material[cold_response_parameter_rehash]
5.29s call     tests/test_protocol_jobs.py::test_reviewed_source_model_extract_compiles_and_cold_reads_unseen_material[cold_response]
5.21s call     tests/test_protocol_jobs.py::test_reviewed_source_model_extract_compiles_and_cold_reads_unseen_material[cold_operation_callid]
5.03s call     tests/test_registered_run_extraction.py::test_receipt_generation_cold_worker_new_column_no_new_authority
4.45s call     tests/test_protocol_edge_fixture.py::test_edge_fixture_gated_actual_http_and_metadata_recovery
4.25s call     tests/test_protocol_pool_process.py::test_actual_pg_two_process_final_slot
4.22s call     tests/test_conditional_native_oracle.py::test_conditional_capture_optional_and_failure[fail]
4.18s call     tests/test_conditional_run_bindings.py::test_actual_completed_run_result_null_rejects_check_extract_and_cold[source]
4.13s call     tests/test_registered_generation_browser_fixture.py::test_http_generation_cold_worker_and_precise_generated_only_corruption
4.11s call     tests/test_registered_run_generation_pg_role.py::test_pg_crud_role_generates_cached_candidate_and_cold_fresh_result
4.00s call     tests/test_conditional_run_bindings.py::test_actual_completed_run_result_null_rejects_check_extract_and_cold[extract]
3.94s call     tests/test_task_submission_recovery.py::test_task_submission_recovery_real_http[dom]
=========================== short test summary info ============================
SKIPPED [1] tests/test_process_environment.py:73: Actual Windows PowerShell native launch required
SKIPPED [2] tests/test_protocol_ui.py:25: Owned subprocess fixture currently SQLite only; no PG UI coverage claimed
SKIPPED [1] tests/test_task_submission_recovery.py:64: Protected Chromium sandbox startup blocked; actual stderr retained in driver.log
1031 passed, 4 skipped, 3 warnings in 892.57s (0:14:52)
