........................................................................ [  6%]
..s...............................................s..................... [ 13%]
............................s........................................... [ 20%]
........................................................................ [ 27%]
................s................................s...................... [ 34%]
....s.................s................................s................ [ 41%]
........................................................................ [ 48%]
...............................................................ssss....s [ 55%]
.................................s...............ss..................... [ 62%]
...................................s.................................... [ 69%]
...........................................................ssssss....... [ 76%]
......................................s................................. [ 83%]
...........ss..................s........................................ [ 90%]
...................ssssssssss........................................... [ 97%]
.s.........s...s...........                                              [100%]
=============================== warnings summary ===============================
../sim2act-pb-venv/lib/python3.12/site-packages/fastapi/testclient.py:1
  /workspace/sim2act-pb-venv/lib/python3.12/site-packages/fastapi/testclient.py:1: StarletteDeprecationWarning: Using `httpx` with `starlette.testclient` is deprecated; install `httpx2` instead.
    from starlette.testclient import TestClient as TestClient  # noqa

tests/test_preview_extraction.py::test_idempotency_stale_version_and_concurrent_single_authority
  /workspace/sim2act-pb-venv/lib/python3.12/site-packages/pydantic/_internal/_generate_schema.py:2249: UnsupportedFieldAttributeWarning: The 'alias' attribute with value 'aid' was provided to the `Field()` function, which has no effect in the context it was used. 'alias' is field-specific metadata, and can only be attached to a model field using `Annotated` metadata or by assignment. This may have happened because an `Annotated` type alias using the `type` statement was used, or if the `Field()` function was attached to a single member of a union type.
    warnings.warn(

-- Docs: https://docs.pytest.org/en/stable/how-to/capture-warnings.html
============================= slowest 30 durations =============================
16.07s call     tests/test_protocol_ui.py::test_protocol_user_entry_actual_http[chromium]
14.25s call     tests/test_registered_generation_native_dom.py::test_registered_generation_direct_actual_http_dom[poll-refresh-order]
13.91s call     tests/test_registered_generation_native_dom.py::test_registered_generation_direct_actual_http_dom[normal]
13.15s call     tests/test_conditional_runs_native.py::test_conditional_bound_native_shared_actual_http[True]
12.53s call     tests/test_conditional_runs_native.py::test_conditional_bound_native_shared_actual_http[False]
10.55s call     tests/test_protocol_ui.py::test_protocol_user_entry_actual_http[dom]
9.72s call     tests/test_protocol_store_dryrun.py::test_two_forms_share_actual_database_pool_and_independent_reviews
8.15s call     tests/test_conditional_native_oracle.py::test_conditional_capture_optional_and_failure[omit]
7.55s call     tests/test_protocol_gated_execution.py::test_whole_package_zero_network[None-8]
6.96s call     tests/test_conditional_native_oracle.py::test_conditional_native_shared_module_existing_fixture
6.38s call     tests/test_protocol_experiment.py::test_two_forms_real_worker_review_sequence_global_clock_and_shared_pool[False]
5.40s call     tests/test_protocol_store_dryrun.py::test_failed_registered_source_review_stops_before_candidate_sending[b-6-counts1]
5.32s call     tests/test_registered_generation_browser_fixture.py::test_http_generation_cold_worker_and_precise_generated_only_corruption
4.66s call     tests/test_conditional_run_product.py::test_source_bound_product_actual_http_dom
4.50s call     tests/test_conditional_checks_ui.py::test_conditional_checks_actual_http_dom
4.21s call     tests/test_product_integration.py::test_integrated_same_session_source_and_recovery
3.78s call     tests/test_conditional_native_oracle.py::test_conditional_capture_optional_and_failure[fail]
3.71s call     tests/test_bounded_native_guards.py::test_optimized_run_control_refuses_invalid_owned_context[no-queued]
3.51s call     tests/test_protocol_gated_execution.py::test_whole_package_zero_network[b-6]
3.46s call     tests/test_protocol_edge_fixture.py::test_edge_fixture_gated_actual_http_and_metadata_recovery
3.04s call     tests/test_application_use.py::test_application_use_actual_http
2.85s call     tests/test_task_submission_recovery.py::test_task_submission_recovery_real_http[dom]
2.66s call     tests/test_registered_run_generation_http.py::test_real_http_dom_generation_entry_and_lost_receipt
2.38s call     tests/test_bounded_native_guards.py::test_optimized_run_control_refuses_invalid_owned_context[wrong-owner]
2.04s call     tests/test_protocol_store_dryrun.py::test_cli_produces_reviewable_report_in_owned_output_directory
1.96s call     tests/test_registered_generation_browser_fixture.py::test_revoke_only_existing_selected_runtime_grants_and_refuse_cached_generation[False]
1.82s call     tests/test_registered_generation_browser_fixture.py::test_revoke_only_existing_selected_runtime_grants_and_refuse_cached_generation[True]
1.81s call     tests/test_protocol_http.py::test_complete_authenticated_http_source_review_extract_cold_and_independent_review[False]
1.79s call     tests/test_conditional_run_bindings.py::test_actual_source_check_extract_new_scenario_cold_chain_no_authority_or_success_promotion
1.75s call     tests/test_task_read_failure.py::test_task_read_failure_actual_http
=========================== short test summary info ============================
SKIPPED [1] tests/test_bounded_agent_apps.py:652: Application-role subprocess regression requires explicit isolated PostgreSQL
SKIPPED [1] tests/test_conditional_checks_pg_role.py:14: Application-role subprocess regression requires explicit isolated PostgreSQL
SKIPPED [1] tests/test_conditional_run_bindings.py:624: Application-role subprocess regression requires explicit isolated PostgreSQL
SKIPPED [1] tests/test_goal_candidates.py:226: Application-role subprocess regression requires explicit isolated PostgreSQL
SKIPPED [1] tests/test_internal_api.py:292: Application-role subprocess regression requires explicit isolated PostgreSQL
SKIPPED [1] tests/test_internal_lifecycle.py:364: Application-role subprocess regression requires explicit isolated PostgreSQL
SKIPPED [1] tests/test_lifecycle.py:15: PostgreSQL subprocess check needs explicit test URL
SKIPPED [1] tests/test_local_task_retirement.py:391: Application-role subprocess regression requires explicit isolated PostgreSQL
SKIPPED [2] tests/test_persistent_app_runs.py:473: Application-role subprocess regression requires explicit isolated PostgreSQL
SKIPPED [2] tests/test_persistent_app_runs.py:532: Application-role subprocess regression requires explicit isolated PostgreSQL
SKIPPED [1] tests/test_persistent_app_runs.py:669: Application-role subprocess regression requires explicit isolated PostgreSQL
SKIPPED [1] tests/test_preview_extraction.py:436: Application-role subprocess regression requires explicit isolated PostgreSQL
SKIPPED [1] tests/test_process_environment.py:73: Actual Windows PowerShell native launch required
SKIPPED [1] tests/test_process_environment.py:93: Application-role subprocess regression requires explicit isolated PostgreSQL
SKIPPED [1] tests/test_protocol_gated_execution.py:51: Explicit isolated PostgreSQL required for full gated controller package
SKIPPED [1] tests/test_protocol_pool_process.py:66: Actual independent PostgreSQL process regression
SKIPPED [5] tests/test_protocol_pool_process.py:120: Actual independent PostgreSQL process regression
SKIPPED [1] tests/test_protocol_recovery_concurrency.py:38: Actual recovery lock ordering requires isolated PostgreSQL
SKIPPED [1] tests/test_protocol_schema.py:29: Application-role subprocess regression requires explicit isolated PostgreSQL
SKIPPED [1] tests/test_protocol_schema.py:87: Application-role subprocess regression requires explicit isolated PostgreSQL
SKIPPED [1] tests/test_protocol_ui.py:122: BLOCKED_SANDBOX: installed Chromium SUID helper requires root ownership/mode4755; security policy unchanged
SKIPPED [1] tests/test_registered_run_generation_pg_role.py:41: Application-role subprocess regression requires explicit isolated PostgreSQL
SKIPPED [8] tests/test_retirement_race.py:22: Real PostgreSQL transaction lock/barrier regression
SKIPPED [1] tests/test_retirement_race.py:206: PG completed-task/fresh Store retirement subitems
SKIPPED [1] tests/test_spec_checklists.py:357: Application-role subprocess regression requires explicit isolated PostgreSQL
SKIPPED [1] tests/test_task_history.py:57: Application-role subprocess regression requires explicit isolated PostgreSQL
SKIPPED [1] tests/test_task_submission_recovery.py:64: Protected Chromium sandbox startup blocked; actual stderr retained in driver.log
995 passed, 40 skipped, 2 warnings in 392.15s (0:06:32)
