{
  "full_prefixes": 32,
  "overlap_count": 18,
  "examples": [
    {
      "health_id": 44,
      "ids": [
        44,
        45,
        47,
        48,
        49,
        51
      ],
      "paths": [
        "/health",
        "/api/projects/proj_56705f9fdc1f464cb782ee89478a8049/resources",
        "/api/projects/proj_56705f9fdc1f464cb782ee89478a8049/goal-cards",
        "/api/apps",
        "/api/apps/app_a0ccb75dcdbc48da9853e59e42f61245",
        "/api/projects/proj_56705f9fdc1f464cb782ee89478a8049/conditional-apps"
      ],
      "span_ms": 2605,
      "start_ms": 5235,
      "end_ms": 7840,
      "next_tick_ids": [
        53
      ],
      "stop": "conditional_list_response",
      "attribution": "inferred source-required sequence; each continuation uniquely within30ms; lacks actual caller labels"
    },
    {
      "health_id": 63,
      "ids": [
        63,
        64,
        66,
        67,
        68,
        70
      ],
      "paths": [
        "/health",
        "/api/projects/proj_56705f9fdc1f464cb782ee89478a8049/resources",
        "/api/projects/proj_56705f9fdc1f464cb782ee89478a8049/goal-cards",
        "/api/apps",
        "/api/apps/app_a0ccb75dcdbc48da9853e59e42f61245",
        "/api/projects/proj_56705f9fdc1f464cb782ee89478a8049/conditional-apps"
      ],
      "span_ms": 2822,
      "start_ms": 10247,
      "end_ms": 13069,
      "next_tick_ids": [
        71
      ],
      "stop": "conditional_list_response",
      "attribution": "inferred source-required sequence; each continuation uniquely within30ms; lacks actual caller labels"
    },
    {
      "health_id": 188,
      "ids": [
        188,
        189,
        191,
        192,
        193,
        194
      ],
      "paths": [
        "/health",
        "/api/projects/proj_56705f9fdc1f464cb782ee89478a8049/resources",
        "/api/projects/proj_56705f9fdc1f464cb782ee89478a8049/goal-cards",
        "/api/apps",
        "/api/apps/app_a0ccb75dcdbc48da9853e59e42f61245",
        "/api/projects/proj_56705f9fdc1f464cb782ee89478a8049/conditional-apps"
      ],
      "span_ms": 2869,
      "start_ms": 37660,
      "end_ms": 40529,
      "next_tick_ids": [
        195
      ],
      "stop": "conditional_list_response",
      "attribution": "inferred source-required sequence; each continuation uniquely within30ms; lacks actual caller labels"
    },
    {
      "health_id": 195,
      "ids": [
        195,
        196,
        197,
        198,
        199,
        202
      ],
      "paths": [
        "/health",
        "/api/projects/proj_56705f9fdc1f464cb782ee89478a8049/resources",
        "/api/projects/proj_56705f9fdc1f464cb782ee89478a8049/goal-cards",
        "/api/apps",
        "/api/apps/app_a0ccb75dcdbc48da9853e59e42f61245",
        "/api/projects/proj_56705f9fdc1f464cb782ee89478a8049/conditional-apps"
      ],
      "span_ms": 2713,
      "start_ms": 40171,
      "end_ms": 42884,
      "next_tick_ids": [
        203
      ],
      "stop": "conditional_list_response",
      "attribution": "inferred source-required sequence; each continuation uniquely within30ms; lacks actual caller labels"
    },
    {
      "health_id": 245,
      "ids": [
        245,
        246,
        248,
        249,
        250,
        252
      ],
      "paths": [
        "/health",
        "/api/projects/proj_56705f9fdc1f464cb782ee89478a8049/resources",
        "/api/projects/proj_56705f9fdc1f464cb782ee89478a8049/goal-cards",
        "/api/apps",
        "/api/apps/app_a0ccb75dcdbc48da9853e59e42f61245",
        "/api/projects/proj_56705f9fdc1f464cb782ee89478a8049/conditional-apps"
      ],
      "span_ms": 2740,
      "start_ms": 51420,
      "end_ms": 54160,
      "next_tick_ids": [
        253
      ],
      "stop": "conditional_list_response",
      "attribution": "inferred source-required sequence; each continuation uniquely within30ms; lacks actual caller labels"
    },
    {
      "health_id": 253,
      "ids": [
        253,
        254,
        256,
        257,
        258,
        260
      ],
      "paths": [
        "/health",
        "/api/projects/proj_56705f9fdc1f464cb782ee89478a8049/resources",
        "/api/projects/proj_56705f9fdc1f464cb782ee89478a8049/goal-cards",
        "/api/apps",
        "/api/apps/app_a0ccb75dcdbc48da9853e59e42f61245",
        "/api/projects/proj_56705f9fdc1f464cb782ee89478a8049/conditional-apps"
      ],
      "span_ms": 2962,
      "start_ms": 53921,
      "end_ms": 56883,
      "next_tick_ids": [
        261
      ],
      "stop": "conditional_list_response",
      "attribution": "inferred source-required sequence; each continuation uniquely within30ms; lacks actual caller labels"
    },
    {
      "health_id": 261,
      "ids": [
        261,
        262,
        264,
        265,
        266,
        269
      ],
      "paths": [
        "/health",
        "/api/projects/proj_56705f9fdc1f464cb782ee89478a8049/resources",
        "/api/projects/proj_56705f9fdc1f464cb782ee89478a8049/goal-cards",
        "/api/apps",
        "/api/apps/app_a0ccb75dcdbc48da9853e59e42f61245",
        "/api/projects/proj_56705f9fdc1f464cb782ee89478a8049/conditional-apps"
      ],
      "span_ms": 2970,
      "start_ms": 56423,
      "end_ms": 59393,
      "next_tick_ids": [
        270
      ],
      "stop": "conditional_list_response",
      "attribution": "inferred source-required sequence; each continuation uniquely within30ms; lacks actual caller labels"
    },
    {
      "health_id": 270,
      "ids": [
        270,
        271,
        273,
        274,
        275,
        278
      ],
      "paths": [
        "/health",
        "/api/projects/proj_56705f9fdc1f464cb782ee89478a8049/resources",
        "/api/projects/proj_56705f9fdc1f464cb782ee89478a8049/goal-cards",
        "/api/apps",
        "/api/apps/app_a0ccb75dcdbc48da9853e59e42f61245",
        "/api/projects/proj_56705f9fdc1f464cb782ee89478a8049/conditional-apps"
      ],
      "span_ms": 3688,
      "start_ms": 58924,
      "end_ms": 62612,
      "next_tick_ids": [
        279
      ],
      "stop": "conditional_list_response",
      "attribution": "inferred source-required sequence; each continuation uniquely within30ms; lacks actual caller labels"
    },
    {
      "health_id": 279,
      "ids": [
        279,
        280,
        282,
        283,
        284,
        289
      ],
      "paths": [
        "/health",
        "/api/projects/proj_56705f9fdc1f464cb782ee89478a8049/resources",
        "/api/projects/proj_56705f9fdc1f464cb782ee89478a8049/goal-cards",
        "/api/apps",
        "/api/apps/app_a0ccb75dcdbc48da9853e59e42f61245",
        "/api/projects/proj_56705f9fdc1f464cb782ee89478a8049/conditional-apps"
      ],
      "span_ms": 4264,
      "start_ms": 61426,
      "end_ms": 65690,
      "next_tick_ids": [
        287
      ],
      "stop": "conditional_list_response",
      "attribution": "inferred source-required sequence; each continuation uniquely within30ms; lacks actual caller labels"
    },
    {
      "health_id": 287,
      "ids": [
        287,
        288,
        290,
        291,
        292,
        297
      ],
      "paths": [
        "/health",
        "/api/projects/proj_56705f9fdc1f464cb782ee89478a8049/resources",
        "/api/projects/proj_56705f9fdc1f464cb782ee89478a8049/goal-cards",
        "/api/apps",
        "/api/apps/app_a0ccb75dcdbc48da9853e59e42f61245",
        "/api/projects/proj_56705f9fdc1f464cb782ee89478a8049/conditional-apps"
      ],
      "span_ms": 3729,
      "start_ms": 63936,
      "end_ms": 67665,
      "next_tick_ids": [
        295
      ],
      "stop": "conditional_list_response",
      "attribution": "inferred source-required sequence; each continuation uniquely within30ms; lacks actual caller labels"
    },
    {
      "health_id": 295,
      "ids": [
        295,
        296,
        298,
        299,
        300,
        303
      ],
      "paths": [
        "/health",
        "/api/projects/proj_56705f9fdc1f464cb782ee89478a8049/resources",
        "/api/projects/proj_56705f9fdc1f464cb782ee89478a8049/goal-cards",
        "/api/apps",
        "/api/apps/app_a0ccb75dcdbc48da9853e59e42f61245",
        "/api/projects/proj_56705f9fdc1f464cb782ee89478a8049/conditional-apps"
      ],
      "span_ms": 3612,
      "start_ms": 66447,
      "end_ms": 70059,
      "next_tick_ids": [
        304
      ],
      "stop": "conditional_list_response",
      "attribution": "inferred source-required sequence; each continuation uniquely within30ms; lacks actual caller labels"
    },
    {
      "health_id": 304,
      "ids": [
        304,
        305,
        307,
        308,
        309,
        314
      ],
      "paths": [
        "/health",
        "/api/projects/proj_56705f9fdc1f464cb782ee89478a8049/resources",
        "/api/projects/proj_56705f9fdc1f464cb782ee89478a8049/goal-cards",
        "/api/apps",
        "/api/apps/app_a0ccb75dcdbc48da9853e59e42f61245",
        "/api/projects/proj_56705f9fdc1f464cb782ee89478a8049/conditional-apps"
      ],
      "span_ms": 5442,
      "start_ms": 68949,
      "end_ms": 74391,
      "next_tick_ids": [
        312,
        318
      ],
      "stop": "conditional_list_response",
      "attribution": "inferred source-required sequence; each continuation uniquely within30ms; lacks actual caller labels"
    },
    {
      "health_id": 312,
      "ids": [
        312,
        313,
        315,
        316,
        317,
        325
      ],
      "paths": [
        "/health",
        "/api/projects/proj_56705f9fdc1f464cb782ee89478a8049/resources",
        "/api/projects/proj_56705f9fdc1f464cb782ee89478a8049/goal-cards",
        "/api/apps",
        "/api/apps/app_a0ccb75dcdbc48da9853e59e42f61245",
        "/api/projects/proj_56705f9fdc1f464cb782ee89478a8049/conditional-apps"
      ],
      "span_ms": 6080,
      "start_ms": 71456,
      "end_ms": 77536,
      "next_tick_ids": [
        318,
        326
      ],
      "stop": "conditional_list_response",
      "attribution": "inferred source-required sequence; each continuation uniquely within30ms; lacks actual caller labels"
    },
    {
      "health_id": 318,
      "ids": [
        318,
        319,
        321,
        322,
        323,
        332
      ],
      "paths": [
        "/health",
        "/api/projects/proj_56705f9fdc1f464cb782ee89478a8049/resources",
        "/api/projects/proj_56705f9fdc1f464cb782ee89478a8049/goal-cards",
        "/api/apps",
        "/api/apps/app_a0ccb75dcdbc48da9853e59e42f61245",
        "/api/projects/proj_56705f9fdc1f464cb782ee89478a8049/conditional-apps"
      ],
      "span_ms": 5711,
      "start_ms": 73960,
      "end_ms": 79671,
      "next_tick_ids": [
        326,
        335
      ],
      "stop": "conditional_list_response",
      "attribution": "inferred source-required sequence; each continuation uniquely within30ms; lacks actual caller labels"
    },
    {
      "health_id": 326,
      "ids": [
        326,
        327,
        329,
        330,
        331,
        337
      ],
      "paths": [
        "/health",
        "/api/projects/proj_56705f9fdc1f464cb782ee89478a8049/resources",
        "/api/projects/proj_56705f9fdc1f464cb782ee89478a8049/goal-cards",
        "/api/apps",
        "/api/apps/app_a0ccb75dcdbc48da9853e59e42f61245",
        "/api/projects/proj_56705f9fdc1f464cb782ee89478a8049/conditional-apps"
      ],
      "span_ms": 4237,
      "start_ms": 76462,
      "end_ms": 80699,
      "next_tick_ids": [
        335
      ],
      "stop": "conditional_list_response",
      "attribution": "inferred source-required sequence; each continuation uniquely within30ms; lacks actual caller labels"
    },
    {
      "health_id": 335,
      "ids": [
        335,
        336,
        338,
        339,
        340,
        346
      ],
      "paths": [
        "/health",
        "/api/projects/proj_56705f9fdc1f464cb782ee89478a8049/resources",
        "/api/projects/proj_56705f9fdc1f464cb782ee89478a8049/goal-cards",
        "/api/apps",
        "/api/apps/app_a0ccb75dcdbc48da9853e59e42f61245",
        "/api/projects/proj_56705f9fdc1f464cb782ee89478a8049/conditional-apps"
      ],
      "span_ms": 3884,
      "start_ms": 78962,
      "end_ms": 82846,
      "next_tick_ids": [
        344
      ],
      "stop": "conditional_list_response",
      "attribution": "inferred source-required sequence; each continuation uniquely within30ms; lacks actual caller labels"
    },
    {
      "health_id": 344,
      "ids": [
        344,
        345,
        347,
        348,
        349,
        352
      ],
      "paths": [
        "/health",
        "/api/projects/proj_56705f9fdc1f464cb782ee89478a8049/resources",
        "/api/projects/proj_56705f9fdc1f464cb782ee89478a8049/goal-cards",
        "/api/apps",
        "/api/apps/app_a0ccb75dcdbc48da9853e59e42f61245",
        "/api/projects/proj_56705f9fdc1f464cb782ee89478a8049/conditional-apps"
      ],
      "span_ms": 3389,
      "start_ms": 81469,
      "end_ms": 84858,
      "next_tick_ids": [
        353
      ],
      "stop": "conditional_list_response",
      "attribution": "inferred source-required sequence; each continuation uniquely within30ms; lacks actual caller labels"
    },
    {
      "health_id": 353,
      "ids": [
        353,
        354,
        356,
        357,
        358,
        365
      ],
      "paths": [
        "/health",
        "/api/projects/proj_56705f9fdc1f464cb782ee89478a8049/resources",
        "/api/projects/proj_56705f9fdc1f464cb782ee89478a8049/goal-cards",
        "/api/apps",
        "/api/apps/app_a0ccb75dcdbc48da9853e59e42f61245",
        "/api/projects/proj_56705f9fdc1f464cb782ee89478a8049/conditional-apps"
      ],
      "span_ms": 3962,
      "start_ms": 83975,
      "end_ms": 87937,
      "next_tick_ids": [
        363
      ],
      "stop": "conditional_list_response",
      "attribution": "inferred source-required sequence; each continuation uniquely within30ms; lacks actual caller labels"
    }
  ]
}
