{"rows": 817, "http_starts": 374, "http_responses": 370, "health_ticks": 34, "health_spacing_ms": {"n": 33, "min": 2500, "median": 2502, "p90": 2511, "p95": 3741, "max": 4867, "mean": 2613.64}, "max_network_inflight": 6, "pending_at_cutoff": [143, 369, 372, 374], "fault_targets": 22}
[]
{
  "GET /api/projects": {
    "starts": 3,
    "responses": 3,
    "pending": [],
    "latency_ms": {
      "n": 3,
      "min": 9,
      "median": 23,
      "p90": 26,
      "p95": 26,
      "max": 26,
      "mean": 19.33
    }
  },
  "GET /api/projects/:id/resources": {
    "starts": 76,
    "responses": 75,
    "pending": [
      374
    ],
    "latency_ms": {
      "n": 75,
      "min": 12,
      "median": 181,
      "p90": 918,
      "p95": 1016,
      "max": 1514,
      "mean": 332.93
    }
  },
  "GET /api/projects/:id/goal-cards": {
    "starts": 36,
    "responses": 36,
    "pending": [],
    "latency_ms": {
      "n": 36,
      "min": 5,
      "median": 14.0,
      "p90": 23,
      "p95": 65,
      "max": 150,
      "mean": 20.19
    }
  },
  "GET /api/apps": {
    "starts": 40,
    "responses": 40,
    "pending": [],
    "latency_ms": {
      "n": 40,
      "min": 5,
      "median": 11.0,
      "p90": 20,
      "p95": 64,
      "max": 114,
      "mean": 15.47
    }
  },
  "GET /api/projects/:id/conditional-apps": {
    "starts": 41,
    "responses": 40,
    "pending": [
      372
    ],
    "latency_ms": {
      "n": 40,
      "min": 5,
      "median": 636.5,
      "p90": 1379,
      "p95": 2046,
      "max": 2312,
      "mean": 750.77
    }
  },
  "GET /api/projects/:id/protocol/contracts": {
    "starts": 4,
    "responses": 4,
    "pending": [],
    "latency_ms": {
      "n": 4,
      "min": 9,
      "median": 12.5,
      "p90": 17,
      "p95": 17,
      "max": 17,
      "mean": 12.75
    }
  },
  "GET /api/projects/:id/runs": {
    "starts": 15,
    "responses": 15,
    "pending": [],
    "latency_ms": {
      "n": 15,
      "min": 6,
      "median": 11,
      "p90": 28,
      "p95": 114,
      "max": 114,
      "mean": 19.4
    }
  },
  "GET /api/projects/:id/grants": {
    "starts": 15,
    "responses": 15,
    "pending": [],
    "latency_ms": {
      "n": 15,
      "min": 5,
      "median": 12,
      "p90": 21,
      "p95": 23,
      "max": 23,
      "mean": 12.93
    }
  },
  "GET /api/capabilities": {
    "starts": 3,
    "responses": 3,
    "pending": [],
    "latency_ms": {
      "n": 3,
      "min": 4,
      "median": 5,
      "p90": 6,
      "p95": 6,
      "max": 6,
      "mean": 5
    }
  },
  "GET /api/projects/:id/conditional-checks/sources/:id": {
    "starts": 1,
    "responses": 1,
    "pending": [],
    "latency_ms": {
      "n": 1,
      "min": 11,
      "median": 11,
      "p90": 11,
      "p95": 11,
      "max": 11,
      "mean": 11
    }
  },
  "GET /api/projects/:id/conditional-runs/contract": {
    "starts": 1,
    "responses": 1,
    "pending": [],
    "latency_ms": {
      "n": 1,
      "min": 7,
      "median": 7,
      "p90": 7,
      "p95": 7,
      "max": 7,
      "mean": 7
    }
  },
  "POST /api/projects/:id/conditional-runs/source": {
    "starts": 1,
    "responses": 1,
    "pending": [],
    "latency_ms": {
      "n": 1,
      "min": 34,
      "median": 34,
      "p90": 34,
      "p95": 34,
      "max": 34,
      "mean": 34
    }
  },
  "GET /api/projects/:id/conditional-runs/:id": {
    "starts": 7,
    "responses": 7,
    "pending": [],
    "latency_ms": {
      "n": 7,
      "min": 13,
      "median": 30,
      "p90": 98,
      "p95": 98,
      "max": 98,
      "mean": 39.29
    }
  },
  "POST /api/projects/:id/conditional-runs/:id/checks": {
    "starts": 1,
    "responses": 1,
    "pending": [],
    "latency_ms": {
      "n": 1,
      "min": 25,
      "median": 25,
      "p90": 25,
      "p95": 25,
      "max": 25,
      "mean": 25
    }
  },
  "POST /api/projects/:id/conditional-runs/extract": {
    "starts": 1,
    "responses": 1,
    "pending": [],
    "latency_ms": {
      "n": 1,
      "min": 416,
      "median": 416,
      "p90": 416,
      "p95": 416,
      "max": 416,
      "mean": 416
    }
  },
  "POST /api/projects/:id/conditional-apps": {
    "starts": 1,
    "responses": 1,
    "pending": [],
    "latency_ms": {
      "n": 1,
      "min": 166,
      "median": 166,
      "p90": 166,
      "p95": 166,
      "max": 166,
      "mean": 166
    }
  },
  "GET /api/projects/:id/conditional-apps/:id": {
    "starts": 1,
    "responses": 1,
    "pending": [],
    "latency_ms": {
      "n": 1,
      "min": 177,
      "median": 177,
      "p90": 177,
      "p95": 177,
      "max": 177,
      "mean": 177
    }
  },
  "GET /health": {
    "starts": 34,
    "responses": 34,
    "pending": [],
    "latency_ms": {
      "n": 34,
      "min": 6,
      "median": 10.0,
      "p90": 37,
      "p95": 39,
      "max": 182,
      "mean": 19.29
    }
  },
  "GET /api/projects/:id/conditional-apps/:id/history": {
    "starts": 1,
    "responses": 1,
    "pending": [],
    "latency_ms": {
      "n": 1,
      "min": 244,
      "median": 244,
      "p90": 244,
      "p95": 244,
      "max": 244,
      "mean": 244
    }
  },
  "POST /api/projects/:id/conditional-apps/:id/manifest-preview": {
    "starts": 14,
    "responses": 14,
    "pending": [],
    "latency_ms": {
      "n": 14,
      "min": 411,
      "median": 800.0,
      "p90": 1195,
      "p95": 1549,
      "max": 1549,
      "mean": 788.71
    }
  },
  "GET /api/apps/:id": {
    "starts": 47,
    "responses": 47,
    "pending": [],
    "latency_ms": {
      "n": 47,
      "min": 383,
      "median": 1312,
      "p90": 2391,
      "p95": 2687,
      "max": 3202,
      "mean": 1474.47
    }
  },
  "GET /api/projects/:id/apps/:id": {
    "starts": 4,
    "responses": 4,
    "pending": [],
    "latency_ms": {
      "n": 4,
      "min": 338,
      "median": 695.5,
      "p90": 1606,
      "p95": 1606,
      "max": 1606,
      "mean": 833.75
    }
  },
  "GET /api/projects/:id/apps/:id/history": {
    "starts": 20,
    "responses": 19,
    "pending": [
      369
    ],
    "latency_ms": {
      "n": 19,
      "min": 411,
      "median": 1264,
      "p90": 2233,
      "p95": 3084,
      "max": 3084,
      "mean": 1310.26
    }
  },
  "POST /api/projects/:id/apps/:id/previews": {
    "starts": 7,
    "responses": 6,
    "pending": [
      143
    ],
    "latency_ms": {
      "n": 6,
      "min": 9,
      "median": 1359.5,
      "p90": 2375,
      "p95": 2375,
      "max": 2375,
      "mean": 1325.33
    }
  }
}
